2020-11-26 10:40:51 DEBUG wire:72 - http-outgoing-0 << "[0x85][0x92]4[0xf3][0x80]&t[0xb0]4[0x15][0x8c]e-[0x9a][0xc3][0xe6]Dcx[0xa6][0xf9]AP[0xdf]l7[0xdf]7m[0xa8][0x1b][0x1e]Q[0xdc][0xab][0xa5][0xf3][0xbe][0xfb][0x2][0xbb][0xa0]/[0x1a][0xf6][0xc5][0xcd][0x91]zu[0xd5][0xc9]Gf[0x9f][0x87][0xf1][0x1][0xd3][0xc][0xd9]P[0x16][0xb3]L;[0xe7][0x6]wK[0xda]/[0xe3][0xc7]L_2[0xf6][0xf0][0x85][0xa1]/[0xc3][0xfd][0xcc]][0xd5]U[0xb]UU[0xc6][0xde][0xc4][0xc4][0x13]@[0xba][[0x90][0xee]3[0xb9][0xeb]sW[0x1f])[0xf9][0xba] [0xc5][0x83][0xa4]7[0xf3]J[0xf7]C[0xbc][0xcd]L`e[0xf0]5i[0xb1]2[0xcb][0xb][0xca][0xe2] Y[0xdd]V;^[0x9][0xc2][\r][0x83]-g[0x1c][0xaa]p[0xd5]-][0x1]OyF[0xef][0xdf][\n]"
2020-11-26 10:40:51 DEBUG wire:72 - http-outgoing-0 << "Q[0xc8][0xb4][0xe0][0xc0][0x8d][0x85][0xd8][0xee]"v[\n]"
2020-11-26 10:40:51 DEBUG wire:72 - http-outgoing-0 << "}i!6I[0x8f][0x91][0x16]b[0x13][0xf6]$[0xda][0x87]=[0x10]([0x91]%[0x92][0xa3]0[0x99]>[0xfc][0x90]i[0xb9]b[0xbd][0xff][0xb4][0xae][0xe9]>D[0xad][0xcb][0xa8][0x88]=[0xd4]U[0xc7][0x87][0x6]}[0xe7][0xa1]Q[0xa1]x[0xc8]V[0xbe][0x87][0xfa][0xe2][0xa2]K[0x9]t[0x89]<4[\n]"
2020-11-26 10:40:51 DEBUG wire:72 - http-outgoing-0 << "[0xf0][0x87]f[0xf9][0xf8][0xd0](^[0x80]"[0x9a][0xf4][0xd0]m[0x9f][0xda][0xea][0x82][0xac][0xb6][0xc8][0xbf][0xa2]o[0x82]J[0x11][3\[0xa3][\n]"
2020-11-26 10:40:51 DEBUG wire:72 - http-outgoing-0 << "[0x10][0xe0][0xe1][0xf7][0xac][0x95][0x96][0xb3][0x9d]0E[0xf4]U[0x4][0xf2][0x81]!M[0xab][0xe0][0xec][0xff]7[0xf6][0xea]L[0xb1][0xdb]8[0xc3]m[0x1][0x4][[0xc2][0x0][0x1f]Z([0xbc][0xc0][0xc1][0x90]<[0xfc][0xfe][0xc6][0xc3]d[0x82][0xb5]![0x13][0xbb][0xe0]l[0xfa][0x88][0x9]y[0x82][0x1a]M[0x6][0x3][0xdc][0x9]c[0x85][0x17][0xf2][0x94][0xbc][0xf2][0x2][0x83][0xc9][0x91][0x1f][0x8]5[0x83][0xc1][0x0][0xa2]n[0x8c][0xf0][0xc2][0x88][0xdc]}T[0x83][0xb3][0xa3]M~>Pp[0xd6][0xe2]f[0x9e] [0x16][0xdd]FhE[0xb7][0x3]HM[0x99][0xfd][0x8c][0x5][\n]"
2020-11-26 10:40:51 DEBUG wire:72 - http-outgoing-0 << "[0xce][0xa6][0xdf][0xdb]/[0x9c][0xe][0xcc][0xa3][0x4]`?]~[0x98][0x90][0x1][0x89][0x81]6[0x9a]A[0xf9]![0x1c]3_[0xc][0xa4][0xd3][0xac]"^[0xe2][0x19]eS[0x2]H[0x93][0x1][0x94][0x1f](A[0xb9]6[0x0][0x89][0x1a];/[0x8c][0xba][0xb0]|[0x98]"-Q[0x1f]/[0xb0]R[0xd5][0x8d]/[0xe4]m[0xe8]m5[0xf6]$K[0xa6][0x15][0xbb]0[0xab][0xe6][0xf9][0x82][0xc8][0xd6]4K@t[0xe1][0xa1]^[0xd6][0xa2]@[0xb3][0xbe][0xf2][0x5][0x3][0x8f]}[0x90][0x0][0xc3]c^[0xd1][0x8c][0x1a][0x2][0xb8],F[0x1][0xbf][0x0][0xd7][0xf3][0x14][0x98][0x1d]P`[0x87][0x2][0x97][0xb9][0xa0][0xb3][0xa3]a[0x19]~[0x98][0xa2][0xe5]'[0x90]0[0xbe][0x93]7B[0xf3][0xd8][0x0]:[0x90][0x99]5[0xf1][0x82][0xac]jz[0x8e][0xc0][\n]"
2020-11-26 10:40:51 DEBUG wire:72 - http-outgoing-0 << "[0x16]r[0xb2][0x9a][0x97][0xa2][0xca][0xf0][0x7]2[0xd2]F[0xe9][0xa8].v[0xe2][0x94]5K[0xcd]L[0xcf]9[0x81]E[0xb5][0x99])[0x84]r[0xd7][0xbc][0xda][0xd8][0x8c]ja[0x9a]B([0xfd]R[0x96][0xf4]9[0x1b][0xf6][0xc][0x13][0xfa]`f[0xa5].[0xa3]:g[0xe2][0x95][0xf4][0xd4][0x8a][0xec]Z[0xdc]>[0x97][0x9c]Dm[0x99][0xdf]t[0xd5][0xe1]Yf[0xcc][0xa5]o[0xe][0xf1]z[0x83][0xbc][0x96][0xba][0xea][0xe8]s[0xfc]7Zu[0x1c][0xcb]WMd[0xa6][0x92][0xf9][0xb3][0x12][0xac][0xf9][0x14][0xa4][0x87]Y6[0xd9]ZH[0x16])[[0x9c]\l[0x10]ul[0xcf]R[0xff][0xe5]Ll&2[0x94][0x8c]i[0x6][0xbe]p ([0xdd][0xba]C[0xc9]g[0xb4]itS;!0[0xd5][0xd5]][0xca][0x82][0x5]f)[0xb][0xdf][0xbc]U[0x13][0xb6][0xb4][0xbc]o[0xeb][0x6]w[0xa2][0xa9][0xa5][0x19][0xcf]n[0xa2]![0x8a]o'[0xdc][0x7][0x6][0x6][0xd5]>[0xe3]q[0x17]$[0x80][0xd7][0xdc][0xb3][0x2][0xb]f9E[0x97][0xd2][0xba][0xd3][0xc2]]w[0xd0]][0xe5][0xf6]@-[0x1b][0xad][0x84][0x6][0xb8]34[0x8c]S`[0xe]{[\n]"
2020-11-26 10:40:51 DEBUG wire:72 - http-outgoing-0 << "[0xcc][0x9f]`[0xbc][0x85]9[0x81]6[0xbb][0x80][0xce]-ol[0x10]o|D[0x6]:[0xe8][0x12][0xad][0xec][0xce]i[0xee]=[0x96][0xcb][0x92][0xa4][0x93][0xe9][\r][0xcb][0x88][0xa2]*[0xd1][0xb][0xe0][0x97]b*L[0xf1]Y[0x1]]u[0xc6][0x86][0x9a]oN[0xb0][0x9e][0xea][0x9]4[0x3]yD[0xd3][0x12][0x17][0x1c]s:[0xd8]J[0xe4]mV\[0xca]Rp16[0xe4][0xc3][0xc5]8d[0xd9][0xc3]&[0x9c][0xc][0x17][0xc6]JP[0xbb][0x98]l6[[0xa3]hz#[0x1b][0x8a][0xe5])([0x1a][0x1b][0xe6]<\[0xa9]QD[0xf5][0xa2][0xbf][0x18]![0xf][0x5]$[0x8e][0x84][0x1d]+[0x84]X`QVT*RP1G$[0xf1][0xa0][0xe2]:[0xb0][0x9]fD*[0x16][0xa1]2[0xfc]E"~'[0xb]B[0x95][0x9][0x84][0x10][0x9f]r:*[0xf1][0xa1][0xa9]3U[0x1]V[0x12][0xf][0xbb][0xc9][0xb4]co[0x81][0x9d]D[0xa5]h[0x1e]g[0x16]N[0x6]uuAnn[0x8d]E[0xbb][0x95]h[0xaf][0xf0][0xc7][0xda][0xd0]i+[0xc9][0x8e][0xbf][0x98][0x84]e[0xe][0xb2][0xd8]f_zM[0xc3][0xac][0xb2][0xd5]J[0x88][0xa7][0x14]<4,[0x2][0xbf][0xb5][0x14][0xde][0x97]{QG#[0x93][0x10][0xb6]~[0xe1]7[0x97][0xc1]9!i[0x85][0xc6]![0x16][0xc2]vC[0x94]I[0xf0][0xa6][0xe0]v[0xf8][0xa4]oeI[0x11][0xcf]2[0x93][0x5][0xa5]O$[0xf3]3[0xb5][0xd2][0xc5]/[0xde][0xd7]dF6[0xac][0x0][0x0]+1[0x8c][0xdd]$[0x84][0xb1][0xd5]&[0x0][0x17][0xca][0x96]B9[0xb7][0xa9][0x96][0x93]@[0xd6][0xed]4[0x7]B8e[[0xe1][0x13][\n]"
2020-11-26 10:40:51 DEBUG wire:72 - http-outgoing-0 << "[0xde][0xfc][0xed][0x90][0x1c]r[0xe1][0x9b]3[0xa2][0x6]Tt\?'[0xd1][0xab][0x3][0x9d]I[0xf4][0xa6]0[0xa3][0x16]F|[0xe8][0x4][0xf0][0xb1]J[0xa7][0x2]8[0x15][0xb1]O$[0x80][0xf3]7[0xc5],[0x84][0xb0][0xfe]([0x1b]Z[0x8][0x81][0xbd]*[0x9c][0x1a]O[0x99][0x8b][0xe4][0xcd]}[0x9e][0xe5]$}-[0xf6]99[0xe4][0xaf]E[0xab]O.[0x89][0xf]f'8[0x93]T[0xb6]{[0xf5]7[0x97][0xcf][0xfb]@?;Z[0x9f][0x93][0xac][0xb6][0x0]?[0x93][0xd4][0xce][0xc8][0xc2][0x87]U~W[0x96];[0x95][0xdf][0x99]Q[0xfc]D[0x92][0xfc][0xa0][0x82]5R[0xa5][0xba][0xd5]K[0xd9][0x90]5F[0x9d][0xa7][0x8]x[0xc1][0xac]e[[0x85][0x85][0xe4].[0xeb][0xf7]3gs[0xd4][0xb5]S[0x83]Ex<[0x1e]i[0x8d]>[0xb9][0xac][0xcf]k[0xc]M&[0x11]o[0xf3][0xe6]o.[0xe1]s@:+6[0x9f][0x93]`O[0x87]>[0x93]\[0xcf][0xc4][0xad][0xff]s[0xc4]zF[0xc]?[0x91]T[0xcf]s@[[0xaa]0[0xb7]x'[0x1f][0xba][0xba]E[0xdc]\[0xee][0x82]<[0x97][0xa9][0x99][0x93][0x0]7[0x9f][0xcb][0xc3][0xe5]+17[0xf9][0x14]B;[0x87][0xe8][0x8e][0xb0];[0x93]TN[0xa0][0x83][0x88]|"[0x89][0x9c][\r]#[0xee]yl[0x1e][0x98][0xcf]C[0xe][0x87][0xdd][0x99][0xe4]n[0x2][0x9b][0xc3]'a[0xcb]*[0x9c]JX[0x1d][0x17]&[0x18]c[0x9b][0xdd][0xea][0xce][0xce]o(Ws[0x9a]/[0xe9][0x82][0xd3]<S[0xb2][0xc2][0x1f]vsH[0xcc][0xf4][0xc4]FG[0xa2][0xd2]I[0xd6]eN[0xb2][0xd1][0x18]\[0xc5]![0x17][0xd3][0xe3][0x81]?[0xa1]B[0x9b][0xc7][0xd8][0xe6]L[0x82]3[0x1d]_|S[0x19]o[0xf9]T[0x1a]m[0x8e]Xg@[0xea]P[0xea][0xb3][0xce][0xc7]/[0x93][0x80]MG[0xf5][0xf0][0x89]Z[0x18]@[0x87][0x1][0x16]&[0xd4]?[0x8d][0xbc][0xcd][0xff][0x1c]L[0x17][0xc6][0xe9][0xa3][0x97][0x15]A[0x6][0x8b][0xbd]H[0xb6]H[0xe0][0xce]E}[0xcd]u[0x1e][0xe6]$[0xa6]SbN[0x1d]h[0xb2][0x19][0xa3]U?[0xb9][0xf8][0xce]g[0x10]n&[0xf9][0xad][0xbf]vH[0x84]wN8[[0xe1][0xf3][0x89][0xe4][0xb6]%[0x1a]9[0x8e]Y&[0x99][0x9d]2f[0x87]O`[0x97][0x1d]w[0xaa][0x1b][0xeb](}Za[0x9d][0xcf][0x19][0x97].[0xad]S[0xc6]-+z[0x0][0x89][0xbd][0xa4][0xb6][0xb][0xa1][0xcf]]x[0xe7]6[0xf]st[0x1f]'[0x13][0xbb][0xf8][0x82][0xe5][0xd2][0xb2][0xc3]>[0xa9][0xff]![0xa7][0xac][0xb6][0xcc][0xee][0xe1]T[0xdc]>[0xb5]3"[0x1d]=[0x7]>[0xc5]$2[0x9f][0xb1][0x1e]mD#[0xb3][0x83]8u[0xdc][0xe][0x9f]X>yl?[0x3][0xf8][0xa9][0xdd][0x16]9M3+[0xc7][0xaf][0xe1]i[0xd6][0xed][0xbb]z.oZ[0xbd][0x98][0xdc][0xdc][0x17][0xf6][0xc5]lr[0x92][0xad],S[0xd5][0x81]2[0xac][0xbf][0xfd]I%*V.[0xa0][0x97]I[0x94][0x1a]p[0xff]tjm[0x16][0x9c][0xb8]g!C[0xe4]P[0xca][0xcf]l[0xc3][0x92]IR[0x1a][0x86][0xe5][0xf0][0x89][0xc8]2[0xc7][0xe1]l[0x88][0xeb]'[0x96][0x8d][0xce]&L[0xba]P4[0x8c][0x9][0x87][0x1b][0xc1][0xc5]![0x18][0x8d][0x5][0xca]r[0x93][0x88][0xf6]U[0xd3]r[0x92][0x88][0xd9][0xb2]8[0xed][0xe5][0xe3][0xe5][0x9b]Z[0x83]O/$[0x9d][0xa4][0xb5]"[0xd0][0x19]}[0xb8][0x6][0x94]>[0xb5][0xb6]i[0x89][0x15][0xbf][0xdb]/mp[0xe][0x99][0xc0][0xe4]t[0xfa]142[0xba]l[\r]H[0x1e]>[0x9]z[0xfc][0xe4]~[0x6][0xed]S[0xb]R[0xe7][0x93][0xca][0xc2])k[0x10])Yq[0xc0][0x82]~[0xf6][0xb2][0xd4][0xbe][0xcc]_n[0x12][0x96][0xab]0an[0xe9]p;[0xeb][0xea]b[0x1b][0x96][0xf4][0xe0]q[0xc1]f[0xa9][0x8][0xf2][0xd0][0xd8][0xd7]![0x10][0xbb][0x8e]2[0xf2][0x8d][0xb0]g[0x92][0xbe][0x19][0xdf][0xf9][0x4][0xd2][0xd7][0x1a]9[0xfe][0xd0]~[0x3]*[0x9f][0xb1][0xf8]5[0xa2][0x91]1=#[0x8d]+[0xf][0x9f](>Y[0xb6][0x9f][0x1][0xfc]D[0xe1]_[0xfb][0x9f]hX[0xc3][0xd0]"+[0xc3][0xf0]NV[0x84][0xf0][0xcb]<[0xee]Wcq[0x8d][0xfd]Hb[0xbe]r[0xab][0xb9]m[0x8c]%[0xaa][0x14][0xf1][0xc8][0xe1][0xcc]u[0x8d][0xe][0x81][0xe4][0xcd]S[0xf9][0xa6][0x8c];a[0xe6]&[0x87]C[0x1d][0xb6][0xc4][0x99]W%[0x85][\n]"
2020-11-26 10:40:51 DEBUG wire:72 - http-outgoing-0 << "[0x9f][0xaf]H[0xce]2[0x9e][0x19]w[0xc9]R[0xc6][0xd3][0xf0][0xf2][0xa7][0x17][0xcf]X[0x1]&[0xf7][0xa1][0xd4][0xb0][0xf9][0xc4][0xda]r[0x9e]fd&[0x81]m[0x89]sV<[0x19]@<[0x82][0xdb][0xb6][0xce]rnr<[0x97][0xe9][0x9a][0x93]T[0xcf]T5[0x89]C[0xc8]g/[0xc8][0xf4][0x89]#ym[0xcb]J[0x19][0x98]$[0x1d][0x91]O-[0xad][0xad][0xe0][0xe7][0x9e][0xe1][0xe9][0xe8][0x1c]2I[0xed][0x8]t[0xe3]Q[0xde][0x9f][0x9f][0xb4]MG[0xe8]S[0x8b]ZgS[0x3][0xa5]\:[0x16]6[0xe1][0xba][0xd5]<Jo[0xc6][0x82]m[0xfb][0x8b][0xde][0xb5]G/'Ai[0xac]C[0xc9]J[0x9f]i[0xaf]d[0xae][0xa7]fU[0xb9][0xd2]TM-[0xa7]l[0x89]C!][0xf3][0x97]'q8[0xb4][0xe3][0xfd][0xe5]I|[0xf6]n[0xe2][0xb0][0x1b]QP[0xfa][0x97][0xed][0xf2]'[0xe][0x97]<[0xfe][0xbf]3[0xc2]1[0xfc][0xbf][0xe7]O[0xfc][0xdf][0x9b]?[0xf1]?#y[0xe2][0x10][0x8b][0xd8]<[0xe5]L[0x1c]&[0x91][0xfa]{[0x9e][0x4]O[0x9e][0xc4][0xef][0x19][0x12][0xfb][0xcc][0x90][0xf8][0xe4]b9Clr[0x9e][0x12]![0x8c]H~ZY[0x9c][0xbf]\[0x88][0xb4]q[0xfb]<[0x84][0xf1]~[0xf2]![0xe][0x87]H[0xde]G&[0xc4]'[0xf5];[0xe4]c[0xa6]eI[0x80][0xe0][0xf0]F[0x1c][0xd2][0x4][0x88]C[0x10][0x83]f8[0xa3][0xe0][0xe1][0xff][0xc8]x[0xb4][0x4]R[0x87][0xa3][0x18][0xc3][0xfe]"[0xd2][0xac][0x6][0x88][0xb4][0xb5][0x92][0x95][0xad]C#|[0xf3][0x11][0x93]v[0xe8]S[0xd2][0x9c][0x87][0xa5][0x99][0xb9][0xf0][0xf3][0x8]I3[0x6][0xa0][0xa5][0x8b][0xdf][0x4]F[0xbf][0x7][0xa5][0xf1][0x4][0xa5][0xa5][0xc7][0xc2][0xfc][0x1e]q[0xf6]{[0xc4][0xd9][0xe1][0x8b]8;[0x1c][0xf2]u[0xb1]f[0xbf]G[0x99]}[0xe6]Qf[0x7][0x16][0x8f][0xf0]{$[0xc2]a[0x88]D[0xf8][0xc]Ek[0xf6][0xdd][0xfc]C[0xa5][0x9f][0xfe][0xf][\r]O[0xe0]M[0xae][0xce][0x16]T`[0x13][0xd4][0x80][0xef][0x1c]|P[0xc3][0xe1][0x8a]iH?[0x7][0x93][0xfb][0x84]!c[0xa3]Dp[0xc3][0xc1][0x8b]X[0xab]Sw[0x8c][0xe7][0xf2][0x89]U[0xbe]p[0x88][0xeb]p>#;[0xa4]!DZ[0xe7]I[0xff][0xb][0x8d][0x1d][0xc][0xdf]I[0xba]qj[0xdc][0x1e][0xca][0x1a][0x8c]C[0x18][0xbb][0x94][0x9c][0xd0][0xfe][0x94]T[0x94]VT[0x96][0x95][0x1d];QQ[0x92]:AX[0xd7][0xca]J#[0x1d][0x9e][0x9c][0xcb][0xc1][0x98][0xb0][\r][0x86][0xc2][0xd5][\r][0x85][0xf7][0xa8][0x4]([0xc][0x7][0x8b][0xef][0xd5]5[0x14][0xe2][0x1d]1T[0xe8]z[0x10]t9:[0xa4]0[0x9d][0x8]r[0xf7][0x84]2<E[0xe1]U^O[0x9b],t[0xe3][0xfd][0x9c]IT^Zv[0xec][0xd8][0xf1]T[0xa1]h[0xe8]:[0x8f]$[0xa2]z[0xe5]m_`[0x9f][0xe4][0xb8]|[0x13]~m[0x8e][0xcb]O[0xb6][0xc8][0xc0]`v[0xfe]1[0xbe][0x89][0x93]q[0x1f][0x84][0xaa](?YR[0x99]B([0xe3][0x7]r?[0xaf]*[0x9d]P!It[0xd5][0xb9][0xbd][0xb5][0x85][0xae]:1 [0xba]BR[0xc0][0x1d][0xc][0xb9]][0xc1][0xfd]O)[0xba]0[0x80][0xa2][0xdb][0xb9][0xa5]v[0xbe][0xcd][0x9d][0x18][0x15][0xe5]'[0xca]JS5[0x1d]c[0xd7][0xf6][0xc4][0xb0][0xa1][0xc3]>[0xb9]D[0xdd][0x9b][0x0][0xe1][0xa1][0x9d])lLM4[0xdc][0xcf][0x1d][0xfd][0xca][0x8a]c'[\r][0x93]&[0xa3]pO91T[[0xa1][0xfe][0xf7][0xff][0xfa][0x82][0xfe]'q[0x97]]3w[0x6]3@[0xc8][0xea][0xb6][0xda][0xf1]J[0x10].[0xc1][0x12] [0xb0][0xc7][0x86]7[0x8d][0x87][0x8e][0xd6][0x88][0xa1][0xba][~[0xfa]OA[0xa2][0x97][0xa4][0xf8]f[0x12]?[0x98]"[0xbd]=[0xee][0xb2]t[0xaa]WU[0x5]M[0xba]K[0x88]>[0x15][0xab][0xb][0xcb][0x8f][0x97][0x96]W[0x94][0x15][0x96][0x16][0x96][0xb2][0x85][0xee]_[0x83][0x9c][0xfb]TV+7[0x0]jR[0x8d][0x13][0x9a][0xca][0x12][0x99][0xd8][0xd1][0x14]06([0xf2]pT[0x19][0x99]?#[0xd5][0x9f]%[0x3]-P6[0x9f]>[^[0x88]mM[0xff]wc[0x13][0x15]H[0xf2][0xfb]([0xbd][0x88][0xed][0xf4]'[0x8]IV[0xf6][0xb0][0x9][0xd5]G[0xe3][0x13]m[0xf1][0xe1][0x85]3[0xc5][0xb4]qv[0xe6][0xf3][0xb8]K[0xad]y/9[0xfa][0x89][0x5][0xdf][0xeb][0xf6]JA[0xc9][0xeb][0xf6][0x5][0xc]k~^HQ[0x96]B[0x8a][0xa9]-[0xd2][0x1a][0x8d][0xbf][0x1e]U"[0x8b]Z[0xec]z[0xe2][0xb0]b[0xa0][0xc6][0xc9][0xd8][0xe6]+y[0xb2][0x3]u[0x8b]_[0xb7]{[0xd4][0x99][0x1e]*vp[0xb1]O[0xd0]B~[0xb2]&O[0xb7][0x93][0xf6]6.[0x12][0x94][0xb][0xd2]][0xd1][0x13][0x16]Cn[0x9f][0xb7]*[0xe4]5[0x10][0x4][0xce]U[0xc][0xba][0x2]n[0xe8][0xd4][0xe9]T<[0xed][0xf1]*O[0xc1]krI[0x89][0xec][0xb1]m[0xf5][0x16]@D[0x1e]Z[0x8e]E[0x87][0xc9][0xe6]Blg[0x9a][0xde][0x8d]m6[0xd2][0xc9][0xe3]W[0x14]?}L[0xd9],[0x90]'[0x12][0x9b][0x9];[0xd3]\[0x8]U0[0x14][0x12][0xca][0xb][0x1b][0xc9][.[0x8f][0xdb]u[0xa7][0x80][0xb]/[0x84]v[0xbb]Q[0xe9]_[0x6]K[0xb5]c([0xa1]'[0xda]!\a[0x92][0x2]Bv[0xbe][0xa2][0xd2][0x9c]*[0x97][0x9e][0xe2][0x1a][0xfa]Q4z[0x18]3[0xa5]rOB[0x9e]v[0xc][0xaa][0xb]Mr[0xd7]<[0x19][0xe8][0xcd][0x1d][0x9c]\I[0x92][0xd4][0x96][0xc8][0xe0][0xa8]<[0xd2][0x1a][0x8b]t[0x1f][0x8]M[0xbc][0xd2][0xbd] [0xed][0xa7][0xf4]xIiIyq[0xe9]q*_K[0xca][0xca][0xcb][0xa9]N[0x12][0xe4][0x9d]mIP[0xa9][0xe5][0x13][0x8b]n[0xc8][0xd3][0xdb][0xb9][0x81]j[0xc5]X[0x95][0xfb]c[0xac][0xa4]wlm[0x9d][0xce]Y[0xf5][0xc9]+[0xf5]C[0x8b][0xb5][0x81][0x93][0x80])U[0xc9][0xc0][0x96][0x89][0xf9][0x81]=XM[0x7]\lRV[0xc][0xc3][0x15][0x2][0xa9][0xba][0xf4][0x84][0xeb][0x1][0xfd][0xf8][0xed]`[0xb1][0x18][0x8][0xa0][0xc5]Zt[0x1b][0xe]0/[0xc6][0x17][0x8d][0x8d]p[0x81]).[0x8e]/<[0x89][0xcf]|[0xa8][0x2].[0xe][0xb0][[0xff]\$[0xde][0x16][0xef][0x1f][0xf9];.@[0xe1][0x80][0xe7][0x94]P[0x0]CzO[0xaa][0x82]?[0xfe]:[0x1f][0x95][0xa0][0x1e]w[0xb5]T\[0xe7][0xab][0x97][0xfc][0x14]O[0xfa][\r][0x9f][0xb7][0xe0]O[0xd8] [0xd4][0xe0][0x97]h[0x8b]?_[0xba][0x99][0xb8][0x13][0xc][0xbb]\R0xJ[0xa8][0x9]{] [0x9d][0x8e]$[0x1a]V[0x8b]![0xf1]k[0xed]C_[0xdc][0x15][0x3][0x2]<[0x80][0x9b][0xc2]7BA[0xc1]i[0xed][0x81][0xf1][0xed][0xa2][0xa0]/[0x10]:[0xa2]w$[0xfe][0xa9]Jo[0xff]E@[\n]"
2020-11-26 10:40:51 DEBUG wire:72 - http-outgoing-0 << "[0x85][0x3]^[0xe1][0xa2][0x18][0x92][0x8a][0xfc]t[0xa9][0x94][0x8e]T[0x15][0xf9][0x2][0xd5]R[0xe0][0x96]7\_%[0x5][0xbe][0x16][\n]"
2020-11-26 10:40:51 DEBUG wire:72 - http-outgoing-0 << "[0x8d][0xf]E[0xf3][0xc3][0xd3][0xc5][0xc5][0xa4]q[0x88]D[0xfa][0xb5][0xee][0xfe][0xf1][0xf5][0xe9][0x14][0xc0]<[0x92][0x97][0xc2]e[0x82][0x86][0xde][0xaa][0xa5][0x16][0x98][0xe1]Ej[0x91]QV[0xfb]F[0xf8][0xea][0xab][0xc4][0xdd][0x1a]_[0xe0]H[0xa2][0xb][0xf7]7%[0xa7][0xd9][0xdf]3Z[0x87][0xf8][0xeb][0xe8][0xd1]$[0x16][0xee][0x1a][0x13]y[0xfe]_[0xf6][0xc2][0xff])[0xf2][0xbb]][0xb7][0xe8]X[0x8][0xdf]P[0xca][0x98][0xd8]3[0xd9][0xf2][0xb][0x9d]zG[0xe9][0xf7][0x81][0xe3]5c[0xb1]Jt[0xdd][0xa9][\r][0xf8][0xc2][0xde][0xea]S[0xc2]WG[0xad]z[0xaf][0xaa][0xbd][0xe5][0xf2]y|[0x81][0xa3]_[0x81][0xe9]hPH<[0xee][n[0xe3]Rb[0xdd]\[0x3][0xee][0xe8]W[0x5][0x96][0xb3][0xca]8g[0xb5][0x89][0x1]"[0x82][0xf1][0x90]u[0x87][0xec]-[0xa6][0x8]A[0x9f][0xc5][0x9a]m[0xf]l[0xcf]f[0x86]N[0xdb]/[0xfe]!y[0x82][0xd2][0xe1][0xa2]@[0x16][0xc5]![0xdf][0xc8]'.[0x90][0xe9]4[0x9c][0xcf]Z[0xf7][0xca][0x2][0xe7][0xbc][0xa1][0xa3]_[0x99];I[0xf4][0xf1][0xcf]G[\n]"
2020-11-26 10:40:51 DEBUG wire:72 - http-outgoing-0 << "[0x8a][0x18]P[0xe7]}[0xf7][0x85][0xa2][0xba]j![0xec])[0xf8][0x9a])GGX[0xef][0xfa]l[0x80][0x17]QZ[0x8]EU[0xc6][0xd7][0x12][0xb4]O[0xbc][0x89]=k[0xd3][0xc8],[0x81][0xc][0xe4][0xad][0xf2][0xdd][0xbf][0x85][0x9e][0xc3][0x7][0xf7][0xb][0xd2][0x15]b[0xf0][0xdc][0x4]te[0xd8][0xf0] [0xd1][0xe6]V[0xc8][0xe7]O<[0xff][0xe2]L][0x99][0xa6][0x9f]([0xcb][0xc3][0xca][0x13]j[0xbf][0xd1][0x1b][0x89]g[0x86][0xc6][0xf5]"[0xc]i[0x82]zg[0x98][0x90][0xd5]8[0x8][0x8]x[0xc6][0x9f][0x81][0x8d]-[0x15][0xaa][0xb3][0xf1][0x89][0x8f]d*[0xa2][0xcc]4[0xca][0xa3][0xab]d`[0x1][0x95][0x1c]Tr[0x95][0xed]'L[0xbd][0x9b][0xc2]1[0xf4]kZIb)s[0xf6][0x1d]T[0xaa]4ej[0xf2][0x95][0xfc]l^[0x9e][0xec]$[0xf3];[0xca]x[0xb]$h[0xae][0x8f][0xe4][0xeb];[0xa8][0x1f][0xac][0x8e][0x80]B:[0xd0]G[0xb6][0xde][0x91]g[0xed][0xb8]F[0x1][0x86]s[0xe3]dm0[0xf3][0xa7]l[0xf4]pM7[0xa0]v[0xd7][0xf1][0xb2]2[0xd0][\r]*[0xcb][0xca][0x8e]WR[0xe5] S@{l3[0x12][0x8b]6[0xc6][0xb6]:[0xe4][0xbe]%[0xb5]w[0x0][0x82][0x18][0x9e]w[0xc7][0x9f][0xcd][0xca]}[0x1d]F p[0xc1]4[\r]"7$'JK[0x8a]K[0x8f][0x95]T[0x96][0x94][0x95][0x96]W[0x1e]?[0x9e][0x9][0x12]J[0x97][0xcb]7[0xa9][0xaa][0xae]CDU90;g[0xb6][0x94][0x89][0x95][0x84]"[0xbf]o[0xb2]0`*+N[0x94][0x9c]<^z[0xbc][0xbc],[0x13]0[0xff][0xd5]8[0xa9]LN[0xfd]W[0xe3]3[0xe3][0xe7][0xc9][0xea][0x96][0xdc][0xb9]K[0xed][0xc][0xd8][0xae][0xa3][0xbc]A[0x19]&2A6WH[0xd7][0xcb]|[0xc]XyIq[0xc9][0xc9][0xf2][0x92][0xb2][0x8a]c[0xc7]JK2Ri[0xad]_[0x19][0xdb]![0xb][0x8f]b;#[0xea][0xee][0x12][0xe9]xMA5[0x2]Ia[0xde]7$[0xa5]'[0x8b]KO[0x96]Q2U[0x94][0x96][0x9c][0xb0][0xe5][0x1c][0x18]'fXiFW&[0xbe][0xd1][0xd4][0xad]/[0xd2]Ly[0x83][0xb1]n[0xa5][0x85]QK_[0xdd][0xa3]SrJi^[0x8e]?][0xc2][0xe0]6[0xd2][0xfa][0x86][0x1a][0x1f][0x14]e[0xe6][0xf6]5[0xcb][0x1f][0x9f]_[0xf2][0xde][0xa2][0x92][0xcf][0x89][0xc0][0x3]AYWm[0x14]u[0x89][0xc5][0xad][0x86]J[0xf6][0xc2][0xa0][0xfb][0x1]U[0xbb][0xca]N[0xf8][0xef][0x9f]6.9[0x96][0x84]Lq[0xc2][0xfb][0xee][0xd7]U{[0xa4][0x9a][0x10][0x9e][0x82][0x97][0xfc][0x1c][0xde]-8[0x9b][0x5]7[0xe7][0x1f][\n]"
2020-11-26 10:40:51 DEBUG wire:86 - http-outgoing-0 << "[0xb8]k[0xeb],[0xbe][0xc4]n[0x83][0xa2][0xaa][0xb]l[0xd3][0x0]"
2020-11-26 10:40:51 DEBUG wire:72 - http-outgoing-0 << "[0xa4][0xd0][0x81][0xae]eIB[0xd8]l[0xdc][0x0][0xad][0xd3][0xbd]L[0x86][0x81][0xa8][0xf7][0x5][0xa4][0x82][0xb3][0xd4]:[0xa5][0x92][\r][0xd8]"[0xd1][0xaf][0x95][0xe7][0x5][0xf9]Dg[0x11][0x9d]][0xec]8$[0x9f][0xb][0x1e]][0x8e]S[0xbc]d0"+[0xfa]V[0x81]<[0x19][0x91][0x9f]k[0xae][0x16]+v[0xf1][0x8b][0xd5][0xd5][0xe0][0x87][0xa4][0xb]'e[0x98][0x12][0xc6]0[0xa6]-3[0xcd][\r][0xda]K[0x6]z`i[0x99][0xea]#[0x9b][0x8f][0xa8][0xd8]S&6[0xf1][0xe]:[0x5][0xc9][0xe3]&[0xf5][0xfd][0x92][0xbe][0xf7][0xc2][0xb9][0xd0]f")[0x8a][0xec]L[0xa6][0x1d][0xe2]Nu,[0xcd][0xdd][0x84][0xd6]W[0xcf][0xd3]X[0xe4]M[0x2]kp5Q|A][0xf2][0x9f][0xc5]G[0x88][0x14][0x9b][0xe5])[0xf4][0xaf][0x17][0x83]w[0x84][0x8c]*[0xaa][0xd5][0xb7][0xa1][0x85][0xee][0x7][0xf1]kn[0x5]2[0xb4][0xa4][0xae][0xce][0xa2][0x18][0xd1][0xd5]3[0xa7][0x18][0x9d]4[0xa2]4[0xf7]R~?[0xaf][0xf][0xa4][0x16]:[0x82]_d[0x8f]>[0xb][0x94][0xca][0xc][0x18][0xc5]6[0xbb][0xe4][0xf][0x1b]f[0xd6][0xd4]>[0x88][0x8f]>[0xb][0x8c][0xca][0x8d]c[0xb4][0xb5]G6[0x9e]'0[0xa2][0x1f]H|[0x8d][0xdd][0xff],[0xd0][0xa9]0[0xa0]#o[0xac][0x93][0xc9]w[0x96][0xb3][0x8][0x1f]}[0x16][0x18]U[0x1a]1[0xa2]8[0xac]wZN"|[0xf4]Y`t[0xcc][0x80]Q[0xbc]y[0xd0][0xc0]r[0xa6]I[0x84][0x8f]>[0xb][0x8c][0x8e][0x1b]0R[0xe7][0xf7][0xc8]Jg[0xfa]$[0xc2][0xfb][0x9f][0x5]:'[0x8c][0x3]4[0xb2]'[0xbf][0x1d][0xb3][0x9c]D[0xf8][0xe8][0xb3][0xc0][0xc8][0xb8][0x12][0xc9][0x1f][0xfa]H[0xef]S[0xeb]I[0xc4][0x1e]}[0x16][0x18][0x95][0x96][0x18][0x7][0xa9][0xbd][0x97]D[0xda][0xac]g[0x11]{[0xf4]y[0xa0]dR[0x81]z[0x8d]*[0x90]a-[0xea][0xfd]|[0xf4][0x1f][0xa3][0xb6] ?[6[0x8]:[0xf3]b[0xc4][0x1e]}[0x1e]([0x19][0xd5][0x5]e[0xea][0x1d]Y[0xf9]H"-[0x96]sI[0xfa]y fR[0x1c]:[0x6][0xe2][0xcd];[0x96][0xd3][0x9][0x1f]}[0x1e]([0x19]5[0x7]2[0xd0][0xa1]>[0x9a][0xb7][0x98]N[0xec][0xfe][0xe7][0x81][0xcf]1[0x93]9[0xf1][0x8a][0xf4]MY[0xe][0x11]>[0xfa]<P2*[0xe][0xa4]o![0xfe]t[0xc9]b[0x88][0xd8][0xfd][0xcf][0x3][0x1f][0xa3][0xe6] [0xbf][0xed][0x88][0x8f]fP[0xbf][0xd9][0xa3]O[0x8f][0x92][0xed][0x96]N&3[0xb0][0xc4][0xf8]-[0xf6][0x15]t[0xb2] J[0xf9]s[0xbf][0xa5]:[0x87][0xc2][0x81][0x80][0xdb][0x15][0xf6][0x84][0xeb]S[0xdc]$[0xe6]BQ[0xb1][0xcd]e[0xb2][0xd7]l[0xe1][0x81]1;[0xda]`K!#[0xae][0xf6][0xae]3[0xc3][0xa7][0xb2][0xf7][0xc2][0xef][0x17][0xa3][0xea]Jc[0xa7][0xdc][0xfd]2[0x81][0xe][0x4][0x8f]h[0x9f][0x89]PE[0x86]~,[0xb6][0xd5]M/[0xc0]S[0xcd][0xf0]&[0x93]K[0x18]][0xa2][0xf4][0xb5][0x93]V[0xf0][0xa3][0x93][0xf6][0x88][0xfc][0xf4]#UMi[0x13][0xcd]'[0xaa][0x8c][0xb7]X[0xc6][0xaa][0xe8][0x1]*[0xb1][0xe8]<[0x19]\[0xa2][\r]H[0xef]Hl[0xa7][0x97][0xe]%[0xb8][0xe2];{[0xe5][0xb7]{[0x10][0xca][0xd3][0xbc][0xac]<[0xda][0x92][0xbb][0x1a][0xe5][0xc9]U[0xdc][0xd6][0x96][0xa3]3[0xea][0xc7]w[0xb1][0xed]&[0xd8]EX[0xdd][0x82][0xde]"[0xfd]dp[0x14][0x1c]H[0xec]5[0x8][0x84]X[0x7][0xc7][0x92][0xbc][0xda][0xf]Q#o[0xb4][0xe3][0x8a]Io;[0x5][0x83]. [0xb1][0xed]q[0xba][0x92][0xd0]/"[0xf4][0xda][0xc9][0xa7][0xc3][[0xf1]g/[0x1][0xda][0x17]}d`P[0x9e]n[0xff]u[0xbb][0x9]X)[XU[0x92]%[0x8c][0xdb]E[0x19][0xdd]n[0xd9][0x1c]U[0x86][0x9]A[0xbb][0xba][0x5];'[0x2][0xbd][0xf0]y%[0x81]~[0xa5][0xe0][0xec][0xf7][0xf4][0xc6][0xa5]Kf[0xc7][0xb6][0x89][0xc9][0xcd][0xed][0xef]IU[0x5]g[0xbf][0xbb]y[0xf5][0xca][0x1f][0x91]j[0xdf][0xdf]8Ji[0xaa][0xbc]^[0xe5][0xee][0x81][0x9d]z[0xaf][0x81]P@[0xe5][0xfa][0xa2]<[0xb2]&[0xf7][0xae]p[0xb7][0xf7]7[0x84][0xea][0xc0][0x9d]z[0x8d][0xfd]=[0xaa][\r][0x1e][0xeb][0x3]|[0x88][0xcf][0x7][0xb8]{[0x12][0xdd]:[0x18]P[0x9]tc[0x1e]+xj[0xf9][0x86][0xbc][0xbd][0x84][0x93][0xbd][0x18][0xcb]&[0xf1]6[0x87][0xf2][0x1c]z[0x7][0xa6][0x12] [0xbc]=[0xdc][0xaf][0xa7][0x13].5g[0x1d][0xc9][0x92][0x9a][0xb9][0xce]M[0xe3]z[0x3]e[0xc][0x87]Qq[0x8f][0xb1][0xde][0x1c][0x8f]l[0xe1]m[0xc7][0xf2]4[0xb][0xce][0x9a][0xd3]@[0x11][0x15]s2h[0xe6][0xe]![0x8a]1[0xa5]WLQ[0xd2]A2[0xa5]>[0xa5]u$h[0xdb][0x1f][0x16][0xd0][0xb1]B[0xac][0xb4][0xbd][0xb9][0xce]+[0x82]g[0xaa][0xf6][0xea][0x8]:[0x88][0xe8]/H[0xf8][0xba][0xab][0xdd]A[0xbf]Gl8%x)[0xa8][0xa7][0xb][0xce][0x1a]S[0x8][0xb4][0xf][0x19][0x13][0x9][0xb2]Ao[0xe7][0xed][0xcf]$p\[0x92]7s0[0xa7][0x95][0x1f][0x9f][0xcc][0xef][0x90][0xfe][0x17][0xca][0xec]`[0x8a][0xe2]f[0x8e]b[0xa2][0xdd][0xa2][0xf0][0x1][0xa9][0x93][0xe8][0x6][0x84][0x8f]e[0x95][0x1][0xb3][0x94]K[0xdd]2[0x81]~[0x8c]u[0x14][0xe0][0xb7]$9[0xab]c[0x92][0x0][0xf6][0xe1][0xed]T[0x18],[0xd7][0xbc]$[0x81][0xee][0xba][0xab]%[0x1f].|[0xc5][0x89][0xbc][0xf][0xcc][0xf7]@Q[0x8a][0xbd][0xe0][0xc6][0x8c]5[0x89]=[0xbe]Z[0x9f]>[0xe2][0xf5][0x14]B[0xb7][0x17]77[\n]"
2020-11-26 10:40:51 DEBUG wire:72 - http-outgoing-0 << "[\r][0xbb]a[0xc][0xc8]$lZf[0xa0]%l[0xf0][0xd6]-[0x88][0xda]J@[0xa5][0x7][0xfb][0x82].[0x90][0x9d]v[0xe9]$[0xd2][0x16][0x4][0xd8]o[0xd4]6V[0x9e](#=[0xca][0x9b]7t[0xcd][0xc3][0xf0][0x0]uuY]j[0x84][0x85][0xb0]c0[0x16]}[0x3]k[0xdb]H;[0xc6][0xc9]R[0x18][0xcd];,:(iam[0xc0][0x10][0xb0][0x9a]$x[0x81]^[0xe3]J[0x92][0x3]C[0xd0][0xb6]F~[0xa0]?sd[0x86]$[0x10][0xe9][0x5][0xea]s[0xe6][0xb][0xb6]\[0x8a][0xf5][0xfe][0xd3][0xfa]b[0xc9][0xc9]#[0x6][0x8][0xad][0xa9]c[0x9][0x12]}[0x95][0x9b][0x1b][0xcc][0x84]K'Q:[0xe8]I[0xc6]P[0x17][0xda][0x94][0x89]'[0xa4][0x95]Z1[0x1d]G[0xe9][0x1f][0xfa][0x90][0xf2][0x4][0x86][0x11][0x93][0x95][0xe7]r[0xc7](y[0xde][0x8d][0xfa][0x94]<[0xbd]I[0x15]J*,[0xe5][0xce]^'[0xfc][0xc1]t[0x85]d[0xa6]lBW[0xc8][0x81]CXOF[0x1e]a7[0x9c]q[0x89]v:[0xa3]Q[0xf4]% [0xda]/[0x8b][0xa4]t[0xe4][0x84]3R[0xa8][0xc2]LLK0[0x0]an[0xc6]H[0xa5][0x97]E[0xdc][0x84][0xae][0xb9][0xe9][0x1c][0xa1][0xbc][0x1e][0xa3][0xba];][0xb8])+[0xc8][0x8f]{[0xe5][0xbe][0xc5][0xd8]f;[0xe9]mN[0xbc][0xc7]?[0xf0][0x9a][0x92][0x97][0x18]y[0xd4][0xf5][0x1e][0x1a][0xb5][0xbc][0x1c]x[0x0];52[0x1][0xde][0xc9][0x85][0xb][0xb0][0xe5][0xd1][0x8c][0x10][0xe5][0xcc][0x9][0xd7][0xd2];v[0xce][0x13][0x8][0x9d]=@[0xf8][0x1e]7S[0xa4][0x11]0[0x9d]N[0x16][0xe0][0x1b][0x97][0x92]v[0xaa]9[0xa5],"[0x16]-H[0xd7]K[0x8][0xce][0xef][0xeb][0xa1][0x1c][0x84][0x81]cNxG4[0x1e][0xea][0x9c][0xaa][0xd6][0xe7][0xc0]6[0xa2][0xdb][0xc8]2[0xa2];'[0xa1][0x91][0x1d][0x90][0x9c][0xb9]%[0xbd][0xdf][0x83]c[0x16][0xd1][0xcd][0xcd](&[0x92]Y[0x4]:[0xa5][[:[0x8f][0xc4]g"[0xa4]kOm[0x84][0xa8]5j[0xa7][0x9f][0xbb]L:& [0xaf][0x84][0xb1][0x81][0xbe][0xbe]X[0xd0]SOVq[0xc0]*ac5[0xed],'[0x16][0xd8]h[0x1f][0x96][0x89];[0x1c][0xb5]o[0xd3][0xcb][0xf8][0xee][0x97][0x1f][0xc][0x16][0xa8]sF[0xb0]$[0x81]%(a~V[0x8]gg[0x5]S[0xa5]a[0xd1][0x94][0x8a]$O[0xbc][0xd7][0x98]|s[0x9c]t[0xcd]@hO[0xeb]R[0xfc][0xf1][0xae][0xba][0xb1][0xca]Z)[0x93]S[0x1a][0xbc][0xce][0x6][0x1d],n[0xfe][0xd2][0xc0][0xd9][0x87]~[0xff][0x95]m[0xd3]k[0xe6]G2[0x18]{t[0xce][\n]"
2020-11-26 10:40:51 DEBUG wire:72 - http-outgoing-0 << "[0xce][0xe0][0x1][0xac][0xb9][0x19]"[0x85]d[0x16][0xe9][0xeb][0xa6]:[0xa8][0xba][0xb6][0xc9][0xee][0xaa][0xef][0x97][0xe2][0xed][0xfd][0xe0][0x92][0xeb][0xed]%[0xbd][0xaf][0xd5][0xc6]V'#[0xf][0x9e][0x92][0xc]u[0x5][0x1f][0xa6][0x94][0xfa][0xcb][0x81][0x17][0xf6][Y3c[0xf1]Ac[0xb9][0x8c][0xdc][0x19][0xc2][0xa6][0xaa][0xa1]s[0x1e][0xc9][0x8][0xa9]=[0xc3]P[0xda]p[0xf3][0x8b][0x89][0xac][0xe9][0xf4][0xb3]-[0xd6][0x98]` [0xb9][0xf3]q[0xbc]qZn[0x84][0x1e]-2[0xd4][0xa3][0xc]/[0xc9][0x1d][0x1b][0xc0]Lz[0xa1]9j[0xcc][0xcc]t`Kp[0xed]8[0xd1]X[\r][0xde]{[0x83][0xcb],o[0xcb][0x89][0xfd]Y[0xee][0xe9]:G[0x6]0[0xf6][0xa1]m${t[0xce]/[0xce][0xe0][0xf1][0xd7][0xf3][0xab][0xa5][0xf5]6[0xda][0x86][0xc1][0x83][0x99][0xd4]E[0xd9][0xdd][0xd8]V[0xb7][0xd2][0xf1][0x11]v[0xb]"Cj[0xd3][0xb0][0xb2]3[0x88][0xf7][0xd5][0xc5][0x16][0xd2]1[0xe4]paq[0xe9][0x1c][0x90][0xe9][0xc4][0xfb]\[0x6][0xde][0xfe][0xc8][0xea][0x1c][0xf][0xde][0xe6][0x19]q[0xc3])[0xf1]N[0x86][0x9a][0x17][0x2]~s4[0xeb][0x8]k[0xe7][0x82]'[0x86][0xf6][0x82]2<EM[\r][0xa5][0xf3][0xa5][0x80][0xb6][0x6][0x1d]ey[0xf2][\r][0x1d][0xe5][0xf8][0xc8][0x9e][0xba]7y[0xf9][0xa6][0xda][0xc4][0x92][0x97]Y[0x12][\n]"
2020-11-26 10:40:51 DEBUG wire:72 - http-outgoing-0 << "[0xb8][0xaf][0xd8][0xfe][0x94][0x93][0xa1]FGub[0xb8][0xaf]$[0x8b][0xa7][0xea]jh[0xde][0xc6][0x9f][0xab]va[0x92][0xf4]YJ([0xe6][0x87]%[0xb2]|[0xc0]9[0xa3][0xec][0xb]ZF[0x19]n[0x16][0xc2][0x1a][0x94][0xd9][0xd8](k[0xf5]I[0xb3]n[0xaa][0xb9][0xb5]&{[0xa9]bJ[0xc6][0x96][0xc8]J'8[0xc0][0x96][0xde][0x91][0x95]qX=fX[0xd8]y_[0x8f][0xda][0xf1][0xc1]VEI[0xd9][0x12][0x0][0xee][0xc2][\r][0x8b],E#[0xf3][0xc0]V|u[0xdb][0x8c][0xa5]^[0x92][0xbb]&GS[0x8e]S[0xde][0xb7]jb[0xe8];[0x7]=$G[0xc8][0x90][0x2][0xdc][0xfc][0xa3][0x95][0xd6][0xcb][0xc6]@[0xe6][0xa2]z:[0xc7][0xb0][0xcc]:[0xe3]30cW[0xb7][0xe5][0xed]a[0xe5][0xed].[0xd9]y[0x9][0x85][0xd9][0x86][0xa7][0xb2]pIZ%&`[0x12][0xdc][0x8d][0xe2]>eu_[0xcc][0xc2]s&c[0x96]#B[\r][0xc0][0xec][0x9b]U[0xec][0xba]v[0xc4]9[0xb9][0xc1][0xc9][0xa8][0xc1][0xcd]7x|dV[0xb6][0xc9]vp[0xa4][0xce]E]/[0xe5][0xbe][0xa5]?z[0xaa][0x9][0xfb]N[0x83][0xc2]:[0x15]![0xd1][0xc8][0x1f][0x3][0xec]7[0xec][0xc5]0[0xf5][0xf6][0xdc][0xe5][0xa3][0xd7]<[0xee]&f[0x1d]R][0x86]J)[0x83]j[0xe3][0xd4][0xff][0x8e]{[0x93][0xce]j*[0xe6][0xe6]+[0xd9]_e[0xc4][0xfc]8O[0xb2][0xf7][0xeb][0x84][0xb1]r[0x81][0x10]h[0x90][0x91][0xa9]2[0x96][0x92]3[0x9b]6[0xf8][0x88][0xae]=[0xe9][0x5][0xed]luY[0xad]N[0x90][0xb1]>[0x90][0xfd]f1[0xdb][0x10]7[0xd4][0xf][0xc2][0xcd][0xc3][0xe4].tjn[0x15]U[0x9c][0x82]![0x81]mX[0xb2]+[0xda][0x15][0xbb]HF[0xb2][0x18][0x1a][0xc0][0x83][ueB"[0xa4][0x5][0x8][0x1][0x1f][0x10][0xd8][0x9]|[0x99]B[0x12]Q[0xab]X[0x87][0xc6][0x90][0xe6][0xc5][0x16]Z[0xce][0x84][0xcd]ce[0xe5][0xc5][0xa5][0xc7]*[0x8f][0x95]VV[0x9e]8V[0xc1][0x93][0xb0][0x89][0x91]?[0x96]pi[0xe9][0x9b][0xa6][0xbd][0xf9]d[0xb4]X:[0xca]~[0xb7]+K[0xbc][0x1a][0xbc][0xc2]6q[0x13][0xc1]jY[0xfb][0xa2][0x3]$[0xa4][0x85][0x4][0xa5][0xbe][0xc4]b[0xbf][0xac]c[0xcf][0xc][0xdb][0xe3]l[0x86]#[0x93]@[0xdc][0xa0][0xcd][0x9e]<V[0xa9][0xf8][0xa6]4=[0x95]1cy[0x92][0xd4][0x9d][0xf8]l[0xa5]A[\r]<hQ[0xd6][0xc9][0xa2]B[0xa8][0xb9][0xb6][0x8a][0xa1][0xb2]b[0xa2] [0xe][0xab]w&[0x5]p[0xac][0xff] bLA61[0x94][0x4][0x17]*]N[0xf][0x93][0x89][0xd9][0xf8][0xe8][0x14][0x17][0xb8])[0xa5][0x97][0x8c][0xed]m[0xc0][0xe5][0xdd][0xc5]O[0x1][0x93][0x95]o[0x81][0xe0][0xb7][0xb1]U.[0x0]Sk([0x19][0xda][0xf3][0x1]hU[0xce][0x19]I[0x8a][0x87]Ie[0x87][0xd7][0xbe][0xf2]h[\n]"
2020-11-26 10:40:51 DEBUG wire:72 - http-outgoing-0 << "[0xbc][0x15])[0xf0][0xa6][0x17] [0xb5]*[0x90][0x86][0x13][0xc7]4-[0x12])[0xca][0x1e][0x9f][0x18]:%[0xc0][0xc4]H+[0xaf][0x1]1[0xa5][0x92]7e[0xbe][0xa4][0xf2].[0x86][0x1b][0x16][0xf0][0x5]a$&K[0x99][0x85]n[0xc0]"P[0x13][0xe5];[0x8d]}[0xcb]O[0xe7][0xc9][0xde]S[0x8d][0x81]z:[0xc9][0xe0][0x12][0xde][0xc7][0xc8][0xc6]b[0x8c]t[0xd4][0x2][0x1c][0xcd][0x82][0xdf][0x98][0xa4][0xab]U[0xd0]H][0xbd][0xab][0xaa][0xcd][0xb3][0x1d][0xd0](Op+[0xfb][0x8c][0xd6]'[0x8c]Jaiia[0xe9]1[0xda]{9[0xbc][0xa7]g[0xc9]K[0xf5]g[0xff]X[0xef][0xae][0xae][0xf6][0x85]N[0xb][0xac]~[0x96]@[0x96][0x9f]*o[0x16]b[0x9b]o[0xc1]:[0xea][0x18][0x80][0xa2][\r]O[0xb6][0xe4]w[0xc9][0xd3][0xae]24L[0xb6][0x8b]6SU[0xda][0xee][0xf5][0x1b][0xa1][0x80][0xdb][{>[0xec][0xf6]TK[0x1][0xb9]{[[0xee][0x9b]W[0xbb][0x1e])[0x93]M[0x10]C[0xfa][0xf4]=l$[0xf4]M1g[0x90]F[0x16][0xbf]I[0x1]2#K[0x15][0xa9][0xd9][0xe7])[0xc8][0x96][0x9c][0xb4]G[0xf6][0x86][0x9f][0x1][0xe1][0xf3][0x85][0xe4][0x91][0xf7]d[0xa0][0xe3][0xba][0xcf]uG[\n]"
2020-11-26 10:40:51 DEBUG wire:72 - http-outgoing-0 << "][0xfd][0xab][0x1d][0xf0][0x89][0xf7][0xe2][0x13]m[0xca][0xee][0x1c]5,[0xd5][0x17][0xad][0xf1][0xe6]%e[0xe7][0xad]-[0x95][0xa6]"[0xb1]H[0xdf][0xd5][0xbf][0x2]~,1[0x9a]l[0xf7][0xc7]"[0xdd][0xd4]B[0x85][0x0][0x83][0xb6]w@[0xeb][0x99][0x8e][0xdc][0x91].[0xb3]G[0x1a][0x1]u[0x8a]j[0xe1][0x5][0x9f]7[0xe8][0xf3]H[\n]"
2020-11-26 10:40:51 DEBUG wire:72 - http-outgoing-0 << "[0xb5][0xbb][0x7][0xda][0xe4][0xbe]Ej[0xbb][0x91][0xfe]5[0xde][0xe6][0xf2][0xd2][0xc][0xc5][0x94][0x7]/[0x8c][0xd4]5[0xe1]URX[0xc6][0xc1][0xb9][0x94][0xa3]$[0xb1]^[0xfe][0xd0]Di[0x1b][0xdb]\[0xa6]L$?[0xee][0xa5][0xe6]%[0x7]'[0xea][0xed][0x94]h[0x87][0x12]}[0xec][0xbc][0x9d]<[0xfc][0x91][0xf2][0x82][0xa9][0x9d]s$K98[0xf6][0x8a]X_U-[0xaa]3K[0xea][0xee].%(|[0x9a])Q[0xa4]m[0x8c]c[0x8e]bk[0xc0]s[0xb2]I[0x19][0x99]g[0xe][0xd4]1[0xbe]Fd[0xa8][0x87][0xf4][0xec][0x91][0x81]^[0xd2][0xc6]X}=[\n]"
2020-11-26 10:40:51 DEBUG wire:72 - http-outgoing-0 << ",[0xc][0xe9][0xfd][0xaf][0xed]:[0xf8][0xfe][0xe2]_N[0xd0][0xe6]'[0xa1][0x90]H[0x1f][0x14][0xea]U[0xa2] Y[0x0]v[0xa3][0x94][0xca][0xd8][0x1e][0xe5][0xf][0xd9][0x1e]Q[0x86][0x97]r'.[0xc7][0xcc][0xa0][0x13][0x91][0xaa][0x84][0xb1][0x9d][0xbd][0xe4][0x87]2[0x2]UVRqB[0xde][0xdc][0x94];[0xfa][0xc9][0xc6][0x82][0xb2][0x18]%][0xe][0x9a][0xc4][0x1b][0xa3][0xc6][0x92][0xfe][0x19][0xde][0x87]<[0xae][0xb9][0xf7][0xea][0xde]F|[0xf4][0x83][0xf6])-V#'[0xe9]PRXRiO[0x83][0xef][0xab][0xc2][0xa1][0x90][0xcf][0xb]s[0x88][0x8b][0xe][0xdf]_[0x11][0xab]$O[0xa1][0xfc][0xa4][0x9d].[0x0][0xe0][0xa9][0x9d][0x8b]p6![0x13][0xbb]Jg;_[0x13]yd[\r][0xba][0xc6][0xf9][0x85]$[0xa5][0x95][0xe8]([0x15]T[0xca][0xab][0xa7][0xb1][0x9d][0xc7][0xb9][0xf1]N[0xc9][0xc9][0xc2][0xb2][0xe3][0xf6]t[0xbb]\-[0x89]du[0x9b][0xb4][0xce][0xff]M[0xaa][0xc2][0xca]4vPB[0x82][0xe8][0xca]8[0x19][0x18]4[0xad]t[0x99][0xe5][0x8d][0x14][0xc][0xba]}^[0xbe][0x97][0xaf]6[0x9c][0x17]C[0xee][0xa0][0xba]G5[0xd6][0xe7][0xb1][0xcd]h|xEm[0x95]d[0x89][0x1c][0x88]P[0xca][0xb1][0xb4]4>[0x8a][0xb7][0xf6][0x92][0xb1]%[0xed][0xbc]c[0xa3][0xd0][0xcf][0x82]W[0xe0][0xae]G[\n]"
2020-11-26 10:40:51 DEBUG wire:72 - http-outgoing-0 << "A}-j[0xe]0'm[0xfc][0xe9]J|v[0x94][0xb7][0xe1][0xf0][0x14][0x19][0xdc][0x1][0xd5]jr[0x8a][0x93],[0xf2][0xe8]4Yk[0xa1][0xa0]*;[0xb6][0xa3]D[0xfa][0x1f]Q[0xee][0xa3][\n]"
2020-11-26 10:40:51 DEBUG wire:72 - http-outgoing-0 << "d[0xbc]q[0xe8][0xf][0xff][0x7][0x15]d[0xff][0xfc][0xf7][0xe4]L[0xc5][0xd2][\n]"
2020-11-26 10:40:51 DEBUG wire:72 - http-outgoing-0 << "[0x8e])H[0x15]O[0x9d][0x89][0xe8][0xff][0xc8][0xce][0x8],J[0xcf][8[0xb1][0x8b]?[0xde][0x5]9[0xbb]1O[0xfa][0x1e][0xf1][0x12][0x84][0xc9][0xe5]X[0xf4][0x5][0xac][0xed]O[0xb6]8F[\r]4[0x9e][0xf9]5}[0x9c]s[0x93]I%'[\n]"
2020-11-26 10:40:51 DEBUG wire:72 - http-outgoing-0 << "[0xcb]9[0xd8][0xea][0xaa][0xcf][[0xeb][0xbb]x[0x9e]Na[0xe5]][0x94][0x93][0x14][0xd8][0x84][0x8a]%y[0xe6][0x5][0xdf]z[0xae]5Q[0xde][0xcf][0xd2][0xa5][0xc6]A[0x93][0x9b]R[0xbd][0xdf]#[0x86]$>y[0xa9]}[0x5]5Gy`[0x99]D#9[0xd3][0xae][0x8c][0x83][0x99][0xb4][0x1].[0xbc][0xe6][0x9][0x7][0x85][0xb][0xd7][0xba][0xc8][0x89][0x99][0xb1][0x99][0xfc]l[0x6][0x82]=[0x9e][0xb7][0xc4][0x1b][0xa7][0xe9][0xe4]v[0xd4][0x96]o[0x92][0x99][0x9a][0xa0][0x84]3[0xad]u|[\r][0x81][0xa7]Y[0x1]hj[0xb7][0x8c][0xe5][0xa8]+P[0xba][0x96]r[0xc8]{[0x90][0xa6]+[0xe3][0xb1][0xad]N[0x94][[0xf2][0xba][0xad][0xc5]s[0x93][0x15][0xcc][0xbe][0xe6][0xf3]y.[0xdd][0x97]\[0xe1][0x90]/[0xc0]'[0xca][0xef][0xfa](w[0xb9]=[0x12]i}G[0xa5]8][0x6]m[0xd7][0xd7][0xab]W[0xe1][0xa0][0xc1][0xe5]Q[0x90][0xbf][0xcf]u[0xdb]:[0xc3][0xdb][0x17][0xce][0xdd]PV[0x9e]&[0x95][0xc7][0x1c][0xc8]UbO.y[0x99].AM[0xea]j[0x97][0xfc]d[0xf9][0xc8][0xed]`Ht[0xdd][0x1][0x1][0xd5][0xba][0xa1]+[0x1a]_[0xdb][0xaa]C[0x8c][0xd0][0xf1][0xc6]que[0x15]B[0x2][0x86][0xa7]b[0x91]E[0xb5][0xb1]U[0xfe][0xd8][0xa1][0xbe][0xdf]Jn[0xe1][0xf1]v@[\r][0x9a]j7[0x14]|%+[0xcf][0x95][0xbe]5z?[0xb6]7[0xe3][0xb0][0x8f][0xf8]h[0x94][0xcc]<[0x8f][0x8f]N[0x91][0x8e][0xa7]G[0xce]{[0xa8][0xb1]C[0xed][0xc9][0xbf][0x86][0xa5][0xb0][0xf4]u[0xce][0xe4],)[0xb7]'[0xe7]E0[0xab][0x2]ds[0x93][0x12][0x8e].~[0xb1][0xe8][0x9c][0x1d][0xe0][0xd8][0x2]m[0xbf][0xab][\r][0xc1]_<[0xff][0xdd][0xd8]t][0xaa]v[0x7][0xe9][0xdf][0x1f]j[0xdd][0xde][0xfb][0xf4][0xef]M_[0xbd]K[0xc][0xd9][0xaa]-#[0x93][0xa4][0xb9][0x9f][0xcc][0xb5][0xc7][0xa2];[0xb4][0x91][0xdc]4K[0xe6]z[0xe9][0x85][0xba][0xd7]D[0xf5]`>8[0xa0]l[0xbe][\r]_[0xe2][0x8b][0xc2][0x5]_[0xbd][0xdf][0x17][0x94]r[0xa4][0xe6]q.[0xdd][\r][0xdd][0x0][0xe8][0x16]F[0xb1]C[0x87][0xb6][0x90]Z) [0xf5]:_[0xcb][0xfd][0xfd]T[0x9a][0xdc]l[0xf0]K[0xdf][0xba]=!)`[0xab][0x97]Xvw[0x99][0xe2][0x11][0x8][0xc9][0xef][0x96][0xc0][0xd0][0x1f][0xea][0xd1][0xe5][0x7]*[0x8d][0x1c]b[0xd5][0xba][0xdb][0xf3][0x92][0xe8][0xfd]VtQi[0xd2]p[0xcd][0x17][0xc]][0xb][0xf8][0xa0],[0xb2]/G [0xa1]7[0xab]n[0x1c][0xa2][0xea][0xa5][0xf3]J[0xf4][0xb8][0x1f][0x80]s[0x85][0xf6][0x98][0xfb][0xe0]qH[0x16][0xe1][0x92]G[0xaa][0x97][0xbc]![0xac][0x96][0x8a][0x83]f[0x87][0xbc][0xd6][0x84][0x9a][0xd1][0xa4]w[0xc4]Q[0x13][0x8c][0x80]w[0xd4][0x4][0xf]j05qN[0x89]R[0xe][0xa1][0xf0]sX[0x92]{[0xda]9d[0x1]}[0x91][0xf][0x3]x[0xd1][0x81]vM_[0x17][0xce][0xdd][0x16][0xef][0x9b]4[0xa1]l[0xb8]ZUR[0xfe]CM[0xcd][0xf1][0x8a][0xe3][0x15][0xa7][0xb][0xac]t[0x9e][0xe3][0x85]%[0x1c][0x9e][0xa0][0xc4] [0x81][0xa2]H[0xf9]1[0x16][0xe9]![0xfd][0x9d][0xf2][0xb4][0xad][0xc1]m[0xd9][0x8e]l[0xbd]Sgf[0x9c][0xb7]V"[0xb3][0xf1][0xe8] G[0xbb][0xef]/[0xfe][0xa5][0xb4][0xe8]xls[0xf9];1XwU[0xf4][0xcb][0x91][0x1][0xaa][0xc5][0xf0][0xa9]?[0xac][0xed][0x89][0xac]m[0x9d][0xf2][0xda][0xb1][0xc2]2[0xe]?[0xd4][0x9f][0xdd][0xa1][0xd8]f[0xdf][0x8d][0x9f][0x0][0xa7][0xce][0xea][0xb0][0x1d][0x9c][0xf4]u[0x0]jx[0x95]O[0xfb]DE[0x8e]4[0xcd][0x93][0x17]+r#[0x95],sTm[0xb0][0x9d]nWt[0xb7][0xd8]A[0xb0][0x1e][0xa5][0xb][0x87][0xb][0x9]|[0xfb][0x9d][0x1d][0xd5][0xe1][0xaa]*_[0xa1]X][0xef][0xf6][0xf2]Y[0x5]ZbM[0xa4][0x9f][0xea][0x11][0xa4][0xe7][0x89][0xad]M:[0xb9]F[0x9e]5*[0xdb][0x8f][0xa9][0x92]gk[0xa8]}l[0x5][0x97]z{/[0x8b][0xd4][0xb6]y[0xf7][0xfd][0x94][0xba][0xb3][0x3][0x85][0x99]gx,[0xba][0x1c]hX[0xca][0xe1][0x82][0xa2][0xba]"[0xd5][0xc4]P[0xa9][0xb2][0xa5]D[0xf4][0xa3][0xba]7[0xc5][0xf7].U[0x14][0xe5][0xa6]Ut[\r][0xc3][0xca][0xce][0xf6]f[0x94][0x89]A[0xb9]o[0x91][0xaf][0xa9][0xba][0xb7][0xa3]n[0xbe]b[0xa9][0x96][0xea][0xcc]<i[0xda][0xb3][0xf5]~[0x8b]UUn}[0x9f][0x80][0xdb][0xda][0xcb][0x81][0xae]%'8[0xe8][0xca][0x90] [0xfd][0xab][0xf1]g[0xd3]tV[0xc9]]#[0xf1][0xc6][0xa1]B[0x97][0xcf][[0xe3][0xe][0xd4][0xf3]Q [0xb5]1[0x9e][0x8e][0xc0][0xd9]62[0xac],[0xf]C[0x4]M[0xc7][0xc7][0xc2]s[0x17][0xfe][0xc2][0xd1][0x8a][0xea][0xf5][0xca][0xeb][0xd5][0xf8][0xd8][0x80][0xfc][0xa1][0x89]w[0x88][0xda][0xe9]B[0x85]{H[0x85]7o^[0xc9]Y[0x8][0x96]p[0xf8]%[0xf0][0x93][0xc8]|[0x80][0x1d][0xd5][0xc5]'#[0xc9][0xdd]W[[0xb6]p[0xba][0x97][0xa2]5[0xd3]Jq3[0xe7][0x9a][0xba][0xba]@[0xf5]I>e[0xcf][0xb0][0xcf][0xa5][0xf5]t[0x10][0xbc]XYX[0xc6]3[0xc7][0x8d][0x8b][0xe5]f[0x1f]Z[0xa0][0x9a][\n]"
2020-11-26 10:40:51 DEBUG wire:72 - http-outgoing-0 << "7[0xd0][0xa6][0xae][0xd8][0xba]x[0xb9][0x17]u\[0xbf][0xb9]_[0xe7]^[0xb6][0xe9][0x9c][0xa6][0x94][0xcc][0xc3][0x82][YX[0xca]1y[0xaf]6[0xdc][0xf8][0xeb][0x15][0x1][0x9d]S[0x9c][0x9e]&h[0x81][\r]x}[0xc6][0xb4][0x1]]Q[0xc8][0xa3]%:[0x8d][0x8c][0xc7][0x82]fk[0xa0]..@[0xfc]"[0x8f][[0x88][0xbd][0xdd]F&vs[0xa7][0x14][0x8f][0xb7][0x90]Q[\n]"
2020-11-26 10:40:51 DEBUG wire:72 - http-outgoing-0 << "[0xbe][0xb5][0xba]L[0xfa][0xe7]y[0xfd]][0xb4][0x1]n[0xc4][0xa2][0x84][0xe2]j[0x10][0x1f]nr[0xf0][0xb6][0xfc][0xac][0x99][0x8a][0xb2][0x1c]q[0xaf](,[0xe7]q[0xb3][0xb0][0xe9][0xcd][0xea]@t[0xc2][0xb6][0x19][0x8b],(D[0xa3][0x13][0x9f][0xd5]7T[0x81][0xc3][0xcc][0xe]`[0xe1][0xb2][0xef][0x2][0x89][0x8c][0x90][0xf5]GX[0x16][0x0]9[0xa8][0xd0][0xb9][0xd5]j[0xd7][0x11][0x85][0x8d][0xb4][0xf5][0xe4][0xde][0x91][0xd1]J[0x7][0xe1][0x1f][0x9d][0xa3]}[0x9]6fk[0x86][0xbe][0xaa][0xa8][0xad]J:[0x9e][0x91][0xc5]n[0xaa][0x83][0xe1][0x14][0x0][0xba][0xe5]<[0xb3]+[0xb8][0xc][0xd8][0xff][0xf0][0xf9][0xfe]"I~) [0xfc][0xc7][0x9d][0xb][0x1e][0xb7][0x13][0xa7][0xce][0x85]p@[0xa4][0x96][0xbf][0x80]<[0xae]wd[0xd7][0x8c][0xbe]x[0x87][0xbd][0x88][0x9e]/=[0x10][0x81][0xb2]3GS[0xfc][0x86][0x85]Jc[0xdf]H[0xd0][0x2]&[0xb8]#;,[0x89][0xca][0x13][0xc6][0xf2][0xdd][0xcd][0x9b][0xd7]Ho[0xbf][0xba][0xb2]R[0xa8][0xae]n[0xc8][0xeb][0x8f][0xd4][0x99][0x1e]V[0xd3][0xc][0xae][0xc9][0xdc]{;[0x90][\r][0xed][0xc9][0xe3]^[0xba][0xb8]c{[0xbc][0xe6]l[0xaf]g[0x1e][0xf0]Q[0xc9][0xd4][0xe4][0xbb]P[0xc8]][\n]"
2020-11-26 10:40:51 DEBUG wire:72 - http-outgoing-0 << "[0xfa]}^[0xdd][0xf7][0xc5][0xd7][0x10]![0x94][0x9f][0xb4]s[0x98][0xf7]f [0xf5][0x1e]t[\r][\n]"
2020-11-26 10:40:51 DEBUG wire:72 - http-outgoing-0 << "5b4[\r][\n]"
2020-11-26 10:40:51 DEBUG wire:72 - http-outgoing-0 << "[0xb3]k[0xae][0x85]c[0xd5]0u[0xa2][0xae][0xec][0xc5][0x9f][0xae]@[0x99][0xba][0x8c]L.)[0xe3]-p[0xbe]K[0xc4]n[0x2][0xd1]n[0xd8][0xff]3[0x8f]y[0xc9]q[0xf6]1[0xed][0x1f]>[0x87][0x9e]p[0x1][0xea]c l[0xf2][0xdb]([0xc5][0x5]bX[0xc2][0x1e]>m[0x9][[0xb][0xc6][0xe6][0xc2][0xf][0xa2][0xcb]g+:[0xcd][0xcd]QE|[0xb9]N[0xba][0x96][0x4][0x8c][0x18]q[0xd4][0xfe][0x86]G[\n]"
2020-11-26 10:40:51 DEBUG wire:72 - http-outgoing-0 << "[0x87][0xea][0x8e][0xfe][0x87][0xdb][0xc7][0xed][0x15]0[0xb1][0x1a][0xcd][0x90][0x1c][0xa7]O9[0xd7]:[0x82]0\[0xfd][0xf9][0x82][0x90][0xdc][0xe7]X[0x8f][0x92][0xe7][0xdd][0xea][0xce][0x1b][0xb9]w[0x96][0xdb][[0x9]=[0x90][0xce]^2[0xd0][0x7]Uq:[0xda][0x94][0x85][0xa8]f[0xea][0xae]5[0xa9]/l=[0xf6][0x6]06[0x96][0xc8][0xd4][0x14][0xb2][0x97][0x83]V[0xef]_[0xc4][0xa2]Q[0xd8][0xf][0xe5][0xdb][0x89]N[0xc7][0x9a]l?[0xa2][0x2][0x99]o&$[0x9b][0xd3][0x99][0x1b][0x8a][0xbf][0xe8]K[0x9e]/[0xc8][0xd1][0x6][0xe9]"O[0xcf][0xc4]_[0xf5][0xe4]<[0xb6]<;[0x82][0x97]<"[0x9c][0x11]|C[0x12][0x3][0xae]:[0x6][0xea]w[0xee][0xda][0xba]+[0xd2]][0xc9]C[0x97][0x1f][0xc9][0x1b][0xe2]S/[0xcd][0xdd][0xfc][0xc5]]%z[0xc5]\Z^[0xf0][0x84][0x83]!}i[0xe0][0x13][0x95][0xa6][0x1e][0xc0][0xf][0x95]b[0xdf]p; [0xad][0xa9][0xc8][0xb3][0xff][0x97][0xfc]$c[0x96][0xae]%[0xdc][0xe8][0xe4][0xc][0xe5]07f[0x9c][0x16][0xc][0x89][0x1][0xee][0xcd][0x5][0xd6]Tt[0x85][0xc2]l[0xf9][0xe7][0xf3]a[0x18]Z[0xe6][0xc1]j)[0xe7][\n]"
2020-11-26 10:40:51 DEBUG wire:72 - http-outgoing-0 << "[0xb0][0xbc]*[0xde][0x95][0xbc][0xca]"[0xd5][0x92];[0xf5]5"[0xeb][0xbb]j[0xd3]8([0xb0][0xd1]E[0xb9][0xd3][0xd6][0xbb][0x82][0x8][0x9d][0xfb][0xf1][0x1a][0xdf][0x8b][0x16]1)[0xb9][0xe3]np[0xc7][0xff][0xd1][0x13]:[0x9d][0xd1]d[0x87][0x1d]6A[0xee]i[0x8a]m[0xb5]R[0x9d][0x12]-w>[0x1e][0xc1][0xa6][0xa4]c:>6[0xa7],?QF[0xe6]a[0xb3]mcT^_[0xc3][0x9f]|[0x1d][0xc4]6[0xa3][0xb1]h[0x1f][0x99][0xeb][0xe5][0xb0]R[0xb4]O>^"[0xad][0x1f][0xf8]$&[0xb6][0xd0][0xa6]0[0xce][0xe0][0x83][0xf0])[0x94]q[0x9][0xb6]`[0x9d][0xe4][0xf1][0xf0]9D[0xd8][0xab]Jt[0x1b],[0xf8][0x99][0x8e][0xd8][0xae][0xad][0xa9][0xfb][0xf3][0xd5][0xbf][0x89][0x1][0x9]#}[0xa9][0xc0][0xc1][0xc9][0xfe][0xeb]v[0x87]:6.wO[0xd1][0xa1][0xa5]7[0xd1][0xeb][0xf4][0xeb]v'gg[0xad][0xdd][0xf1][0xf1]6[0xda]N[0xdd][0x1b][0xa5],[0xc1][0xd7]H[0xcb]P[0xdc]{[0xad][0xb4].[0xc2].[0xa2][0xb1]i[0x9e]I[0xce]#[0x5][0xf3][0x14][0x9b][0x90][0xd9]y[0xd3]7E[0x96][0x7][0xc0][0xdf][0xb8][0xf0]H[0xdd][0xb3][0xf5][0x90][0xe1][0xeb]TS9[0x17][0xf2][0xd5][0xbb]][0x97][0xbd]![0xa9]V[\n]"
2020-11-26 10:40:51 DEBUG wire:72 - http-outgoing-0 << "`[0xac]*[0xdf][0xda][0x94][0x1a][\r][0x91][0xc5][0xad][0xf4][0x11][0xdc][0x1e]+[T[0xa2]Q[0xb5][0x12]R[0x1d][0xe8][0xd2][0xa9]m[0xc3][0xe0][0xc]WW[0xde]r[0xb0][0xa2][0xd6][0x11][0x6]C[0xac]G[0x8f]\[0xa0][0x83][0x13][0xba][0xe8][0xbb][0xe7][0xbd]"[0x86]\u***[0xfa]:[0x15][0xfa]|[0xf]4[0x87]Bh[0x8a]{[0xc0][0xdd][0x19]f;[0xe6]%[0x8e][0xc2][0xdc]_[0x96][0x98][\n]"
2020-11-26 10:40:51 DEBUG wire:72 - http-outgoing-0 << "|[0x87][0xaf]oy}[0x9a][0x8f]i[0x9c]G[0xf2]$[0xe2]w[0x82][0xa4]c[0x82]j+[0xfb][0x89][0x0][0xda]w[0x7][0x8c][0xd3]b[0xd1]n%[0xda][0xb][0xc5][0xb4][0xfb][0xbb][0xa8][0xc2][0xb][0x6]K[0xf7][0x90][0x12]}[0x86][0xb][0x5]>[0xcd]q[0xad]+[0xe3][0xf2][0x84][0xeb]K1[0x4]u3[0xaa]SH[0xd0][0xc3][0xc2]7fT[0x81][0x92][0x1b][0x9b]0[0x0][0x91]r([0xd9][0xb6][0xd5][0x1]1[0x93][0xe2][0xdf][0xaf]^[0xa1][0x9f][0xa4][0x1f][0xe6][0xc][0xe6]d[0x8d][0xd0][0x1f][0xe6][0xa8][0xdd][0x8b]5y[0xb4]O[0xcf][0xd5][0x80]r[0x14]\[0xed][0x90].X[0xbd]F[0xe9][0xdc][0xa2][0x82],[0xc7]a([0xe5]J[0x81][0xc8]aW[0x16][0xf7][0x12]>4q[0xb8]{[0xf1]][0xc]H[0x5]]d[0xfc][0x11]X[0xf9]=[0x11]j[0x98]![0xeb][0xc1][0xe7][0xa3][0x8f]I[0xe4]1e[0x1][0xb2][0xf7][0xc1]I[0xb1][0xcd]nF%p[[0xb0][0xfc][0x8d]9e[0xb1]W[0xe9][0xfa]H[0x99][0xc2][0xae][0x9b][0xcb][0x17]/[0x9d][0x8b]m.[0xd3][0x8f]C[\n]"
2020-11-26 10:40:51 DEBUG wire:72 - http-outgoing-0 << "F[0xc7][0x0][0x9f][0xa0][0xa7][0xaf][0xc3]vt[0xf][0xcb][0x16][0xd9][0x9e]Vw[0x1f][0xa3][0xbb][0xc7]4Y2[0xef]>[0xb0]o[0xdc][0xb8][0xf1][0x9d][0xd6][0x88]u[0x90]RA3[0x8f]2[0xba][0x94]k[0xef][0x19]}[0xeb][0xdc]K[0x9d][0xd1][0xd3][0xcf][0xdd]H[0xf7][0xf6];[0xfc][0xc][0xb][0xa9][0xed][0xe3][0xd3]|q[0xcf]"[0xfe]zT[0x1e][0xe9][0x90][0xa7][0xe6][0xd9]A[0x12][0xd9][[0xa4][0xfa][0xe1][0xf3]L|[0x9e][0xc4][0x1c]2[0xd0]#/[0xcf][0xd3][0xd9]G[0xb6][0x1f][0xd1][0xb]'[0xdb][0x81][0xdf][0xdf][0x0][0xba][0xc]Oa[0xe0][0xb5][0xe6][0x93]e[0xbd][0xd8][0xb5][0xbc]M[0x97][0xc5]@[0x83][0xf3]v[0xdf][0xdf][0xf8][0xf1][0x87][0x84][0xbf]a[0x9b]C[0xcd][0xd7]pJx[0x8b][0xe3]3[0x1f][0xe][0x86][0xd0][0x1c][0x1b][0x87][\r][0xe1]z[0xce]=O[0xba]@[0x6][0xa4][0xb][0xd7]o[0xa6]([0xed][0xb6][0xdc][0x7]![0xe6]S[0xa0][0x96][0xaf][0xec][0x82]A[0xcf][0x1c][0xf1]T[0xd3]/+[0xa7][0x12][0x89]C[0xb9]g[0x5]j[0xb4][0xa8]}[0xb6][0xbf][0xab][0xf7]PZ[0xca][0xd7][0x83]V[0xf2],[0xda][0x2]B[0x96][0xed][0x19]9[0xb1]T[0xd8][0xf7]5A[0x9a][0xf2]}'[0x18]`|'[0xe9][0xeb]V[0xb6]_[0xea]=[0x1c]7u[0x90][0xb7][0xc1]/=YXZ[0xc6][0x15]v[0xf4]o7$[0x8f][0xe4][0x82][0xf0]D[0xa8][0x10][0x11][0xf8][0xb7][0x9f][0xfc][0xd5]bH[0xd2]~[0xda][0xe1][0xf5]o[0x97][0xbd]A)[0x90]l|[0x91][0xf6][0xc5][0xdd]X[0xb]4G[0xee][0x97][0xfb][0x87]8[0xdc][0xeb]Pj}x[\n]"
2020-11-26 10:40:51 DEBUG wire:72 - http-outgoing-0 << "[0xf9][0x9]N[0x18]i[0xb4][0xd5][0xef][0xb4][0x8f][0xe0][0xea]g[0x9c][0xd6][0x10][0xb8]o[0xd7][0x18][0xe3]Yp[\r][0xb4]e[0xb1][0xbe]U2[0xdb]L:[0xda][0xe5][0xde][0xd9][0x3][0x1a]M[0x8e][0x5][0xb][0xf5][0xde]s[0xd7].[0xb3]p9[0x96][0xfe]3[0xd0][0xab],[0xae][0xc1][0xd1]/[0xec]gl{P[0x99][0x9c][0xd6]*s[0xdb][0xea][0xca][0xcb][0xe4][0xd3][0xcd]e[0xf9][0xc9]2[0xfd][0x9][0xe7][0xc9][0xcf][0xbd][0xc4][0x9b][0xb6]Tb[0x81][0xe8][0xa8][0xa3][0xa2][0xd6]B[0xc9][0xab][0xae][0xcf]@[0xa1][0x1f][0xfb][0xc4]2[\r][0x8e][0xf1][0x16]>[0xd5][0x84]?[0xea]][0xa3]~&[0x15][0xd0])MYe[0xab]E[0xe][0x97]O[0x12][0xa1][0xf4]8[0xcf]<s[0x4]O[0xe8]W[0x8d]/pIt[0xd5]a[0xc6]g[0xbc][0xa9][0x97][0xf4][0xd9]j[0xb][0xe7][0x2][0x1][0xb1][0xe1][0x8a];[0x18][0xca][0x18][0x90][0x91]M[0xd0][0xdd][0x91][0xaa]sk[0x9b][0x12][0xed][0x99]kt)m'P[0x13][0xdf][0x9][0x17][0xf0][0xd0]Q;[0xee][0x88]a[0x5]y[0xba][0x1f]z[0xc8][0xfc]S[0xbe]H[0x8][0xad][0x11]K[0xe2][0x7][0xc4][0x9e]<%[0x93]k[0xb1][0xcd][0xa8]i[0xf5][0xc9]3kp[0xc4][0xbf][0xfc][0xc8][0x8a][0x10][0x5]a[0x17][0x8a]Z[0x96][0xad][0x1f]q[0x9b][0x9c][0xaf]4[0xc1]yw[0xed]E[0xc9][0xe5][0xae][0x17]=95[0x87][0x91][0xa2]<15/w[0xee]&[0xec]m[0xb4][0xb4][0x93]~[0xb][[0xaa]6[0xe][0x91][0x9d]![0x18][\r][\n]"
2020-11-26 10:40:51 DEBUG wire:72 - http-outgoing-0 << "66a0[\r][\n]"
2020-11-26 10:40:51 DEBUG wire:72 - http-outgoing-0 << "[\n]"
2020-11-26 10:40:51 DEBUG wire:72 - http-outgoing-0 << "T[0xc][0x87]z[0xa8][0x11]*[0xb7][0x80]=[0x19][0x9f][0xd9][0xb2]]I[0xf6]^[0xc7][0x1b][0xa7][0xe4][0xbe]![0x88][0x10][0xcd][0x11][0x82][0xdb]b[0x80][0xf4][0xb4][0xb2][0xba][0x3]PtM[0xeb][0x80][0x9]![0xa7][0x1c][0xc8][0x13]k[0xf8]t[0x9e][\n]"
2020-11-26 10:40:51 DEBUG wire:72 - http-outgoing-0 << "[0x12][0xdd][0xab][0x5][0x2]f[0xfb][0x9]i[0x1b]; [0xd1][0xc2][0xe1][0x1c][0xe][0xd1][0x95][0xd5][0xa5][0xfb])[0xd1][0x9][0xc9]7[0xd5][0xdd]^[0xda][0xd8][0xeb][0x92]|5zsn[0xeb]G^[0x9a][0x91][0x9f][0xed]Yn=[0xf0]Lu[0xe][0xbc][0xc2]~)[0x0][0xa3][0xea][0x0][0xa1][0x1a][0xb7]W[0xf4][0xc4][0xf6]V[0xe2][0xf3]kd[0xbd]1[0xde][0xbc]D[0xfa]G[0xb5][0x8a][0xcd]N[0x98][0x92]mM[0xfc][0xba]=n[0xfc]4[0x9c][0xc4][0xd7][0x8]6[0xb5][0xba][0xf3][0xc6][0x90]{f[0x1a]nse[0x17]cE[0x93][0xba]j[0xa1][0xaa][0xaa] [0x19][0xf] &[0x1e][0xf8][0x3][0xd2][0xdd][0x2][0xad]<[0xb][0xd4]e[0x9][0xba][0x2]n[0xe8][0xd4]][0x9f][0xbb][0xfa]H[0xc9][0xd7][0x5]g[0xe1]9+[0xdf][0x94]l[0xe2][0x95][0xee][0x87][0xb2]5[0x81][0xe7]XoF[0xd2][0xe3][\n]"
2020-11-26 10:40:51 DEBUG wire:72 - http-outgoing-0 << "[0x12][0xc5][0xb6]R[0xfe]j[0xe5][0xb6]LE[0x9c][0xd2][0xb]4[0xb1]S[0xf5][0x4][0xb8][0x84]"Z[0xc9]JN[0xa6]7C[0x92][0xab][0x8e][0xd5]7w[0x87][0xc]o[0x98]^[0xb9][0xff][0x8b][0xe1]89|Z[0xa5][0x1d][0xab][0x18][0xdb][0x9b][0x91][0x9b][0xa8]=Yez[0x9a]`[0xe][0xd2]c<[0xa0][0x17][0x9]o,PUz[0xc2][0xf5] Y[0x9c][0xe7][0x8e][0xeb][0xc1][0xfd]j[0xdf]=[0xad][0x92][0xd9]Y[0xfd][0xb4][0xbb][0xf4][0xda]Wi[0xf0][0x89][0x1e][0x8f][0x19]>:[0xa0][0xc6]s[0x16][0xd3];H[0xfd]iA[0x91];U[0xc6]>3[0xb4]4[0xd7][0xd1][0xb2]>[0xce][0x11][0x8b][0x88][0xb1]Cq[0xf4][0x3]q[0xec][0x8a][0x9d][0xc1]q<[0x8e]J[0x9c][0xa5]v[0xef][0xa8][0xd8][0xd9]~+[0x8b][0xc1][0x81]@[0x7]TX[0xc][0xf0]z[0xf8]][0xe5][0xc3][0xef][0x83][0xf]SN3zh<[0x1f][0x15]fC[0xc6]*c)[0x7]=[0xe5]Pd[0xcc][0xf2][0x84][0xa7][0xdf][0xa4][0xd2][0x98]e[0xc9]9g[0xd5][0xc7]x[0xd0][0xa2][0xac][0xf1][0xa1][0xe5][0xb7][0xac]Efw[0x86][0x94][0x15][0x90][0x87][0xa2][0x1e]Ye[0x89]m[0xa9][0xc9][0x14]F[0xc5][0x8a]b[0x87][0xbd]"[0x99][0xe5]Ya[0xd9][0xb][0x92]Y[0xcf][0xab][0xcf][0xa2][0x1e][0x99]S_ g[0xfd][0xae][0xbb]aI(/*[0x11][0xaa][0xc5][0x86][0x92]ru[0xe5]ml[0xcb][0xd6][0xb9]E[0xd6][0xfa]I[0xeb]p[0xfc][0xed]$i[0xd9][0x13][0xae]atZ[0xff][0xda][0xaf][0xdb][0x1d][0xf2][0xf0]G[0xf5]i?[0x14][0xa1][0xef][0xec][0x1][0xc7][0x1b][0xfb][0x19][0xdb]|[0x1c][0x9f][0x1d][0x5][0x17]C[0xeb];[0x88]T[0xd6][0x9f]v[0xc][0x82][0x8e][0xf3][0xf1][0x9d][0xba][0xb7][0xc5][0xe1]QK[0xfb][0xe8]@[0x1f]~[0x94][0x8c][0xb4][0xc1]1[0x7]T[0xc4]m6;[0xed][0xe7][O8[0x14][0x92][0x2][0xb4][0x17][0x84][0x12][0xd4][0xcb]gO![0x11][[0xf]^[[0xeb][0xc7][0xf0]h[0x8e][0xae][0xbf][0xbb].@Y[0xdb][0xf]-XvD;[0xfc]wo[0x85][0xcc][0xf5][\n]"
2020-11-26 10:40:51 DEBUG wire:72 - http-outgoing-0 << "[0x95]%_[0x1e][0x80][0xbf][0x97][0xb3]\[0x99]q[0x8c][0xcb][0xf6]9[0xc6][0xc1];a[0x1][0xb7][0xf7][0xe5][0x89]=[0xb9]wV[0xee][0x18]@W[0x1e][0xa5][0x1a][0x9d][0xba][0xd5][0xb0]W[0xc7][0x8][0x6][0xd1][0x1c],[0x95][0x16][0x9c]M3+[0xea][0xca][0x9c]<[0xd3][0x96]|[0xc4][0xcc][0xc6]O?[0xee][0xd4]$U&[0xbb][0x95][0xce][0x97][0xf2][0x87]&[0x9d])[0x91]q[0xe1]'{[0xaa][0xff][0x8c][0xed].[0xca][0xd1]AT[0xda][0xf1]f[0xae]\AvF[0xa8][\r])[0x94][0x96][0x1c][0xc][[0xf0]U{3[0xb2]E[0xe9]>[0xd9][0x82]L[0xf5][0x91][0xcd]G8[0xbc]0[0xd7][0x99][0x8f]7[0xf9][0x13][0x93]-[0x99]/=[0x97]1g_[0x11]~f[0xd0][0x9a][0xac][0xbc][0x1c][0xd8][0x86]][0x80]==[0xb1]"[0x1c][0xd5][0xba][0xc6][0x9f][0x14][0xb2][0x93][0xfa]x8f$[0x14]g+[0xb3][0xa4]w[0x4][0xa2][0x8a][0xd8][0x85][0xba][0xba] 7[0xb7][0xee][0x93]I[0xe]Ht[0xf0][0x15][0xcb][0xcb],[0xeb]'[0xdf][0xd0]QU[0xdf]/[0xd3][0xb9][0xa3][0xee],[0x0]'[0x1f][0xa5][0xb2]A]l[0x91][0xa7][0xb7][0xd1]MvT[0x8a]s[0x15][0xa9][0xc1][0x8a]8[0x8f]C"[0x81][0x81]D[0x9][0x19][0xdb][0xa3][0xae][0xd2][0x8b][\r]yl[0x88]>Bi|[0x14][0x9f]a[0xb4][0xb3]C[0xe6][0xd1][0x6][0x9b][0xf1][0x1d][0xe5][0xc7][0xf8][0xb3]Y[0xe0][0x80][0xf5][0xe7]r[0xe3][0xa2][0xb6][0xb1][0xb3][0xd2]C[0x5][0xd8]Q[0xac][0xa3][0x86][0xb7]N[0x94]|[0xe9][0x94]E[0xcf][0xf9][0xfd]p[0x2][0x7]T[0xf5]O`[0xc]k[0x88][0x19]{yd-[0xde][0xde]/[0xf7][0xf](sp[0xe0][r[0x1d][0xec][0xdc]U&6c[0xdb][0xdb] ';[0xda][0xe4]7[0xbb]r[0xdf][0x92][0xda];[0x0][0x8f][0x9e][0xac][0xc1][0x17][0xe6]wh?v[0x0]%&3&[0x0][0xa2][0xa2]~[0x14][0x1d][0x8e][0x89]c[0xc7][0xe][0x84][0x87]8[0x96][0x9f][0xcc]B[0xc3][0xc0][0x16]If[0xa9]t<[0x0][0xb6][0xc3][0x8c]'[0xab]a[0xc9]@[0xfa][0x8][0xbf][0xa0]1[0x16]nC[0xc8][0x1d]O[0x2]Ru[0xf8]>[0xfe][0xca][0x85][0x1][0xb4][0xa9][0xdf][0xf1]T[0x9d]Y[0xc2]^po[0x8][0xd6][0x8d][0xcd]n[0xb9][0xbb][0x93]tl[0x0][0x9][0x87]zb[0x9b]][0xf0][0xb3]kZ[0xdd][0xd9]A=[0x13][0xea][0xda][0xb3][0xf9][0xa4][0x5][0x14]$H[0x1]h[0xcc]>[0xa7][0xb][0x8e]<[0xbc]E[0xd7][0xa2][0x3][0xd8]7[0xd4][\n]"
2020-11-26 10:40:51 DEBUG wire:72 - http-outgoing-0 << "[0xd3]q[0xb8]#3[0x8e]"[0x9c][0x97][0xcc]J[0x97]P)[0xca]N[0x18][0xea]1[0xfe][0x94][0x7]&[0x95][0xf7][0xb3][0xce]'[0x95][0xe5][0x98][0x96][\n]"
2020-11-26 10:40:51 DEBUG wire:72 - http-outgoing-0 << "[0xca][0xfb]i[0xf9][0xd9][0x80]P([0x18][0xa7][0xac]P[0x96][0xbc][0xaf][0x1d][0x8d][0x95][0xd3]R[0x3][0xc3]H'h,2[0xa7][0xcb]q[0x93]Xgc[0xb]3[0x1b]j[0xdc][0xb][0x2][0xeb][0x80][0x86][0x85][0xc3]y[0x89]u3[0x85][0xbf]IU[0xc2]M_[0xb5][0xf]vblq[0x9e][0xdf]!+[0xb3][0xca][0xe2][0x94][0xdc][0xb1][0x87]3[0x83]tM[0xc1][0x1][0x93]L[0x18]:[0xa6][0x18][0xd2][0xc1]8[0xec][0xe8]e[0xd7][0x19][0x1f]$Y[0xd7][0xe]Y[0xef]T[0xfb]')[0xdd][0x9c][0x8b][0xd6][0xb1](][\n]"
2020-11-26 10:40:51 DEBUG wire:72 - http-outgoing-0 << "[0xb5],G:$[0x9d][0xbb]d[0xe2]9YmS[0xa6][0x9b][0xcc]t[0xb7][0xf6][0x4];[0xa2][0xa1][0xf2][0xe6][0x8d]p[0xfc]?O[0x8]d[0xee][0xa5][0xba][0xd6][0x1c][0xdb][0x1e]=[0x98][0x91][0xe5][0xa9]ah=[0xe1]p.hC[0x95][0xb9]%[0xa8][0xf][0x91]~[0xd4]&[0x84][0xbb][0xc7]5-[0xaf]R [0xfd]=[0xa4][0xb5][0x19]'[0x89][0x13]>[0x1]I[0xc4]Tmz-G[0x6][0x10][\n]"
2020-11-26 10:40:51 DEBUG wire:72 - http-outgoing-0 << "[0xdc][0x0][0xc1];89[0xf0][0xfe]>V[0xec][0xc3][0xc3]Q[0x7]1[0xec]%[0x1c][0xf1][0xe0][0xd9][0x86]=e[0xcd][0x4]})[0xb9]T[0xf4][0x90][0x99][0xd7][0xa4]m[0xc][0x85][0x13][0xfd][0x89]F[0x97][0xfe]S[0x1e]^[0x8d]EG[0xa1][0xac]_[0xd7][0x94][0xfe][0x93][0xcc][0xad][0xab][0xef][0xe7][0x8d][0xfd](/#i[0xcb]L[0xae][0xf3][0xea]p[0xf2]a^[0xc7][0x94][0xaf][0xfa][0xe6]w[0xd7]o[0x9c];w[0xe3][0x8][0x9c][0xe6][0xdb]5[0x81][0xe9][0x9c][0x18][0xd3][0xf2]5[0xd2][0x4][0x8d]/[0x9c][0xd4]d[0xeb]#]S[0xc8][0xca][0xc][0xa4]F[0xb0][0xb][0xb6][0xdf]=[0xf9][0xeb][0xf6][0xf8]9J[0xfc][0xbc][\r][0xe][0x6][0xbe][0x81][0xc0]+[0xa5][0xc2][0xe]5E[0x8][0xe5]x[0xf3][0xa6][0xc][0x84][0x1f][0xaf]9[0x98]i[0x80]5[0x94][0x12][0x1b][0xac][0x9][0xb0][0xf8][0x86][0x18][0x87][0x12][0x99][0x9c]Y[0xe5][0xc9][0x91][0x85][0xe5][0xf7][0x3]][0x90]Wuk=[0xdd]l[0xc7][0xe9][\r][0xf7][0xd9][0xc]Gf[0xf8][0xe9]2[0xfa][0xe9][0xc][0x4]t`[0xe1][0x9][0xf1][0x85]'[0xb4][0x1f]([0xe1][0xcd][0x4][0x12][0xbd][0x16][0xce][0x87]k[0x5]t[0xef][0x1c][0xc]g[0xf1]$[0xec]d[0xe6],[0x18][0xb][0x1c][0x84][0xa4]Q[0xbb]O[0x8c]q[0xff][0x19][0xd9][0x14]N[0x19]d/[0xd4][0xfb]\w0[0xe5][0x10][0x1f][0x8][0x7][0xc1][0x9e][0xfb]d[0xc7][0x8a][0xfd][0xc8][0x1b]D[0x13]L6[0xe6][0xe3][0xc0]C[0x14]5[0xa7][0xc6][0xc4].];[0xe8]k[0xc8]b[0xc2]O[0x97][0x5][0x9d][0xc9][0x84][0x83]a[\n]"
2020-11-26 10:40:51 DEBUG wire:72 - http-outgoing-0 << "[0x9e][0x94][0xa2][0xf2]c[0x9][0x8]d[0xe5][0xb9][0xdc]1[0x1a]6F-[0x11]C[0xb4][0xa9][0xb3]U'[0xd1][0x1a][0x84])[0x1b][0xfc][0xca][0x9c]x)[0x95][0x95][0x16][0x9e][0x90]u-,/[0xcd][0xbb][0xf1][2[0xcc]9[0x8f][0xc7][0xd7] [0xdc][0x94][0xc4]zA+K[0xb0][0xdd][0xf]u[0x1c][0xd6][0x1b][0xed]Z[0x82][0xae]x[0xee][0xda][0xe5] c[0xaf][0xe3][0xc2][\n]"
2020-11-26 10:40:51 DEBUG wire:72 - http-outgoing-0 << "[0xdf][0xdf][0xc0][0xed]K[0xe6]L[0xb3]'Q&>[0xdd][0x97][0xd8][0xc4][0xee]p22~[0x85]L[0x8d][0xbb]n[0xe9][0x1e][0x94][0xcd][0x84][0xf8][0x11][0xa6][0xe7]B9(Vd[0x1c][0xf][0xca][0xc0][0x90]^[0x90][0x9a][0x89][0xa7][0xa5][0xfe][0xfb][0x10]9[0xbe][0xd9][0xaa][0xbd][0xd0][0xd8]I[0x9e]w[0xf3][0xad][0x9f][0xb9]W[0xb7][0xcd]<[0x14]|1[0xbb])[0x3][0xe2]h[0xbe]g[0x1a][0x8e]rS7[0xcc][0xf0][0x83][0xd1][0xf9]o[0xcc][0xb2]I[0x8e][0x8e][0xe3][0xf5][0x1e][0xaa][0xc9][0xa3]H[0x99][0x1b]WW[0x97][0xd5][0xa5]F[0xb6]?[0xb2]Dg[0x5][0xd3]q[0xa3][0xb8]c"w>&=[0xad][0xb1][0xcd].%[0xb2]w0EpMT;[0xe6][0x94]j[0xda]<[0xc7][\r][0xe6][0xb6]V[0xb2][0xb2][0x85]:g[0xce][0x4]/[0xb3][0x82][0xc0]9y[0xc9][0xe0]([0xd9][0x98][0xd7]7s0[0x0][0x1c][0xbd]`[0xe8][0x18][0x80][0x9b][0xec]i"[0xd4][0xf7] J[0xe2]^[0xfc][0xf1]*[0x6]o[0x91][0xc8]c[0xbe]Z[\r][0xfa]hP[0xd3]S[0x1e][0xb1]-[0x90]b[0x1a]<K[0x95][0xda][0x11][0xe9]SE[0x8f][0xe5][0xf7][0xec]HOUn%[0xda].?[0x87]R[0xe7][0x8c][0xa7][0xdf][0x90][0xfe]ML[0x3]8[0x98][0xda][0xb5][0xc6][0xe5]F[0xd9][0x19][0x84]e[0x86]I[0x8d][0xd8][0xe6]+[\n]"
2020-11-26 10:40:51 DEBUG wire:86 - http-outgoing-0 << "dls[0x99][0xec]5[0xe7][0xcc][0x8f][0xa5][0x8e]f[0x4][0xd2]&a\&[0xb8][0xf][0xe7]zrgqcU[0x19]^[0xd7][0x96]T[0xf0],[0x1][0xd1][0xcd][0xe2][0xe4]@*[0xdb][0xca]O[0xa7][0x95][0xed]grt[0x9c][0xca]xugE[0x1e]ZN[0x16][0x11][0xe3]2[0x9c][0x8d][0xc4][0xc5][0xf5][0xdc][0x11][0x96][0xd3]5[0xd2][0xb9]*[0xa6][0x91]T[0xab]j[0xc7]"[0xee][0xf5][0xe5][0xcd]Hg[0x9d][0x92][0xe0]^[0xdd][0x1f]1y[0xaa][0xe3]V[0xfb][0xe8]*[0x95][0xe3][0xdc][0xce]([0xe7][0xec][0xd9][0x13][0xc9]`[0xb0][0xb2][0xac][0xd7][0xa3][0xcc][0xf9][0xef]a[0xe9]~:[0xa5]x[0x14][0xd5][0xdc][0xab][0xdc][0x92][0xdd][0x15][0xd2];[0xae]mD[0xac][0xd2]oG[0xd0][0xd9][0xc8]M/[0xaa][0xd0][0x1d][0x87][0xd1]~[0xf3][0xe6][0x4]"
2020-11-26 10:40:51 DEBUG wire:72 - http-outgoing-0 << "[0xb7]^g"[0xb6][0xb3]I|O[0xaa][0xf2]Sm\8*@)f[0xed][0x8c][0xe5][0xb5]~y[0x9a][0xc7][0xc7][0x9b][0x81]L<[0xe7]&m[0x8f]Bq[0xb][0xaa][\r]G)[0xb6][0x14][0x1][0xb2][0xc][0x7][0xee][0xd0][0xeb]o=[0xd2]}>[0x1d]([0x95]?[0x9c][0xa9]A[0x87][0x8b]h<![0xfa]H4[0xac][0xa7]D[0x9][0x15][0x1f]}Ov[0xd6][0x99]e[0xd6][0xa6].[0xe][0xf1][0xd1][0xcc][0xc][0xba][0x91][0x82][0xa6]`[0xb7][0xcc][0xd9][0x9c]k[0xcd][0xea][0x93]W[0xc5][0x98]|[0x8d][0xc2][0x1d][0xa6][0xd8][0xe2][0x90][0xda][0xf9][0x16][0xf3]G[0x8a][0xb5]5[0x91][0x9]*[0xf0]S[0xb1]$[0x6][0xbe]%>[0xe3][0xd4][0xb7][0xd6][0x94][0x9c][0x97]h[0xe5][0xd8][0xf8][0xd1]X3[0xc1][0x8e]js[0x8f]<[0x6][0xde][0x17][0x8][0x90][0xd9][0xc1]S[0xb][0xda][0xe5][0xcd][0x19]>r[0xe3][0xe9][0x9][0xca]Bk[0xbc][0x9]O[0xa2][0x99]:z>\[0x8b]Z[0x99][0xba][0xfa]^[0x1e][0xed][0x8b]m-[0xec][0x83]*[0xd6][0xf6]S[0xb6][0xfc]i[0xaa][0xc4][0x14][0xcb][0xdd][0x13]j[0xd3]h[0xb1][0xda][0xd8]L[0xba][0xe7][0x8a][0x95][0xb9][0xdd][0xd8][0xde][0xb3]b[0xb3][0xee]bO[0xe0][0xf4][0xf3]"yk[0xe0].[0xbf] [0x1d]cz[0xe5]m>BB[0xda][0xf7]0[0x14][0xf4][0x82][0xd2]\\-[0xe0]L[0xa4][0x1b],[0x82][[0xc0]S[0xda][0x1c][0x1a]V[0x8c][0xca][0x95][0x85][0xc7][0x85]T1[0xec][0x94]*|[0xe5]m){[0xc9]O?B1=[0xae][0xf5][0x95]ZR[0x98]*[0x8c]j[0x81][0xed][0xeb],[0xb1][0x10]][0x8a][0xce](PZX[0x91][0x7][\n]"
2020-11-26 10:40:51 DEBUG wire:72 - http-outgoing-0 << "[0xf0][0xd4][0xab][0x8d][0x8f][0xf7][0xcb][0x93][0x11][0x9c]o[0xb6][0xf8]4[0xe]Az[0xc4]S[0xfb]l5[0xa6][0xc6]A[0x9d][0x9d]![0xdb]z9[0x6][0x8e]1[0xce][0xb4][0xf2][0xfc]P[0x80]cfT[0xf9]|[0xa1]`( [0xfa][0x5][0xce]I[0xc1][0x94]~[0xb9][0xb3][0x91][0xec]>U[0x96][0xfa]li[0xd1]3)w[0xbf][0xc3]S[0xee]r[0xa4]EiaY[0x1e]hQ[0xc2][0xe1][0xe9][0x95]?[0xf4][0xab][0x8b][0x1d]0[0x1f]Z[0xb7][0xa9][0xa5][0xcd]G[0x10][0xa5][0x91][0xed][0x95]|h[0xca]e[0xae][0xf3]-[0x80][0x18]B[0x8d][0xde]F-[0x99][0xca][0xec][0xb8]sF[0x8c][\n]"
2020-11-26 10:40:51 DEBUG wire:72 - http-outgoing-0 << ".[0xdb]Z[0x19][0xdb]%[0x91][0x5]2[0xf9]B]}[0xce][0x87][0xda]_[0xff][0xca]m[0xf5][0xc4]"ob[0x9b][0x93][0xdc][0xaf][0xd7][0x4]$[0xc9]#6[0xf8][0xc2][0xa1][0xdc]Q[0xe6]0t[0xd5][0x8d][0xc1]x[0xeb][0x6][0x1f][0xb2]Fc[0x8f]SuD[0xfd]eo[0x82][0x92]U~[0xc6][0xb9][0x98][0xa7][0xcd][0x9][0xee][0x4]Gk2[0xf0][0xd8][0xb1]J[0xeb]"[0x1c]y9;v [0x13][0x0][0xe2][0xbb]?[0xbc]2[0xda],[0xf6]"[0xa7][0x99]l,[0xca][0xcf][0xf6][0xf6][0x89];[0x8f][0xd9][0xa9]6u[0xe9][u[0xb6][0x8a][0xd6][0xd4][0xbb][0xd8][0xd6][0x80]2[0xc1][0xa9][0x6][0xe3][0x84][0x8a][0xf][0xad][0x93][0x9e]VN[0x8e]i][0x92][0xd7][0x6]I{[0x84][0xca]O[0xb2][0xfc]b_[0xe8][0xf3]UTU[0xc7]v[0x95][0xf5]wtR[0xca][0xc3][0xbb]Pm[0x97]o|[0xd8]d[0xc6][0x90]:>[0xfb]I[0xe9]_[0xd6]d[0xfb][0xa6][0xcb][0xf6][0x8c]m[0xf0]UK6[0x8e]#[0xe7]T)[0xe3]q[0xec][0xf4][\r])[0x9d][0x9c][0x85]-P[0xeb][0xc1][0x14]8N[0xbe]Xi$}m[0x9c][0xbd]S[0x15][0xec][0xd5][0x10][0xb5][0x12][0xb2][0xf0][0x82]}[0xe2][0xe2]o[0x93][0xb0][0xf8]{[0x9a][0xe2][0xff][0x98]4E[0xaa][0xa6][0xa0]Im[0x97][0xa1][0xe8][0x82]r[0xd0][0xce]r[0x14][\r]}[0xff][0xa6][0xe9][0x89][0xc][0xd4][0x83]JP[0xd4][0x91][0xd2][0xb2][0x12]c[0xdb][0xd3][0xf2]X$[0x91][0x9b]He[0x4]e[0xac][0xec][0xe9][0x89][0x8][0x9e]![0x91][0x8a][0xdd]x[0xe0]i`[0x7][0xfb]$[0xb3][0x15][0xcd]i|Y[0xf2][0xcf]R@[0xfa]M[0xf2][0x14][0x1d][0xe6]$f[0x81][0x96][0xa5]"[0xfe]6I[0x88][0x19])[0x9f]#[0xb1][0xf]G[0x86][0xe2][0xb1]J[0xdb][0xc]E[0x1d][0xe8][0xcf]#71[0x85]E4[0xb6]d[0x86]Q"7[0xf1]0$[0x15]Zx[0x5]KK[0xb9][0xdc]3[0xf1][0x97][0xbb][0xf1][0x97][0x1f][0xd5][0x99][0x1e][0xc0][0xb][0x8f][0xad]d[0xc6][0x1f]z[0xb]mU[0x5]j.>[0xfd]([0x8f][0xb4][0xc6][0xc7]'-ZgR[0x0]YV[0x1e][0x19][0xec]R[0x97][0x17][0x12][0xad][0xa0]R'[0xb6][0x8d][0xb7][0xf7]&O[0xb5][0xce][0xcd]#Jq[0xe7]q[0xcc][0xe0]W[0xd5][0xb5]f0[0x96][0x98][0xae][0xc3][0x87][0xb5][0xba][0xb3][0xa0][0xee][0xb6][0xc9][0xa3]}J[0xb4][0xed][0xd2][0xcd]+<[0xdd][0x9b]:[0xe6][0xd2]#[0xad][0x92][0x4]y|-[0xa4][0xb5]U[0x19][0xfe] [0xcf][0xbc][0xc4][0x90]p[0xbe][0xe2][0xc2][0x10]3[0xda]4[0xac][0xec][0xc]^[0xfe][0xf1]&[0xba][0xdf][0xb0]8[0x8b][0xed]GD[0xbf]?>[0xd9]([0xaf]?[0xda]/j<[0xae][0x13]<[0x7][0x17]*[0x8e][0x8e][0xee][0xc5][0xdb]{b[0x91][0xc1][0x18][0xd6][0xd8][0xe4][0xaa][0x94][0xaf],D[0x95][0xc8][0x9e][0xdc][0xd3]N[0xd7]w[0x16]A[0xf0][0x14]][0xf9][0x99][0x87][0xf][0xb8][0x11][0xe2][0x93][0xfb][0x9f][0xa0][0xef][0x12][0xec][\n]"
2020-11-26 10:40:51 DEBUG wire:72 - http-outgoing-0 << "L[0x86]X[0xed][0x8f]m[0xbe]B[0x12][0xa1][0x7][0x1b][0xcb][0xb4]S[0xc6]VW[0xe7][0xe9];[0xfb][0xa3]F[0x9]W"[0xc7][0xa5][0x1b]B( z[0x83][0x1e]_-_ye[0xda] ([0xd5][0xd6]K^[0xed]$[0x9f][0xcc][0xaf][0xc1][0xa9]QT[0xe7][0xa6]+[0x90][0xe0][0xa7][0x2]Y[0xab][0xaa][0x93][0xe1][0xfd][0xbf][0x88]5wD,[0x6]k*[0xbf][0xb3]o[0x1a]p0;[0xa0]T'[0x6][0xaa]![0x9c][0xb1]u[0x1e]k[0xfc][0x9a][0xce])[0xca]F[0xc][0xba][0x9a][0x5][0xa4]`[0x9d][0xf1]t[0xa3]l[0xaf][0xd7]x[0xc2][0xe6][0x97][0xf7]'[0xa2]J[0xb8][0x92][0x7][0x8c]2[0x4][0x3][0xb8][0xa8][0xcc]Q[0xbb][0x1e][0xf1][0x88](6[0xa1][0xb1][0x3][0xdc][0xae][0xc1][0xd8][0x1e][0xdc][0xb1][0xe2]i[0x99]/i\[0xc2][0x15]0[0xaf][0xcb] [0xba][0x18]Q[0xd9][0x5]e'[0x13][0xa0][0xe0][0x1d]([0xed][0xd3][0xfa]Nyg{[0xb0][0xb6][0xde].[0xb9]z[0xb3]U[0xc6]T[0xdb][0xd7]!CrfW[0xe9][0x9f][0xc6][0x10][0x14]2[0xd7][0x1b][0xdb][0x9a][0x96][0x1b][0xa3][0x10][0xfb][0xdd][0xd3]NV[0xb7][0xe5]'[0xed][0xf2][0x8c][0xed]TM[0xe9]&[0xfe]lV][0x1d][0x89][0xcf][0x8e]BQ[0xd5][0xfe]Gjc3[0x1c][0x1f]9[0xd3][0x91];*<[0xdb]Y[0xb3][0xef][0xe0]HFF[0xbf]x{;[0x84]X1[0xfa][0xf1][0xb8]R=n[0xef][0x1d][0xf0]fL[0xbe]Av[0x90][0x9b][I[0xdb][0x7]y[0xbd][0x9d][0x92][0xc2][0xae]q[0xbd][0xcf][[0xeb]3b[0xbc]O\y[0xa6][0xd9]w[\r]~)@[0x5])[0xfd][0x9f][0x1d]x[0xec][0x9c][0x7]M[0xdc][0xe1][0x1a]i[0xb7][0xee]$[0x8e]Q[0xc4]zw[0xfb]:F[0xed]d![0xc7]D[0xc2][0x83]?[0x9d][0x8][0xc3][0xef][0xce][0x8b]AI(+[0xba]/\[0xf6][\n]"
2020-11-26 10:40:51 DEBUG wire:72 - http-outgoing-0 << "[0xf5]R[0xbd]/[0xd0] P[0x9d][0xde]/[0xba][0xa0][0x98]=_[0x1f][0x18][0xa5]z[0xad][0xce]'y[0xdd][0xf7]1[0xe7]G;q[0x11]+[0xb6][0x19][0xab][0x17][0xe7];[0x1d][0x87][0xa7]"[0xf4]L[0xf]D[0xa2]b[0x5]f[0x8]`~[0xaa][0xff]4[0x3][0x95]s[0x92][0xcc][0xdc]xB[0x8b]MJ\[0xe0]^v"[0x8d][0x1e][0x9c][0x93]i[0xb2]u[0xbe]$[0xeb]#[0xba]Z[0xa5][0xe9]`[0xa6]Si[0xf8]Zj[0x89][0x80][0xbc][0xe7][0xd9][0xe4][0x92][0xce][0xc0][0xe1][0xe1][0xe][0xfe][0xe2][0xf3][0xf9][0xd5][0xd5][0x5][0xba]X[0x99][0xec][0xb4][0xcc][0x93][0xbe]![0xf8][0x8b][0x87]t[0xac]}w[0xf1][0xdb][0x1b][0xff][0xdd][0xd8][0xf4][0x9d][0xfb][0xae][0x4][0xe2][0x1e][0x8f]V[0xa4][0xff][0xb6]G[0xf2]3J[0xc9][0xa5]a[0xeb][0x1d][0xe9]_[0xd3]V[0x87][0xfe]U([0x18][0xde][0xf3]DKC2[0xe9][0xea][0x99][0x86][0x9b][0x1d][0xe5]E[0xbb][0x88]E[0xe6]b[0x91]![0x1c]0[0xbe][0x96][0xac][0x99]f[0x4][0xe3][0x91]j}[0xf3][0xa4][0xff][0x85][0xdc][0xb8][0xa8]6[0xef][0xa4][0x18][\n]"
2020-11-26 10:40:51 DEBUG wire:72 - http-outgoing-0 << "[0x8e]C[0xb4]yB[0xb9][0x98][0xd1][0x86][0xe6][0x97][0x12][0x9d][0x82][0xfd]f[0x4][0x86][0xcb]TH[0x96]Ta[0x1d][0xa8][0x8b]-[0xa4]c[0xcc]I[0x7]L[0xbe]SU[0x4][0x8a][0xed][0xed][0xe7][0xf4][0xc3][0x13]\I[0xeb]h[0xab][0x91][0xbe]6[0xd2][0xff]Vs[0x98]s[0xd5]Q[0xc7]vTpQ[0xc5]K[0xfd]H[0xa5][0xfd][0x1e]_AAlG[0xe7]"T[0x11][0x1c][0xdb][0x85]F[0xab][0xc3][0xd8][0x81][\r]_[0xa0][\r].Oo[0xc0][0xaa][0xc9][0xbe][0x15][0x92]_4[0xc6]_Afc[\r]^[0xe5]L[0xa9][0x12][0xe]O@[0xf2][0x1c]R[0x1c][0xcc][0xc8][0x0][0xe][0xf][0xe9]|[0xc2][0x83][0xb7][0xb9]5[0x1c]"[0xd0][0x1e]q[0xd2][0x81]VR}r[\r][0xf2][0xfc]w [0x97][0x81][0xe2]LW[0x10][0xf3][0xc2][0x91][0xa1][0xf1][0xed] ][0xa6]v[0xde][0x90][0xd5]-u}&[0xde]8[0x9e]Z[0xd0][0x94][0xc7][0x92]G[0xc0]/q[0x1d][0x94][0xed]Xl[0x1e][0xe7][0xd2][0x1e][0xef]4P[0xc5][0xc9]h[0xa7][0xc2][0x19][0xe][0x91]9[0x84],[0xe4][0xf3][0x97][0x96][0xe0]|[0xe5][0xac][0xcb][0xcb][0xc0]PW[0x9b]H[0xc7][0xa6][0xd6][0xdd]d#i[0xdc]v[0xd2][0x7][0x1c]#[0xb4][0xd8][0xad]q[0x84][0x99]L[0x2][0x84][0xea][0x19][0xbc]G[0xb8][0xf2][0xe0][0x99][0xf2][0xea][0xcc][0x12][\n]"
2020-11-26 10:40:51 DEBUG wire:72 - http-outgoing-0 << "[0x3][0xaa],[0xc2]{t>[0x90][0xe5][0x1]2[0xf1]^[0x9e][0xee]O#O[0xa2]=[0x8d]!= ;7:[0xdd][0xca][0xe3][0x8b]e[0xbf]qO[0xf4][0xfb][0xdd]^)[0x18][0xe4][0xf4][0xa2][0xb1][0xaa][0xa1][0xb0][0xf8]4[0xf6][0xc3][0xd9]*[0xf6]-` [0xa9]m[0xc3]J[0xdb][0xc3][0xc1][0xce]S-6[0x8c][0xae]5x[0xbf][0xab][0xc]O[0xa9]{[0x13] hF[0xd6]r&[0x2][0xcf][0x6][0xff][0xcd][0xb][0xd7][0x84][0x1b][0xe0][0xb0][0x9]Ae7[0xba][0xbc][0xe9][0xdf][0xcb][0xac])o[0xbf]$[0xed][0xfd][0xd8]([0xfe][0xf4]-[0x88][0x0]v[0x8e][0x98]-5[0xfa][0x7][0xe2][0xaf]G/[0xff][0x88]+[0xa8][\r]%@[0xb5][0xd0]B![0xc7][0x96][0xa8]~v[0xe1][0xfc][0x8f]x"G[0x8e][0xc2][0x95]/[0xd2][0xfc][0xba][0x4][0xf9][Z[0xb4][0x1a]e[0xc5][0xee]9(H[0xf5][0xcc][0xf6]`?4[0xc2][0x3][0xac][0xb5][0x80][0xe3][\r][0xd9][0x1a]O[0xe8][0x8a][0xfb][0x1e]*fh[0xea][0xde][0xc4].[0x8f][0xff][0xe7][0xe6][0x15][0xb9]s[0xb][0xf][0xf0][0x84][0xb2][0xc7][0x9b][0xe3][0xc2][0x8f][0xbe][0x7]nI[0xf3]P[0xb2];[0xb6][0x96][0x2][0xa5][0x1e][0x89]F [0xc8][0xb1]e[0x9c].T6[0xc4][0xe]KX[0xd9]O[0xab]v@[0x85][0xc9][0xf3][0xee]# y[0xa8][0xfe]1[0xb1][0xfb][0xb5]p[0x10][0xa2][0x96]/[0x9e][0xfd]/ j[0x8d][0x87][0x10][\n]"
2020-11-26 10:40:51 DEBUG wire:72 - http-outgoing-0 << "[0xae]p[0x95][0xc6][0x18][0x82][0x1d][0x15]Xce[0xb6]/Y[0xb9][0x4][0xbb][0x9b]}[0xe][0xa5][0x81][0x9e][0xb7]px#Y[0x3]([\r][0xdd];+wv+}[0xed][0xb6][0x1f]eF[0xb5][0xae]h[0xc9][0xdd]SF[0xd3]<[0xc7][0xa9][0xcc][0x17][0xd4]~[0xc3]/[0x6][0xee][0xb0]c[0xe4][0x19][0xa7][0xe0][0xc8]c[0xba][0x98][0xad]h[0xdb]~D[0xe9]q[0xf9]G[0xd4]9[0x95][0xe8]{p[0xb5]ww[0x92][0x95][0x1d]g[0x1b][0xc]k[0xe0][0xe9][0xed]h#[0xeb][0xb6][0x9e]/vbI#[0x96][0xa4]>[0xe7][0x87][0x1d]A[0xe1]b [0xec][0xae]F[0xfd][0xc2][0xe8][0xfe][0xb5][0xeb][0xe9][ [0xb8]p[0xe1][0xd2]5l[0xaa],[0xe][0xc9][0xcf][0x1a][0xe1],[0xdb][0xbe]E[0x9c]v9[0x13][0x9d]'(^y[0xb4]E[0xda][0xa3][0x10][0xf1][0x84][0xc5][0xf2][0x99]V[0xc0]w[0xfa].2c[0xe7]+[0xf9][0xf9]3,~[0x2][0xc1][0xdd]3[0xbd]p[0x2][0x7][0x1b][0x0]SE[0x94][0xcc][0xa4]7p3,[0xe1][0x6]v[0xb7][0x1d][0x3]3[0xec][0xa4]qW~2I%[0x14]i{[0x87][0xb9][0xa8][0x18]fx0[0xb3][0x9f]'[0x16]^[0xd9]~,[0xb7][0xce][0x92]~`AJ[0x93][0x1b][0x17].f[0x84].#[0x92][0x16][0xae][0xe]\[0x80][0xf8][0xc8][0xfb][0x17])[0x14][0xf2]H[0xda][0x8c][0xc0]![0x1e][0x9e][0xe2]9[0xaf][0x4][0xd5]C6#[0xb4][0xe3]q[0x86][0xa3][0xa4][0xb9]_[0xdb]Hc9[0xa7][0x7]CX[0x9e][0xcd][0xa7][0xc1]%MB1W[0x9f]6{[0xd9][0x9c]C[0xad][0xd3][0xe][0xbb][0xb][0xa2]W[0xf4][0xd0][0xc5][0x9c][0x9a][0xe4][0x14]9V[0x9f]N;+[0x97][0xae]",Ya[0x16]0~[0xbd][0xfa][0xeb]v'[0xe][0x13][0xdc][0xe4]:K[0xb][0x9][0xae][0xdb][0xfa][0x1a]k[0xb2][0x9][0x5][0xf3][0x83][0x89]6[0xdb]1[0xf7][0xdd][0x93][0x2][0x17][0xa5][0xa0][0xbb][0xd6]+[0x5][0xe8][0xbc][0x0][0x15][0xf6][0x0]X[0xb9]R[0x9e][0xec]([0xab][0xa4][0xab][0x3][0xc7][0x6][0xc1]f[0xa7][0xda][0xd3][0xc][0xbe],[0x6][\r]KT[0xec]C[0xae][0xc2];|[0x7];0[0x91][0x91]8q[0x18][0x1a][0x3]I[0x9a][0x86][0x8d]?[0xa9][0xec][0x5]Fg?[0xf9][0x84]7[0x15][0xf4]pL[0xfb][0xcc][0x12][0xdf][0x84]J[0xd4][0x9e]d[0xb0]g[0xe2][0x9c][0xdf][0xc3][0xd0]~[0xf]C;[0xd0]0[0xb4]k[\r][0xa1]:[0x9f][0xf7][0xa8]q[0xdf][0xc8]. [0xcd][0xcf][0x9a]8[0x8b]H[0xb3][0xfc][0xcc]o[0x1a][0x9b][0x86]P[0x97][0x1e]Tt[0x1a]"[0xa8][0xd7][0xc9][0x8][0xa9][0xe6][0x1b][0xf3][0xf2]X[0x4]*[0xd4][0x19][0x82]i[0xb2]G[0xa8]![0x90][0xc6]@)[0xbc][0xc3]"[0xa5][0xb8][0xab][0xcd]'b[0xe2][0xf0][0x8b][0xf][0xfd][0x6][0xd0]>[0xff]R[0xfa]Fl[0x8c][0x81]h[0xbf]M [~[0x6][0xc8]4"[0x87]"[0x94][0xad][0xb2][0xdc]6[0x94]-[0x95][0xf0][0xe0][0x2][0xeb]Vwv[0xe]{L[0x1b][0xce]L[0xd3][0x84][0xb4][0xaa][0xb9][0x18][0xe2][0xda][0xb2][0xeb]L[0xd6][0x81]_[0x1c][0xde][0x18][0x81][0xde][0xae][0x16][0x83][0xca]x[0x8b][0xe8][0xf7]{[0x1a][0xf8]T$[0xbd][\r][0x8b][0xba][0xa9][0xf1][0x5][0xea][0x9d][0xb6][0xf3][0xdd][0xf2][0x86][0xeb]%[0xca][0x5][0xa4]}[0xc7][0xe0]~[0xcb][0xa4]k[0xb2]v[0xa4][0xad]U[0xd9]YA[0xcd][0xcc][0xec][0xd2][0xce]Y[0xd5][0xb4]$[0x1b][0xcf][0x19][0x3][0x92][0xe7][0xe]2[0x2][0xee]i[0xda]![0x1e][0xac][0x93]<[0x1e]-[0x95][0x8c][0xd5][0xfa][0xb3]k[0x10][0xae][\n]"
2020-11-26 10:40:51 DEBUG wire:72 - http-outgoing-0 << "{Ca[0x8c][0x1b](+)[0x82][0x90][0xb0][0xac][0x14][0xd2]+[0x1d][0xc9][0x1f][0xba][0xd5][0xd5][0xfd][0x13][0xc6][0xa4][0xd5]:)[0xcc][0xcf]v/[0xd5][0xd5]([0x84]!u[0xb4]Q[0xb][0xcd][0xe][0xd3][0x80][0xe4][0xae][0xe][0x92][0xc7]K[0xa4][0xd5][0xb6][0xfa]F[0x0][0xe2][\r][0xc8]J'i][0x8a][0x8f][\r][0x18][0xe][0xf6][0xcd]h[0xe6]H~[0xd1][0xe3][0xbe]+U[0xc7][0x9f]=[0x97][0xbb]fI[0xef][0xb4][0xd5]i[[0xbf]e[0x81][0xfa][0x9f]/_S[[0x6][0xd5][0x17][0xb6][0xbe][0x9b][0xab][\r][0x17][0xce][0xdd][0xe4];M[0xec]o[0xe7][0xb0][0xe0][0x95][0xe9][0xed][0xac]4[0x94]{[0x9a]b[[0xad]|[0x9b][0xab][0x7]T[0x85][0xfd][0xbb]s[0xc2][0x5]O8[0x8][0x95][0xd4][0x12]&n|[0xa2]M[0xd9][0xb5][0xad][0xb4][0x94][0x1c]T>[0xea][0xfc]|[0xfd][0xfa]5<[0x8f][0xdb][0x86]2[0xde]Z[0xb7][0xf7][0xbe]fc[0xe7][0xe7][0x8]T[0xeb]P7[0x8e]ITC[0x15][0x88][0x8b][0xdf][0xde][0xe0]C[0x10]e[0xb][0xd7][0xab][0xd5],j[0x94][0x8b]O[0x18]5[0xcc]o[0xe6][0x97][0xe]<[0xfb][0xb0].[0x9f][0xef][0x8e]["C=A)[0x18]t[0xfb][0xbc]|I[L[0x4][0xc5]6[0xa3][0xb1][0xa8]m[0xba]4{[0xd5][0xc4]wY[0xe7][0x8d][0xa9][0xd3]|[0xd2][0x83]3[0xa4][0xee][0xe2]m[0xd1][[0xeb]CW[0x17][0x94][0x0][0xeb][0xb4][0xdd][0xf][0xc2][0x16][0xe0]w[0xb0][0xaf])[0x8c][0xef][0x16][0xd6][0x4]|[0xf5]A[0x1b]jh[0x80][0xbc][0x1e][0xa3]*[0x8f][0xc9][0xf][0xfa][0x9][0xaa][0xb][0x9f][0xf3][0x6][0xdd]U[0x1e][0x89]o[0x6][0x9c][0xfb][0xdb][0xbf][0xf3][0xbd][0xe8][0x92][0xfc]u\[0x13][0xe5][0x81]XU[0xe5][0xe6][0x9f])[0xd6]A[0x9]<[0x15]w[0xb1][\n]"
2020-11-26 10:40:51 DEBUG wire:72 - http-outgoing-0 << "[0x4][0xe9][0x98][0x93][0x9f],[0xe3][0xc6]1[0xc7]i[0xd3].0[0xa8][0x94][0xed][0xc7]dy[0x94][0xf]o[0xbd]j[0xb2]f[0x8e][0x9b][0xc2][0xc2]2[0xb4][0xa9]u[0x87]H[0xdb][[0xe5]U[0x13]z[0x8e][0xf][0x82][0x15][0xf8]J[0xc7][0xfa][0x1b][0xc4]p[0xc8]W[0x1b]v[0xf3][0xe1][0x1a]v[0xc3][0xeb][0xf5]b[0xc8][0x17][0xe0]kp[0xed]G[0xb3][0xfe][0x90]I[0xaa]@[0xfd][0xd8][0xfc][0xe8]a9[0x17]L[0xd5]&>+$D[0xc6]l13J[0x16]([0xb1][0xbd][0xda]$w?&[0xeb]#[0xc9][0x0]~[0x9b][0xa6][0x89][0x8a][0x84]VM3[0xea][0x0]b[0x3];[0xfd][0x1a][0xf]T0[0xe6][\n]"
2020-11-26 10:40:51 DEBUG wire:72 - http-outgoing-0 << "[0x1c]D9N[0xb4]Q[0xf1][0x1c][0x17][0xa6]tr[0xa9][0x9b][0xba]v[0xc2][0xf7]6[JLI[0x18]yS[0xc4]r/[0x89][0x89][0xb]"[0x8b][0xd3][0xe5][0xe3]s[0xc3][\n]"
2020-11-26 10:40:51 DEBUG wire:72 - http-outgoing-0 << "[0xca][0x97]P[0x82]1[0x8b][0x89][\r][0x9][0x7][0x1f]!sO[0xe2][0xc3]+[0xa6]3[0xa8][0xf3][0x1d]l[0xc4]1YX[0x1c]^u[0x15][0x9a][0x96][0xb6]p[0xe3][0xcb][0xb8][0xcd][0xc5][0xf9]2[0xce][0xe][0x1b][0x8e] [0x9b][0x9b][0xea]"[0xb5][0xf]{[0x95][0x8e]7rg[0xb7][0xbc][0xf2][0xe1][0x80]([0xc2]1Yp[0xc9] [0xed]Q[0xe5][0xa5]m`[0x6][0xbe][0x1b][0x9f]xE[0xde][0xdb][0x9e][0xe9]C[0xdf]R[0xbb][0xd6][0xf1][0xb4][0xb5][0x9c][0xa3]Lxbn[0xae][0xf8]\[0xd4][0xba][0x10]p[0x1b][0x12][0x85][0xb1][0xc0]4ee[0xfb][0x9]O[0x10]n[0xb0][0xe1][0x17][0x8f][0xb6][0x4]F[0x1e]s[0xcd]}$[0x83][0xdd][0xab][0x7][0x1a]Zc[0x90]Avp[0xd0]5[0x1b]}[0x8f][0x18][0xf8]![0xb0]/,[0xc6][0xaa]WQ[0xde]T[0xc7]^[0xdb][0xbd]+y[0xee][0xe4][0x88](g[0x9]F[0xac][0xa7][0xcc]b[0x1c]!8[0x9a]+[0x16]@[0x89][0xc2]f[0xe7][0x5][0xb4])[0xfa][0xbb]n[0xa0]M[0xc1][0xdd][0x1c][0xaa][0x92][0xf5][0xcd][0x93][0xb9]uy[0xa4][0x3]*O3Bp[0x96][0x9c][0xd8][0xed][0xd3]B[0x9d][0x99][0x1c][0xc0]"z[0x7][0xb3]3[0xcd][0x13][0xc4][0x2][0xa5][0xb0][0xd9][0xbc][0xe0][0x1b]L27[0xae]D[0xf6][0xe8][0xa4]q[0x82][0xf2][0xb7][0x1e]1x[0xa7][0xf0][0xaa][0xbb]6 [0x86]$[0xc1][0x18][0x14]m:[0xbb]+[0xf3][0x86][0xe9]XDn]$s[0x8b]d[0xbd][0x9f][0xbf][0x10]K[0xce]u[0x17][0xf2][0xba]C7[0xa5]`[0x88][0xea][0xd6][0xea]R[0xe3])[0x1]"[0x95]w[0x9b][0xf1][0x17][0x9c]C2[0xd7]+?{[0x84]?m5h[0xac][0x98][0xc8]*[0x1][0x92][0xd6]%[0x8]U[0xe1]:[0xdf]O[0x93]6[0xec][0x10]([0x8][0xc9]c[0xeb][0x80]s[0xc9][0xf3][0x9]BH[0xbe][0xaf][0x87][0xc3][0x15]([0xe4]dgV[0x99][0x18][0x84][0xa0][0x82][0xb1]%L[0xc6][0xc0][0x83]4mI[0xb6][0xbc]@[0x6][0xbb][0xf8][0xc8]K[0xb6][0x1f][0xd1][0x85][0x92][0xef]][0x6][0x98][0x1e][0x89]r@[0xfa]8gED[0xc3]B$w[0xcd]St[0x9d]D.C[0xbc]W[0xe4][0xb1][0xba][0xb2][0x17][0xba]b[0xd7][0x2]][0xb7][0xdf][0xba][0xef][0x87][0xc2][0x1][0x9][0x9c][0xed][0xa4][0xff][0x11][0xe5]-[0x8e] [0x5][0xc0]G[0xcd]!)T'[0x85][0x83]yr[0xfd]X[0xd0][0x8b][0xaf]Vb[\r][0x93][0x1f]TC[0x14]=[0xd4][0x82][0xad]o[0x88]Ez[0xe4]73|[0x91]vZ[0xa4]3[0xcb][0xd5]*</Q#[0xcf]][0x13][0xf6][0xdc][0xf0][0x85][0xfd][0x15][0xf6][0x1c]#Q[0x96][0x1]ro[0xb2]H[0x92][0xad][0x8f][0xf4]{8j[0x90]l[0xcd][0xfc][0xac]v}8[0xf4][0x8][0xe4]@@[0x9e][0x8c]~[\r][0x13]L%[0xe0][0xe5][0x0]][0xe3]1[0x99][0xaf]6[0x89][\n]"
2020-11-26 10:40:51 DEBUG wire:72 - http-outgoing-0 << "[0xea][0xc6][0x92][0xb6]>D[b[0xdb][0xd3][0xa4]q[0xdb][0xae][0x9d]',ba[0xaa][0x3]"[0xf][0xc7]|[0xd4]C[0xe4][0x9d][0xec]U[0xa0]y[0x1b][0xdb]y[0xcc][0x93]y[0xcb]&+[0xe9]zMm<{:[0xc2][0x9e][0x6][0xa6])[0x1e][0xc]Ixj[\n]"
2020-11-26 10:40:51 DEBUG wire:72 - http-outgoing-0 << "[0xb0]tN[0xf9][0xd1][u[0xf1]Q|[0xd8][0x1e][0xe6][0xcd][0xe6][0xf8]x[0x1b]$XF[0xe7]8[0x1c][0xc]Z[0x80]>C[0xd4]~C[0xe3][[0xca]Y[0xea][0x6][0x8f][0xfd]c[0xb5][0xe4][0xf3][0x15]\D[0xaf][0x3]&[0x9c]a>[0xaa][0xbd]V[0x1b][0xc][0xb9]]AI[0xc][0xb8][0xea]x[0xbd][0x88][0x1e])[0xd0]P[0x15][0xae][0xe5]S1[0x3] 9BW[0xff][0xba]/o"_[0xed]E[0xb4][0x8f]H[0xeb];[0xb5]i[0xd8][0xe],|[0x97]o[0xc9][0xd5][0xfa][0x1d]hQ[0x16]{[0xb5][0x88]|[0xcc][0x7][0xdc][0xec]v[0xb4][0x14][0xb9][0xfd][0x92][0xc7][0xed][0x95][0xf6]I[0x9][0xae]c[0x4]&[0xde][0xcb][0xc3][7\[0x1][0xd1][0xdf][0x80][0xc7][0xae][0xe1]u!ZS,[0xeb][0xdc][0xe][0xdc][0x1b]t[0x9c][0xbd][0xee]p[0xbd][0x2][0x19]Zm[0xca][0xa3]-y{X[0x99][0x8b][0xf0][0xa9][0xca][0xb8][0xad][0xc9]v@[0xe5][0xc9]H[0xd2]2p[0xec][0x9e]qN[0x1f][0x1e][0xa3][0x12][0x13]O[0xe4][0x8e]w[0xc5]p^[0xd6]tS1i[0xea]W[0x16][0xa3][0xf1][0xf6]~<[0x12][0x9b][0xc7][0xd2]tbg[0x6]%o([0xd0][0xc0]7[0xbf][0xee][0x7][0x83]&[0x91][0x92]W[0xa9][0xc9]W[0xc2][0xf1]ZC[0x88][0xda][\r]E[0xf5]b[0xe0][0x8e][0x1d][0xb4]L[0xa7][0xd1]<+[0xec][0xa8][0x5][0xe][0xef]*3[0xbe][0x16][0xf9]|[0xb][0x8c]/[0xe0][0x80][0xb8][0xd6]yy8J[0xda]y[0xfc][0xa9]9P[0x85][0xa7][0x84][0xa3]V[0xe]}[0xbc]%[0xb6][0xd9]K[0x6]z[0xb0]x<[0xdf][0x98]^e~[0xc1][0xe7][0x8f][0x14]:/[0xbb][0xdb]([0x8f][0xf1][0x99][0x9a]7[0xfe]z[0xe5][0x1c][0xaa][0x8a]P[0xac][0xde][0xc1][0xa2][0xce][0xbe]'[0xaf][0xbd]'[[0xef]L[0xdf]s:[0x9b][0xca][0xb9][0xe2]m[0x8c]v[0x0][0x1e][0x1d]f[0xbb]r[0xa2][0xa9][0xce][0xe2]L0[\n]"
2020-11-26 10:40:51 DEBUG wire:72 - http-outgoing-0 << "[0x98][0xaf][0x85]fk[0x18][0xb]}[0xd8][0xac]S[0x7][0xa7][0xb2][0x96]s[0x5][0xd5][0xa0][0x87]I[0xee]zL[0xfa][0xb5][0x98]t>[0x7][0xc5]9[0xbf][0x9f][0xca]^[0xb2][0xba]u[0xee][0xda]5[0xad][0xdd]x[0xb]vc[0xaf][0xc5][0x80][0xcf][0xd5]4(lf[0xf2]Eu[0xeb][0xf6]HU[0x92][0x18]RW[0x17][0x92]Ig[0xce][0xf9][0x86]'[0xae]F[0x9f]PXMA~[0xb2][0x95][0xdc][0x87][0xca][0xbc][0xdf][0x8f][33[0xd4][0xd0][0xfc][0x88]_[0x8e]mF[0xca][0x8a][0xca]*1[0xb0][0x88][0xc7]m[0x5][0xa7]y[0xc1][0x99][0x95],m[\r][0x8e][0xce][0xe3][0xc9]Tb[0x7][0xba][0x6][0xfd]a87[0xdc][0xa8]Y[0xe5][0x95][0xa7][0xf8][0xe2][0xdb][0x10][0x7][0x80]h[0xaa][0x8f]O[0x8a]:[0xc][0xed][0xc2][0x98][\n]"
2020-11-26 10:40:51 DEBUG wire:72 - http-outgoing-0 << "[0xed][0x10][0x8][0xc3][0xc7]l[0x97][0xb9][0xc]!aN[0xd9][0x87]/^MY[0xee][0x8c]Ea[0xbd]![0x1d]C[0xe0]xx7[0xe2]DCQw[0xb7][0x94][0x91][0x1e]j[0xd8][0xd1]v0[0xb5][0x1c]4[0x85]*KM[0xc3][0xb1][0xc8] E2[0xde][0xd8][0xa4]LA[0x0][0xbe][0xed]B[0x89][0xf1]/[0xe8][0xb][0x8b]mvQ[0xab][0xf2]`8[0x88]g[0xe6]i[0xd6][0xff][0xf0][0x12][0xc5][0x96][0x1d]5[0x4][0xee]K[0xbe]xG[0xb5]o[0x83][0xca] [0xdc]U[0xd5]*.$[0xce]v[0x82][0xd3][0xd6][[0x9b][0xf9][0xcc]l[0xe3][0xd9][0xce]9up[[0xf2][0xde]q{[0xf9]}:[0xa9]|Vz[0xb2][0xb0][0xb4][0x8c]+[0xbe]M[0xdb]v[0xa6][0xc6][0xf5][0xe6][0x82][0x11]B[0xad][0xbe][0x1c][0xd7]R[0xac][0xfb] F[0xc6]([0x8d][0xf9]N[0x95][0x89]G[0x7][0xe3]/[0xdf][0x90][0xb9][0xf7][0xf2][0xb3][0x19]'[0xe1][0xe]8{k[0xdc][0x1e]~K[0xc3][0x11][0x9b]![0xe5]x[0x2][0xe2],6[0xac][0xec][0x80][0xff].[0x14][0xf2]k[0xf6][0xd6]P[0xf]^[0xd8]5[0xb9]IU[0xa5][0x1b]RH[0xc0][0xbf][0xbf][0x84]%[0xaf]K[0xb2]W[0xc8][0xb9][0x15][0xa2][0xef][0xe7][0xc8]8[0xa5]\[0xa1]M[0x9a][[0x97][0xc9][0x14]<[0xd0][0x8b]#[0x8d][[0x13][0x9f]M[0xf3][0xe4][0xc5][\n]"
2020-11-26 10:40:51 DEBUG wire:72 - http-outgoing-0 << "%[0x9c][0xdc]?@[0xbf][0xcf][0xb7]4[0xe2][0x9c]R[0xba]>[0xc2][0x92][0xc6]bj[0xf8][0x1c][0xcf]&C>[0x7]R[0xf0]d[0xe][0xb2][0xe5][0x13]g[0xc]b[0xa8][0xee]M@[0xdd][0xb7]H[0x1b][0xdf]d0[0xd6][0xe5]z[0xde][0xad][0xac][0xcc]P[0xcd][0xc1][0x16];[0xdc]v[0xe6];R[0x0]='L[0x4]r[0x17][0xe9]q<mJ[0xb9][0xca][0x95]i[0xfe]qv[0x94][0x13][0xdf][0x96][0xc9][0x85]:1[0xe0][0x91][0x82][0xc5]5[0xf4]&[0xd5]zAO[0xec]iE[0xad][0x8f][0x8f][0xeb][0x18]y[0xe3][0xcf][0x9e];[0xa4]0B[0x9a][0xbe][0x7][0xed][0x9c][0x89]x[0xa2][0xe2]0T[0xc9][0xbe][0x4][0xd1]u[0x10][0x2][0xc1]PP_W[0xf8][0xe4][0xe6][0x9f][0xa5]P[0xf1]5_0D[0xf5][\n]"
2020-11-26 10:40:51 DEBUG wire:72 - http-outgoing-0 << "[0x90]B[0xea][0xea][0x86]l[0x9f][0x8f]n[0xb3][0x8c][0xe6][0x95]{J[0xb8]b[0xea][0x98][0xe9]h<c[0x18]m[0xc9][0xb]?^[0xbf]a[0xaf][0xfb][0xe3][0x6][0xb][0xfa][0xc0][0xa9]L[0xfd][0xc9]O[0xa5][0xf0]MI[0xc]\[0xf4][0xdd][0xf3][0xf2][0xa9][0xd6][0x9a]Z[0x8a][0x81]}[0xec][0xc]AX9[0xbb][0x96] '[0x97]k[0x5][0xb8][0x9e][0xdc][0xfe][0xd3]J L[0xb4]%CX[0x9c]rV[0x9]W[0x90][0x9d]q[0xa9][0xc5][0x92][0x16][0x9c][0x7][0x93]%6Up[0xde]8[0xa1][0x10][0x1e][0xdd]-[0xf]oQ[0xf3][0x5][0xab][0x8d]A![0x15]f[0xdd][0x9b][0x2][0xf2]2v&V[0xd7][0xbb][0xbd][0xd8][0xc][0xc3]U1t[0xd5]4[0xdf][0xf3][0xcc]~<AzF[0x1c][0xe5]aJ[0xc7]Q[0xed]H=[0x7][0xba][0x1d][0xee][0xf3][0x8][0xe9][0xfb][0x8b][0xb6][0xaa][0x0][0x9d][0xf6][0x17][0xa0][0xd8][0xe1][0x5][0x8f][[0xf2][0x86][0x84]oEW[0xc8][0x17]h[0xd0][0x4][0x82]p[0x95]jFN[0xc6]([0xb6][0xd9]M[0xc1]F[0xf8]-[0x94][0x98]|S[0x97][0xc3]3[0xa7]51[0xf2]+z[0xa4][0xe3][0x8d]Quw[0xf0][0x94]`[0xc]w[0x84][0xd2]L[0xb1][0xbd][0x15][0xca]c[0xf4]M[0xd2][0xdc]o[0x17][0xc0][0x93][0xb9][0xd7][0xf8][0xec] X[0xea]X[0xc]%[0xe7]^[0xe4]'[0xed][0xca][0xeb]i<[0xcd][0xad][0x18]M[0xf0][0xdc];#[0xad][0xef][0xa8][0xf5][0x80][0xe8][\n]"
2020-11-26 10:40:51 DEBUG wire:72 - http-outgoing-0 << "[0xda][0x91][0xa5][0x13][0xcf][0xc9]\[0xef][0xef])[0xe4][0xbf][0xa7][0x90][0x1f]h[\n]"
2020-11-26 10:40:51 DEBUG wire:72 - http-outgoing-0 << "[0xb9])[0xd5][0x99]m[0xde][0xdb]e[0x90][0x8b]ng[0xd9][0xe3]V_[0xf8][0x4][0xc9][0xe3]e[0x7][0x95]<[0x9e][0x9e],[0x9e]r[0xba]I[0xf6][0xac]q[0xd1]mLH[0x16][0xdd][0xce][0x92][0x91]3e[0xaa][0x1f][0x8a][0xd3]L[0xb8]O[0x7]9w[0xf9][0xb7]?[0xd5]$[0x8f]t?[0xd4]I[0xe0]Nx[0xe7][0xf3]8[0xe7]$#[0xcf][0x1f][0xba][0xa3]Nr[0xc8]m[0xe6]:~m[0xf2][0xbd][0xf2]~Z}[0xff][0x8c][0xf4][0x94][0x9f][0xac][0xe2][0x16][0x89]^[0x85][0x9c][0xd3]3[0xc3]T)[0xa8]k[0xb]{[0xc4]`_U[0x85]m[0xeb][0x89][0xc3]^[0xe7][v[\n]"
2020-11-26 10:40:51 DEBUG wire:72 - http-outgoing-0 << "&U*;[0xda][0xd4][0xdd]%[0xa5][0xaf]=[0xde]8N[0xd5])P[0xf6][0xa3]-[0xca][0xce][0xa0][0x12][0x9d][0xc4][0x1a][0xf2][0x9]JfrZ[0xf9][0x2]![0xc]3G[0xe7][0x9][0xf4]M[0x8d][0xbc][0xe9]vucJ[0xdd]|u0n[0xb][0xfe][0xb4]{[0xd8][0xe8][0x1f]["[0xcb][0xb][0xb1][0xad][0xe9][0xd8][0xe6]r[0xf0].[0x9c][0xe5][0x11][0x8b]v+[0xd1]^[[0xa5]{[0x91]U[0xc3][0x9e]][0x85][0xf2]e|[0xf5][0xc8]G[0xdf][0x93][0xe1]v[0xb0][0xbf]:[0xdf][0xa2]W[0xc0]\[0xdc]/[0xdb]x[0x18]hV-I[0xfe]$Y[0xc1][0x5]m>[0xe3][0xe2]7O[0xc2]7[0x12]1x[0xb7]^[0xe3][0xb6][0x4][0xa3][0xda]Q[0xa5]J[\n]"
2020-11-26 10:40:51 DEBUG wire:72 - http-outgoing-0 << "[0x84][0xe4][0xc8][0x0][0xb8][0xd7]r[0xa4]"[0x94]s[0x89]6[0xdb][0x10][0x11][0xf6]2[0xa4][0xc0][0xf5][0xb]?[0xfc][0x80][0xb4][0x94]_4R[0xc3][0xe8] [0xf9][0x8f]k;qb[0x13][0xa2][0xe7]7V[0xc9]n[0xb][0x19][0xea]Q[0xa2][0xcf][0xf4][0x9f][0xba][0xf][0x8][0x3]w[0xe4][0xfe]~u[0xcf][0xb6]^[0xe9][0x15][0xaa][0x8d][0xac]<O[0xd6]e[0xce][0xcc][0xbd][0xc3]K[0xb1]H[0x1f][0xc4][\n]"
2020-11-26 10:40:51 DEBUG wire:72 - http-outgoing-0 << "[0xb3]:m[0x94][0x96][0xc8]HP[0x6][0xd3]0[0xc7][0xed]XS+[0x98][0xbb][0xcb][0xe][0x9d]gN$e[0xa5][0x91][0xce][0x9f][0x83]`F[0xbe][0xcc]~[0x1c][0xd1]P@[0x92][0xc8][0xe0]N,:[0xc7][0xd0][0xea][0x84][0xa3]r[0xfa][0xbb][0xf8]|j[0xd7]%[0xa8][0xa4][0xc1]b69[0x8]i[0x94][0x91][0xa4]w[0x83]J[0x5]yz3]X[0xda][0xd0][0xb1][0xc1][0xe7][0xf1][0xfd]\[0x8e]"[0xd2][0xc8][0x9f][0xdc]![0xf7][0x7]T[0x1e][0x0]3[0xc2]0[0x88][0x1e][0x92]-[0xd8][0xe0][0xe2][0xa1]-[0xb6][0xfe]][0xd1][0x1f][\n]"
2020-11-26 10:40:51 DEBUG wire:72 - http-outgoing-0 << "[0xd7][0xf3][0x11][0x11][0xe9][0xa5][0xce][0xcc][0x93][0xa6][0x94][0x5]:[0x13][0xd5][0x91]qg[0x9f][0x93][0xed][0x8][0xf2][0xdd][0xc1][0x9][0xc1][0x12][0xae][0xf0]5[0xe4];();0[0xa8]'[0xc4][0xf0][0xad]$[0xac][0x0][0xe0][0x8b]x{[0x97][0xdc][0xb8][0x88][0xe]p>[0xa6][0x93][0x87]W[0x91][0xb9][0xb4]c<[0x98]+[0xd7]n[0xc6][0xfe][0x19]'A[0xa8][0xa6][0xe8][0x8e][0x14][0x10][0x83]d[0xa5]G[0xee][0x18][0xd0][0x16]t6[0x99]ac[0x99]7[0x9a]-[0x7][0xae][0xe3]Id[0xc0] U[0xe4]=[0xbe][0xad][0x90]?_[0xbb]YX[0x8e]i[0xcf][0x9c]5+[0x91]p[0x8f]?[0xc6]g;[0x90]|r[0xdf][0xac][0xf2][0xde][0xae][0xaa][0xfb][0x9f]}[0xbe][0xda]+[0xd2][0xf]R[0x8]&[0x3][0x12][0xcd]X[[0xf7][0x13][0xd4]"[0xb8][0xeb][0xae][0x7][0x11][0xb7][0xb9][0x9]n%F1[0x94]{[0xb6][0xdb] [0xb8][0xbd]k[0x98]A[0xb6][0xbb][0xc2][0xbe]*[0xb7][0x87][0xe1][0x8e][0x88]o[0xac][0x83][0x8a][0xb8][0xba][0x85]S[0x1c][0x80][0xd8]Y'[0x8f]{m([0x18][0x92][0xbc]Tya[0x91][0x88][0xad][0xf3][0xf1][0xa7]K[0xdc]G[0xba][0xe7]R[0xb6][0x80]g[0xc3][0x93]R[0xa0]k[0xba]* [0x89]wH[0xeb][0xbb][0xf8][0xf0][\n]"
2020-11-26 10:40:51 DEBUG wire:72 - http-outgoing-0 << "Y~[0x9a][0xba][0xf4][0xf2][0xed][0xc6][0xa1].2[0xb4][0x19]_[0xb0][0xf5][0x83][0xff] [0xf9]\[0xbe]Z[0xaf];[0x14][0xf0]y[0xb9][0xd6][0x87];[0x85][0xf5][0x92][0xe8][\r][0xa2][0xca]'[0xf7]-[0x91][0xd5]m<[0xf7]+[0xb6][0xb9][0x9b]{N[0xd6]I[0xae][0x94][0x19][0xf4]^[0xaa]{[0x3][0xf4][0xeb][0xca][0x9b][0x5][0x87][0x81]'[0x9a][0x86][0xc0]J[0xff][0xda][0x8a][0xb5][0xae]i[0xca]UH[0x10]8[0xd3][0xe][0xf7][0x91]Y[0x7]\[0x85][0xd4]S,&[0xed][0x0]Ef[0x2][0x1d][0x4][0x83][0x9d][0xe0][0xca][0xa0]A[0x6]#[0xfd][0xa3]p[0xfc][0x86]3[0xda][0x9d][0xbb]r[0xfe][0xd2][0xf5][0x9b]|j[0xb1][0xba][0x3][0xa1][0xc0][0x10]Z[0x16][0x89][0xa8]-[0x9b]p[0x98]As+[0x1c]+[0xb4][0xf5]>[0xbe][0xdb][0xa2][0xae][0xb6][0x91][0x8e][0xd7]v[0x8b]*[0x9d][0xcb]s[0xe3]rc[0x13][0x80][0xc9][0xd4][0xcd]}q[0xd7][0x9][0xbe][0x13]/[0xb1][0xf0][0xfd][0xea][0x16]n[0x99][0xc1][0xa7][0xe9]P[0xbf]_[0xd2]a[0xe0]c0[0x8][0x83][0xb6][0x8f][0x88][0x8b]mv*[0xd1][0xf7]H![0x12]y[0xac][0xcf][0xf3][0xd8]f_[0xbc][0xbd][0xd7][0xbe]X[0x80][0xe][0xac][0xb2][0xd8]$Ov[0x92][0xf5][0xe7][0x14][0xd8][0x14]i[0x91][\n]"
2020-11-26 10:40:51 DEBUG wire:72 - http-outgoing-0 << "x[0xbe][0x8b]N[0xf0]D.,?%[0xad][0x9b])t4[0x8d][0xa5]}[0x92])_[0xe4]%[0x92][0x12][0xc9][0xca]EA[0x8c][0xde]H![0xd9]>[0xd9][0x8c]'[0xa9]F[0x1f]9,5[0xa8][0xae]B[0x12][0x85]CN;[0xee][0xba]f][0xa1][0xa6][0xf1][0xc3][0xa5][0xeb]|[0xf4]Qv[0xfb][0xe2][0xb3][0x93]p|[0xe0]^[0x13]T[0x88]c[0x96]2[0x17][0xab]![0xb4]et[0x1e][0xe3]U9;[0x82]jK^[0x1d][0xce][0x91]Z|[0xa7][0xbe][0xe0][0xb0][0xa0][0xd0]0[0x1e]C[0xab][0xc9]b.u[0x1]Ut@z[0xb1]M][0xec][0xd4][0xe]y[0xd8]|[0x1c][0xdb][0x1c]WWw[0xb5][0xfe][0xb0][0xb8][0xf9][0xc0]*[0xe9][0xb2][0xaf][0x88][0xd3][0xfe]Ji[0xf9][0x88][0x3][0x87][0x9d]]k[0xb8][0xe9][0xb][0xb8][0xea][0x8c]1#[0xa6]B[0xe7]9[0xd0][0x86]cr[0xf9][0x1b]B[0xf0]U[0xfa][0xbd][0xd8]V[0xa7][0x1d][0xd0][0xc2][0x85][0x9f]1[0xc3]NmlFw[0x88]`[0xd7][0x84][0xb9]([0xde]EI[0xc7]S[0x93]![0xc8][0x15]E[0x82][0xec]v[0xc0][0xa6]#T~[0xe0][0x98]q[0x2][0xd5][0xc9][0x13][0xfe][0x19][0x1e]W%[0x95]Xh}[0xfc]p[0xe5][0x9a][0xa9]0E[0xe6]l[0x9f][0xcb]b[0xfd][0xf5]k?[0x1c]=[0x8a][0x1a][0x3][0xdf]g.J[0x92][0xff][0x8a]X[0x85][0x14]6[0xd9]g9[0x14][0xc0][0xe0][0xd8][0xfd][0x16][0xfe]B[0x87][0x93][0xa1][0x83]G[0xc7][0xf1][0xad][0xfc][0x2][0x14][0xd4][0xa7][0xd6][0xe0][0xc4]s[0xb2]3$/[0xbf]P[0x17][[0xe8]\[0x1]O[0xb7]A[0xf7][0xb3][0xb5]q[0x8c]}[0xb0][0xcf][0xaa]{[0xcb][0xb1][0xa8][0xfd]Q[0x9f]c[0xe3]r[0xf7][0x94][0xd2][0xb7]Jf[0x9b][0xd1]w[0xc2][0x1d]X[0x9f][0x3]/[0xf1]DQ[0x9]7[0x13][0x5]N[0xa5]@[0xfc][0xe9][0x8a][0xb2]<[0xcc][0xe7][[0xbc][0xe4][0xa9][0xf7]9[0xe1]A[0xe6][0x86][0xa9][0xe0][0x9b]k7[0xdc]b[0xbd][0x14][0x94][0xb4][0xa9][0x8a][0x1c][0xb8][0x9f][0xfc][0x83]c\iN[0xd8][0x10]N>[0xed][0x18][0xc0]u[0x4]s[0xdd]0[0xb9][0xc0][0x96]#X[0xe9][\r]S[0xeb]4[0x8b][0xc2][0xae][0xf]V*[0xca][0xed][0xad][0xc5][0x96][0x9c]g[0xa6][0xb0][0xbd]x([0xa5][0xbf]H[0x8d][0xf3]=[0xfa][0xbf]Xt#>[0xdb]B[0xc5][0xd4]A0[0xd5]1[0xae][0xfd][0x15]<[0x1e]4([0xfd]RF[0xff][0xf]J[0x0]sc+{QuU;[0xa3][0xd8]v[0xa2][0xf4][0xf5][0x91][0x17][0xaf][0xe9]b[0x1c][0x8b][0x8c][0xc3]),[0xd3][0xdb][0xd0][0xcd][0x93]vy[0xf2][\r]z![0xf8][0xba][0xb9].[0x5][0xa9]U[0xad][0x19]J[0x93]K[0xbe][0xf6]Sl[0xb3][0xb][0x16][0xfa]-8[0xc7][0xc]Sp9[0x1]J[#[0xdd][0x1e][0xa7][0xf2][0x14]g?[0xd5]x[0x8f][0x1c][0x8b]m[0xbe][0xc2]__[0x1f][0xc][0xe5]yv],U[0x3][\n]"
2020-11-26 10:40:51 DEBUG wire:72 - http-outgoing-0 << "[0xa9]v[0x6][0xfa]d[0x4][0xef][0xeb][[0x8][0xbf]nw[0x9c]([0x89]7=[0xfe]u[0xdb]v[0xc1][0xcd][0xd4][0xb5]&[0x82][0xb7]#[0x94][q[0xcf][0xf0][0x4][0x99][0xb3]-[0x93][0x94][0x9] [0xfa]3>;[0x98][0x7][0xb0]R>[0xa0][0x8f][0xd3][0xc1][0x8c][\r]W[0xf2][0x17]SW([0xcf][0xf0]IX[0xe1][0xdc]e[0xd2][0x13][0xa5][0xdc][0x8e][0xbb][0x8b][0x9c][0x8d]p[0x8e][0xc0]A[0x1a][0xcb][0xbb][0xc6][0x86][0x12][0xa8][0xa6]+[0xbf][0x9b] K[0xeb][0xb1][0xad][0x1]G]fb}[0xda][0x16][0xf8][0xbe][0xb4][0xbc][0x92][0x8e][0xd4][0x1][0xf1]<[0xd7]i[0xbf];[0xb][0x14][0x0]T[0xcd][0xec]myv[0x6][0xa4][0xd1][0x11]n[0xf3].[0xee][0xc][0xe6][0xca][0x85]X[0xe4]'[0x16][0x99][0x3]?[0xbc]1[0xd1][0xda][0xe9][0x1a]V[0xc9][0xb5]E[0x3]N[0xda][0xe5]'[0xf2][0xf4] g[0xd6][0x13][0xb][0xb6][0xa7][0xab][0x5]:[0x91][0xe0][0xdc][0x97][0x81]>[0xbc][0xd6][0xf3][0xbc]9UL[0xf6]aM![0x9a][0x1e][0xe4]l4[0x15]!k[0xdb][0x90][0xf1]9[0xb2]v`[0xdb][0x85]P-[0x83]gr[0xf6][0xbf]Pv^[0x9a][0x9c]9[0x99][0xfd]"[0xef][0xa3][0xb1][0x1d]N[0x86][0xd3]<"[0xcc][0x9d][0xc1][0xd7]{&V[0xd2][0xbc]O[0xac][0x8f]}[0xb2][0x12]O[0x85][0xe6][0x1b]?_M[0xd7]`[0xf8][0xc6]55[0xbc][0xa2][0xb3][0x17]6o[0x98][0xb3]N^x[0xa4][0xf4][0xb5]#s[0xf1]m[0xe1]|w[0xf5][0xaa]f[0x1b];[0xd0][0xa4][0xa0][0x91][0xc1][0xb8]>[0x18][0xb6][0xe2][0xa9][0xef]Lvf![0xfd]fy[0x1]K[0xb1][0xc0]AK{[0xcf][0xa9],[0xa0][0xdc]`[0xcf]9,[0x1f][0x91]m<[0xc0][0xcc][0xdc]z'G[0x7][0xe1][0x94]S[0x16][0x17]ao[0xa1]l[0xc1][0xf9][0xa7]l[0xff][0x99][0xf4]w[0xfd][0xe8][0x97][0xbc][0xd4]`6[0xd6][0x1c]q[0xcc][0x80]:.[0xb1][0xcd][0xc7][0x7]t[0xee]X[0x5][0x9f][0xf][0xa5]}:[0xb6]3B[0xfa]G[0xe5][0xde]Y[0x13],[0x99][0xa9]AU[0xcf][0x9d]7@[0xc5][0xce]W[0xea][0x8b]&8[0xcc][0xb6]iE[0xee][0x81][0x13][0xb4][0x10][`u[0xfb]3K[0xf1][0xdd]x[0xfb] [0xb8][0x1]g[0x86]ik[0x8d][0xae][0x6][0x80]p[0xc0][0xfe][0xab][0xd1][0xde][0x86][0xcc][0xc]S[0xa6]^s[0x9c][0xf0][0x15]\[0xde][0x97][0xda][0xaa][0xea][0x90][0xc5][0xa4][0xc9][0x8][0xff][0xfd][0xda]*[0x1f][0xe4][0xc7][0xe4]($<[0x10][0xc5][0xfc][0xe7][0xf3]W[0xf9][0x1c][0x12][0xfe]pU[0xed]A[0xcf][0xe8][\n]"
2020-11-26 10:40:51 DEBUG wire:72 - http-outgoing-0 << ".[0xe7][0x8b][0xc6]/S/[0x95][0xce]-[0xb2][0xdb][0x4][0xa7][0x1f]F[0x16]`[0x80][0xfd][0x84][0xe1]l]"[0xeb][0x8d]P[0xdb][0xe1][0xc9]V[0xf2][0xbc][0xe3][0xcc]<[0xb5][0xde][0x8]a==[0x11]25[0xa5]7b[0x87][0x19][0xbf][0x80][0xbe][0xe9][0xd7][0x86]z[0xca]/rw[0x97][0x8f][0x89][0xae]L[0xf7],[0x1e][0xd8]t[0xe7]qQ[0x90][0xc1][0x1d]2[0xd0]KQ[0xa2][0x8b][0xae][0xe6]8e[0xb][0xc2]y[0xf7][0x95][0x1b]7[0xaf][\n]"
2020-11-26 10:40:51 DEBUG wire:72 - http-outgoing-0 << "G[0x85][0xb][0xd7][0xbf][0xb5]E[0xb5][0x1e][0xce][0xa4]^[0xdd][0xc2]3[0x13]!8[0xa8][0xf5][0x9d][0xd6][0xcd][0xa5][0xeb]7m[0x9b]OB[0x1]0[0xc][0xbf][0xa2][\r][0xa9]q[0xeb][0x95]|[0x15][0xb7][0xf5]D^:^X[0xa7]P[0x8f][0xf4]Y[0x1e][0xe5][0xa8][0xcd]`[0xa9]YS[0xb5][0x9f]}[0xcd][0xa8][0xfc][0xe7]8[0xf1][0xcb][0xb9]R[0xc4]L[0x13][0x99]oQ[0xfe][0xf1][0xe6][0xcd][0x1f][0xf9]TL[0xad]s[0xca][0xc4] _L[0xe][0xf6][0xcc]qk[0xb5]T[0x12][0x19]wb[0xf]l[0xca][0x97]s[0xe5][0x83]A[0x80][H[0xba][0x1f][0xd2][\n]"
2020-11-26 10:40:51 DEBUG wire:72 - http-outgoing-0 << "gpQ([0xd1][0x6]#[0xe8][0xd4][0xd5]^20H[0xa5][0x4]5[0xc3][0xb6]>bd[0x88]~[0xf][0xb7].x;D [0xb4][0x3]n[0x99][0xb1][0x87]EVXL[0xc]d[0xa9]q[0xaa][0xfe]V[0xac][0x97][0x1]h[0x90]F[0x86]/[0xfd][0xba][0xdd]c[\r]{[0x9e][0x87][0x86]+[0xbf][0xac]i[0x8d][0x8a]_[0xa3][0xdc][0xd4][0xee][0x8c][0xb7]h>Z[0xb6]|[0xda][0xae][0xc5][0xac][0x11]p[0xe7][0xc8][0x1a][0xb6][0x80]d[0xa9][0xed][0x1d][0xa5]o[0xc2]I[0x7][0xf1][0xd1][0xe][0xaa][0xb2][0xe9][0x1d]@ [0xd1][0xca][0x7]'pdT[0xbd][0xa6]"[0xe0][0xf9][0xa2]H![0xa0][0xac]3<X[0x8a]J[0xe7][0x3]"?[0x87][0xcf][0xf4][0x12][0xe7][0xf2]-?o"s[0x8b][0xf1][0xf6].[0xca]s[0xb1][0xed]5ue[0x86]OI[0xd0][0x95]n[0x85][0xff][0xc0][0x2][0xac][0xa0][0x8a][\r][0x9f][0xeb][0x13]G[\n]"
2020-11-26 10:40:51 DEBUG wire:72 - http-outgoing-0 << "[0x17]b[0xbe][0xc4][0xd1][0xcb][0x90]![0xa0][0xd5][0xf5]a[0x11]S`'`[0x81]'[0xc6][0x10][0x9c][0x8b]>[0xf3]/[0xe1]j[0x9d][0xe0][0x8d][0xbe]s[0xd7].s[0xe7][0x80]Z-!e\[0x91][0x18][0xc6][0xfd][0x10][0xa3][0xe7][0x80]su@[0x8][0xf9][0x4][0x17][0xc6][0xcc][0xe0][0xa7]0X[0x8f][0x8a][0xa4][0xf8][0xd3][0x15][0xf0][0x1d][0xae][0xb6]P[0xe6][0xb2][0xf5][0x9][0xff][0xf0][0xc3][0xd1]sT[0xcc]yCn[0x9f]W[0xab][0xef][0xd9][0xbd][0xae][0xae][0xe][0xb2][0xd5]/[0xca]w[0xd4]w[0xe]%2x*6[0x1a]6c[0xe4][0xe7][0x1f]![0x0]nb[0x97][0x15][0xfb]Z[0xe0]q[0xa7]LL@[0xd6]Q[0xb4][0x85]..[0xc9]"*Ta[0xd1][0x8b],[0xb0]n [0x18]z.[0xc2]Ai[0x97][0xcf][0xdf]@[0xd6][0xfa][0xf7][0xb1][0x9e][0x18][0xd0][0x1]P[0xd8][0xc9][0xcd][0xe0][0x86]d[0xa8][0x1d][0x10][0x95]9[0xa4][0x96][0xf1][0x1c]V<[0xad][0x18][\n]"
2020-11-26 10:40:51 DEBUG wire:72 - http-outgoing-0 << "`[0xa7]l[0xa4]h[0xb3][0x11]N#[0xe6][0xab]c[0xfc][0xc3][0xf9]s[0xca]@3[0x19][0x1c]5vo[0xbb]n[0xc] ;[0xeb][0xc6][0x16]|[0xe4][0xf6][0xb3][0xf3][0x2]AF[0xf4]?[0xb9]t[0xdf]%y[0xa8][0xc4][0x8][0xfe][0xe2]9[0x18][0x9a][0xf2][0x4][0xe9]^t{[0xc4][0x90]T-\[0xf0]y[0xef][0xfa]<a[0x98][A[0xf0][0xc2][0xb3][0x3]'`[0x9e][0xae]EpYN[0xa4][0x96]f[0xc7][0xef][0xda][0x8d]k?H![0xda][0x81]nl[0xcb][0xeb][0xd3]Z[0x98][0x4]G[0x95][0x1d](q[0x0][0xbb][0xfd]`[0xcc]@[0x1e][0xfd][0x1a][0xfd][0x17]O[0xb8]F[0xd5][0x6][0xf7][0xff]5[0xef][0x8][0xe3][0x0][0xce]ZO[0x99][0xd6]gC[0xb4][0xff][0xc1][0x98]K8[0x12]<[0xd5],[0xa9]|[0xa3][0xb3]+[0xde]8[\r]i^[0xd4]nb[0x2][0x12][0xb6][0xdf][0xc6][[0xf8][0x90][0xa4][0x1d][0xa4][0x88]E[0xda]T[0xdb][0xcc][0xc3][0xa9][0xcb]Y[0xe]ar[0xc9][0xd4]*[0xb1]>u[0xc9][0x1b]T[0xca]N[0xeb]2[0x18][0x0]c/`[0xcc][\n]"
2020-11-26 10:40:51 DEBUG wire:72 - http-outgoing-0 << "_[0xe7][0x96][0xf2]&[0x13][0xea][0x7]1[0x18][0xa5]\[0xc7]8[0x98]2b[0x18]c [[0xf6]|KUm[0xb8][0xb4][0xc3][0xf3][=[0xb9]&[0x81]D&j[0xb7]v[0xc4]_[0xf5][0xc8]3p[0xbe][0xbd][0x12]mS[0xde][0xe][0xc1][0xd1][0xed][0x9b]}[0xc9][0xb9][0xc7][0x1c][0x14]v[0xbd]dt[0x9][0xa4][0xe2]q@4[0xe5])W[0x86][0xd2][0x12]B[0xfb]a[0xcf][0x9d][0x9a][0xdf]A[0xa9][0xca][0x17][0xb0][0xaf]H[0xb2][0xb2][0xe]f5]Q[0x13][0x1a][0x8a]-[0x7]c[0x80])][0x3][0xfb][0x7][0x94][0x81][0xf7][0x16]M3[0x7][0x13][0x8c]`\*[0x98][0x1]t[0x4][0xd8][0xb5]iI[0xc8]w%![0xe]-[0x8d]N[0xf][\n]"
2020-11-26 10:40:51 DEBUG wire:86 - http-outgoing-0 << "[0xe]8M[0xe8][0x1f][0xe1][0xcf][0xd7][0xd2][0x94]U[0xa6]rB@+[[0xa0][0xf9][0xec][}[0xf6]bA_lj[0xeb][0xd2]fS[0x1b][0xb5][0xf][0xf8][0xde][0xc4].[0xa8]}[0xef][0x96][0xe4][0x96]~[0xd2]5a*[\r][0xec]t[0xde][0x3]F[0x6][0xcc][0xe0]OR[0xc0],w[0x1e][0xc][0xd1]y[0xa2][0xe0]"
2020-11-26 10:40:51 DEBUG wire:72 - http-outgoing-0 << "[0x95]h?[0xc4]_[0xb1][0xfc][0xa5]D[0xfc][0xf5]8Kt[0xa8][0xa4]@[0x9e][0xf3]H[0xf7][0xe9]%[0xbd][0xfa][0xf9][0xcf][0xa6][0xff]^[0xf6][0xba]$?[0xc0]L[0xaf]!#[0x82]e[0x5][0xd8]ZW+[0xdd]dc[0x5];[0x7][[0x1d][0xd3][0x7]0[0xf3][0x92][0xcb][0x95]k[0xc][0x9e][0x4][0xb5][0x8d]%[0x12]|[0xeb][0xf1][0xdd][0x13][0xbe][0xfb][0xe9][0xfc][0xaf][0xdb][0x13]Z[0x0]E_[0xb7][0xb2][0xfd]2W[0x1][0x92]F[0x86][0x3][0x1a][0x12][0x9e][0xb0]{[0xe6]S[0x3][0x1f][0xe9][0xca]r[0xe1][0x1f]=[0xd5][0xbf][0x84]}[0xa7][0xc9]@s|s[0xe6][0x8f][0x1][0xf6]C[0xe9]{IV>[0xca]}Ct[0x11]1[0xc5][0xd2][0xd8][0xec][0xca][0xd3][0x83][0x9a];[0xdc][0xb1])c[0x8e])[0xcc]4[0xd0]VQ[0xf8][0x7]A[0xc7][0x12].=[0xba]N[0xf4]z[0xfc][0xe9][0xde]Y[0xbe]D[0xab]{[0xbe]@u[0xd9]][0x9]*[0xf2]h[0x86]A[0xc7][0x1a][0x89][0xc]+[0xc3]K[0x90][0x9f][0x80][0x91]>[0xe3]-[0xb0]7[0xcd]X[0x8]R[0xcc][\r]Z2[0xbc][0xc3][0xb4][0x8]om@[0xac]7-m[0x99][0xa7][0x9][0x86]F[0x18][0xb2]s[0xfe]$P[0xe2][0x83][0x8a]c[0xcc][0xd8]IV[0xeb]r"[0x82]t[0x7][0x99][0xba][0xda][0xb][0xd6]D[0x1a]U[0xe8][0xcd][0xbf][0x1][0xca]?3[0x94]u[0x1c]-[0x8c][0x85]OPH[0xc8][0x98]g[0x8c]3U[0xe3]c3[0xc3][0xd9]o[0xfc]f[0xe8]fxU[0xee]i"[0x3][0xb6][0xe7][0x9a]Ps[0x1]\[0x99][0x99]"[0xe7][0xb2][0xec]U[0xcb][0x9d][0xdd][0xa4]m[0xc][0xdc]w[0xcb]O[0x8d][0xd1][0xd5][0x7]CS.[0xc1]?[0xff][0x9c][0xd2][0x0]e]B[0xf5][0xed][0xbb][0xa9][0xe7]h[0xf1][0x85][0x15][0xa2]O3F[\r][0xa9]U[0x16][0x9e][0xb1]=[0x8d]:[0xc5][0x8f][0xd7][0x92]=a)[0x98]s[0xd7].[0x83]c[0x96][0x99]7[0xa1][0x9a][0xa2][0xab][0xee]@[0xc0]'U[0xdf][0x8][0xc1][0xe9]T[0xb5][\r][0xb6][0xdf]Y[0xdd]&[0xed][0x11][0xda][0xee][0x86]xW[0xaa][0xbe][0xea][0xab][0x96]<[0x86]U3[0xf][0x18][0xe6]s[0x0] =[0x88]'[0xa0][0xb3]o[0x8a],v[0xe3]4[0xd3][0xe5][0xc8][0x9f][0x84][0x84][0xe0][0xe1]v[0xb8]'[0x9c]L[0xe0][0xc2]`[0x2][0xca][0x96][0x98][Z-j,[0xcc]#[0x8f][0xbc][0x7][0x1b]x[0xa8][0x7][0xb7][0x86][0xf0][0x0][0xee]\dLls[0x19][0xb0]a[0xb1]]tU[0xc7][0xdc]a[0xee][\r]"[0xc7]T[0xe6][0xc][0x9b][0xed]C[0x85]([0x9e][0xec][0x92][0xd8]Bb[0xdb][0x10][0xac]@[0x88][0xad][0xc4][0xa0]kl[0xa4]?[0xd7][0xd6][0xe6]M[0xb8][0xd4][0xf1]q&[0xbf][0x13][0xa1]qT[0xec][0xa8][0xbd][0x3][0xb6][0xb4][0xfd][0xbd][0x92][0xd8][0xef][0x95][0xc4][0xf2]\I[0xec][0xa7][0xcb][0xc5]?][0xd2]R[0xcd]mJ[0x88][0x85][0x1d][0x96][0x10]3u-[0x1c]P[0x99][0xb0][0xb0][0xfb][0xa0]*[0x84][0xfd]t[0x19]a[0x98]@[0xc2]X[0xb5](Cu[0xb0]b[0x97]/[0x1c][0x8]J[0xc5][0x14][0xaa][0xa0]e]'C![0xa7]D[0xff][0x87][0xae][0x0][0x18][0x7][0xc8][0xbf]E[0xc5][0xaf][0xe2]`[0xb8][0xea]6[0xd5][)1[0x1f]x[0x1a][0x8a][0xdd][0xde]j[0xe9][0xbe][0x3][0xaa][0x1e][0x8a][0xf2]^e[0x15][0xd6][0xe5][0xbd],[0x0][0xc6]*\[0xb1][0xcd]nug[0xe7][0xb0][0xd7][0xf2]2[0xcc]lc[0xc1][0xae][0xcf][0xbd][0x88][0x17][0x87][0x1b][0x10]K[0xe3]@~[0xf1][0xc8]dr[0x8f]4[0xb3][0x81][0xde]K:>[0x82]?[0xb4][0xb5];>[0xde]f[0xa7][0xd9]R[0x9d][0xb6][0xeb]#[0x99]yMZ[[0xf7][0xad]ZYb[0xc8][0xe3][0xaf]C[0x9d]Li[0xfa] [0x8f]EP[0x15]A[0xb5][0x4]sd[0xd1][[0xae][0xc]GI[[0x8f][0xe9][0xc4][0xd9]|[0x17][[0xe2]*+[0x92][\n]"
2020-11-26 10:40:51 DEBUG wire:72 - http-outgoing-0 << ")[0xdc]y[0xac][0x9d][0xfb]!wO[0xa8][0xef][0xdf][0xcb][0x1f]6[0xe4][0xae]y3[0xa4][0xdc][0xdd]Q[0xd5]W[0xa1][0xba][0xfc]dG|~[[0x99][0x18][0xc2][0xd4]0[0xd2][0xd3][\n]"
2020-11-26 10:40:51 DEBUG wire:72 - http-outgoing-0 << "[0x19]t[0x7][0x89];[0x87]7[0xc9][0x8][0xe6][0xcf][0xfa]B[0xc2]2S[0x17][0x9a][0xc0]z[0xe6][0xc1][0xd8][0xb2][0x13][0xa6][0xcc]jC[0x9e][0x1f]$[0xad]k?[0xf1][0xc4]1o6[0x93][0xb5]a[0xad]R[0xc5][0xf6][0x13]uw[0x90][\n]"
2020-11-26 10:40:51 DEBUG wire:72 - http-outgoing-0 << "[\n]"
2020-11-26 10:40:51 DEBUG wire:72 - http-outgoing-0 << "[0xb2][0xb1]h7[0x90][0x9b][0x3][0xa4][0x94][0xce]&H[0xe0]b[0xcd]`[0x6][0x9a][0x94][0xf4]<[0xd7][0x13][0xe2]`[0xd6]xc[0xbf][0xba][0xd8][0x86]@%[0xd2][0x82]8[0xcc][0x6]8[0xfa][0xb7][0xeb]#f[0x9f][0x91][0xb1]%[0xb4][0xba][0xf][0x14][0x17][0x9e]z[0x4],[0x12]([0xfe]lV~[0xb6][0x7][0x86]*+[0xb1][0x8e][0x94][0xb6][0xe3][0xb8][0xed][0x97][0xf2][0xf0].[0xa4][0xe7][0xef][0xb2][0xda][0x14],[0xf3][0x9c][0xb2]Y[0xf2][0xf8][0xd7][0xf4][0x96][0x1a][0xf9]:[0xe5][0xee][0x97][0xda][0xf1]now[0x95][0x99][0x15][0xf0][0x1d]w[0xf1]X][0xc3][0xeb]Z[0xe4][0x92][0xd1]C[0x98][0xe7][0xca]4<a[0x16]t[0xc8][0xe2]3[0x1f][0xc9][0xfa]#,'E[0xa2][0x11][0xe5]u7Yk"[0xf3]O[0xed][0xa8]F'$c[0x1c][0xad][0x8d]E[0xcb]<[0xa3][0xc3][0xe3][0xbd][0xdb][0xd8] [0x3][0x1d][0x1a]C2[0xe][0xb0][0xc1][0x2]:[0x87][0xaf][0xb1][0xac][0x14]d[0x9e][0x83][0x81][0x9e]'r[0x80][0xac][0xec][0xc0]v[0x5][0x97][0xd3][0x18][0xca]a,[0xf6]*[0xd1]Q2[0xb1][0xcb]W[0x17][0xdf]8[0xd9][0xf][0x92][0xed]xv[0xe6][0xb5][0x11]bP[0xc8][0xd3][0xfd]\[0xd3][0x94][0xde][0xe]H[0x1][0xad][\r][0x96][0xed]2[0x9]^[0xc7]%=x|:[0xf2][0xfa][0xc][0xd5][0x8]c{+d[0xae][0x97]*[0x18][0xca][0x9b]a[\r][0x0][0xbe] [0x9]V[0xc4]Nn[0x99]R[0xa6]8s[0xf2]c[0xd1]=[0xd8]C[0x9c][0xd8]U^O;[0xf9][0x86][0x85][0xa3]7[0xf3][0xee][0xef][0x8b]%e|[0x5]Ok7[0x9f][0x84][0x94]y[0xb4]b;}[0xf1][0xd9]Ali'[0xde]^@[0x1e][0x87][0x5][0x99]2{'[0xa3]p$c[0xef][0x1a]h[0xdc][0xb6]{[0xe]t[0xe8][0xe5]>[0x8]"[0xa5][0xab][0x90]][0xc7]]KJ[0xe7]K[0xba]T[0xd3][0x8b][0xd8][0xf6]8[0x1f]0[0x1d][0x13]rK?[0xf8][0x2][0xf6][0x9e][0xc6][0x1b][0xa7]a[0xb3]o[0xa0][0x3][0xc2][0xc8]x}[0xe8][0xd6][0xbc][0xc6][0x93]+[0x8e][0x5][\n]"
2020-11-26 10:40:51 DEBUG wire:72 - http-outgoing-0 << "[0xe5][0xce][0x17]TW[0x8c]m>[0xe3][0x1b][0xcc]k7[0x84][0xf2][0x8b]([0xea]8G[0xff]u7[0xa4][0xec]=i'[0xcb]OQ[0x11][0xdd]'j\%p?[0xbe][0x85][0x90][0xa5][0xe8][0x1c][0xb5]P8Kz}[0xec] s[0xeb][0x90][0xf7][0xe1]`[0xbe]QA[0xa8][0xbc][0xeb]r[0xf4][0x19][0xd6][0x2]L[0x87][0xa8][0xd6][0xce]V[0x8c][0xe][0xf]X[0xa3][0x92][0xf1][0x13][0x9d][0xcb][0xf2][0xc4][[0x7][\r] [0x92]c[0x1][0x8e][0x85][0xb2][0xe2][0xbc][0xec][0x1f][0x19][0x9d]R[0x6][0x9a][0xff][0xf6][0xde][0xf3][0xb9][0xad]#K[0x14][0xff][0xbc][0xaf][0xea][0xfd][0xf][0xfc][0xf9][0xd5][0x9b][0xda]W[0x96],[0x2][0xcc]3[0xb3][0xde][0x92]%[0x8d][0xad][0xb1]diD[0xd9][0xf3]vk[0xab]\[0x14][0x9]I[0x1c]Q[0x4][0x87][0xc1]ak?[0x80][0x1]$[0xc0][0x0]0g[0x8a]AL[\n]"
2020-11-26 10:40:51 DEBUG wire:72 - http-outgoing-0 << "[0x4][0x98][0x9][0x2][0xc]U[0xef]O[0x99]A[0xdf][0xf0][0xc9][0xff][0xc2][0xef][0x9c]>[0x8d][0x8b]{[0x91]n[0x83][0x4][0x14]f=[0xe5][0xa1]@[0xf0]v[0xdf][0xee][0xd3]'[0xf7][0x9]R[0x3]@[0xb9][0xc1]d[0xaa]<[0xb6][0x11][0xd9]U[0x16][0xc7][0xf2][0x18][0xa0][0xbf]z[0xab][0x1d][0xcc]i[0xfe][0xbc][0xb6][0xbe][0xfa][\n]"
2020-11-26 10:40:51 DEBUG wire:72 - http-outgoing-0 << "[0xb][0xd3][0xe6][0xb1][0xef][0x9][0xaf]>;[0xaf][0xf9][0xa3]`[0xaa]Su[0x84]Kb[0xb3]T-b[0xd2]2V[0xe0][0xbd][0xbb],[0xb2][0xae][0xf4]/I[0xa4]#[0xe9][0x8b]{[0xf1][0xe3]a[0x94][0xd6]K}[0x92][0x9c][0xbd]/[0xc2][0xfa][0xa2][0xca][0xa0]_[0x1f][\r][0xa1][0xa0][0xb7]o[0x16]-h;[0x8f][0x11]h[0x96]z[0xfd][0xc8][\n]"
2020-11-26 10:40:51 DEBUG wire:72 - http-outgoing-0 << "[0xa4][0x90]f[0xd7][0x8f][0x12]P[0xf2]iv[0xbc][0x87][\r][0x9b]W[0xe7]3[0xb1][0x99]l[0xa0][0x1d]X[0x4][0x96]MP[0xa2][0x1d]\[0xf6]<e[0xd2][0xe6]GgT[0xbf]O;[0x9f][0xd3][0xa7][0xf][0xe5][0xca][0xf7][0xd2][0x8][0xd1]C[0x86]3(K3&[0x9b]q [0xed][0x94][0x17][0x92][0xc][\n]"
2020-11-26 10:40:51 DEBUG wire:72 - http-outgoing-0 << ";"E[0xba][0xd8][0xd1]&[0xf][0xe4]K[0xa3][0x8b][0x1c][0x95][0x8e][0xde][0x2]%)[0x91][0x88][0xb2][0xb7][0x97][0x7]=[0xe9][0xeb]3[0xda][0x84]_[0x1f][0xf3][0xe2]9[0xcb][0xf][0xd3][0x86]FY`[0x91][0xce][0x19][0x9d]K[0xa7][0x92][0xe4][0x1e][0x1c][0xd4][0xfb][0x86][0x94][0xb9][0x5][0xc0]A9[0xf4][0xd8]z[0xa9][0xfa][0xfb]Xp[0x89]E',d[0x97]u@l[0x15][0x88][0x14][0x14][0x18][0xd9]7[0xe0][0xdc][0xfd]K[0xca][0xe2][0xb8][0xf4][0x92][0xb6][0xf7][0xb5]y[0xd8]n[0xb7][0x1a];A[0x88]]^[0xa4]VI[0x15]8 [0xf6]cQ[0xfd][0xb3][0x13][0xd5][0x19]r[0xaa][0x19][[0xc3][0xd4][0xbf][0xab][0xce]E[0xf4][0xb5][0x1d][0xbc][0xa1][0x8d][0xae][0xcb][0x9d]</[0x9c][0x80][0xb1]N;]r[0x3][0xe0]8[0x12]d&[0x7][0xe0][0xb9]]5zN[0xef][0x91][0xc3]a*[0x8c][0xcd]M:[0xfb][0xc5][0xb0][0xd3]W[0xc0][0xa8][0xb4][0xe5]e[0xb9][0xb9][0x9][0xea][0xa0][0xce][0xfb][0xcf]$[0x85][0xf9][0xb1][0xee][0x1d][0x12][0xc3][0xe4][0x10][0x10][0x13][0xca]@'[0x96][0x1d]P_[0xf7][0xdc][0xd5]ZW[0xd2]Z[0xf7][0xa3]E[0x81][0xb9]@[0xa5]1[0x19][0xd1][0xe7][0x1f][0xc0][0xd0][0x16][0xee][0x0][0x92]Z][0x9][0xf6][0x85][0x9e][0x9b][0x6]k[0x3][0x94],[0xb9][0xf3][0xde]9[0xd5]N[0xd7][0xf3][0x18][0xa0][0xaf][0x85][0x94][0xc9][0x19]e![0x9c][0xc7][0x18]6[0xb4][0xc]h[0xc2][0xbc] [0xcc][0xe4]8[0x9c][0xd9][0xed]g'%'[0x6][0xb1][0xca][0x83]I[0x86]][0xfc]Hd[0x82][0x80]9[0x1f][0x14]^[0xa8]X[0x8f][0xb2][0xd3][0xa7]xbv[0xbb]Y[0x9b]R[0xf7]W[0x92]c[0xa4][0xc0][0xbc]5[0xae][0xbc][0x1c][0xcd]o[0xc];[0xa3]{[0x16]-~[0xb2]<[0xde]6[0x1f]V^-[0xa3][0xa9]:&[0xc7][0x8b][0xe8]=[0xf1][0x8][0xd6]$[0x89]G<[0xfa]xHJF[0xe8][0xa3]+[0x86]][0xf][0xcb][0xb3][0xdb][0xd2]vP[0x8f][0x8d][0xc0]Ou[0xe6]Tv[0xc]-C[0xa4][0xe5][0x99][0xe3]9[0xf2][0xc7][0x8][0x99]R[0x1b][0xf4][\n]"
2020-11-26 10:40:51 DEBUG wire:72 - http-outgoing-0 << "[0xea][0x88]e[0xe9][0xfe][0x9e][0xe3][0x96][0x1][0x9f][0x9b][0x4][0xc5][0xf4][0xa5]5m0[0xeb][0x0]^<}[0xe9][0x4][0x84][0xf][0xef][0xa9]gw[0x8d]D[0xce]'[0x91]6,[0xe3]s0;I[0x85]q#[0xc5]<[0xa6][0x96][0x94][0xa1]E[0xb6][0xfc][0x6]9[0xbb][0x8c][0x3]P0[0x2][0xde][0x7]0[0x1f][0x9e][0x3][0xb6][0xc6][0x8c]`8[0x99][0xf4][0xd4]lo[0xb][0x1d][0xb2][0x1d]o[0xa2][0xd9][0x6][0xe].[0x86][0xf][0xae]R[0xaa]vHV?Mv[0x9d]2[0xa3][0xa3]&[0xbb]m[0x9d][0xee][0xa9][0xc9]>[0xf5][0xfb]p[0xd5]\[0x4][0xb0][0x12]7[0x11][0x1f][0xb1][0xcf]P@+w[0xcd]$[0x99][0xab]@4*Ow[0xd4][0x5][0xf]j1[0x96][0x8a]-[0xd9][0x84][0xe6][0xf2][[0xe0]([0xf7][0xee][0xdf][0xfa][0xe6][0xcb];[0xc2][0xd5] 3[0xc]@[0x1c]?[0x1d][0x2]3[0x99][0x5][0xba][0xe8][0xca][0xc6][0xda]f8[0xdb]0~[0xdb][0xa1]L[\r]h[0xa7]oi[\n]"
2020-11-26 10:40:51 DEBUG wire:72 - http-outgoing-0 << "[0xa9]a[0x85][0xf2][0x9c][0x16][0xb8][0x1a][0xa2]L[0xad][0x96][0xb3][0xd7]j L[0x2][0xd2][0x2][0xd8][0xec][0xd4][0xb]f[0xf8][0xce][0x4][0x8c]`[0x83]Q9[0xa3]X[0x0][0xd5]?[0x86]2^[0xea][0x1d][0x0]}[0xbc][0xb3][0xa3]UqKF[0xee][0x18][0xa4]\[0x98][0xb9][0xeb][0xa0][0xca][0x0]-[0xc5]!k[0xb3][0xaa][0xfb][0xb5]6[0xf][0xfc]{[0xc2]Q[[0x1c]4[0x90]) [0xf3][0xf][0xec][0x84][0x92]9t[0x19][0x10]aWn^[0xa1][0xc]5[0xfe][0x1d][0x8f][0x14][0x99][0x13]@[0xd9][0xea][0x6][0xa8][0x85]`[0xa8]j[0xfd]]([0xf8]l3[0xb8][0xc8]P[0xf8][0xf6]6Y[0x87]4[0xd0]N[0xbf][0x19][0xe9]AEe>[0x1a]?_P[0xfa]W[0xe5]Xk[0xcf][0xba]v[0xb4]`s[0xa1][0x9d]p[0xd9][0x9d]k[0x1b][0xa3]4@[0xf5][0x1f][0xdb]g[0xf7][0xe5]r[0x85][0x16][0xb8][0xc8][0x9c]L[0x1][0x9f][0xf][0xc6][0xbf][0x96][0xdd][\r][0xfc][0xdf][0xc6][0xc1]&[0xa3]J[0xc8][0x9c][0xa9][0xea][0xe1][0x91]S[0x7][0x9d] [0x8e][0xd4][0xd5][0xa8][0x8]L[0xcc]C[0xca][0xf][0x0][0xb][0x1f][0x91][0xa2][0x94]o[0xbf][0xfb][0xb3][0xb6][0x8f][0xce][0xac]<T[0x9][0xf5][0xf5][0x14][0xb][0xbe][0x14][0xcc][0xe2]|[0x81]mM[0xdb][0x1d]e6o[0xf3][0x5][0x9d][0xcd][0x5]&3[0x99]2P[0x4]X}vX[0x9b][\n]"
2020-11-26 10:40:51 DEBUG wire:72 - http-outgoing-0 << "[0xca]5j[0xa0]g[0xb5][0xd3]}6<"[0xa7][0x1b]`![0x95][0xe5]^[0xe4][0xac]\[0x1b][0x94]SA[0xc0]&[0x7]="[0xc3][0x88][0x14][0x97][0xa7][0xc]Q[0xc9][0x9c]`[0x11][0xbc][0xc7][0xbf][0xba]][0x8b]@[0x8d]2[0x95][0xbf][0xe2]'[0xd3]J[0xf7][0x12][0xf3]Eh[0xdd]%[0xb6]Z7o[0xfd])[0xd4]gn=K[0xde][0x95]s[0xe9]#[0xae]9[0xf2][0xc6]J[0x99][0x9d]`[0xea][0x91][0xd7][0xaf]v[0x86][0xa5]hW[0xe9][0x9f][0x0][0x1b]S[0x9b][0x99][0xc5]l2)}[0xab]3[0x8c]zf[0xef][0x91]2;)[0xa5]ma[0xcd][0x16][0xf9][0xf5][0xdc][0xff][0xe2][0x1][0xbd]An[0xf5][0x1c][0xfe][0xa2][0x86][0x9d][0xc][0xd1][0x80][0xd1][0xae]wob[0x3][0xa4]U[0xfe][0x1f][0x98][0xfc]R[0xe].>[0xcc]|[0xe6][0xbc][0x10][0xc3]d[0xca][0x97]EB_[0x99][0xb4][0xb9][0x1c][0xbe][0xe8][0xec][0xf2]$[0x87]3:[0xbb][0xce]V[0x1c]o[0xb4][0x14][0xf6]K[0x0][0x82]T[0xf][0xc4][0xea][0xed][0x1e]9[0xe1][0xc5][0x7][0x0][0x1b][0xd5][0xc7][0xa2]R[0xfa]M<[0xb2][0xc2]Vw[0x84][0x8a]c[0x84][0xce][0xdb][0x87]\M[0xce]3_[0x1f][0xb5]|[0x94][0xa4][0xcc][0xfc][0xaf]$[0xfe][0xb1][0x9c][0xf7][0x17])[0xa2]-[0xd3][0xae]}[0xea]P[0x9f][0xda][0x7]5*/[0xdd][0xab]o[0x4][0x19][0xcc][0xc2][0xb0][0xb6][0xbf])[0xac]S9[\r][0x8c]B[0x84][0xf8]8[0xa9]c[0xaf][0xad][0xad]5[0xbf]E[0xce]t.[0x8e][0xff]][0xca][0x8f])[0x15][0x93][0xf7][0xa1][0xde][\[0xe4]&!KIl[0x99]v[\n]"
2020-11-26 10:40:51 DEBUG wire:72 - http-outgoing-0 << "<W([0xf][0x16][0xa0][0xcf][0xa2][0x97]B[0x99][0xf0][0x81]%[0xe][0xba][0xa3][0x1c].[0xd0]K8[0xec][0x4][0xa2][0xca][0xb0]'}[0xfa][0x0]S`2[0xac]-oP[0xc8]\[0x81][0x93][0xd3]2[0x1e][0x89][0xb2]`[0x98][0x2][0x97][0xc9][0x1c][0x92][0xdb][0xe2][0xea],f[0x19][0x9c][0xae][0xd0][0xc5][0x80][0x9c][0x8f][0x1b][0x18][0xfc][0xc2][\n]"
2020-11-26 10:40:51 DEBUG wire:72 - http-outgoing-0 << "r`[0xc0][\r][0xf9][0x13]`[0x9e]Qmc[0xb4]0`[0x91][0xe9]2[0xdf][0xd3][0xaf][0x4][0xd6][0xf2][0xc1][0x90][0xa9]-T$[0x97][0x8e][0x94][0x85]e)8([0x93][[0xec][0xc4]C[0x3][0xe4][0xc4][0xd0][0xe2]8[0xef]v[0x1d]b[0x9e][0x13]9[0x90][0xf9]f[0x8d][0x1][0x97][0xac]3/sOK[0xb2][0x8b][0xd8][0x97]:[0xb7][0x8f][0x16][0xaf][0x14][0xbe][0x8f][0xcf][0xaa]][0xc7][0x94]j"[0x7]8[0xe]2[0xac][0xf8]5[0xec]c[0xc7][0x87]rH[0xe7][0xeb][0xd5]^v[0xa9][0xfe]>%t [0x7]l[0xfe][0x12][0xde][0xb6]t[j@<2[0x80]{[0x88][0x6][0x81]x[0xa5][0x96][0xa4][0x85][0xce][0x80][0xea][0xb4][0x83]#[0xbc]][0xbb][0xc]B[0x97]I[0x15][0xac]#g[0x85]>[0xde][0x89][0xee]`)[0xec][0x19][0xe][0xc3]C8[0xec][0xbc][n[0xc0][0xc2]0[0x86][0x88][0xf0][0xb4]6[0xa9][0x1]*[0xe8][0xfc][[0xc3][0xb0][0x1d]9g.[0xa5][0xf4][0xec]x[0xe3][0x91]-[0xec]}{:lE[0xaf][0x2][0x97][0xf][0x97]IT[0xe5][0xab]`[0xf3][0xdb][0x98]i[0xc3]o[0xd1][0xec][0x90][\n]"
2020-11-26 10:40:51 DEBUG wire:72 - http-outgoing-0 << "L[0xce][0xfd][0x81][0xaf][0xee]=,[0xbf])[0xf5][0xbc]6[0xb5][0xaa][0x8d][0x8f][0xe5]sA7[0xd1][0xa5][0xbe][0x8a]f[0x1a][0x90]7N[0xc9][0xe4][0xb1][0x8a]^$y0[0xf1][0xa3]5[0xec][0xb6][0xce]%[0x80][0xd4][0xa1]S~[0xf][0xa9][0x87][0xf1]H@[0x99]>SW[0xed][0xa2]9[0xbe][0xb9][0xfa][0xc4][0xdd][0x8c][0x1d]yg{[0xe8]yL%[0xe6]3\[0x18][0x18]R][0xd1]#[0xdd][0x18][0xb7][0xc5][0x8b][0xb8]P[0x9]+9[0xaf].[0x1f][0xc6][0x2][0xb3],[0xba].G[0x7][0xf4][0x9e][0xcd]ee`Qn[0xc0]\[0x14]h[0x1e]y[0xec]l[0x8f]$gZ[0xe6][0xd9][0xa0]clkZ[0x9a][0xc6][0xb2][0x0]N[0xe6]r[0xdd]7[0x8b]7l[0x1c]p[0x92]rm[0x81]m[0xc]`[0xa1][0x9c][0xfe]C[0xc5][0xd3])[0x7][0x4][0xfe][0x12][0xe2]!Xn[0xbd]{Z[0xed][0x99][0xb1][0xa3][0xa6][0xbe]![0xd6]?[0x97][0xcf]=[0xbc][0xe9]%[0xca][0xc8]+0[0xad][0x8d][0xf1]v#[0xfb]7[0xe1]Ql'tr[0x8c]c,[0xee][0x9c][0xfc]+{[0xcb][0xd8]^[0x7][0x3]Zx[0x82]|[0xcb]rK\[0x9d][0x15]7[0xc8]y[0x8c][0xf1][0xf5][0xa2]W[0x99][0x1c][0xd8][0xfc]6![0x8f][0x9b][0xe]B@3[0xf8][0xaf]([0xf3][0x1e]5[0xe6][0xcb]c[0x1][0xaa][0xff][0x15]p([0xdd]3[0xca]k[0xc0][0x5][0xf3][0x9][0xc5]([0xe8][0x89][0xc8]d[0x15]a[0x91][0xe9][0xc1]I[\n]"
2020-11-26 10:40:51 DEBUG wire:72 - http-outgoing-0 << "0[0x92][0xb5]1[0xc8][0xa8]5[0xc6][0xc8]][0xa0][0xfa]z[0xd5][0xae][0xc8][0x1f][0xfe]o[0x1e]|[0xfb][0xf6][0xad][0xda]<|[0x81][0xd4][0xf3]F[0xfa]i[0xac][0xf7][0xda]I[0xd3][[0xcf][0xb4][0x90][0x12][0xdd])[0x95][\n]"
2020-11-26 10:40:51 DEBUG wire:72 - http-outgoing-0 << "s[0xbf][0xf6][0x1][0xd8]C[0xa0][0xc7]IZ?[0x18]j[0x3]c[0xe4][0xb8][0xea]F[0xaf][0xfa]zJ[0x1d]x[0xb]B)[0xf][0xd0]k[0xe7]/[0xd0][0x10][0xc9]`[0x93][0xe5][0x8d][0x84]2[0xc9]#[0xcc]7[0x87][0xb9][0xcf]][0xc7][0xb4]D[0xa9][0x4]z[0xb5]wS[0xed]~C[0x3][0xf2][0xd0][0xc6][0xf3][0x0][0x82][0xfa][0xb2]S[0x1f][0xeb],[0x80][0xf1][0xe7][0x90]s[0xf][0xf0][0x96]l[0xc2][0x4][0xc8][0xc3]OH[0x3]N6[0x90][0x18][0xe5]},[0xea][0xe2][\n]"
2020-11-26 10:40:51 DEBUG wire:72 - http-outgoing-0 << "[0xd6][0x10][0x6][0xd2][0xcf]C[0x91][0xf2][0xbe][0x5]v[0x96][0x7][0xc8][0xb1][0x8d][0xb1][0xaf]7[0xd3][0x80][0xbc]!([0x15]XO[0xb1]hylh~[[0xdb][0x1d][0xcc][0x7][0xd8]3[0x18][0xb0]+[0xae][0x91]S[0xb9]e[0xfe]{[0x92][0x89]L[0x9f][0xdb]E[0xc7]E,[0x8a][0xba][0x97][0xff][0x8d][0x12][0xc][0xe6][0xb3][0xdc][0xc1]U[0x16][0x18][0xc8][0xe3][0xc0][0xb0][0x86][0xc3][0xd2]Q[0x86]7[0xe0][0x8f][0xdf]<i[0xff]][0xee][0x5]bi[0xcf][0xe5][0x17]l{[0xdc][0xfa][0xca][0xfc]*[0xdd][0xc1][0x9c][0xef][0xa8][0xda][0x1d][0xbe][0xe9][0xd7][0x92]w[0xff]8%[0xef](Z[0x9f]tL[0xbb][0x9a]w[0xed].,[0xb][0x97]O[0xd5];[0xeb][0xec][0xc5]*{[0x87][0xeb]*V[0xe1];[0xf3][0xe]$j[0xde][0x89][0xf2]g|E[0x8d][0xed][0xf5]u[0xf0]O}[0xf3][0xb5][0xc5][0xdf][0xff][0xb3][0xe9][0xe7][0xdf][0xd4]=o[0xf9]]s[0xc7][0xf3]G[0xae][0xd6]q|R[0xd2][0xea]j[0x2][0xd2]s?v75[0xb9][0xcc]U[0x16][0xcd][0xbc][0x88][0xf][0xa8]6[0xde][0x85][0xd6][0xff]N[0xca][0xe5][0xe5]>[0x86][0x8b][0xae][0xfc][0x83][0xa8][0xa2][0x87]{ho[0xcd]][0x9a][0xd0][0xbc][0xea][0x8f][0xa9][0x94]^6b#M@[0xa2][0xa2][0x9e]2[0xef][0xfb][0x10]*[0xea]e[0xa8]dV*[0x15][0xf9]}[0xff][0xe7][0xf6][0xa7][0xee]f[0xda][0xa0][0x1a][0xb][0xea][0xaf][0xb1][0x1][0xb1][0x8d][0xfe]Q[0xef]v?kt]ms[0xb5][0xb5]5[0xc2]X[0xcc][0x8a][0xb2][0xeb]1[0xd2][0xee]~[0xe6]Jy2[0xd7][0xc5][0xa5][0x84][0x1e][0xce][0x1f][0x17][0xab][0xdf]x[0xa9][0xf7][0xf5][0xdb][0xc7]m%[0xc6][0xdc]xZ[0xd7][0xfa][0xdc][0xce]g[0xcf][0x9b](|{[0x1b][0x83][0xa4][0xc1][0xdc][0x1f][0x9c][0x14]8P[0xb4][0x8c][0x9b][0x1a][0xc9][0xe3][0xe2][0x8b]G?7o[0xd7]#*[0xe5]Q[0x8f][0x8d][0xd9][0x1e]e[0xc0][0xcf][0x82][0x93][0xd8]n+8[0x1c][0x8f][0xae][0xda][0xe9][0x91]`<[0x6]_[0x9a][0x99][0xbc],[0x6][0xa8][0xe3][0x7][0xe4]eLk[0xb4]s[0xb9][0xf3]T[0xe][0x82][0xda][0x86][0xf]+[0xad][0xbd][0xda][0xc1]D) [0xc4][0xa8]][0xd4][0x1e][0x9d][0x94][0x19][0x8f][0xa5][0xee][0xa1]i[0x18][0x96][0x90]?Z3[0x83][0xa0]x'\-u[0xc2]Fik[0xd2][0xcb]E[0xec][0xc6]N[0x8c]mwj/[0xbd]v[0x9b][0xe2][0xd6][0xc0]}7j[0xba][0xa2][0xcf][0x1d][0x86][0x80]p0[0x9a]O;[0xf][0xc4]`[0x91][0x88][0xb6][0xd1][0x89]N[0xf9][0xf0]DZ[0xb][0xa0][0x8b][0x9e][0xb6]8[0xb3]{"[0xc4]Y&8S[0x9c][0x17][0x87][0xe]a[0x87]d[0xfa]3.[0xec]zKKc[0xc7][0xf3]b[0x1c]jU[0x1e]\[0xf6][0xd3]?[0x0][0x97][0x6][0x6][0x3][0xb][0x8e]<w[0xd7]?[0x93][0xaa][\n]"
2020-11-26 10:40:51 DEBUG wire:72 - http-outgoing-0 << "[0xff]ec[0xbb][0xcb]%[\n]"
2020-11-26 10:40:51 DEBUG wire:72 - http-outgoing-0 << "[0xa4][0xfb][0xa7]U[0xdb][0xaa][0x92][0xb5][0xba][0xa3][0xec]m2o[0x1e][0x99]B[0xd2][0xd4][0xe9][0xd9][0xc0][0xe2]K[0x1c]-[0xac]e[0xd2]s[0x9f]Y[0x1a][0x9b][0xc9][0xe3][0xe4][0xfe]x[0xd7][0xd5][0x9e][0xa8][0x85]V[0x8c][0xf3][0x93][0xcb][0x8f]2[0xc9][0x81][0x8b][0xb0][0xcb];[0x8d][0xcd][0x1d]?[0x91][0xaa][0xc1]B~ [0xe3][0x9f];[0xec][0xe4][0xf][0xe0][0x87][0xbb]8[0xcd][0x14]D[0x98][0x9e]Lv[0xb5][0xe9][0xbc][0xb5][0xd3][0x18][0x9b][0xe8]e[0x8b][0x1][0xa3][0x91][0x8e][0xe2][0xb3][0x8b][0xff]73WYP]D[0x1f]1#X[0xda][0x98][0x2]w[0x8b][0x97]k[0x7][0xab].[0xa3]S@[0xa8][0x92][0xc3][0x1][0xf5]M[0x98][0x9a][0x88][0xe5][0xb1][0xf9]?[0xd6][0xde][0xfb]F$[0x9f][0xcb][0xf8][0x84][0xcc]C[0xbf]mnl[0x8]J[0xbb][0x15]r[0xe2]f~[0xf0]N[0x88][0xa8],[0xc3][\n]"
2020-11-26 10:40:51 DEBUG wire:72 - http-outgoing-0 << "[0xdc][0x93]XFh[0xa6]q&[0xb4][0xdb][0x82]v[0x85][0x16][0xd1][0xe8]i[0xcb]C.[0xfe][0xd9][0xf5][0xa8][0xd6][0xd5][0xfa]Cc[0xbd]+[0xd3][0xa0][0xfc]o~d"g[0xfa]F[0xb4][0x17]C[0xea]p[0xaf][0xb6][0xbf]"[0xaa],_P[0x8e][0xf7]/a [0xac]-[0xe][0xd2][0x98][0xbb][0x86]x[0x92]n[0xae][0x9c][0xc5]{*[0x93][0xa2][0x91][0xbe]G[0x13][0xe7][0xb0]Y[0xef][0xad]'nv[0x16]B[0xde]d(:[0x97][0x1a][0x9c][0x1][0xba][0xe9]0"V[0x13][0x8][0xb3][0x95]n[0x82][0xf][0xce]"X[0xe2][0xaf][0x1d]C~u[0x9f][0x16][0xd1]}[0x8a]<[0xf2][0xf5]h[0xfc]t[0xec]SuqK[0xdb][0xe8][0xc5][0x94][0xfb][0xb9]}etK;[0x1f][0xd6][0x86][0xd7][0xec]<[0xaa]?=[0xcf][0xd3][0xa1]j[0xfb][0xbe]b[0xf9]Xa[0xa5][0xc5]r[0xb1][0x1a]{[0xa2]=[0xd0][0xd2][0xff]+ey[0xf4][0x1b]iv[0x1]i[0xb4]>s[0xb5][0xdb]7[0xc8][0xc8][0x0]N[0xca]r[0xb5][0xbc][0xee]#[0xf1][0xb2]f[0xdf][0xcc];[0xed]P[0x2][0x98][0x92]lQr[0xf1][0x3][0xf8] [0x9c][0xad][0xce][0xaa][0x8b][0xef][0xe0]cp[0xbc][0xda]{T?[0x90][0x1e]%[0x19]{C[0xc8]DO[0xa9][0xab]g[0xea][0xd9]*q[0x96][0xaf][0xef][0xdf]f[0xd1]q-[0xbc][0xc6][0xd6][0xbb][0xe2][0xa7][0xd6]R[0xfb]9[0xaa][0xdc]x[0xe2][0xc7][0x18].[0x8e][0xc1]h[0xa6][0xc9][0x0]*[0xa8][0xe4][0xfa][0xc7][0xc0][0x10]%[0xc][0xb]M[0xdb]M[0x6][0xba][\r]b[0xe5][0xea][0x90]:[0x87][0x1d][0xef][0xb1][0xa9]q[0xd7][0x89][0x1a][0xf2][0xb0]@o<[0x1a][0x2][0xf8][0xe2][0x97][0x3][0xe7][0x80]4[0xfa][0x9b]im[0xf2][0xb5][0xfb][0xf1]cW[0xab][0x9d]e~[0x16][0x2][0x81][0xcd][0xbc]o[0xe3]'S,x[0x14][0x8f]Di[0xc9][0xda]zg<[0xda][0xb]Z&l[0xbb][0x8][0xb6][0x0]vP[0x91][0x88][0xd0][0xc0]z[0x11][0x83][0x9d][0x4]8[0xd8][0x93][0xb2][0x1f][0xd3][0x8e][0xba][0xa9][0xf][0xbd]2[0xef][0xc1][0x14]R[0x1e]0[0xf6][0x9b][0xe7][\r]umO'[0xfe]a[0xf3][0x9b][0x18][0x16]z[0xb6][0xca]|[0x0][0x97]7vP[0xa5]F[0x97][0x18][0xc6]08I[0xce][0x8c][0xbf]{[0x6]Yh[0x1][0xfe]S[0x3][0xaf]x[0xf][0xf5][0xad][0xbf]{[0x86]h[0x11][0xf0][0xb0]r[0x10][0x0][0xb0]h[0xe1][0x98][0xdd][0xc4]x[0x8]|V[0x1a][0xca][0xb][0x95][0xf9][0xb0]'j[0xac][0x7][0xb4][0xe4]J`[0xef][0xb0]t[0xe6][0xb3][0xb]O[0x14]h[0xb3][0xd1][0xc3][0xe3][0x11]^a[0xbd][0x8e][0xe1][0x0][0xb6]([0xe5]h[0x88][0x9d][0x9f]cQ5[0xd6][0xa3][0xc6][0xfa][0xa8][0xb]{qNK&[0xac]J[0xb4][0xc][0xf5][0xf5]*o[0xcf]0[0xf0]'8[0x9d][0x84]g8[0xa6][0xf8][0xcf][0xf4][0xf1]u}w[0x15]N[0x11][0xb0][0x1e]@[0xaa][0xc] [0x82][0xd9][0x9e][0xf][0x9f]Od[0xb2][0xf1][0xa1][0xec][0xdc][0xab]/[0xc7][0xb4][0x83]m[0x16][0x1a][0xc4][0xa6][0x81][0xde]M[0xe5][0xa0]3[0xc9][0xe7][0xb2][0xcf]D[0x90][0xe4]+[0x13])[0xac][0xc1]~q[0xae][0xa1]e[0xc]q[0xa6]h[0x1e][0xde]@[0x1b] [0x8c][0x18]7[0xe1]S[0xfa][0xfb][0x95][0xc0][0x86][0x99]x)[0x1e][0xd5][0x8e][0xb0]B@[0xf6][0xaf][0xd9][0x99][0x97]y[0xc7]yc[0xcf]W[0xd4][0x83][0x1d][0xb3][0xe9]}@g<[0xf][0xc2][0xa6][0xf8]F[0xe2][0xb1][0xb7]E:3[0x99][0x4][0x18][0xf3][0xbe]f{[0xb4][0xe5]A`1[0xa4][0xf9][0xfd]r2{[0xbb][0xf6][0xde][0xbd][0x1b][0xd4]=Z[0x12][0xb8][0xa4][0x84][0x85][0x6][0xb1][0x6][0x80][0xdc][0xa1][0x8c]oV[0xfc][0xd9][0xf1][0x15][0x11]2OZ[0x18][0xb2][0xac][0x89][0x3][0xcd]6[0xea][0xc6][0xaf]z7h[0xb1]|[0xe9][0xf1]X[0xa0][0x94][0xf9][0xb6][0x1d][0x82]:[0xf8]|[0xc5][0x80]q[0xa9]T[0x9c]Y[0xfc]d[0x9b]yN[0x1c][0xa5][0xf1][0xe8][0xf9][0xa7][0x96][0xbd][0x99]0[0x1b][0xd8]x[0xb2][0x83]pvq[0xc2]Y[0xb2][0xe0]'[0xeb]][0xec][0xfc][0x0]Y[0xbe][0xff][0xc][0xf6]J_[0xb2][0xe0][0x88]vp[0x84][\r][0x99][0x8d]"86'[0x6][0xdc][0x12][0xa3][0xcc][0x82][0x11]Z[0x93]>v[0x86][0x89]J[0x91]-[0xc5][0xcf][0x9b]k[0x82][0xd8][\n]"
2020-11-26 10:40:51 DEBUG wire:72 - http-outgoing-0 << "[0x84][0xb5]~ [0x99][0xfe][0xf8][0xe9]9[0x1b][0xb1][0xcd][0xf0][0xe3]\[0x89][0xf9][0x80][0xdd]m[0xc5][0xa3][0x1b]l[0xac][0xf3][0x9a][0xf0]=L[0x87][0xd9][0xf0][0xba][0xee][0xe9][0xc2]t[0x9e][0xce][0xd9]b[0x9e][0x89]L[0xe4][0x9a]:~[0x0][0xe2][0xd4]l[0xfd][0xe0]V[0xb9],U<[0x1][0x10][0x80][0xb0]F[[0x0][0xf2][0xd1][0x89][0x99]"[0xcc][0xbb][0xc7]v[0xa7][0x10][0x81][0xc7]s[0x99]N[0xde]4[[0xb1][0xee]][0x3][0xb2]3Ofpw[0xca][0xfd][0x8e]G[0xfa][0xc9][0xf]"[0x11]r[0x9][0x90]5[0xed][0xcc][0x98]H[0xeb]{[\r][0x9c]F[0xdd]=[0xd3][0xce][0xe7][0x8a][0x4]t[0x19]u[0xca][0xb4]G[0xac][0xb3][0x1e][0xdc]F[0x96][0x13][0xc6][0x6][0xed][0x82][0xfe][0x83]][0x9a][0xa7][0xdb][0x96][\n]"
2020-11-26 10:40:51 DEBUG wire:72 - http-outgoing-0 << ""}[0x18][0xf0][0x8d]I[0x97]a[0xeb]n[0x17][0xf3]:2[0x10][0x1d][0xc1][0x11],[0x17][0xc7][[0xc4][0xe3]M[0xeb]|[0x14][5[0x9b][0xa5][0xbb][0xd4]V[0xce][0xbd]l[0xb5]O`[0xd1][0xe9][0x88][0xfa]f[0x86][0x9a][0xd0][0x16][0x7][0xd0]R[0xbd][0xab][0xd3]0[0x13]7[0xcb][0x91]S[0xb][0xef]+[0xd3][0x81]<[0xe1][0x84]e[0xa6]F[0xa6]Y[0xc8][0x8f][0xfd]~G[0x7]IZ[0xda][0xe2]5)([0xfe]1[0xdd][0xb3][0x14]?]B[0xfa]2[0x3][0xcd]b[0x16]f[0xd5](z[0x95][0x89][0xed][0x94][0xc5][0xe8]S!}e[0x1a][0x8f]kp[0xc4]tqQ[0xe0][0xbe]M2<$[0x13][0x94][0xc9][0xa1][0xce][[0xbe]-[0xe7][0x3]e!9[0xc9][0xc2][0xf0][0xee][0xe1][0xbd][0xdf][0xd8][0xeb]xt[0x8e][0xe6][0x93]@m[0xc1][0xb6]|[0xaf]P[0xc3][0xe0][0x83][0xe8][0xca][0xce]2=[0xe7]![0xc9][0xc9]d[0xb8]#[0xa8][0x1]z[0xd7]KX[0x9]M[0xa1]E^aO[0xf7][0xc4]F[0xd9][0x82][0x9d]c[0x9e]|[0xa9]0[0xb][0xf0][0xa6]x[0xc4][0x13][0x8f][0x9d][0x9a]g[0x17][0xb3][0x80]$|1[0x8c]U[0xc2]F[0xfa][0x8b]s[0x9e]RT[0xc3][0xd7][0x5][0xaa][0x19]z[0x8c][0xbc]1[0xc5]7[0xac][0x85][0xb6]a[0xe1]`[0xa9][0x1][0xd5][0xc0][0x7][0xf3][0x3][0x9c]s[0xed]k[0xe1][0x85][0xf8][0xf1][0x80][0xde]9f[0xaf][0xe6]d[0x9e][[0xe9][0xeb][0xd2][0xf6]7[0xf0]Cp[0x18][0xeb][0x91]E[0xd6][0xe1]Wa6[0x0][0x8c]e[0x9a][0xf4]e[0x9b][0x9a][0xcd][0xfb][0xd4]][0xca][0xb2][0x89](A0![0xaf][0xda][0xf5][0xdb][0x17][0x88]4S[0xb1]y[0xa2]x[0x4][0xb0]3[0xaa][0xfa][0x8f]5[0xff][0xae][0x4]B[0x1][[0x8c][0xae][0x0][0xa8][0xb4][0xa3]p* yi[0x1e][0x80]1[0xeb][0x9f][0x3] [0xb0][0xa1][0xbe]"a[0x80]L[0xec]w[0x10][0x93][0xb5]Ax[0xab][0xd1][0x1d]T[0xda][0xf][0xb6][0xb5][0xf3][0x11]3[0xba][0xd2][0x92][0xf3]9[0xec][0x84][[0x12][0xef][0x11][0x13][0xe4]7[0xab][0xc][0xcc][0xb1][0x1]{ae7[\r][0xf9][0x19][0xf3]@[0x8f][0x8c][0xb3]X[0xb8]y[0x81][0xa3]dd[0xd4]c3|[0xf5][0xa9]}[0xdd][0xe3]7([0x8c][0x1a][0xcb][0xcb][0xc1][0xc9][0x98][0x0]E[0x1d][0xd8][0x11][0xb1]#[0xb9][0xd1]%[0x15][0xea][0xc6][0x10]E[0xc6][0xe0][0x1b][0x89][[0x82]"<[0xee][0x91]|{[0x1a][0x13]w:0?[0xa4]w[0xe]l[0xf6]"[0xc5][0x1e]I[0xf5]HL[0x2][0x85][0x8b][0xde][0x10][0xc2]et[0x90][0x96][0x18]?[0xdb][0xd0][0xfb][0x86]d[0x8c][0x84][0x14][0xd8]r[0xeb][0x15];Ou[0xdb][0xb6][0xee]+a[0xa7];ll[0x88][0x86]([0x87]>m[0xff][0x98][0xf5][0xee]!Pa!sK[0xea][0xfe]R[0xfe][0x7][0x8b][0x95]}[0xc7]:-[0x7]Sh[0xd8][0xca][0x14]w4[0xb]0[0xee][0x92][0x0][0x85][0xf][0xab][0x90]r[0xd8][0xda][0xea]E[0x9][0x81]HC[0xd5][0xd8][0x98][0xb2][0xb0]H[0xee][0x6]}[0xfa]PH[0xd9][0xf3][0x19]e[0xe9]H;ZL[0xea][0xeb][0xd9][0xe1][0x9c][0xbe][0x1c][0xf2][0x11][0xa2][0x13][0xcb][0x1b][0xc9][0x7][0xc8]4ZX[0x82][0x9d][0xe7] [0xdc][0x95][0xc1]>6T[0x94]:[[0xd5]R[0xa5]l[0xd2]W[0x7][0x87][0xcf]|[0xa3][0xf1]H7[0xb5][0xe7][0xcd]g{D[0xe5][0x2]DkSX[\n]"
2020-11-26 10:40:51 DEBUG wire:72 - http-outgoing-0 << "U[0xce][0x5][0xc5][0xe7][0xa0]qpP[0xc2]j[0xc]-[0xc3]:[0xc]cQBCKjB$S[0xc1]H8[0x9f][0x3][0x95][0x88][0xcd]G[0xd3][0xb7]i[0x92][0xa9][0x85][0x8d]q[0x93][0xa9][0xb2][0x9f]DQ[0xda]^[0xef][0xc][[0xb3][0xa8]mt[0x8][0xd4][0xc2][0xda]V1[0xed][0x9f][0xd4][0x17][0xf7]`[0xca][0xf8][0xd9][0x0]LYb[0xec][0x1e](&[0x85][0xc2][0xf3][0x1]b[0xb6][0xa5]i=[0xb3][0xc9][0xde][0x11][0xd9][0xa7][0xe9][0x9c][0xd5][0xe][0xf7][0xb0]hQ[0xf8][0xcc]PH[0x4][0x96][0xf8][0xd1][0x82]g}[0xbd]`[0xd4][0xd9][0xc8]V}k\{[0x2]V[0x8a][0xd6][0xdf][0x95]2[0xb]jo[/1[0x19][0xd9][0xec][0x6][0xcb][\n]"
2020-11-26 10:40:51 DEBUG wire:72 - http-outgoing-0 << "[0xa3]y?[0xbc][\r][0xeb])u[0xbd]L]Nt\[0xf1][0xac][0xa1][0x8d]j[0x80][0xba][0xd0][0x18]!Q[0xe6]-[0x9d][0x15][0xab][0xcb]o[0xe1],@i[0xe3][0xaa]f[0x94][0xcd]o[0xa3]e[0xc8][0xb][0xe2][0xeb][0xde]![0x89][0xbb][0x91][0xf4])[0xb5][0xd3][0xb0]>[0xef]Qv[0x10][0x96][0xa2][0x87]6[0x8][0xac][0xd3][0xb0][0xf6][0xd2][0xcb]"[0xdd][0x17][0x9b]r[0xbb][0x1b][0xd3][0x18][0xf8][0x19]h[0xcb][0xf6][0xa5]X[0x13][0x18][0x90]z[0x9a][0x1c][0xdf]k[0xd8][0xea][0x86][0x85][0xeb][0x14]:[0xfc]T"[0x88][0x8]o7[0x87][0xba]Yp:[0x1e][0xe9][0xc3]d[0xd2][0xed] [0xb5][0x1e]b[0x93][0xf3][0xcc][0xbf]A[0xa5][0xab]lw[0xd9][0xf5]F[0xf7][0x1e])S[0x87]l{[0x16]at0[0xc7][0x86][0x80]h[0x6][0xb0][0x94][0xd5][0xcb][0x0]]C[0xda][0x12]PBc[0x8a][0xc7]^#[0x96][0xf7],^[0xf9][0xee][0xce][0xbd]/[0xd1][0x1f][0xc9][0xaf][0xf7][0x0][0xe4]D[0xf8]rU[0xe][0xaf]K1[0x95][0xa2][0xc7][0xee]j[0xf][0xe6][0xf3]/[0xee][0xc1]B$[0xea][0x8]p/[0x99][0x1a][0x9b][0xa1][0x95]SU[0xe],Sy<[0x81]TX[0xb4][0xf2]1UR[0x12][0xc][0xc]8[0x8c][0xe3]~ n[0xa6][0xfb][0xa2]lh[0xf]A?[0xf7][0x82][0x9d][0xf7]2`[0x84]RGFv}b[0x16][0x1][0xd9][0x4][0xa0]1R`[0xed][0x85][0xde][0x19]RO_[0xa1][0xed][0x98](a[0x96][0xe7][0xa4][0xbb][0xc7]`[\n]"
2020-11-26 10:40:51 DEBUG wire:72 - http-outgoing-0 << "[0xd0]\H[0xdf]/[0xf6][0xd8][0xd6]8Mg7[0x11]L[0xb1]:[0x84][0x8e][0xdd][0x17][0x3]T[0xdc][0x8d][0xf9][0xfa][0xb0][0x1c][0x1a][0x9d][0x87]y-[0xf9]F[0x9d]UJ5[0x4]G[0xcc][0xef][0xf6][0xaa];[0xb1][0xe4]-:o[0x16]Bd+'[0x11]~hr?[0x11][0x80][0xd8]Z[0xd3]_[0xaf][0xfe]r[0xe2]3[0xc7][0xc7][0xfe]r[0xe2][0xb7][0x5][0xe7][0xf9][0x1b][0xf4][0xd3][0x92][0x9]>[0xc][0xa0][0x5]2U[0x3][0xdb][0x16]+[0xde]FL[\n]"
2020-11-26 10:40:51 DEBUG wire:72 - http-outgoing-0 << "vC[0xd7]Q[0xc1]~|[0xf7][0xd8][0xd0][0xc5]a'[0xc3][0xd9][0xe9][0x8d][0x81]m[0xb5][0xff]0[0x1e][0x9][0xd0][0x92]%nmP[0xa9][0xf7][\r][0xeb][0x13][0xe7][0xf1][0xd3]1u[0xcf][0xf6]6TX[0xe][0xbb]g[0x98][0xa2]>8)[0xa7]*[0xab][0x1b][0x9d]lq[0x11]0\[0xef][0xb]"[0xab][0x89][0xf8][0xf1][0xd6][0xd4][0x92]b[0x90]7Ld[0x1c][0xd5][0x82][0xbe][0xb8][0x8a][0x12]?[0x1e]P[0xdf][0xcc][0x0]>[0xd1][0xaf][0x80][0x16]"[0xb6]B[0xfc]j[0x8b][0x16][0x19]&[[0x9d][0xbc][0xf0]d[0x9c][\r][0xdd][0xbc][0xf7][0xed][0xa7][0xa2]27[0xc7]-[0x98]'[0x1e][0x9b][0xce]g[0x1e][0x8a][0xd2]C&[0xbd][0xb7][0xa9][0xf4]p[0xe0]F[0x7][0x0][0xdf][0xb3][0xce]d;[0x11][0xd5][0x86][0xa7][0xd8][0xe8][0xec][0xb3][0x14][0xb8]{[0x88]L[0xf5]*[0xba][0xe0][0xe5][0xe8][0x97][0xd9][0xb1][0x96][0x1d][0xfd][0xc]nB4M[0x9f][0xa9]&[0x3][0xb0][0xce][0xb9]~,[0x1f][0xb1][0x12][0x96][0xe9]*E6[0x7][0x95][0xf7][0x88]t[0xe3]%[0xbe]wO[0x1f][0xb7]Uh[0xc4][0xed][0xcd][0xa1][0x17][0xf0]X[0xd0][0x1c][0xb2][0xfb][0x1d][0x0][0xb0] ([0xce])[0x8a][0x4][0xe0][\n]"
2020-11-26 10:40:51 DEBUG wire:72 - http-outgoing-0 << ")[0xff][0x8d][0xd9][0xe4][0xcc][0xd0][0xe2][0xde][0x6]&_U[0x8][Bj[0xc][0x2][0xdf][0xbb]'[0xc][0xc1][0x5][0x8f]>[0xd3][0xab]/[0x1f][0xe4]3A[0xfc][0xbc][[0x1f][0xf7][0xd8]O[0x90]/_[0xa9][0xb8][0xea][0x90][0xb0][0xab][0x8c]p/[0x12]O[0xba][0xc7][0xaf][0xaf]Lk[0x1b]=[0xf0]v[0xdb][0x85][0x9f]t[0xe2][0xcd][0xbc][0xc9][0x4][0x6][0xd9][0x90][0xf4][0xfe]e[0x87][0xd8][0xb0][0xf][0x10][0x84][0xd0][0x84]F[0x83])[0xa1][0x86][0xa6][0xe4][0xaa][0xf0][0xd2][[0x8d][0xf0] [0xba][0x9f][0xb7],[0xb8][0xd0][0xb9],2[0xad][0xca][0x8][0xe1]B/[0xe3]'KjlQ[0xdd]:[0x96][0x3][0xa1][0x81]jd[\r][0x84][0xd7]eL[0xff][0x4][0xb]P[0x6][0x86][0x94][0x11][0xc9][0x92][0xdd][0xc6] [0x90]r[0xd8]D[0xdc]?[0x0][0xa0]FE;[0xb4][0x9b]|e[0xa1][0xb]1[0xcb][0xa4]V[0x80]u[0xbc][0x8f]w[0xf2][0x2][0x8d][0xb8][0x83][0x15][0x18][0xa2][0x9c]UD[0x97][0x80][0x92][0x9c]S[0xf8][[0x90]mJ[0xc6][0x81][0xa4][0x0][0x1a]u[0xc8][0x8c]m[0xde][\n]"
2020-11-26 10:40:51 DEBUG wire:72 - http-outgoing-0 << "[0x95][0xfe]#[0xe3][0x7]Q[0x8e]v0[0xda][0x8c]d[0xc7]v[0xb7][0xba]4[0x9e][0xf]k[0xe3]X9[0xa3][0xbc][0xf4]H[0x4][0x1][0x8][0xf2][0xb6][0x6]3[0xcb][0xa1]u[0x83][0xbb]C([0x3]i7F[0xf6][0x5][0xa5][0xe5][0xe0][0xa0][0xed][0xaf][0x3][0xf5][0x93]0[0x7][0xc6]![0xa7]~][0xe4]L$[0xee]h[0xae][0xdf][0x12]M[0x8][0x0][0x81][0xc7]c[0xb8]es[0xa1]v[0x9][0x9a][0xe4][0xd6][0x80]2[0xbe][0xc6]zgx[0xf4][0xd8][0xdb][0xe4]v[0xf2]c[0x3]8[0x9a]_\[0xaa][0xb1][0xee][0xf8][0xb1][0xad]'[0xd2][0x1c][0xb0]'[0xa2]@=[0xb]jl?[0xaf][0xc3][0x92][0xa9][0xed][0x95][0xcc][0x19]e[0xc3][0x92]=[0x2]s[0xb0][0xb9][0xac][0xce][0xaf][0x85][0x17][0xaa][0xff][0x18][0x10][0x8e]lD[0xe4]&f8[0xe4]8?>;[0x81][0xae]8x$[0xe3]H[0x1]Tf#[0xfd]J[0xff][0x84]2~F1N[0x12][0xca][0x87][0x88][0x92][0x8d][0x89][0xb8]4[0xac][0xa7][0x1d]>[0xc1][0x16],[0xe2][0x2][J[0x87][0xa1][0x90][0xdb][0xc4])Q[0xed]5r[0xa5]*[0xa3][0xdb][0x80][0x95]r[0xd3]8J[0xe3][0x91][0xbe]O1[0x86]l[0xb2]/[0xc3]8)t[0x92][0x87][0x13]l[0x10][0x13][0xd7]OW$Z[0xef]p[0xe6][0x17][0x8f][0xc4]0J[0xc3]w[0x8]:Cq[0xe][0xb9]T[0xe6]n[0x91][0x8c][~[0xc5][0x2][0xb6][0x17][0xe6]o[0x2][0xd1]rUUN[0x84])[0xf3][0x8b][0xfa][0xd4]~[0x8a][0x91]$)[0xfd][0xb8]S[0x14][0xdf]'[0xe7][0xbb]4[0x9]Y[0x8a][0xb4]Q[0xc7][0xa7][0x81][0xc0][0x8a][0xd4][0x9a][0xae]L[0x8a][0xf1]'][0xa9][0xeb]Am[0x5]9[0x9e]dK+[0x2]^:[0xa1][0xdb][0x8c][0xc0]>[0x11][0xe1][0x5]e>[0x8c]|}eO"[0xca]H[0xdc].p[0xaf]E&o[0x89]MIm[0x19]%[0xc0][0xf4][0x86][0xe2])$eR[0x6][0x4][0xa9]ox[0xb][0x1a][0x9c]T"K[0x12][0x81]'[0x96][0xd5]K[0x8d]HD:p_[0xb]w[0xbd](;Ky[0x9e]<[0x9c][0xa3]0][0x3]G[0xb8]T>M[0x91][0xc0]&[0xe1][0xe3]2[0x9b]MB[0xf4][0x9e][0x8c][0xab][0xb1][0x80]%[0xf5][0xdd]F[0x9b][0xa3].&[0xc4][0xd0][0xe4][0x8c]'[0x2][0xbd]qd[0xca][0xc0]+[0xdb][0x11][0xaf]v[0xd4][0xd7]S[0xe6][0x98][0xa8][0xe2][0xc0]L*[0x16][0xc6][0xaa][0x8b]b[0xbc][0xf][0xd8][0xad][0xfb]s[0xda][0xc1][0x11]r[0xd2][0xf3]n [0xce][0xbf]{:Q[0xfb][0xea]_[0xc3][0xee]L[0xfc][0xb6][0x9f][0xf5][0xcf][0xe1][0x97][0xbb][0x8b][0xba]g[0x16][0xb]r[0xaf][0xf4][0xa2][0x80][0xec][0xb7][0xbd][0xc4][0x16]'[0xc4]3[0xbd]Y[0xf8]X[0x9][0xd8][0xfa][0x6][0xc5][0xa9]PB[0xb4][0xd4][0x88][0xa4][0x92]c[0xa6][0x9][0xee]MD[0x87][0x15][0xf]h[0xba]}[0x9f]B[0x9d][0x8a][0xe4]Q[0x91]+[0xda]L[0x8e][0xe4]|[0xb8]'[0x8d][0x10][0x17][0xf7]<>[0x92]:%IS+z[0x4][0xc8]F[0xdd]x)[0xfd]>3[0x4][0x8b][0x3]-[0x99]$![0xe1]8[0xa7][0xa0]x[0xd9][0x96]Z[0x8]_Nf[\n]"
2020-11-26 10:40:51 DEBUG wire:72 - http-outgoing-0 << ":,[0xed];[0xbd][0xf3][0x11]"rU[0xca]Cn[0x1e]A[0x86]Sq $[0x93][0x98]CySf[0xa3][0xd4]n[0xf5]"[0x1d]*[0x8f][0x11][0xc2][0xb7][0xf4]2[0xa0][0xcf][0xbc][0xd2]Wz[0xe2]'[0xdb][0xf9]0[0xc9]bKW[0xa7]\[0xa3][0xaa][0x4][0xcb]S[0x17]_[0xe9][0xd3][0x7]T[0xe][0x80][0xa4][0x86]$[0xff]J[0x93]0[0x0][\n]"
2020-11-26 10:40:51 DEBUG wire:72 - http-outgoing-0 << "[0xb6][0xda][0xf7][0x9b][0xa6][0x86][0xbf]v[0xb8]G[\n]"
2020-11-26 10:40:51 DEBUG wire:72 - http-outgoing-0 << "[0xba][0x1a][0xee][0xfb]M+[0xff][0xdd]v[0xd2][0x1]?[0xe6]T[0xe6]q[\n]"
2020-11-26 10:40:51 DEBUG wire:72 - http-outgoing-0 << "[0xea][0xc4][0xc]V_O[0x1f]QPh:[0xe4]t[0xc7][0x8d]N[0xe5][0xed][0xae]qyC[0xf9]*<[0xb8]~[0xdf][0x96]x[0xc8]T[0x9e][0xdb]gk[0xa7][0x0][0xcd][0xf8][0xe9][0xbc]y2I[0xe6]4:(8[0x3]h[0xe0][0x83]Q[0xe6]{#[0xc7]JS\[0xac][0xa0][0x1f][0x90]Y[0xfb]n\[0xee][0xe]9?2[0xdf]X[0xf2][0xe][0x87][0xbc][0xee][0xfc][0xda]R[0xfe][0xe2]'[0xf][0xf1]"[0x88][0x94]rRx[0x9f]q[0xf3][0x95]DV[0xc8][0xd8]iF\7[0x94][0x9a][0xa9][0xd0]0[0x96][0xd0][0x19][0xef]?[0xc0][0xd8][0x11][0xff][0xee][0xd5][0xa6][0x8e][0xe7][0xae][0xf6][0xd6][0xc6][0x92]zw[0x93][0xbb][0xd5]ng[0xc6]([0xec][0x8b][0xe4][0xd9]P[0xc6][0xd6][0xf5][0x19][0xdb]3[0xc1][0xc0][0x9]K[0xfa][0xba][0x94]OJ[0x1c][0x7]Oa[0xc9][0x7][0x88][0x5][0xb0][0x88]RTCP[0x7][0xcd]i[0xc4]<[0xb3][0xa7][0xd8]J[0xac]#[0x8f][0xcb]?J[0xf9][0x14][0xe9][0xc1][0x94]I[0x8b][0xa1]3<l[0x4][0xe6][0xd5]'[0xce][0xed]`[0xcd]s[0xb][0x85][0x8a][0x91]G:[0xa4][0xf9][0xd6]Qn[0xc4][0xd7][0xf7]ok[0x9e]ne)[0xa2][0x85][0xce][0xd2]<'[0xb9][0xcb][0xf3][0xc8][0xc0][0xc3]H[0x8c][0xa4][0xac][0x9c][0x93]im[0xd3][0x9a][0x8a][0x97][0xcf][0x91][0xb3][0xa1]Y[0xc9][0xc3][0xfe][0xb5]x[0xce][0xaf][0xc5]s[\n]"
2020-11-26 10:40:51 DEBUG wire:72 - http-outgoing-0 << "\<[0x87][0xb2]K[0xd5]X[0x10]x[0x9c]][0xa5][0x9c][0x96][0xe7][0xf9][0x15][0xca][0xb1][0xce]][0xac][0xaa]8-[0xcf][0x8b]U[0x14][0xc7][0xbc]~Z6[0xe0][0xd6][0xdd]~([0xb6]0[0x1f]U^[0xf4][0xd8][0xd4][0xc1][0x81][0xc5][0xd9][0x16][0xc0]I[0xcd][0xc7]X_<}[0x17][0xef][0xb6][0xe4]M[0xcb]s[0xf9][0x8a]7[0x96][0xb5]~[0x10]Enj*[0xf3]Zt"$[0xf0][0xc3][0xaf]n[0x93][0x9d][0x96][0xfe][0x81][0xca][0x8a]K[0xc5][0xf7][0xf0][0x81]_[0xaa]o[0xc2][0x4][\n]"
2020-11-26 10:40:51 DEBUG wire:86 - http-outgoing-0 << "[0xf4][0xef]Q~)[0xff][0x95][0xca]e[0xd8]j[0xfc]|[0x12][0x8a][0xee]V[0xc6][0xf][0xf5][0xb9]^q[0x8f][0x9c]MQ[0xe1][0xb9][0xab][0xb5][0xbe][0xf7]P[0xd2]B[0xe1][0xf3][0xdf][0xfd][0xee][0xbe][0xea][0xf7])[0xf3]o)[0xbe][0xc6][0x80][0xee]%[0xd5][0xcf][0xc][0xea]V[0x8d][0x1c][0xe8][0x8][0x1f][0xc2][0x13]@h[0x14]LJa[0xed][0xf6][0xd1][0x0][0xb8]{[0xda][0x4]p"-[0x14][0x16]5zs?[0x9f][0xad][0xa8]kv[0xa8][0xd1][0xfa]2io[0x85][0xd7][0xd8]%[0xb3][0x1]W[0xcf][0xe2][0xd1]U[0xaa]CB[0xbe]H"-[[0x90][0x1]+[0xeb][0xc7][0xc2][0x15][0xa0][0x8e][0x12]bZ[0xc6][0xa5]j[0xd0])=[0xd1]%h@[0x9f][0x8a][0x99][0x8f]B[0xe][0xc0][0xa2]([0x0][0xcf]W[0xa3][0x11][0xd6]b[0xcb][0xef]>[0x91]#[0x1e][0x1b]c[0xd1]1[0xc9][0xc][0xfe]([0xb6][0xe6]S[0xe7][0xa6]%[0x12][0x5][0xb5][0xfd][0x15][0x80]?[0xb5][0x85][0x95]{V[0xe9]_Kfd[0x14][0xba][0x10][0xb4][0x84][0x15][0xfb][0x85][0xc1][0xd1][0xf0]~[0xf8]E[0xf][0x6]?[0x9b][0xfb][0xa0]e[0xb7][0xd4][0xf8]&Y[0xb0][0xb][0x8][0x87][0xbc]![0xb6][0xc8]y6[0x7]Sc6[0x89][0x14][0xdc][0xf5][0xbe]>mK[0xb][0xad][0xb0]![[0xff])=[0xcb][0xbc]kpX[0xb6][0xcb][0x80][0xb3][0xef][0xda][0xa4]5[0xe0][0x8d]M[0xfa][0xf1][0x16]:(M"v_p[0x9f][0xe1][0x0][0x96][0x3][0xe1][0x7]a[0xb7][0x8d][[0xf][0xee]g`Y"
2020-11-26 10:40:51 DEBUG wire:72 - http-outgoing-0 << "[0xd9]![0xb4][0xd2][0xa3]m[0xad][0xcb]a&[0x18][0xde][0xec][0xbc][[0xdc][0xc][0xf0][0xdc]@C[0xda][0xa9][0xf3][0x3][0xca][0xc2]9F[0xee][0xee]\4[0xf8]\.fA[0xd4][0xc5][0xef][0xeb][0x3]![0x89][0xcd]p#^e[0xc6][0xf6][0xba]A[0x0]d[0xc4]'q5a[0xa9][0xb9] [0xe7][0xa4][0xa7][0x11][0x8b][0x3]r[0x98][0x92][0xa5]D[0xb2]T[0xba]g2[0xc6][0x99][0x5][0xfb][0xe9][0xe8][0x94][0xc0]ke[0xf2][0xd4][0x96]Yqi)X[0xbf][0x94][0x94]e[0xc1][0x97][0xea][0xca][0x8][0xe5]z[0xe7][0xe3][0x15][0xb6]%3[0xbe][0x6][0xcb]5Q[0xc1][0xe8][0xca]Qs[0xd5][0xe1][0x94][0xca][0x89][0xa1][0xcb][0x3][0xb9][0x1c]ve[0xe0][0x4]l[0x16][0x82][0x9a][0xee][0x89]ig[0xb6][0xe9]_X{[0xaf]{[0x89][0xf9]"j[0xe0][0x95][0x4][0x2][0xa9][0x1b]a[0xac][0xc6]'[0x95])[0x12]?[0x99]e#[0xd3]r[0xcf][0xc2][0xa4][0xc9][0xc3][0xcb][0x7]%[0x11][0x8e][0xe][0xb9][0xf8]'^N[0x10]l[\r][0xad]k[0x97][0xd4][0x12][0xac][0x1a][0xc7][0xfb],[0xda][0xad][0xee]k[0x87]S[0x8][0x18]~[0x9f]d[0xbb][0xf1][0xd3]y[0x98]][0xdd][0x89][0xd1] {[0xbe]6[0x8d][0x92]<[0xe5][0xf1][0x82]bZ[0xa9]\[0xa9][0x1][0xae][0xb2][0xd1]U[0xa7][0xdc][0x81][0xc9][0x1d].a[0xa5][0x1c][0x82]%[0x85][0xb9][0x85][0xf6][0xb][0x9][\r]l[0xeb]#[0xa1]V[0xd4][0xd6][0xd5][0xd5][0xda][0xba][0x93]%[0x9e][0xb9][0xf][0xcf][0x8]N[0xc2]o[0xaf][0xec][0x9e][0xaf]5[0x9e]W[0xfd][0xc7][0x12][\n]"
2020-11-26 10:40:51 DEBUG wire:72 - http-outgoing-0 << "[0x1b]>O[0xaa][0x0][0xb6]40[0xf][0xc9][0x93][0x8e][0xb0]h[0x82][0x8c][0xeb]9:[0xaa]u[0x8e][0xab][0xa7]#T"[0x9e][0x8a][0x90][0xd8][0xf2][0x8d][0xd3][0x11]m[0xff][0xc8]|[0xb0][0x98]k[0xbf]9Q[0x86]~c[0x4][0xcc]l[0x1]D[0x1e][0xc0]h[0x8b]r[0xbc]L[0x5][0x8d][0xa6][0xb]2[0xf8][0xcf][0x12][0x12][0x91]/p[0xaa][0xa4]bv[0xf5][0xf5]I}[0xf9] [0x1f][0xe1][0xa5][0xc][0xcf][0xab][0xfb]+[0x92][0xcf][0xf2]rd[0x14][0xe2]aK[0xa0]`D[0xa2][0xf0][0x1a][0xc1][0x6][0xf4]R[0x91][0xfb][0xb4][0xea][0x1c][0xc5]Gu[0xfe][0xff][0xea][0xfc]/[0xb0][0xf3][0xff][0xc6][0xb5][0x1b][0x9f]~j[0xe7][0xf5][0xaf][0xcf][0xcf][0xe9]/[0xe6],[0x96][0xb7][0xbf][0xbe]X[0xce]~[0xab][[0xff][0xbf]`[0x13][0xf4][0xbb][0x8d][0x83][0xbf][0xde][0xde][0xbf][0xcf]![0xf2][0xf1]:[0xf6][0xd3][0x97][0xff]N[0xfd][0xfa][0xf5]I[0xb7]~>[0x90][0xfe]0[0xdc][0xfa][0xce][\n]"
2020-11-26 10:40:51 DEBUG wire:72 - http-outgoing-0 << "[[0xb7]>_3[0x1][0xf6][0xe3][0xf0][0xe4][0x1b][0xcb]%S[0x91]\[0x80][0x1f][0xb3][0x3][0x1f]3[0xfc]e\[0xaa][0xa7]#jl>[0x1e][0x1d]Q[0xe7][0xa6][0xa5]z[0xbd]=[0xae]kk[0xbf][0xf9][0x87]Z[0x9b][0xa7][0x9a][0x9f]46[0xff]d[0xf3][0xcc]_[0xdb][0xb1][0x14];[0xc0]ug[0xe9][0x82]~[0x83][\n]"
2020-11-26 10:40:51 DEBUG wire:72 - http-outgoing-0 << "[0xa9][0xb6]CO[0x1a][0x1e]Q[0xa5][0x17][0x9b][0xf5][0xb8]Z[0x80]k[0xb0][0xe0][0x10]z[0xe3][0x96]z[0x95][0xe8][0xb0][0xba]dW[0xc8][0xbb][0x9][0x9b]j[0xa9][0xe3][0x8b][0xa0][0xe6]h[0x1e]/)[0x88][0xf8]A&E[0x8a][0x8f][0xa5][0xce]_l[0xf5][0xd8][0xda][0xfc]+o[0xdf][0x91][0x8c][0x92]][0xaf][0x85][0xb7][0xb4]M[0xf][0xd5]T[0x94]Z"[0xfa]0='Jt[0x85][0xf5]E[0xb5][0xd0][0xae]D[0xaa][0xd8][0xc9]$[0x0][0x8d][0x8d][0xe][0xb2][0xad]i[0xd6]e[0xd7][0xa7][0xb5][0xad][0xf1]?][0xee][0xc7][0x94]:@[0xa5]A[0x8a][0xe1]i,[0x93][\n]"
2020-11-26 10:40:51 DEBUG wire:72 - http-outgoing-0 << "[0x14][0x86]Q[0xac]I[0x80][0x88]mM[0xa9]o[0xd7][0xe3][0x91]][0x11]<'[0x3]+`_m[0xed][0x99][0xf6][0x92][0xed][0x85][0xab][0xb3]t[0xf8][0x8]3[0xe0][0x92][0xe7]!e[0xfc][0xd8]fL<:[0x88][0xed][0x19][0x7][0xfb][0xf4]Q[0x1f][0xc6][0xb7]{[0xd0]r[0xd1][0xbd][0x17][0xad][0x1]"[0x19]B-[0x8a][0xd6][0xa2][0xf7]U[\n]"
2020-11-26 10:40:51 DEBUG wire:72 - http-outgoing-0 << "[0x12][0xc2]c~:f^[0xae]Ts;z[0x14][0xcb][0xa3][0x84][0xa6][0xa4][0xf0][0xcd][0x8c][0xa0]9[0x2][0x84]52~52[\n]"
2020-11-26 10:40:51 DEBUG wire:72 - http-outgoing-0 << "ld[0xf0]v[0x8a] 6[0xc1][0xc2][0x6]d[0xfd][0x14]q6[0xb6]O-_[0xed]L[0xf][0xce][0xf8][0xf3]3?r[0xbe][0xad]XF[0x9]_g[0xb1][\r][0x13]Z[0xfb][0xdd]~([0xf6]$c[0x9d]ph[0xd4]?[0xb3][0xd7][0x9c][0xf9][0xe][0xcc][0x13][0x8c][0x96]J[0xda]&[0xde][0xad][0xa5][0xc2]_/[0x1f][0x84]d^[0xed][0x7]a[0xac]T[0xd5][0xe4][0xb3]f[\n]"
2020-11-26 10:40:51 DEBUG wire:72 - http-outgoing-0 << "A[0xfa]8L[0x96]&[0xb]SH[0x92][0x10]g[0xb][0xff](qHX[0xc8]I[0xa2][0xec][0xcb][0xd7]u[0x8f][0x9f][0xd5][0x81][0xfe][\r][0xe2][0xb]p[0x9b][0xf9][0x12]Ui[0xb3]:&[0xff][0xdd][0xed]~[0xe6]r[0xb5][0xb8]l[0x83][0xf6][0xd9]Y[0x88][0x9a][0x94]P[0xd2][0x9c]dYS>[0x82][0xcd]l*[0x13]^}v^[0x9][0x8c]*[0x8b]k[0xf1]H[0x80]bq[0xb2][0x84][0x9d]\8[0xe4][0x9e]z[0x2][0x97][0xdc][0xb8]{[0xf3][0xb][0x11]Hd[0x89]n[0xc9]2[0xea][0xab][0xba][0x6][0xb7][0xbb][0x5][0xf3]x[0xb9][0x82]'5[0xe6][0xc6][0xed]k7n[0xda]<s[0xeb][0xce][0xd7][0x84]\[0xc5][0x8b][0xef][0xaf][0x90][0xc2][0x89][0xfa][0xeb][\r]?4[0xb6][0xb9][[0xc1][0x9c][0x87][0x93]P[0xe7]F[0x94][0x80]m[0xe1][0x84][0xaf]\M[0xcf][0xd9][0xa0]W.[0x14][0xe3][0xa6][0xbb][0xfe][0x99][0xab][0xf5][0xd3][0xaf][0xab]k?[0xbd][0xe1]jyJF[0xb4]->[0x9d]x[0xc0][0xb4][0xbc]q[0xb7][0x96][0x8e]*[0x1e][0xe9][0x7]+X[0xef][0xde]TOw[0xad][0xcd][0xb6][0xed][0xb1]C[0xe][0xc]t5?kln[0xb3]9[0xb5][0xaf];[0x1e][0xb9]Z[0x9b]][0xed].[0xbb][0x7][0xef][0xfe]\[0xfb][0xa7];[0x15][0x9f]U][0xe3][0x1f][0xaa]?+[0xb5]y[0xfe]^[0x8b][0xab][0xb9][0xb6][0x1d]N[0x16][0xb3][0xb4][0xe6][0xfd][0x0]$J[0xb]([0x6]^[0x94]K[0x1][0xa4][0x16][0x98]>_[0x91][0xdd]Q=t5[0xb9]Z[0xdc][0xad][0xed][0xda][0xd1][0x9e][0xb2]p[0xae][0xd8][0x97][0xba]|P[0xf7][0xe8]Qc[0xfb][0xdd]?[0xe5][0xc3][0x88][0xf4][0xe9]s[0xbd]o[0x10][0xc0]rM[0xef][0x1b]a;;[0x6][0x80]2[0x95][0xde][0xb7][0x9] [0x91][0xd8][0xbc][0x10]s[0x89].[0xf7]6[0x87]W[0xfb][0xd4][0xd5][0xd4]D[0x6][0xaa][0xcd][0x93][0xff][0x8e][[0xff][0xe9][0xda][0xfd]V[0xf7]s[0x17]H[0xe0][0x8e]6[0xb][0xbd]e%[0x86][0xa1]nl[0xd8][0x13][0xdd][0xa0][0xf0]D[0x8a][0xc3][0xa1][0xdb][0xa2][0xe2]\[0xd5][0x8a][0x14]w[0x9]@}u[0x1d][0xf6][0xf2][0xd3][0xcf][0xda][0xfe]"[0xa8][0x2]l[0xa1]O[[0xb6][0xbd]J{[0xe0]jhl[0xab]`c[0x9b][0xcc]{[0xf0]wO[0xa7]>[0xd7]+R[0x82][0xec][0xf3][0xb5][0xee][0xd6][0xfd][0xe0]j&[0x8e][0x90][0x81][0x17]d[0x1d][0xc6]5ar[0xe1][0xe5][0x8b].rP[0xa0][0xb9]-[0xf7][0xb1][0xd9][0x19][0xc3][0x8d][0xeb][0xf][0xe3][0x11]L[0x18][0x8f][0xc7][0xec][0xba][0xd1][0xdf]u7?q[0xdf][0xfc][0x2]/^[0xfd]v[0x85][0xb4][0x1f][0xd4][0xfe][0xdb]77[0x84][0xa3]lxP[0xd9]Z#[0xe9]Z[0xc][0xd4]pJ[0x1][0xe5][0xf6][0xfd][0x92][0x1f]*mO[0x14][0xd9]#U,[0xb6][0xc5][0x9b][0xaf]n[0xdc]R[0xa3]+,r[0xaa][0x85]V[0xb5]p[0xa7]\P[0xeb][0x1d][0xd2]Z[0xe7]P[0xa5]{[0xe9]Q[0xe][0x6]0[0x1e],[0xb0][0xc1]|[0x87][0xf2]H [0xb7][0xdf][0x1b][0xae][0xe6][0xf6]{[0xb5]U[0x9f]U[0x96][0xfc]TY[0xce][[0x9f],[0xe9][0x9e]N`[0xfd]V=7[0x9b].D^.[0x8e][0x9e][0xb0][0xc4][0xef]n[0xdf][0x5][0x86][0xa2][0x9d][0x8d][0x80]L[0xb6][0xd3]6[0xe8][0xbd]t[0xdc][0xa2][0xec][0xad]ED[0xe6][0xa4][\n]"
2020-11-26 10:40:51 DEBUG wire:72 - http-outgoing-0 << "[0xd1]K1[0xa0],t[0xeb]3[0xc3]9[0x1a][0x99][0xfc][0xea][0x1d][0xfa][0xd5];T[0xe8][0xe6][0xed][0xbc]R[0x1a][0xf3][0xbf][0x6]<O[0xed][0xde]lr[0xf][0xe1][0xa3][0x99]}D[0xcf][0xdd]?4[0xba][0xda][0xf2][0xec][0xe0]nzi[0xf1][0xbc]B[0xb4][0xb2][0x8b][0xbb][0x85][0xfe]Wcs}SG[0x83][0xab][0xe4][0x87][0xc6][0xd6][0xf6][0x8e][0xba]&t5[0xb4][0xd7][0xb5]7[0xd6]_{[\n]"
2020-11-26 10:40:51 DEBUG wire:72 - http-outgoing-0 << "[0xaa][0x3][0xbe][0xcf][0xf8][0xc0]=[0xe][0xfc]7[0xfe][0x89][0xde][0x9c][0xfa]{[0xa9][0x93][0xec]{{c[0xba][0xe0]ov[0xd0][0x9b][0xa5][0xcc][0xf][0x9d]2SHN[0x99][0x89]b[0x83][0xed][0xf9]([0x88][0xa0]x4J[0xcd][0x5][0xe4]|[0xb7][0xad]n[0xc0][0xe9]<[0xc9]2[0xd7][0xdb][0x8a]E[0xa5]|[0x9d][0xc5][0xf6][0xdd][0xfe]W[0x8e][0xad]I9ri[0x95][0xb6]n\[0xdb][0xd7]|[0x8c]n][0xdb]M[0xbd][7/?[\n]"
2020-11-26 10:40:51 DEBUG wire:72 - http-outgoing-0 << "y7o[0xae][0xd5][0xbf]w[0xb7]/aW[0x1e][0xcb][0x17][0xe4][0xc7][0xb5][0xd9][0xf][0xdd][0xeb]+K[0xc][0x1f][0x9c][0xe7]7Kk`[0x89][0xc0][0x85][0x1f]][0x80][0x9b]m[0xf1][0xd8][0xb9]:[0xbf]h[0xb1]p[0xb2][0xda]F[0x1d][0xad][\r][0x8f]A[0xf5]o|[0xde][0xc1][0x86][0x82]h4J[0x8d]R[0xa6][0x96][0x0][0xa2][0xfa][0xab]3[0xfd][0xd5]a>o[0xd3];[0xc7][0xb4][0xa3]p<[0xba][0xaa]{[0xb0]=[0xba][0x16][0xee]U[0xdf][0xae][0x9b]3ud[0xee][0xe7]-I[0x87][0xf9]4[0xfd][0xb9]^^SQ[0xaa][0x8e][0x1f][0x0]J[0xe8][0xaf]v0,[0xc0]\[0x84]9{[0x9e][0xdd]|[0x97][0x1e]y[0x89].[0xea][0x1c]6c[0x91][0xfa][0x14]a:@@X[0xad][0xd8]f[0xab][0xdb]6[0x81][0x7][0x14]hm[0xc3][0xcf][0x8e][0x96][0xd5][0xe8][0xb9]eD[0xa1]s[0x3]%V[0xff][0xe0]^[0xed]o[0x9a][0x1f][0xb5][0xb5][0xfc][0x8e]~>t[0x83]8[0x86][0x93][0xd7]Ba[0xec][0xad]n[0xef]6N[0x19][0x8f][0xbe]8[0x9e](x[0xb7][0xf6]K[0xe9][0xa1]%t[0xd4]<i[0xfe]%&'r[0x6] ?[0xbc][0xd6][0xd5][0xda][0xf8]C[0xbd]+[0xc3][0xb2][0xb][\r]P[0x89][0xb4]S[0x16][0x1c][0xc4][0x16][0x94]s[0x11][0x8c]R[0x5][0x1d](4+[0x7]H[0xf3]8`][0xe8][0x1f]_T|[0xf6][0xe5]d[0xf9][0xb3][0xca][0xc0][0x98][0xe2][0x1f][0xa1]`[0x95][0xab]_[0xdf]|[0xd8][0xea]r[0xd9][0xa6]E<[0xbc][[0xe6][0xbc][0xc1]F[0x7]o[0xdc][0xbf][0xaf][0x1c][0x1d][0xa9]'[0x93][0xc5][0x1][0x9a]LC[0xe2][0xe4]Y[0x1a][0x8]T[0xfb][0xe0];y[0xc][0xb8]S[0xd7][0xd1]\[0xff][0x94][\r][0x87][0xb1]2[0x9f]TO[0xb6][0xe4][0xd8][0xa4][0xe0][0xc][0x86][0x81]21[0xbd]<[0x16]U6[0xed][0x1d][0xa4][0xc6][0xc][0xf1][0x93]%[0xa5]g[0x91]s[0x9f]5[0xe6][0x95]i[0xd7][0x99][0x89]A[0xca][0xdd][\r]:o[0x12][0xf7][0xb8]z[0xef][0xc1][0x17]X3[0xf9][0xac]Sp[0x9e]`[0xbf][0x12][0xc]j[0xe7][0xdb]lk[0x98][0x10][0x8e][0x9a]*IdI[0x96][0xdd]$[0x1c][0xba]z[0xfb][0xc6]}[0x0][0x1e]h[0xed][0x94]@q[0xd1]i[0xbe][0xb9][0xf9][0xb0][0x10][0xd3][0xdc][0xff][0xc3]W[0xf0][0x89][0xf6][0x88][0xd5];'[0xb1]@[0xb4][0xb1]GK[0x8e]G[0xbe][0xa0][0xae][0xb8][0xea][0x94]`[0x8d][0x9c]@[0xd4]@[0x98][0xad]t[0xcb][0xe1][0x14][\r][0xc0][0xd5][0x87][0xee][0xdc][0xba][0xa9]v[0x86][0xa5][0x6] [0xb7][0xf3][0xee][0x91][0xe0][0xa2]vpR[0xc3]H[0xf3][0xd1][0xfb][0x86][0x90][0xc3][0xc][0x8f]d[0x84][0xc4][0x7][0xee][0xc][0xfc][0xd5][0xd5][0xf0][0x81][0xbb][0x1a]Ln[0x6][0xd1][0xf6][0x99][0xf3][0x1e][0xd1][0xb3][0x83][0xdf]i[0xd9][0xf9][0x18]:[0x1a][0x1b][0xf2][0xf4][0xfc]eS[0xb1][0xfc][0xb][0x1d][0x8d][0x85]v.[0xe4][0xf6][0x14] L[0xec][0x1d][0x5][0xdf][0xde][0x16][0x9d]A?Z[0xaf]@[0xc2][0xb5][0x12]?[0x1e]06[0xf3]N[0xfd][0x0][0x8]hy7[0x80][0xb1][0xc6][0x8f][0xc0][0xe6]O[0xac][0xf5][0x3][0xab]/[0xe5][0xf8][0x95][0xa7]D<[0x1d]u[0xde][0xa3]5[0xf2][0xc1][0x14][0x9e][0x8f][g[0xff]xxw[0xb2][0x1c]Zr[0xfd][0xc2]E[0x8c][0x8a][0xfe]L4[0xc1][0xd6][0xb2]pyA[0xd3]u[0x8d]@[0xd2][0xf5]um[0xed][0x9f][0xd5]7_[0xfb][0xd7][0xba]F[0xe0]Ci[0x4][0x9d][0xc2]J-[0x95][0xe4]R_[0xfe]1[\n]"
2020-11-26 10:40:51 DEBUG wire:72 - http-outgoing-0 << "[0x80][0xeb][0xb7][0xdf][0xa1][0xf7][0xb7][0xf0]p[0xef]r[0x0]C~+[0xca]2[0xb][0xae]|p[0xe7][0xe3]p[0x6]g[0xc5]yY[0xef]/[0x1b][0xd9][0xfc][0x10][0xe2]~[0xd3]CS[0x1c][0xe][0xa9]n[0x18][0xca][0xfc][0xbe][0xba][0xbf][0xa4][0xed]/[0xb0][0xe0][0xa1]2[0x19][0xa6][0xc6][0xe3][0xfa][0xc2][0x8a][0x16][0x9e][0xc0]>[0x17][0xe6][0x9e][0x8a]9[0xaa][0x9e]c[0xea][0x95][0xde][0xbd][0x89][0xc9]T<[0x4][0xeb]Q[0xc7][0x13][[0xdf][0xd3][0xea][0xac][0xba]{[0xc6][0xa2][0xeb][0xf0][0x1][0xc6]ig[0x9b]j[0xa0]O[0xf7][0xcc][0xea][0x9d]c[0x18][0xd4][0x14][0xeb][0xa1][0xc8])[0xc5][0x13]Sc[0x89][0xda][Y[0xf3][0xe0][0xdc][0xad][0xed]d[0x9c]k[0xe7]s[0xda][0xf2] [0xce][0xcd][[0x88]iG[0x8b]Z[0xe4]u[0xa6][0xa0][0xe1][0x82]x[0x9a][0xb0][0xc8][0x8d]L[0x2][0x18][0xf7][0xf6][0xb0][0xad][0xf5][0xf8][0xf1]R<[0xb2][0xd5][0xf6]C+[0xef][0xec].S[0xd9][0x91]J[0xfb](+a[0x0][0x94]d[0xf3][0x90][0xe9]}6[0xde][0x7][0x83][0x98][0x97][0xaa]i[0xd3][0xf6]K[0xec][0xd3][0xe9][0xcc]0kp[0xb9]Z[0x92]`[0xc5]*[0xff]fOJ![0xab]=[0x2][0x10][0xa5][0xda]l[0x98][0x80][0xd8][0xf6][0xc3]s[0x81]m[0x9]D[0xb5][0x83][0xca]#Wk;%[0xa4]^[0x14][0x8a]X[0xe6]7[0xd6]m[0x3]D[0xcc][0xed]u[0xb5]>[0xb8][0xf1][0xcd]7[0x4]K[0x11]WVD[0xfc][0x93]i6[0xa4][0xce]E[0xb0]9[0xf2]Q[0x98][0x9d][0xf5][0xb0][0xd1]A5[0xb6]`[0xfc]jt[0x9e][0xa2][0x94]Kru[0xd9][0x6][0xce][0x81]6[0x12]z![0xd1]w[0x13][0xe6][0x8d]G[0x3]l[0xee][0x8c]u[0x7][0x9][0x96][0x84]H[0xca][0xd4][0xa1][0x99][0xc6][0xed]P[0x93][0xe][0x80][0x9d][0x85][0xb4][0xed]n*[0xa9][0xa6][0x86]<@?[0xc5]@F[0xb9][0xaa][0xad]t[0xa2][0xed][0xad].[0x17][0x1b]9[0x8d][0xc7]V[0xf9][0xb6][0xfc][0xda]K/[0xb][0xf6][0xcb]u[0xf2]z[0xe0]z[0xec]n}[0xee]j[0x95][0x3][0xa4][0x99]G[0xb2][0xa1]#[0xe0][\n]"
2020-11-26 10:40:51 DEBUG wire:72 - http-outgoing-0 << "[0xca]R$[0x9d]Y[0xda][0xc0][0xf1]gw[0x93][0xfb][0xbb]2b[0x91]f[0xfc],Zg[0x18][0xbc][0x9e][0x94]!m[0x9e][0xda]J[0xb1][0xcb][0xd8][0xe8][0x92][0x1f][0xae][0xa5][0xc8]lV[0xc0][0xdc][0xa8]ki[0xef]x.[0x7]D[0x82][0x97][0xb6][0xbc][0xc6]:S[0x4]t6[0xa8][0x13][0xe2][0xae][0xbc]`'Q[0xc2][0xbb][0xe2]1[0xc1]R[0xa9][\n]"
2020-11-26 10:40:51 DEBUG wire:72 - http-outgoing-0 << "~[0x84]w[0xc0][0xf5][0xb0]+&[0xef]w.-I[0xf8]M[0xc3]K[0xbd][0xaf]_[0xf1]l[0x80][0xca][0xc3][0xbc]GrH[0xa7][0x8c][0x87]E|4[0xbf][0xe8][0x11]~1[0x1b][0xc8]}ID[0xd0][0xfe][0xf8][0xb3]g[0xae][0xd6][0xba]6[0x16][0x1a]T|[0xc3]B[0xa0]sb[0xc6][0x96]5[0xbc][0x1]Pq[0xb0]N[0xe6][0xfe][0x87][0xc2]j3$[0xa8]g[0x5][0xc8][0x97][0xf7][0x1f]^-[0xa3],&[0xc9]{2[0x2][0xdc][0xd8][0xa1][0xbe][0xe2][0x13][0xf9][0xdf][0x81][0x15]u[0xc5][0xe]zn[0xf7][0x93];[0xae]o\[0xed]H[0xc][0x4]4[0xde][0xd7][0xb6][0x8]x[0x87][0xa5][0x96]%`[0xf5]C[0xe3]s[0xde]j3[0x82]A[0xc1][0x1c]b[0xc4][0xf7]l[0x3][0x2][0xa8][0xb4][0xa5][0x89][0x82]l[0xa3][0xbe][0xdd][0x8f][0x1a][0x9b][0xf8][0xde]i[0xe3][0xbc]G4[0xa0]:[0x91]8.[0x82]w[0xc2][0xb3][0x81]`[0xbb][0xab][0x19][0x94][0x17][0xb0][0x3]~d[0xde]5}j[0xd3][0xb2][0xf1][0x82][0xde]5[0xd6]H[0xe1][0x1a][0x15]Gx[0xd4][0xea][0xaa]{[0xc6][0xbc]{[0xfa]x[0x8][0xb]$[0xa4][0x88]^)[0x14][0x14][0xba][0xc8]hD_[0xb7][\r]P[0xf8][0xc6][0xe5][0xae]w?inlou7K[0xc9][0x87]gW[0x9f][0xbb][0xea][0x9a][0xdb]H[0xe5][0xc3][0xb6]j[0xe1][0x13][0xed][0xbc][0x8f][0xfb][0xfa][0xce][0xe4][0x4]Df[0xc][0x93][0xb9]c[0xa4][0xc2][0x98]T[0xb9]@}[0xbb][0x8e][0xfc][0xe1]d\][0x8d][0xe6][0x3][0x16][0xe6][0xad][0xbc]X[0xb0]ek[0xfd]K[0x80]U[0x4][0x90]_N[0x6][0x95][0xe0]0,[0x9a]&[0x0][0xd6]h[\n]"
2020-11-26 10:40:51 DEBUG wire:72 - http-outgoing-0 << "[0x8c][0x90][0xb3][0x98]D!;K[0xf5][0x89][0x2][0x17][0xf6][0x96][0xa9][0xa3][0xc9][0x11][0x8c][0x5][0xa7]E;[0xb0]<`w[0xfd][0xce][0x17][0xb7][0x1e]<[0x94]S[0x8b][0xb5][0xd3][0x18][0xbe] [0xba][0x81][0x81]S=[0x11]myS[0xe9][0xf6]b[0xb5][0x92][0xe3]}[0xfd][0xac]G[0xb][0xf7]&K)f])[0xd0][0xf2][0xea][0xac][0xe2][0xe9][0xc4]eru[0xf3]R[0xd8]U-U6R[0x94]p[0xf][0x1f][0xeb]s[0xbd]l[0xd8][0x87][0xaf][0x86][0xa3][0xde][0xdf]4[0xd6] [0x87]`[0xb0]w[0x89]^C[0xf1][0x88]_[0x8d][0xed][0x13][0x84][0xb0][0x86]h[0x82][0xce][0xb1]cg[0xdf][0x90][0x89][0x8f][0xdb]-[0x96][0x12][0xfe][0xd8][0xce][0xb]Xl[\n]"
2020-11-26 10:40:51 DEBUG wire:72 - http-outgoing-0 << "[0xb7]H]x[0x81]Q[0xce]!A[0xb1][0xd8]%[0xde][0x1b]I[0x81][0xa3][0xe5],s[0xda][0xfe][0xbc]r[0x91][0xc5]2[0xca]Q[0x3][0x11]AI`[0x95][0x82] ;[0xe9]BYe[0x5][0xd9]%[0xd1][0xac]T[0xa2]P[0x92]qr[0x94]PL[0xb5]p[0xf2][0xc4][0xb4]/[0xae]?[0x10][0xd6][0x15]i[0x1a][0xdf][0xdc]z [0x7][0x1f][0xf5],[0xa0][0xaf][0xcc][0x3][0x92]i[0xe7][0x9d][0xea]F[0x8c],e)T[0xa3][0xd5]:[0x81][0x8e][0xe9]S[0x19][0x8a][0xd9][0xf0][0xb1][0x12][0x1e][0xbf] [0xb4][0xaa][0xa4][0x94][\n]"
2020-11-26 10:40:51 DEBUG wire:72 - http-outgoing-0 << ":[0x16]b[0x1a][0x82][0x8b][0xf2][0xe5][0x8]^,[0xa5].[0x90][0x8a][0x8e][0x9b][0xa6][0xf8]6[0x1e][0xcb][0x10][0x8f][0x8c]a[0x83][0xf0][0x99][0x98][0x8f]g[0x9c]S[0xa0][0x8e]-[0x83][0xeb]{[0xad][0xf6][0x1c][0x8a]"F|[0xb2][0xfb]??t[0xb7][0xd6]?%[0x95][0x99][0xfc]a`[0x86][0xc2][0xcc][0x17][0x87][0x8d][0x4]q[0xb5][0xfc][0xdc][0x8e]o[0x85][0xf7]I[0x14][0xc0]/[0xb9][0xf1][0x1d]%[0x18]j[0x9e]nr[0x87][0x94][0xd8][\r][0xe1].[0x8a][0xbd][0x18][0xf3]MY[0xc]A[0xa9][0xee]k[0x84]nE6[0x1d]1[0x10]R[0x82][0xe2]J@'O[0xf8]gd\[0x95][0xc0][0xb1][0xc8][0xfa][0xf8][0xe6][0xce]}[0xb9][0x92][0xad][0xb5][0xb7][0xeb][0x9e]?[0xb8][0xff][0xcd][0xa7][0x9f][0x92][0xc6] [0xf7][0x9a][0x9b].W[0xcb][0x9d][0xba]G[0x4]a[0x8b]}[0x96]?[0xba][0xc8][0x4][0x0][0x96]|[\r][0xc7]I[0x91]O[0xe1][0x13]Py[0xe5]$[0x9][0xb5]Qds/[0xd8][0xe9][0xa8][0xb2][0xf5][0x12][0x9b][0xf7]M[0x1e][0xa3][0xa7][0xdb][0xa4][0xfb][0xd9][0xda]8[0xe6]9[0xf8]k[0xb5][0xf3][0xad]x[0xcc][0x16]D[0xda][0xcc][0xac]2[0xb0]H[0xa1]N[0xe4];[0xd1][0xc2][0xeb]I[0xd0][0x16][0x18][0x97]dz%[0x94]<l[0x5][0xed][0x97][0xdc]2[0xfa]TH[0xdd][0x1a][0x97][0xf3]-[0xde]jz[0xee][0xce][0x7][0x7][0xb9][0x1b][0xa6]\[0x8e][0xd6]j[0x1b][0xeb][0x9e][0xbb][0xda]\[0x82]T[0x9][0x3]e[0xc1][0x94][0x9][0x9d]*[0xaf][0x96][0xc9][0xc4][0x93][0xf2][0x81][0xd8]F[0xc8]7LrD[0xc5]F[0xce][0xbd][0xca]r[0xaf][0xf2][0xc2]6[0x9a][0x1b][0xcb][0xb7][0xf]NZF[0xa7]Y[0x14]vs[0xb4]ay[0x81][0xc6][0xe6]'4RNM[0xa0]{v[0x16][0xe9]R7[0xc0]8?[0x87][0xff][0xe2][0xb1]#}[0xa5][0x7][0xd8]T1[0x90][0xaa]R[0xae][0xdb][0xf8]b4[0x1e][\r][0xb4][0xb9][0xfe][0xea][0x84][0xff][0xa3][0x12][0xc0][0xdd][0xd8][0xea]yL[0xb][0x8f][0xc4]c[0xb1]d[0x1a]vvB[0x9][0x4][0xd8][0xcb]7 [0x8c][0xe3][0xd1]Y[0xfd]e@Y:[0xc1]i&[0xfb][0x94][0xf9][0xb7][0xe4][0x85][0x90][0x9b][0xe6][0x81][0xab][\r][0xac]ja([0xcd]o~y[0xff][[0xac][0x9c][0x1][0x82][0xfe][0xf8][0x10]oLB/[0xb4][0xa3][0x3][0xc9][0x5][0xa5][0xc9][0xc8]_Nf[0x81][0x9f][0x8a][0x9e][0xb7][0xd1][0xb1][0xae][0x8c]G^[0xd3]o[0xff][0xa7]8[0x90][0x97]*H[0x98]I5[0x80][0x95]R[0xb5][0x1f]8[0x7][0xfa][0xde][0xb8]B[0xf8][0xe5][0xc4]W][0xaa]w[0x8e]It[0xd8][0xcd]6[0xb5]`[0xc1]'Q[0xc0]V[0xba]3[0xac]f[0xab][0xaf]l[0xe1][0x99]eA[0x94][0xf3]Z[0x80]e[0xa5][0xbc][0xc0]8[0xa7][0xe2][0x9c][0x8d][0xcc]e[0xe][0xa9]+[0x80]3r[0x1c][0xb6][0xe4][0xfa]m6[0x18][0x3]lOT[0xe7][0x91][0x1a]D4[0x2][0xca][0x8d][0xba]uf[0x1e]x[0xa5][0x4][0xbb]W[0xef][0xcd][0xb1][0xcd][0x9d][0xf8][0xf1]p^SfC}[0xea][0x16][0xf1][0xcf][0x8e][0xb2][\n]"
2020-11-26 10:40:51 DEBUG wire:72 - http-outgoing-0 << "8[0xa9]"[0xe1][0xbc][0xcc]M[0x8f]v[0xba][0xe][0xb] [0xd5][0xcc][0xde][0x96]_[0xd7][0xce]z-[0x8e]p[0x9b]g[0xe9]f[0xf0][0xa2]X[0xa8][0xcc]D[0x15][0xef][0x6]%[0xf9]H[0xf7][0xe9][0xca]\[0xb5]G[0xe6][0x8a][0x6][0x9d][0xb4][[0x93][0xca][0xd2][0x88][0x9c].[0x84]WK[0x13][0xfb][0xd8]P[0x9e];[0x91][0xb0][0x81][0xd3]p[0x80]>[0x93][0xec]S[0xbb][0x8e]%UL[0xfe]b[0xa1][0x10]-[0x8d]H[0xe]Z[0x8c][0xb2][0xed][0x13]e[0xb0]O[0x99][0xd8].[0xda]u![0x96][0xfb][0x95]![0xce][0xe0]K[0xf5][0xf4][0x95][0xc5][0x99][0x93][0xab]sO[0xfc]T[0x12][0xe1][0x84]G[0x84][0xbb]3[0xe4]f[0xcf][0x86]J[0xc2][0xfb][0xc4][0xe7][0xb8]$*9$[0xa8][0xaa][0xf6][0xbb][0xbb][0xe9][0x1a][0x8c][0xdc][0xb9][0xa6][0x86]W[0xf8][0x87][0xf0][0xf2][0x86];[0xeb][0x94][0xf5].5[0xd0]G[0xc8]%w[0x85][0xf3][0xd5][0xdd][0xbb][0xc2]6[0xce]C[0x93][0xc2]A&[0xe3][0xba]8h%[0xd3][0x1d][0x9b][0x9d][0xae]`[0xbd][0xdd][0xad]u[0xca][0xb5][0x1][\n]"
2020-11-26 10:40:51 DEBUG wire:72 - http-outgoing-0 << "[0xd3][0xce]_`[0xc2][0x9f][0xc7][0xb6][0xbe]K<:[0x88]Uj[0xf9][0xc5][0x3]R[0xe6][0xf1][0x9e][0x12][0x1b][0xc1][0xde]a<.[0xc2][0xde]B9[0xc6]d[0x10]~[0xff][0xcc][0x82][0xfd]XO[0xb][0xc]f[0xae][0xf0]\[0x14][0x1][0x8d][0xbd][0xc4]#cI[0xb9]Q[0xe0]R\R>[0x94][0xbe]%[0xde][0xa6]~Z[0x19]Z[0xb1][0xac]%;4@[0xf5]<}[0x8b]P[0xf4][0xbf][0xd6]^b[0xbf]Q[0xbd]3[0xa4][0xc].[0xe3]7|[0xb7][0x88][0xea][0x13][0xb6]n*z[0x16]+nmM[0xb1][0xe5]q[0x18]-[0xe0]jZ[0x10][0x1d][0xd8][0xdf]<[0xf6]6d[0xf6]5e[0x9b][0xf5][0x82][0x4]_.[0xe5]}y[0xf2][0xa8][0xa1]=[0x3][0xd1]d][0xff]OO[0x1e][0xb9][0xdd]m[0xed][0x17]e[0x12]M[0x18][0xa1][0xfc][0xe5][0x17]w[0xe5][0x1c][0x12]-[0x1d][0x8f][0x9e][0x14][0x9b][0xa2][0xcb][0xa5][0x9c]/[0x2]_[0x16]_[0x89][0x84][0xa9][0xae]c[0xa0]F[0xbc][0x1f][0xe0][0xbf][0xe2]qz7[0xd9][0x8e][0xc7]H[0xa4][0xb2][0xc5][0xa9][0x1d][0xf][0x86][0xf5][0xc]F[0xd9][0xe2][0xa2]1[0x88][0xb7][0x8]|[0x89]s[0xc3][0xdb]F[0x7][0xcb]nJOW[0x8]B7^fx[0x16][0x8b]F[0xee]2.[\n]"
2020-11-26 10:40:51 DEBUG wire:72 - http-outgoing-0 << "6r[0xca][0x86][0x87]`K t[0x85][0xe3][0x94][0xb][0x84]/[0x1a][0xef][0xd4]>[0xbc][[0xf2]i[0xc9][0x8d][0x7][0xb0][0xdd]jp[\r][0xf3][0xf5][0xc2][0xc7][0xf1]H[0xc]6[0x83][0xc1]A[0xde]=1[0xcd][0xad][0x7][0xf]m[0x87][0xf3][0x8e]m[0x14]~[0x5][0x3][0xc1][0xb8]mv[0xb9][0xcb][0xff]"nz[0xa3]cp^[0xad]X[0xc6]-[0x19][0xe9][0xb3]5[0xcd][0x82][0xb6]$[0x94]Q[0xb3][0x6][0xb5][0x9f][0xbf][0xcd][0xac][0xfc]_[0x90][0xf0][0xcb][0xae][0x96]I[0x10][0xbe][0x85][0x90][0xe5][0x84][0xf2][0xbd][0x87][0xf][0xef][0xc9][0xa9][0x98]br@b[0xe4]/[0x16][0x7]{[0xf6][0xb8][0xb5]'[0xc0][0x89][0xcc]7[0xb1]E#[0xf9][0xb2][0xab]N[0x9][0x92][0xc7][0x0][0xb7]v[0xd7]O[0xed][0xe4][0xe][0x97][0x83]Pb[0xc]E[0xd0]i[0xe1]!6<[0x2]\[0x2][0xcc][0xb0][0xe3]C[0x8a][0xc]1[0xbe][0xa3][0xab][0xb][0xd9][0x9]i[0x11][0x14][0x93]C[0xc6][0x1e][0xf5]![0xe3]11/[0xd5][0xa5]NI[0xd5]?[0x13][0xea]eY4r#[0xd3][0x9b][0xb0][0x96][[0xc6][0xb5][0x17][0xba][0x1][0x83]L[0xa3][0xc0][0xce]m`[0xbf]f[0xbe])[0xbe][0x99][0xed][0x11]>Z.>me1[0x1f][0x84][0xd8]9[0xb1]M#`[0xa6][0xf8][0xc9][0xa9][0x1a][0x98][0xcb]g[0x2]}[0xda][0x7]*[0x9b]1[0x1][0x6][0x12][0x85][0xe][0xf2]YGV[0xd5]k1[0x8a][0x9e]/[0xd8][0x14]-[0x94]O[0xc6][0xfa]N[0xd1]p[0x8a][0x14][0xc5][0xa5]Q&[0xe5][0x82][0xbf]%)[0xbe][0x95][0x17][0x9d]luC[0xef][0xeb][0x7][0x9c][0x8b][0x9f]lc[0xd3]=)%[0xc1]P[0xfe][0xa5][0x15][0xfe][0xa2][0x5]Xa[0xe9]K9[0xd7]'[0x9d][0x14][0x9]b"I[0xbb][0xd5][0xdf][0xc6][0xc][0x1]s[0xc7][0xc][0xb4][0x13][0xc2]1[0xd6];C[0x8]!)[0xf4][0xb9][0x89][0xa4]u[0x2]7[0x2][0xd7][0xef][0xdf][0xb6][0x80]:[0xff]n[0x1f]2[0x91][0x18][0xe6][0xfb][0x10][0xb3][0xe7]@R:[0xd0][\n]"
2020-11-26 10:40:51 DEBUG wire:72 - http-outgoing-0 << "[0xe5][0x18][0x17][0xc5][0xcc][0xd0][0xab](X[0xf]X[0x92]>[0x15]B[0xdf]a[0xb8][0x7][0x90][0xcb][0xd6]'[0xfc][0xcd]7[0x9f]^[0x7]6[0xd7][0xdc][0xde][0xe8]n&>[0xaa][\r][0xec]h[0xe1][0x11].[0xfd]bE[0xa8][0x11]*[0xdf]a[0xd7]t[0x19]C[0xf5]l[0xe1][0xfc][0x1][0x97],[0xb7][0x1f]9[0x98][0xc7][0x1c]f[0x1d][0xc5]z@[0xb8] [0xd5],`[0xb4][0x15]*,[0xb]S[0x84][0x86]4[\r][0x6]C[0xaf]F% ][0xef]n[0xf9][0x99]m[0x7]/!OL[0xdb][0xc1][0xa5]P}[0x82][0xd1][0xc1][0x1c][0x8d][0x1d]/[0xf]e[0x9][0xae]e[0xee]VM[0xa5]AA[0xa4][0xa5]^[0xa4][0x8]j\[0xc4]<U[0xa9][0xa6][0xe0][0xdf]|q][0x1d][0xee]f#[0xd3][0xf9]t[0x12][0xc7][0x1c][0xec][0xd3][0x1d]K[0xfb]l)p[0xc3][0xb7][\r]um[0xc8]#[0x82][0x93][0xb7]~[0xaa]w5[0x1][0xc7]h[0xfb]kSq`*[0x13][0xa4]{[0xb3][0xb1][0xa9][0xae][0xdd][0xd5]Pr[0xc3][0xdd][0xfc][0x83][0xbb][0xa9][0x3]i[0xab][\r][0xbd][0xf0][0x9d][0xb3]l[0xd8][0x87]t[0xba][0x1d]%[0xb1][0x9c]H[0x1b][0xcd][0xbd][0xbf][0xfb][0xb5][0xf7][0xbf]q[0xb5][0xc3][0x4][0x86][0xb1][0xad][0xec],[0x89]0[0x89][0x5][0xdb][0xea][0xd8]w[0xeb][0xda][0x9e]][0xc5][0xdb]~4f[0xde][0x84][0x99]o[0x1b]~j[0x9d][0xe3][0xb0][0x14]Rm[0xe8][0xfe]_xG8[0x6][0xc8][0x81]=[0xab]|6E[0xfb][0x17][0xc7]\[0xa2][0x93][0x90]i[0xf6][0xe][0xfc][\r][0xa8]K[0xf7]`U*[0xb4][0x9b]8[0x83][0xc4][0xeb][0xb7][0xd9][0x1e][0xb9]M[0xc2][0x4])l[0x11][0x86][0x8a][0xcb]<"]9[0xa9][0x6]f[0x8c]eTB>[0xf5]+G[0xc0]e[0x97][0xc][0x1e][0x8c][0xb][0xe3][0xf]P[0xcc][0x8a][0xdc][0xe4][0x19][0xf9]M[0xb6][0xad][0x17][0xe3]0[0x1c]W[0x9d][0x12]neKF[0xc]G[0xc]B[0xcb][0xc1]?[0x80][0xaa][0x8d][0x1f][0xed][0xf6][0xf9][0x7]#[0xb9]&[0xb1][0x89]l[0xd0][0xf6][0xfa][0xf4][0xd7][0x83][0xca]r/[0xea][0xc0][0xb1]^uw[0x14][0xe8][\r]k<[0x19][0xb4][0xc7][0x1d][0x14]v[0xb3]du[0x9][0xa4][0xee][0xa3]H0[0x95][0xf0]L[0xb]ni[0x14][0x11][0x8a][0x8e][0xb5][0xb9][0x1e][0xb9][[0x9b]mymh[0x7][0xcd]j[0x90][0xa8][0x9][\r][0xc5][0x16][0x83])[0xc0][0x14]d`pX[0x1d][0xde][0xcf]04{0[0xc1][0x4][0xc5][0xa5][0xa2][0x19][0x0]'[0xc0]?[0x17][0xa7][0xb5][0x85]|[0xdf]y [0xf]X[0xe]:M[0xe0][0x9f][0x92]/[0x1f]|+[0x94]U[0xae]rb@+[0x17][0xd0]r[0xf6][0xad]A[0xbd]x[0xb7][0xef];[0x94]+[0xbd]E[0xa4]M[0xda][0x7][0xbe]o[0xee][0xc][0xd5][0xbe][0xbd]M[0xa5]'[0xc8][0xfa][0xe7]h&[0x1b][0xc0]f[0xa3]{[0xdc][0x91]ig[0xf8]O[0x92][0xc1]l[0xf9][0x8b][0x3]t[0x99](x5[0x16][0xc4][0xf8]+[0x9e][0xbf][0x94][0x88][0xbf][0x9e][0xe5][0x89][0xe][0x15][0xb0][0xc8][0xeb]M[0xae][0x9f][0xe0]#|[0xfa][0xee][0xcb]/[0xe1][0xe7][0xed][0xe6]zW[0xb][0xae][0x19]>cF[0x4][0xcf][\n]"
2020-11-26 10:40:51 DEBUG wire:72 - http-outgoing-0 << "[0xb0][0xb5][0xae]B[0x3][0xec](D[0x93][0xa3][0xad]N[0xe9][0x3][0x94]y)[0xe5][0xca]5[0x7]O[0xa2][0xda][0xc6][0x13][0x9][0xfe][0xd0][0xe4][0xfe][0xb1][0xe4][0xab]o[0xbf][0xf8][0xe5]dN[0x4]P[0x4][0x6][0xd4][0x93]W[0x17]e i`([0xd2][0x91][0xc8][0x84][0xdd]s[0x9f][0x1a][0xfa]HC[W[0xd3][0xd4][0xf0][0xd7][0xe][0xf7][0xef][0xd8]p[0xb7][0x1e]Y[0xfe]M+[0xff]E[\r][0xbc]b[0xa1]C%0[\n]"
2020-11-26 10:40:51 DEBUG wire:72 - http-outgoing-0 << "B[0xc4][0x12]Kcs[0xff][0xa9],[0x8d][0x8]wx[0xde][0xa6][0x8c]\g[0xcd]LQ[0xf8][0xc5][0x80]c[0xa9][0x94][0x1e][0xfd][0xb4][0xae][0xb9][0xa9]%[0xdd];+[0x97]h[0xf5][0xa3][0xbb][0xb5][0xc1][0xf9][0x83][0xab][0xbe][0xdd][0xdd]*[0xc][0x3][0xdf]6[0x8b][0x8e][0xab][0xe3][0x9b][0x98][0x9f]@[0x91]>[0xb3]=x7[0xcd]Q[0x8]S[0xcc]MZ2>[0xc3][0xb5][0x88][0xe6]'[0xad]u[0xcf]-[0xa2]-;[0x99]Ph[0x84]);[0xe7]J[0x9][0x0][0x1f]U[0x1c]s[0xc6][0x8e]m[0xfb][0xc8][0x8c],[0xc8]p[0x90]i[0xe1]![0xb4]&[0xd2][0xa0][0x2]_[0xfe][0x19][0xb7][0xfc][0x1d][0xdf][0xb2][0xb1][0xc7][0xc][0xc6]B[0x81]OR[0xc6][0x8f]c[0xce]3&J[0x15]xlE8[0xfb][0x8b][0xdf],[0xd3][0x8c][0x87][0x95][0xc1][0xce]d[0xf1][0xb4][0xec][0x8c][0xa8]s[0x16]][0x99][0xd9]"[0xe7]r[0xdc]U+[0xfe][0x1][0xd6];[0x83][0xee][0xbb][0xad])stuq`*[0xc5][0xf8][0xd7]^[0x0][0xc][0xcc][0xad]P[0x80]+>4r[0xb4][0xe4][0xc2][\n]"
2020-11-26 10:40:51 DEBUG wire:72 - http-outgoing-0 << "[0xc9][0xa7][0x19][0x7]C*[0xcc][0xc3]3N[0x96]H[0xa7][0xb8]w?9[0x13][0xb5][0xb][0xb9]~[0xff]6:f[0xb9]y[0xd3][0xfe][0xf8][0xb3][0xbb][0x8d][0xad][0xad]nWCm{+[0x98]eO~[0xb6]}O[0xf8][0x84][0xf5]Ea\m[0xdd][0xf][0xae][0x86][0xbb][0xee][0x6]W[0x93]Ij[0x16]`[0x87][0x85]<[0x0]L[0xf][0x92][0x9][0xe8][0xc],[0xb2][0x8d][0x1]"3[0x83][0x8f]\)I0[0x1e]i[0x87]{[0xc2][0xc9][0x84].[0xc][0xce][0xa0]l[0x81]y|H[0x9e]4[0xe0][0x84][0x18]X<[0xb1][0x8f]6[0xf0][0xe8] ][\r]Y[0xfb][0xd0][0xe4][0xc3]c[0xe2][0x91]-[0xdc][\r][0x8f][0xed][0x2][0xa9]N[0xb9][0xc3][0xd2][0x17]DyCY2l6[0xf8][0x16][0x98]([0x8]?ub-q[0x85][0xc4][0xaf]![0xcc][0xd5] [0xb3]s[0xc][0x90][0xb1][0xd1][0xe0]EG[/[0xe1]R[0xcf]'?[0xfe][0x9d][0x8][0x8d][0x3][0xb6][0xa3][\r][\r][0xdb][0xc2][0xf6][0x3][0xaf][0xf8][0xf8]k[0xfb][0x97][0x8f][0xa9]JX[0xf2][0xa3][0xe9][0x93][0xb9]B[0x8e][0xfb][0xa7][0xef][0xfc]OSQ0[0xf3][0x1f][0x1b][0x9b][0x9b]][0xad])%[0xb7][0xcc][0xa7][0x81]-[0x8d][0xf5][0x8e][0x1c][0x15][0xbe][0x92][0xf]e[0xaa][0xf2][0xf5][0xfb]$[0xa0]2US[0xfa][0xf1][0xc7][0x1f]M[0xa5][0xa0][0x9a]]?[0xb6][0xf1][0xd9]K[0xab][0x1c]5[0xd7][0x1c]5NGEy[0xb9][0xa3][0xb4]:[![0xc6]x$[0x1a][0x8f]y[0xe2][0xc7]>m[0xbd][0x93][0xaa][0x11][0xd5]`$[0xf5][0xbc][0xf][0xa3][0xbc]#Q[0x92]n[0xa2]`=[0xe7][0xa7],[0xe2][0xfb][0xe5]d[0xd1]T[0x1d])[0xef][0x85]U;J[0xaf]9*K+J[0x9d][0x8e][0xb2][0x8a][0xaa][0xaa]l+[0x3]E[0xe6][0xf6]C[0x10][0xaa][0x96][0x15]n[0xad][0x9b][0xbb]e[0x16]b![0x15][0xe5][0xd5][0xa5]5U[0x8e][0xaa]2g[0xb6][0x85][0xfc][0xcd]3[0xaf][0xce]/[0xfe][0xcd][0xb3]`}[0xf5] ^X[0xfa][0xcf][0x0]*[0x98][0xcd]?[0xef]gc[0xaf][0xe3][0xd1]9[0x16][0x9][0xb1][0xfe]W[0x97]\XUY[0xe9][0xb5][0xd2][0x9a][0xb2]Rgye[0xa5][0xa3]4+[0x80][0xb6][0x83][0xea][0xcc])[[0xef][0xc2]8%^[0xaa][0x3]Vj^#,[0x19][0x16][0x1e]?y}Y8[0x95]V^sT[0x95][0x96][0x95][0x95]W[0x96][0x95]W[0xd4]d[[0x8f][0x12][0xdc]R7[0xa6][0xd1][0xed]L[0xf5][0xac][0x82][0xfd][0xb4][0x18]a[0x11]c[0xca][0xee]9~X[0xe8]#[0xf9]\Q[0xfa][0xcb][0x89][0xf7][0xb2][0x90]r:ai[0xe5][0x15]NgUEYYe[0xd6][0xa5][0x81]|}1[0xa0]/[0xac]([0x1][0x1f]5[0xf7][0xa3][0xf3][0xc3][0xd0][0xc0][0x91][0xe9][0xe4][0xe1][0xad][0x9d][0x82]HJ_R[0x92]We[0xe4][0x15][0xbc]p[0xec][0xbc][0x90]W[0x89][\n]"
2020-11-26 10:40:51 DEBUG wire:72 - http-outgoing-0 << "[0x83][0xa9][0x1c][0xa4][0xa5][0xd5][0x8d][0xc5]:[0x93]e[0xc0],E[0xf6][0x8c][0xe1]lgB][0x8d]f`48[0xc7][0xd3][0x6][0x83][0xc5]`M[0xc1]l[0xec][0x4][0x1e]}[0xda][0x80][0xa5][0xc8][0x88]U''[0xa0]o?[0xf9][0xdc]x[[0xee])[0xb8][0x80]J[0x9f][0x83][0xfd]I[0xa2][0xc6][0x98][0x90]([0x9c]Z[0xd9][0xb9]W_[0x16][0x9e][0xc]P[0xdc][0xb4]e [0xde]Y[0xf2][0xc1][0xe9]+[0xbd]lq[0x11][0xfd]#[0xf3]~B[0x8][0xbc]O[0x9f]_4[0xe3][0xeb][0xdf]=][0x4][0x15]}fU[0x1d]x[0xab][0xbe][0x19][0xc0][0xef][0x13]u[0xf1]PqX[0x1a][0x8f][0xc7][0xd6][0xd8][0xea]d[0xfc]x[0x11][0x9d][0xab]C[0x1]`[0xe][0x18][0xba][0xc7][0xfb]q[0xa2][0xaa][0x1e][0x9d][0xd5]_[0xbd][0xd5]=[0xfd][0xe8][0x86][0x9d][0xc1]R_[0xa0]G[0x83])[0x18]?I[0xf8]e[0x86]}[0x18][0xc9][0xc7][0x5][0xb4][0x12][0xe][0xb2]cPt[0xd6][0xb4][0x83][0x9e]x[0xf4][0x9c]y[0xbb][0x95][0xfe][0x9][0xe6]][0xc3][0x10]2[0x9e]'J[0xe1]d[0xb4][0xb][0xf3]:qI[0xc1][0x11][0xc4] [0xdf]![0xb][0xcd][0x1a]m[0xd1][0xf9][0x83][0x9]n!([0x91]j@[0xe2][0xb3][0xc7][0x87][0xf1][0xc8]8[0x8b]Ea[,[0x18][0xc6]}[0xf0][0xa2]s`[0xa2][0x8a]*[0x13]<[0xee][0xc8][0x18][0x8]*[0x15][0xd0]o[0x9]"[0x17]j[0xb4][0xf3][0x9b]Xd[0xaf][0xd7][0xab][0xaf]O[0xb2][0xd0][0xa1]1[0x8d][0xcc][0x1c][0x80][0x90][0x86][0xb0]6[0x8b]=[0x13]r[0x9][0xe4][0xfc][0xde][0xa4]H[0xa4][0x9][0xb9]dEL8w[0xf3][0xe6]L[0x88][0x90]q[0xd2]6W[0x13]"~FE[0x88][0xfe][0xc6]_K:[0xc9][0x1f]A[0xdf][0xba]u[0xcb]P[0xfa][0xb2])P4[0xee][0x91][0xdb][0xac][0x14][0xfd][0xde][0xaa]P45[0x96][0x88][0x2][0xb9][0xb7]o[0xfe][0xcb]'[0x8e]O[0xf0][0xb7][0x86][0xba][0xf6]:[0xd2][0xe9]\[0xae]O[0x8c]w%YO[0xfa]8[0xa7]i[0xdc][0x8f].P9[0xbe]zx[0xf7][0xce]o[0xfe]X[0xfb])[0xf3][0xf][0xa9]o[0xc2][0xb9][0x7]W[0x99][0x6][0xd7]7[0xb9];[0x80]|[0x8d][0xde][0xcd][0xb9]G[0x96][0x99]F[0xb6][0xf0][0xc][0xe9]OD[0xcb][0xe8]O[0xad]>[0x8b]\[0x93]T[0x9b]&[0xa9]k[0xfc][0xc4]R[0xaa]4[0xd1]|"[0xd7][0xf8]J[0xd3][0xf8][0xe][0x18][0xff][0xed][0xed]k[0xdf][0xde]J[0xf4]x[0xcd]5[0xb0][0xdc]4[0xb0][0xdd][0x85]z[0x13]i[0x10][0xca][0x1]P[0xf4]D[0xee][0xb1][0x15][0xe6][0x9d]?[0xc7]Eo[0xb0][0xb1]N[0xb4]t[0xd1][0xc3]m[0x1e]i[0xd1] 3(z[0xfc]c[0xe2][0x9b][0x96]b[0xa9]'f[0xc6][0xa0][0xf7][\r][0x81][0x92][0xa2]x6[0x12]"[0xa4][0xb0][0x8a]H[0xc9]'[0xc0]Y>1[0xbf][0xd0][0xac][0x82][0xf0]j9f[0xe5]C[0xf6][0xe5][0xce][0x8a]k[0x8e][0xf2][\n]"
2020-11-26 10:40:51 DEBUG wire:72 - http-outgoing-0 << "GEey[0xa5][0xb3][0xa2]BJQ[0xcc][0xce][0xe1][0xd1]k[0xc8][0x17]hH[0xd1][0x16]C[0x88]f[0xd0][0xb8]32[0xc][0x13]Y[0xe7][0xe0]Bf[0x93][0xc0][0xdd]b[0xa9][0xd9][0x9b]fk[0xd5][0xbb][0x9b]K[0xea];Zs[0xa8][0xe0][0xe2][0xdd][0xc8][0x1a][0xc][0x1d][0x1c][0xd8][0x1a][0xb2][0x8][0xc1]K9k%N[0x9b]^[0xd2]7[0xd3][0x1b][0xed][0xdf][0x6][0xc][0xc5][0xfc]2+k)[0xde]k9+2[0xbf][0xd8]`J[0xc5]{'11[0xf3]K[0x89][0x9d][0x11][0x1f]*[0xf6]{[0xeb][0x1a][0xcd]o6[0xf3][0xc1][0xe2][0xbd][0xb9][0xc3][0xf2]N[0x13][0xef],[0xde]+[0x91][0xd7][0x9a]_j[0xe6][0xba]E[0x4][0xf1]s+p[0x93][0xfc]Z[0xe6][0x9d]Y[0xeb]Y[0x3][0x17][0xc8]N[0xd4]`+[0xd7][0xd6][0xb7][0xba][0x9b][0x9a][0xae]&[0x1a][0x11][0xfc]S[0xfa]CIu[0x99][0xff][0xa5].[0xdd][0xa5][0xf3];C[0xb3][0xe5]>[0x1f]^[0xf4][0xd7]4[0x82][0xf7]zM[0xf8]*[0x92][0xa5][0xc3][0xed]g[0xe3]N'[0xeb]l9<[0x1a][0x8f][0xac][0xeb][0xec]h2[0xed][0xf2][0x8e][0x5][0x4][0xc6][0xa2]@f&[0x9f][0xe1][0x9c][0xcd][0xf4][0xc8]?%O[0xec][0x13][0xee][0x88]2[0xfd][0xa5]%[0xc5]q[0x3]_[0x9]U[0x8b][0xff]c~[0x11][\n]"
2020-11-26 10:40:51 DEBUG wire:72 - http-outgoing-0 << "[0xdb][0x94]M[|6[0x92][0x9e][0x16][0xbe]![0xe1][0xfd]lhlki[0xaa][0xfb][0xf9][0xb7]%[0xcd][0xee]fW[0xc9][0xff][0xd7][0xf8][0xbc][0xc5][0xdd][0xda]^[0xd7][0xcc]k&[0xa7]o[0xc9]"[0xc1][0xda]@[0x84][0xb5]4[0xb6][0x98]D[0xd8]SW]S[0xfb][0xd3][0xc][0x85][0xb9][0xad]xbF[0xe0][0xcc][0x13]u[0xb4]4[0xb9][0xeb][0x1a][0xda][0xae]U[0x82][0xc8][0xaf]+s[0xb9][0x1e]?[0xae]~\^[0xf1][0xa8][0xa2][0xba][0xb2][0xae][0xac][0xa6][0xc1]YZ_[0xf9][0xa8][0xbe][0xba][0xae][0x8e][0x4][0x83][0xc0]^[0x0][0xe4][0xdf]=[0xc3][0x98]%09[0x95][0x90][0x82]#d[0xbd][0xb0][0xce]5[0x16]=B0[0xff]^[0xf8]s[0x93]m[0xbb][0x9][0xd6][0x96][0xd2][0xf3]m[0xcf][0xbe]'2{Z[0xfe][0xb9]v>[0x87][0xd5][0xe3]8[0xd9][0x18][0x4]S[0x9e][0xd3][0xd2][0xe3][0xe5][0xac][0xb9][0x91][0x96]XY[0xba]9[0x9d]'`[0xff][0xda][0x88]&_[0xc1][0xc0][0xea]r>~\_[0xd7][0xf0][0xd8][0xf5][0xe8][0xf1][0xe3][0xf2][0xb2][0xba][0xfa]GU[0xd5]U[0xd5][0xf5][0x8f][0xcb][0x1f]?v[0xd6][0xd4][0xd5]4[0x94][0xa5][0x83]U[0xf4]FI[0x80]U_[0x18]U^[0xcd][0xd0][0x97][0xa9]`%7[0xf9]G[0x1][0xd6][0xa6][0xc6]g[0xae][0x86]L[0xed]..[\n]"
2020-11-26 10:40:51 DEBUG wire:72 - http-outgoing-0 << "[0xd8][0x86][0xd2][0xaa]*[0x97][0xa3][0xea]Q[0x83][0xb3][0xac][0xae][0xdc]Q[0xe]jdMy[0xfd][0xe3][0x8a][0xfa][0xc7]N[0x97][0xab][0xa2][0xae][0xfa][0x91]-`[0x85][\r]y6[0x95][\n]"
2020-11-26 10:40:51 DEBUG wire:72 - http-outgoing-0 << "[0xd5][\n]"
2020-11-26 10:40:51 DEBUG wire:72 - http-outgoing-0 << "[0x1e]^[0xf5]Q@[0xb5][0x1e][0xc4]{![0xb1][0xb5][0xaa][0xcc][0xd5]PWS[0xfa][0xc8][0xe9]h(-w>[0xaa][0xae][0xab]l([0xad][0xa8]p:+[0xeb][0x1e][0xd5]UWTT[0xda][0x2][0x95]y[0xbd]lx#[0x9d][0xfc]1[0x2][0xf9]]B[0xd4][0xcc][0xac]3h[0xd9]O[0x9e][0xfc]h[0x12][0xad][0xc6][0xdd][0x7][0x80][0xbc]$[0xd1][0x0]![0x17][0xd8][0x81]k?[0xed][0xa8][0x93]i[0x8b]C[0x11][0x9e][0xb4][0xa9][0xbf]{[0xfa][0x95][0xc0][0x8a][0xd6][0xbf][0x13][0x8f][0xae][0xb2][0xe0][0xc0][0xdf]=[0x89]j[0xfd][0x19]m[0x94][0xc7][0x8d]M[0xb0]I[0xbe]W2Uj[0xc4]?[0x80][0xe9][0xe]g[0x19]`[0xa9][0x83][0xdc]SB[0xbc][0xfc][0xd8][0xd8][0xd0][0xfe][0xf4][0xb7]%[0xe]x[0xa6][0xe5][0xa7][0xdf][0x95]<u[0xa1][0xa7][0xea][0xb7]%5U[0xf0][0x1b]y[0xd5]-[0xf7]<h[0xcf][0xe7][0xdc]$ [0xfb][0xe]a7l;[0xc8][0xbc][0xe3][0xf1][0xd8][0xc][0xeb]9[0x87][0xdd][0xb4][0xd4][0x83][0xee][0xce][0x82][0xdb][0xb4][0xdb]|[0xf6][0x6][0x16] [0xfd][0xe3]t8*[0xc0][0x1c][0xab],-+[0xbd][0xcc][0xde][0x84][0xd3] [0x97][0x9]HK[0xc0][0x9f][0xd6][0x15]8[0xca][0x1d][0xd5][0xa5]eee5[0x2][0xd9][0xf3]?c=6[0x82]n[0xb8][0xb1]3[0xed]([0xac][0xce][0x8d]([0x81][\r][0xba][0xd1][0xcb][0xf3][0xbc][0xad]+B[0x13][0xb5][0xba][0x8a]Vt1[0x98][0xd4]5[0xe6]>n[0xfc]{[0xde]{5[0x17][0x6][0xb8]0>[0xc3][0xa1][0x97]UW[0x94][0xd6][0x94]W^f[0x1d]6[0xfb][0xeb][0xc8][0xb9]?[0xc4][0xe6][0xd1]q[0xf8][0xf][0xf3][0xb9]F[0xb7][0xf2]=+[0x87][0xf8][0xa7][0xb4][0xc6]Q[0xed],-//[0xab][0xbc][0xc0]^$m[0x2][0xa7][0x89]s[0x19][0xce]H[0xd5][0xac][0xf9]w[0xcd][0xce][\r][\n]"
2020-11-26 10:40:51 DEBUG wire:72 - http-outgoing-0 << "b62[\r][\n]"
2020-11-26 10:40:51 DEBUG wire:86 - http-outgoing-0 << "H[0xb3]*[0x9d][0xda][0x14][0x87]K[0x1a][0x10][0xc][0xe4]h[0xca]l[0xd8]P[0xa3][0x16][0xce][M:[0xb0][0x8d]5D=i8[0xe5][0x9a]Uo[0xc][0x4]0[0x9c][0xc9][0xe2]^[0xdf][0xa4][0x94];K?U[0xbb][0xb7][0xf4])[0xf1][0x80][0xb6][0xde][0xab][0xce]M[0x92][0x9b]Z_[0xe9][0xd5][0x8e]F[0x12][0x3][[0xcc][0xfa][0xb7][0xc5][0x1b]&[0xb7][0x9f][0xf2][0x8b][0xec][0xa7],[0xf3]~[0xf4]7[0xd3][0x86][0x7]8e?[0x9f][0x90]C[0x1d][0x1b][0x9a][0x90][0xb7][0x9c]\[0xeb][0xb4]#[0xb6][0xba][0xc1][0x2]][0xc2]![0xef][0xdd][0xe1][0x19]c[0x97][0xdd]W[0xe5]E[0xf6]U[0x91]y_[0xea][0xfc]"][0x0][0xa4][0xef][0xb][0x4]=[0x1c][0x3]]![0xe1]c[0xa1][0x17][0xb4]%t[0xce][0xf7]/[0x8b]H[0xcd][0xd0][0xa0]2[0xb1][0xf9]-U_dKU[0x99][0xb7][0x4][0xc0]N[0x94][0xdd]I[0xdd][0x12][0x9d][0x3][0xfd][0x95][0xf9]'[0xd1][0xab][0xcc][0xb7][0xa4][0xed][0xf3][0xc0][0x99]H[0x17][0xc0]"[0x1e][0x89])[0x7][0x9d][0x97][0xdf][0x92][0xa3][0xf4]"{[0xaa][0xc9]BN[0xe7]o[0x12][0x81]*[0xa9]{"Z"[0xbe][0xf0]7[0xcf][0xbc]2[0xef][0xfb][0x9b]gA<L(h[0xea][0x99][0x3][0xf][0xb0][0x91][0xcd][0xe4][0x3][0x97][0xdf][0xe5][0xc5][0x98]F[0x16][0xae][0x11][0x8f][0xac][0xc5][0xcf][0x17][0xf4][0xd9][0xf9][0xf4]m:[0x9c][0xb0]E-[0xdc][0xc3]B[0xcb]p<[0x18][0xa9][0xc7]7W[0xe][0xdf]b6[0xc2][0xf8]a[0x82]<[0xb3][0xed][0xc8][0xa2]#^<:[0xa2][0xd5][0xd5][0xe6][0xee]h[0xad]w[0xb5]e[0xb9][0xdd][0xa4][0xc6]J[0xda]A[0x8f][0x12][0x1d][0xce][0x16]C[0x91][0xc9][0xe3]k[0xbd][0xf3][0xbc][0xe4][0xa5][0xa7][0xb9][0xc7][0x13]-[0xa5]@[0xb7][0x9f][0xfc]$[0xca][0xd9][0xf1]~<2[0xc4][0xce][0xa7][0x99]o[0x81][0x9d]w[0xe3][0x8d][0xdf][0xf0][0x8][0x1b][0xea][0x8e]G[0xfa][0xf0][0x96]yk[0x98][0xde][0xcf]|[0xbd][0xf1][0xe8][0x1b]C[0x97][0xe0][0x8e]tZ[\r][0xc6][0xf][0xf2][0xf2]k[0xb4]Dv[0xb4][0xb]l[0x93]E[0xba][0x1d][0xa5]0E[0xfc]tF[0xeb][0xef][0xe2][0xd7][0x88][0xfb]l[0xa1][0x8f]:!b3[0xe4][0xd1]-e[0xfc]L[0xef][0xb][0x96][0x97][0x96][0x8a][0xe7][0x94][0xb7][0xcb][0x19][0x9d][0xee][0x16][0xc8][0x1a]'F[0xc6]Gb"
2020-11-26 10:40:51 DEBUG wire:72 - http-outgoing-0 << "#[0xee][0xac][0xf2][0xd2]d[0x98][0xc1][0x88][0xef][0x13]P[0xb8]`[0x87]G[0xa0]4[0xb6]:[0xfb]y[0x9a][0xf9][0x97][0xfa][0x1a]<9[0xee][0xb8]O[0xdc][0x10][0x11][0xe9][0x95][0xc2][0xc]<P[0xcc]nl[0xca][0xb8][0x1c][0x17][0xf6][0x83][0xed]n[0xff][0xec]g[0xc8]y[0x5]h?\[0xf6][0x1e][0xd0]~[0xa6]\[0x97]y[0xf6][0xa3]mn[0xf4][0xec]'hv[0xb5]?[0xaf]k}[0xe6]j[0xa7][0xc0][0x8c][0xd7][0xa3]`[0xeb]~[0xaa].n[0x11][0xfa][0x93][0xfa]I-q-[0xae][0x81]k[0xee]&[0x1b][0xac]n[0xaa][0xfb][0xd9][0x8a][0xcf]I[0xfd][0xef]Y[0xc7][0xf7][0xfc]^[0xcb]l[0x16][0xa7]u[0x8a][0xcc]9[0x17][0xef][0xfb][0x98][0xf8][0xd3]S[0xa7]=[0xf2][0xbb][x[0xd7][0xb7][0x1c][0xa8][0xaf][0x9d][0x8f]([0xf3][0x8b][0xd8][0x93]l[0xac][0x93][0xb6][0xcd][0xbc]o[0xd9][0x89]G[0xb][0x9f]Y[0xf8]Kr[0x1b]8g[0xb6][0x8d][0x18][0xbe]Z3[0xf7][0x96][0xf5][0xbd]J[0x92][0xf2][0xb5][0x8a]r'o[0xd4][0xf7][0xaf][0xf5][0xff][0xd9]R[0x9f][0xdb][0xed][0x2][0xdc][0xf5][0xfb]G[0xd8]p[0x8e][0xf3]Y[0xb3][0xc3][0x3]~w|BV[0x7][0x6][0xbb][0x2]O#[0xdc][0x16][0x9d]3|[0xdb][0x0][0x12][0xdd]3[0xfb][0xcb][0x89][0xf][0xfe][0xb8][0xfa][\n]"
2020-11-26 10:40:51 DEBUG wire:72 - http-outgoing-0 << "[0xf4][0xe6]_N[0xfc]Vk$uy[0xdf]r[0xf7][0xcd][0xb5][0xcf][0xae][0xdd]&[0x16][0x8e][0xf3][0x96]V[0x96]V\[0xab][0xa8]\U[0xed]lp[0xd4][0x97][0xd6][0xb8][0x12][0xae][0xc6][0x16][0xc3]Jvp[0x14][0xe4][0xf0]n[0xb1],[0xbe][0xed][0xe7][0xef]q[0xa9][0xd6][0xc5][0xc3][0x97]mO[0xdd]?[0x96][0xc0]WO:`[0xbf]u[0xcd][0xb9][0x17][0xf5][0xc0][0xed]nO[0xc8][0x14][0x18][0xb][0xc0]([0x13][0xe3][0xac][0x1e][0x1b][0xfe][0x13][0xce][[0x1e][0x18]t[0x8f]b[0x16][0x95][0xed][0xcf]E[0x8][0x85][0xb1]X[0xf8][0xc][0xdb][0x3]qd[0xea]C[0x2][0x92][0xaa][0xac][0xb2][0xa2][0xba][0x2][0xaf][0xc0]D[0xb5][0xf6][0x96][0xcc][0xae][0xb8]<p[0xa2]J4o,[0x14]N[0xf0]m[0x9e][0xbf][0xd1]=[0x8b]J`P[0x9].#[0xdb][0xa6][0x8]w)[0x1c]00[0x0][0xe3][0xc3]J[0xcb][0xae]U[0xb8][0x1e][0xbb][0x1a][0xca]\5[0xf5]u5[\r][0xae][0xf][0x1c][0x3][0xb2]o[0xfd][0xe2]'^[0xe9]([0xe8]iW[0x94][0x95][0x17][0xf4][0xb4]Ki[0x14][0xcd][0x18]?^[0xc4][0xe0][0x14]X[0xec][0xc9],[0xa6][0xab][0x9b]nj[0xe1][0x88].[0xc0][0x2]*J+[0x81][0x5][0xd4]?n[0xa8]+[0xfc][0xa8][0xbc][0xba][0xea]Cg[0x1]y@[0xe3][0xe2][0x18]Q^[0xe6]([0xab])(RT[0x96][0x16]V,[0x90]~EP[0xd0][0xe7][0xe][0x5]P8GD[0x15][0xac][0xe2][0xd3][0x1b][0xb5][0xb5]e[0xf9][0xa3][0x83][0xc3][0x81][0xe8][0xd0]P[0xef][0xac]|\[0xed][0xac]~[0xf4][0xa8][0xa6][0xf2][0x3]G[0x7])8\[0x2][0x11][0xaa]k*K[0xb][0x8a][0x8]e[0x15][0x85][0xe5][0xe][0xf7][0x9f][0xba][0xdb][0xdd][0x0][0xe2][0x16]u|G9[0xf0]b[0xa3][0x81][0xa3][0x1d]K[0xa3]_[0xe9][0xe3][0x7]qP[0xee]t[0x82]8[0xa8]y[0xfc][0xf8][0x91][0xe3]Q][0x5][0xc8][0x4][0x1]u[0xcb][0xf1][0x93][0xf3][0xe0][0x83]8[0xfe][0x1c][0xbb][0xbf][0xf8][0xa1]W[0x94][0x97]W[0x96]K[0x1c]zB[0xbf]L[0x89]t[0xc6][0xc4].[0xdf]\[0xfc]x][0xdd][0x19][0xca][0x16][0xec][0xfc][0xc8][0xed]~[0x96]t[0x6][0xd0][0x88][0x84][0xcd]K#[0xdf][0x9f][0x1b][0xc0][0xb4][0xfc][0x2]:[0x0][0xe2][0x91]1eo[0xd3][0x1a][\n]"
2020-11-26 10:40:51 DEBUG wire:72 - http-outgoing-0 << "[0xcc][0x9d][0x2][0x98]k:[0xba][0xcd]zgj*1E[0xd5][0xf4]v[0xf8][0x8b][0xba][0x1f][0xc6][\n]"
2020-11-26 10:40:51 DEBUG wire:72 - http-outgoing-0 << "7At[0xef]:k[0x84][0x1][0xcf]z[0x7]qP[0xf7][0x12][0xd8][0xf7][0x80][0xb3][0xf0][\r][0xfa][0x10][0x86][0x87][0xd0]m[0xba][0xb5][0xae][0x8e]/[0xa2][0x1b][0x80][0xf][0xa1]y[0xb4][0x95]7`H[0x80][0xac]+W[0xfc][0x1e]zH[0xf7][0xf8]1)![0xe0][0x3]>[0x6][0xe8][0xa2],[0xc][0xdb][0xbb][0x4][0xf8][0x99]YM[0x9e][0x14][0x92]O8[\r]>[0x3]8t[0xb8][0x9e]tp[0x94][0xc6]a[0xe8][0x93][0xbf]&[0x8][0x96]<?h[0xca][0x84]V[0xcc][0xbb][0xfd][0xa4][0xc4][0xa6][0xa1]zI[0xae]C[0x85][0xa5][0xf1][0xf4][0x18]~[0x1a][0xa4]$"8o?TO&[0xb1]F[0xa1]x[0x85]9[0xe4][0xc6]v6[0xd1][0x83][0x9d]VM[0xed][0xb2][0xd2][0xd6]~[0xfb]!M[0x8d]a[0x8d]3+[0xca][0xd2]2[0xbc]C[0xce]E[0x86][0xa4]bn[0xeb][0x9e][0x8d]TD[0xf3][0xf9][0x14][0xcf][0x19][0xad][0xc1]p[0x13][0xf1][0xc6][0xf2]4[0xcf]{#[0x1c]K[0x8f][0xfa]B[0x11][0xe][0xb7][0xba][>[0x7]:[0xd1]&_W#[0x1]([0x83][0x9d]jl[0x8b][0x9d]`_mqQ@[0xae][0xe9][0xd5][\r][0xd5]?[0x87][0xa8][0xcf]c[0xdf][0x81][0xde][0xb4][0xce]As~[0x0][0xd2]Lt[0x18][0xfe][0x8b]G[0x86][0x94]I1C<[0xe2][0xc1][0xd8][0xb3][0x93]N G[0x9e][0xd0][0xde][0xcb][0xbc]>[0x9a][0x10]S[0x8b][0xb8]_U\[0x1f][0xf1]k[\n]"
2020-11-26 10:40:51 DEBUG wire:72 - http-outgoing-0 << " 9[0x8a][0xac]%[0xcf][0x88][0xba]1[0x2][0xd4][0xc4][0xf3][0x0]||[0xb6]q[0xf4][0x8a][0x8f][0xe][0x92]W\[0x9f][0xf7](;][0xc2][0xa1][0xcc]S[0x1][0xe2][0x91]5[0xd1],[0xc3][0x4],:=uk[0x8e]S[0xe5][0x98][0xba][0x87]5[0x1c][0xd5][0x81][0xb7]H[0x1a][0x11]?[0xf7][0x6][0xcd][0xc0][[0xa8][0xfb][0x14]Ox[0xc2][0xf5]+[0xc1]a[0xfd][0xcd][0xb4][0x95][0xa1][0x88][0xa6][0xf0][0xdc][0xa9][0x8b][0xce]?>N[0xdb][0xdf][0xd4][0xfb][0x82]H[0xdf][0xa6]`[0xad][0xa2][0xc2][0xf4][0xbf][0x7]4ssKA[0xb6][0xdf][0xb7][0xd7]%[0xd3][0x10][0x93]j[0x4][0xf]\I[0x7][0xa7][0xc9][0x11]O"[0x3][0xfe]N[0xaf]M[0xfd][0xbb][0xdd]k-l:[0xc3][0xdf]1[0xa3][0xb4][0xc4][0xfc][0x8b]#s[0x1c]%<[0x82][0xfd][0xde][0x9a]Aj[0x8d]Pi[0x14]N<[0xeb][0xbd]D[0xc2][0xad][0xd4]R[0xd7][0xd0][0xd0][0xd8][0xfc][0xe4]*[0xcc][0xf0][0xdb][0x92]2[0xbc][0xdb][0x5][0x19]{[0xb4][0xab][0xc][0xac])[0xf3][0xfe][0xdf]?[0xfa][0xdc]QZEq0[0xa0]q[0x18]i[0x1d][0x8f]>[0xa7]s[0xc6][0xf4]`j[0x9d][0xc6][0x6]'1[0x87][0x83][0xc4]he"[0xb0]H[0xc0][0x6][0x9e][0xe5]W [0xb9][0x3][0xdb][0xeb][0x9f][0xd6][0x1];l[0xba]&6O[0xe1][0xec][0xff][0xab][0x8e]\[0xbf][0xff][0xda][0xf6][0xf3][0xb3][0x9f]3[0xf8][0xe4][0x16][0xd7][0xd4][0xf9][0x1][0xf2][0xcc][0xe5][0xc][0xda][0xcc]q[0x9f]LJr6[0xbe](V[0x3]R[0xa7][0xdc][0x1c],K[0x90][0xa9]r[0xfe]o[0x1][0x19][0xc0]QD[0x86]@/[0xd2][0xef][0xd0],{[0xf9][0x6][0x13][0x99][0x96]'[0xe0][0x3][0xc0]B}u[0x8][0xd2][0x1f][0xbe]![0xe0][0xd5]Tc[\r][0x1b]'6Nl[0xf9]\[0x4][0xd6][0xa6]fV[0xc8][0xac][0xa8]2}E[0x15][0xd5][0x89][0x15][0x11][0xbb][0xd0][0xba][0x7][0xf1]:[0x14][0x17]%R[0xae]([0xbb][0xca][0xc8][0xbd]bG[0xfb][0xf0][0x9f][0xb1]4[0xcd][0xb][0xf4][0x8e][0xf9]S[0xb7][0xbf][0xb8]{[0xc9][0xd5]U[0xa4][0xaf][0xce][0xb8][[0x16]k[0xb4][0xdc]0[0xb7]$[0xf2][0xba][0xfa]'[0x8c][0xbc].Z[0x94]h[\r]o[0xba][0xf9]3cY[0x96]efO2[0xc1][0xdb][0x12]s[0xd4]*[0x5][0xab][0xf1][0xc8]+[0x1e]}[0xc5][0xb8][0x9b]2[0x92][0x1d][0x12][0x95][0x99][0x84]3[0xa0]V[0x89][0x88][0xea][0xa5]:[0x2]%[0xf0][0xbf]4[0xaa]L[0x89]kK[0x81][0x1d][0x87]hY[0xb5][0xb3][0xdc]Q[0x89][0xb1]%[0xce][0xb2]j[0xe][0xc9]dnq[0xc6]9E[0xee]E[0x89][0xf8][0x1f][0xb7]A7{4[0xe0][0xd9][0x11][0x1f]A[0xdf][0x0][0x1a][0xa0]#[0x1b]IV"[0xe3]R=9[0xae][0xcc][0xf4][[0xce][0xff][0xfd][0xde][0xc0][0xb3]q[0xe4][0xd1]z[0xe4][0xdc][0x88]E[0xb6][0x19][0xe3],[0x85]sVc[0xc1]d#[0xf6]\[0xaf][0x14][0xd7][0xa7][0xc6][0xaf]-[0x9][0xbc][0xf1][\r]+/[0xb0],[0x94][0xdc]z[0xe9][0xd5][0xfa][0xea]0:[0xe8][0x16][0xe7]-E[\n]"
2020-11-26 10:40:51 DEBUG wire:72 - http-outgoing-0 << "[0xb2][0xcf]@[0xa3]J[0x8c][0x80]K[0xd9]a\ [0xd0][0xa7][0x1c][0x87]F[0x86]iaN[\r]h[0x8][0xa5][0xd2][0xd4][0xa1]>[0x5][0xb6][0xcb][0xac][0xb3][0xd4]Q[0x1]P.u([0xf3][0xbe][0x4][0x8]-@[0xe4][0xf6] U[0xef][0xf4]n[0xf1][0xff][0xde][0xc0]B[0xb][0xe0]Y[0x0]\[0x8][0xc7][0xb0][0xc6][0x9][0x9c][0xf1][0x8b][0x1][\n]"
2020-11-26 10:40:51 DEBUG wire:72 - http-outgoing-0 << "[0x97][0xa4][0x7]n[0xb1][0xfe]M[0xf8][0x5][0x8b][0x98][0xcc][0xf6][0xd0]q[0xfc][0xdd][0xd3][0xc5][0x86][0x3][0xca][0xdc][0x19][0x9b][0xdf][0xc4][0xe2][0x1f][0xa1]C[0xba]i"[0xad]C[0x19][0xf0][0xc6]c1[0x8a]&[0x13]u[\r]#>[0xcc]*%z[0xde]_[0xd4][0xf6]_[0x82][0xa0][0x81]I`[0xe1]h~[0xf1]Y[0x92][0xa8][0xa5],[0xe][0xc7][0xa3][0x3][0x98][0xcf][0xd9][0xbd]Is[0xd1]H[0xc5][0x13]S[0xe7]F[0x8c][0x95]b[0xcc][0xc0][0xc4].[0xfc]G[0xd7]P[0xec]x[0x8f][0x5][0xb7]1[0x9d]z[0xb6][0x87][0x12]V[0xe0][0x5]%[0xe4][0x97]o[0xe8]x[0xf4][0xc8]]R[0x82][0x15]@[ZA[0x10][0x96][0xf0][>L;[0xf5][0xf5][0xb2]H7;[0x9][0x8a][0xf2][0x8a][0xfc]=[0x98][0xf6][0x19][0xec][0xff][0xa1][0xc3][0xf5][0xd9]_[0xda][0xf0][0x19][0xee][0xde][0xa1]R-0e[0xfa]q[0xb]f[0xc4][0xbf][0xba][0x1c]#p8+[0x1d][0xf0][0xb3][0xac][0xba][0xa6][0xda]yAF[0xa0]m[0xaf][0x14][0x9f][0x11]8[0xf2]!jAV[0x98][0x89][0xc6][0xb][0x8a][0xd0][0x91][0xbc]kf [0xee]k[0xc8]7[0x17][0x1c][0x4][0x81]C[0xa0][0x91][0xe5][\n]"
2020-11-26 10:40:51 DEBUG wire:72 - http-outgoing-0 << "4[0x9e]J-[0xe4]7[0xfe][0xe2][0xec][0xe1][0xa2]g[0x99][0xce][0x1e]*[0x91]=Tfe[0xf]Jx[0x2][0xc8][\r][0x4][0xaf][0xde]=[0xc2][0x8e]^h[0xa7]1LW[0x4][0x85][0x8f];*[0xf0][0xe8][0xf0][0xbc]g{D[0x8d][0x9]N][0xf1]H[0xe0][0xf6]CR[0x8c][0x9][0x13][0xae][0xd0][0xc1][0xde][0xb8]v[0xe3][0xd3]O[0xaf][0xd0][0xfd]7[0x10][0x1c]^[0xe3]#[0x11][0xf1]1[0x84][0x0][0x9f][0xe1]|k[0x89][0xb6][0x95][0xfc]>YdJb[0x8d][0x84]C[0xb4]g[0xb8]S[0x84][0xba][0x1a][0xc2]O[0xed][0xf0]%;>[0xd5]cX[0x84][0x98][0xca]KR9lQ[0x96]q[0xa7]Ky[0xcb]+[0x10]O[0x7][0x8a]K[0x9f][0x8e][0x1a]g[0x8d][0xa3][0x1c]~[0x96][0x96][0x96]^[0x90]<[0xd5][0xc0][0xc0];[0x90][0xd3][0x83]Shc[0xf1]C[0x95][0xa6][0xcf]xd[0xb]l?8a[0x83]e[0xbf]k[0x12]5[0xca][0x14]YJe[0xda]RfrX,[0xaa]l.[0x93][0x19][|[0xe2][0xbc][0xe8]I[0xa6][0x13]'[0x8a][0xc0][0xd2][0xb2][0xac][0xc4][0x9][0xcc][0x96][0xd3][0xdf][0xed][0x87][0xf1]X[0x0][0x8d]zNmT[0x8f][0x1b][0x8e][0xd9][0xe8][0xe2]H[0xe7][0x8d][0xd4][0xc3][0xe5][0xb2]q[0x9e]8*:@[0xe2][0x98]"Q[0x80]t[0xc5]![0xf3][0xa4]d[0xa4]*N[0xba][0xf7][0xee]aq[0xd0][0xfb]7[0xe1][0xc7][0xcd][0x9b]7[0x9][0x9c][0xbf][0x9c][0xcc][0xb1][0xf0][0xb1][0xf1][0x12]:[0x1a][0xb4][0x2][0xb9]Yo[0xd4][0xe2][0xc7][0xbe][0xea][0xe3][0x9b][0x89][0x92]x[0xbc]z[0x84]w[0x8d][0xa0][0x1]3[0xa8][0xbd][0x8b]j[0xac][0xdb][0x10][0xb6][0xe8]N8[0xb]Q[0x95]/[0xea][0xf4][0x1b][0x8f]`[0xf3]e[0x8a]`[0x14][0xc2][0x9e]/[0xb0][0xb8][0xf4]\[0xe1]D[0xc5][0xbb][0xc2]Y^[0xf6][0x81][0xd3][0xf3][0xdc][0xa9]z[0x16][0x90][0xa5]dG[0xd9][0xc7][0xa6]q[0x1b][0x1c][0xe7]c[0xa2][0xda][0x9a][0xdc]T[0xb]D[0x88][0xf5][0x1d][0xe7]7[0xe1][0xe4][0xe0][0xfc][0xea][0xdd][0xcf][0xdd][\r]n[0xb3]6k[0xbc][0x14]),[0xd8][0x85][0xf5]`[0xcf][0xfb][0xb8][0x83]l[0x16][0x3][0x8c][0x82][0x11][0xe1][0xfe][0x1b][0xf6][0xc5]Of@]F[0xc2]6[0xf]O[0xa8][0xed][0xa4]O[0x93][0xff][0x5]H[0x1d][0xab][0xd4][0xf6]oRIwlU[0x19][0xdc][0xe6][0xe1][0x9]\9FB_~[0xb][0x12][0x1c][0x99]G"[0xc0][0x8d][0xfe]DMA[0xf8][0xa5]E?[0xb5]~[0xc2][0xcb][0xa7][0x91]i[0x15][0x8][0x1f]_3[0xf7]?[0xff][0x7][0xbd][0x1d][0x17][0xc9][0xd1][0xd1]l"P[0xd3]nZ[0x83][0x99]|y[0x1d][0xaa]A[0xda][0x1d]=/[0xde]F5[0xd2]y[0xe5]] q[0xf2]C[0xc5]#[0xdb],[0x8c][0x5]RPe[0x10][0x1e]7`[0x14]Tz[0x87][0xa3]sq[0xb9][0x81][0xb3][0x6][0xb5]ogMi[0xcd][0x85][0xb9][0x1]p[0xc7][0xe2]s[0x3]^[0xe3]p[0x1b][0xb4]'y[0xd5][0x9b][0xb][\n]"
2020-11-26 10:40:51 DEBUG wire:72 - http-outgoing-0 << "rQ[0xbd]s[0xa1]>[0xb9][0xad][0x1c][0xbc][0x6]v[0xcf][0x86]fI[0x6][0xc9]r[0x5]c[0x9f][0xf0]S[0x9f][0x8a]Q[0xa0][\r][\n]"
2020-11-26 10:40:51 DEBUG wire:72 - http-outgoing-0 << "b6e[\r][\n]"
2020-11-26 10:40:51 DEBUG wire:72 - http-outgoing-0 << "[0xad][0xec][0x14][0x97][0xb0][0xc9]/x[0x86]Yl[0xf2][0xaa][0xec]69[0x19][0xe4][0xe2][0xc2][0xf0][0x80]m[0xa1]\[0x6])[0x1c]?_[0xa6]*nt`W[0x84][0xfa]M[0x1a][0xb4]P[0xb5][0xa9][0xf][0x93][0xb9][0xd6][0xaf]A[0xcf]WJ[0xcc]5fy[0x88]s[0x0][0xd9][0x1][\r][0xdf][0xf2][0x13]}^[0x11][0x96]12[0x87][0x12]R[0xd6]QK[0xe7]R[0xdc][0xac][0xab]_I[0xb1][0xf0][0x5]k[0xe2][0xac]@[0x18]C[0x89][0x8a]sWJ[0xcc][0xe][0x5]\[0x86][0xdf]|[0xf8]Wr[0x9c]'[0xbe]zu6[0x1e]yM[0xde][0x7]c[0x9e][0xa2][0xd3]|Y)[0xb7][0xb8]KKk[0xca][0x9d]e[0x17]%[0xfa][0x8d][0xd9]w`q;[0xcb][0xc0]~[0xeb]_Q[0xd7][0xf0]x[0xf0][0xb2][0xe7]t^[0xf3]x[0xdf]55[0x9b][0x96]Q[0xd7][0xd2]B[0x98][0x95][0x9f][0xac][0xa7][0xb4]C[0xb6][0xba][0xaf],[0x88]"[0x1b]dY[0xab]~{{[0xe3]2T}[0xc1]CJ[0xa7][0xea]j[0xa4][0xea]r{SZ[;[0x7][\n]"
2020-11-26 10:40:51 DEBUG wire:72 - http-outgoing-0 << "W[0xc6][0xcf][0xb1][0xf5];'r[0x94][0xe0]T[0xc1][0xa5][0xaf]O[0x9f][0xc3][0xa6][0x91]@V[0xf0][0xa5][0x9][0xa8][0x86][0x81]m[0x9c]0[0xd6][0x96][0x1f][0xf3][0xea][0x13][0xe7]f2Fg[0x1a][0xf][0xea][0xa6]_[0xe1][0x19]x[0x0][0xdf][0xb9][0xf1][0x92][0xf5][0xee]Q[0x93][0x10][0x92][0xb1]8<[0x12]Q|A[0xed][0xcc][0xcb][0xfa]_[0x81]y[0x8d]U[0x88]|;l[0xed][0x94]&'6[0xf0][0xa5][0x1b][0xe4].[0xb1][0x1][0x97][0xab][0xb5][0xc8]r[0xb6][0x14][0xad]h[0xd0][0xbe][0xcb]/.gG6[0x8b]Or%[0x8][0xc7]-[0xd0][0xac]N[0xf5][0x19][0x9]B[0xbb][0x80]g[0xac][0xb0][0xb4]i[0x98]T[0xf9]9[0xb6][0xc8]#[0xfa][0xc8][0xed]n[0xcf]o[0x4]w[0xa1][0x16][0x95]d/x[0xc8]YT[0xf5][0x8a][0xec][0x82]xh[\n]"
2020-11-26 10:40:51 DEBUG wire:72 - http-outgoing-0 << "[0xe9][0x88][0xd3]h[0x8a]5}[0x85]li3&\[0xd1]N[0xd7][0xf5][0xc5]=[0xf4]^[0x81][0xd4][0xe2][0xe2][0x10][0xd5][0xe2]N[0x10][0xca][0x81]^C*[0xa6][0xfb][0xbd]I,[0xc2][0x18]x[0xf4]3[0xa2][0xba]xtT[0xeb][0x1c][0x87][0x99]R[0xdc][0xd0][0xe4][0xc2][0x0][0xe5][0xf7][0x8f][0xce][[0xb7][0x88][0xc4][0x85]s[0xad][0x96][0x83][0xfe]?[0xe8][0x9f][0xbb][0xdf][0xdd][0xf8][0x8f][0xe7]??[0xaa]kol[0xfb][0xf][0xee][0xe1][0xfe][0xf][0x98][0x9d]lh[0x1a]D>k[0xd0][0xe8][0x1f]`[0xe7][0xd5][0xff][0xb8][0xfb][0xa7][0xff][0xa8]u7[0xb5][0xaa]o[0xdf][0xc6]# [0x9a][0x8f]A [0x3][0x88][0x80][0xdf]|[0x86][0x83][0x6][0xc5] T[0xf0]O[0x96][0xb0][0xb9]C$L[0xa5]S[0xa8]@1i[0xee]W[0x90][0x13]-[0x6][0x0][0x6][0xb4][0xf2][0x14][0xc9][0x9d][0xdc][0x11]/3Mc[0x8a],[0xc2][0x9d]\[0x84];[0xcb][0xab]*[0xaa][0xcb]?d+[0xfe][0xa6][0xeb][0x87]{-m%wy[0xbb]"i[0xdd][0xfd][0xc6][0xd7][0xd7][0xdf][0xb9][0x15]Ou#y<J<[0xba][0x1a][0x8f]M[0xcb]r[0x6][0xec][0xb2]X[0xdb]^W[0xff],[0x1e][0x1d]!J[0x92]V[0xf6][0xa9][0xef][\r][0xb7]6e[0xc7]h}[0xaf][0xf1]jjpR;[0x1f]Vc[0xfb][0x1f][0x87][0xdb][0xa0][\n]"
2020-11-26 10:40:51 DEBUG wire:72 - http-outgoing-0 << "yQuv^[0xc4]u}[0x8a][0x88]B[0x87];[0xdf][0x99][0xa8][0x1d][0x98][0xf0][0xfb][0x91]>[0xd0][0xd4][0xd8][0xdc][0xf1][0x13][0xfd][0x1d]x[0xcc][0x9f]][0x8f]@[0xa5]P[0xcf]V[0x13]~[0xb3]N[0xe3][0x8][0xb0]b[0xeb][0xe9]<[0x96][0x6][0x8c]l[0x1][0xb]c[0x83]Q[0x81][0x89][0xcf]9&[0xa2]-[0x91][0x2]I[0xf4][0xff][0xb9][0xeb][0x9f][0xb9]Z?}[0xd6][0xf1][0xc8][0xd5][0xda][0xec]jw[0xb5][0xd1][0xec][0xe6]y[\r]fc[0xac][0x93]|[0xf3]z[0xf7]i[0xd2][0x3][0xc8]o[0xc][0x1]J[0xb8][0x88][0xd8][0x9a]v[0x1a]S[0x16][0xce][0xd8][0xf9][0x9b][0xf8][0xf1]0o[0xda]x[0xc6][0x96][0xba][0x94][0xed]qe{[0xe][0x9f][0xf]NQ[0xad]_[0xc][Z[0x18]U[0x17][0x86][0x8b][0xec][0xce]w[0xa0][0xf3][0xd5][0x1][0xba]HY[0xcd]E[0x15][0x11][0xdf][0xf4];[0xbd]m+[0x91][0xe6][0x1b]-[0x8d][0xcd][0xcf]hi[0x4][0xbb]w[0xcb]BD/#~sjN[0x98]-[0xaa][0xbe]p[0xc1][0xb3]H[0xa7]Qt[0xa0]:[0xb2]_[0xa6][0xa3]N[0xc0]]ZHM![0xae][0xad][0x8f][0x9f][0x91][0xfa][0xf0][0xdc][0xdd][0xd0][0xd1][0xe4][0x82][0xbd]j][0xbb]I[0x9f][ [0x8c]m/Ow[0x0][0x12][0xff]LD[0xf8]2Z[0xbc][0xe9][0xae]0q[0xf7]l[0xba]e3[0xe8][0xdf]|[0xcf][0x81][0xe]}[0xfe][0xc][0xcc] [0xae][0xd2]z[0xbd],t[0xac]L[0x87][0xb9][0xb4][0xf7][0xc4]O1[0x92]9~[0xda][0xb][0xdf]h[0xa1]W[0x14][0xa2][0x8c][0xc4]v[0xc6]U[0x1f][0x91][\n]"
2020-11-26 10:40:51 DEBUG wire:72 - http-outgoing-0 << "[0xfd][0x16]~U[0xfa][0xba][0xe2][0xc7][0x8b][0xec][0xcc]GuR[0xc1]B@L[0xe2][0xce][0xc7][0x13]e+[0x86][0xd9].[0xeb][0x9d][0xcc];[0x80][0xaa]&_\[0x91][0x8d][0x85]j[0xee][0x94][0xab].[0xbd][0xf8][0x95][0x1b][0xb][0xee][0x16][0x9f]FEl[0xc3][0xd9]Y2[0x82]N[0xc2]/[0xc7][0xed]<[0xc3][0x1a]{[0xe7]Dz[0xc6][[0x1f]N[0xf4][0x82]B'+s[0xbf][0xd3]=SF[0x16]pQ[0xa9][0xf9][0x82][0xa7][0x96]E[0xe2]f7[0xd8][0xb]}[0xb9]M[0xd7]mz[0xdf][0x88][0xf6]b[0xe8][\n]"
2020-11-26 10:40:51 DEBUG wire:72 - http-outgoing-0 << "9[0xbd][0xb1][0xc5][0xa6][0xc9]z[0xa7]7[0xa2][0xdc]5[0x9b]rkV[0xf2][0x19]][0x82]k[0xa1]Uu~Q[0x8d][0xf5]j}[0xfb]W[0xcc][0x19]&W[0x94][0xbd]M[0xa0]Q[0xb6]x[0xcc][0xbc]1"hd[0x18]T[0xac][0xa0][0xfb][0x94][0xf5][0xcf][0x81][0x1]A[0xe][0x1][0xea][0xfd][0x8c][[0xe4][0xdf][0xdb]R[0xac][0xe8][0xdc][0x92])[0x90][0xd2]r[0xba][0xc6][0x8][0xe3][0x9b][0x8b]\[0xc2][0x95]![0x85]W[0x94][0x95]9[0xab]J[0xab]2[0x90]x[0xd6][0xb9]SH[0xdd][0x8c]<[0xca]B o[0xe4]1#[0x91]$[0xe9][0xe7][0xf8][0x9f]0[0xc9]y$[0xa6][0x4]]g[0x9b][0xa0][0xe4][0xbb][0xe]W[0x89]9[0xe]<[0xaf][0xb9]R[0xb8][0x85][0xf1][0xf5][0x5][0xb9][0x86][0xfd]r[0xb1][0xac]X[0xa6]f$[0x89][0xd6][0x1][0xf6][0xf2]?[0xfb][0xdc]%X[0xc7][0x8b][0xc7][0x97][0x81][0x6]Zr[0xfb]nIBf[0xe6]7i[0x12][0xf3][0x93][0xdf]H [*[0x8b]2[0x1e],[0x0][0xb6][0xe5][0xe5][0xb0]0[0x6][0x2][0xeb][0xaa]6L[0x5][0xf3][0xe5][0x0][0x8a]r[0xff][0x10];>G[0xe6]C[0x1a]X2[0xe4][0xae][0x13][0xff][0xc4][0xb1]2[0xc5]{[0x8f][0xa3][0x86][0x2][0xea][0xc6][0x8][0xdd]:`[0xd1]t[0xfe][0x80][0xd9][0xa7][0x8f][0xfa][0x9][0xf9]"i[0xda][0x84][0xd5][0x80][0xd3][0x86][0x8e][0xf1][0xce][0x81][0xd6][0x8e][0xf0][0xfe]Q[0xd4][0x18]6[0x5][0xe3][0x89]([0x80][0xfe]M[0xf4][0xc][0xf0][0x8]_[0xa1][0xde]$[0x92][0x13][0xe0][0x1][0xa5][0xcb]O[0x19][0x2][0xd6][0xa8][0xbb][0xce]o[0xdc][\r][0xae][0xbf][0xb4][0x95]0[0xef][0xa6][0xb2][0xe4][0x13]l4[0xd8]o[0xac][0x80]*[0xeb]P[E[0xc]$[0xe0][0x99]B[0xf0]J[0xe4]kv[0xe7]m[0xe2]|[0xc6]W[0x85][0xe1]l[0xdc]3Q[0xe1],[0xab][0xca][0xa8][0xbb]d[0x9d]:[0x7]c[0xd3]Gw>[0x8][0xc6][0x16][0x8f][0x82]V9/cVd[0x9b][0x1]9[0xdb][0xaf][0x8c]-7cK[0x4][0xbd][0xbf]_[0xf6]vY[0x9c][0xbb]0{[0xc3][0xfb][0xd3][0x14][0xd7][0x7]p[0x5]B=[0xc1][0xbd]([0xf3]:q[0x1a][0xc4][0xde][0x94][0x17][0x9d][0xf0][0xb0][0xb9]>[0xbf][0xc1][0xff][0xd0][0x8c][0x1][0xa3]'q[0x17][0xe][0xbf][0x2][0x16]be[0xa7][0xa3][0x1d]b[0x19][0xfc]Nd[0xf0][0xcf][0xae]G,[0xe4][0x7]^c[0xba]([0x19]d^[0x1f][0xa8]k[0x14]z[0x8c]-77[0x86][0xb0][0xe1][0xe1]1vU@[0x8e]C[0xf9]V[0xd1][\r][0xc3][0x3]*[0xea][0xaa][0xf]z[0x95][0x81][0xb7][0xb0]m[0xac][0xaa][0xca][0x17][0x6][0xef]R[0x17][0xd7][0xe0]ta[0xb5][0xbc]4%nG[0xf3]c<H[0xca][0x97][0xf1][0x93])e&j|[0x9][0xe7][0xc0]F[0xf0]?[0xc4][0x8c]-[0xff][0xfb][0xe6]n[0xe5][0xce][0xd2]JGU[0xb9][0xb3][0x2][0xac][0xb3]LW[0xa7]Y[0xe7][0xce][0xa9][0xb7][0xe5][0xef][0xf2]7[0xa3]Z[0xa1][0xc8]=)W[0xd2][0xee][0xeb]>l>E[0xf6][0x86]y[0xd5][0x97]`L[0xe6][0xc9]P"[0xef][0x4][0xa9][0xa3][0xfc][0xfb]fH[0x97][0xc5][0x92],&b[0xe6][0xf0]hc :~[0x12][0x9e][0x19]A[0xdb]d[0xb7]q[0x87]k[0xd2]93wF[0xd7]A[0xca][0xe2][0xb0][0xe8][0xfb][0xca]Y[0x9][0xdd][0x14][0x19][0xd1]Px[0xcb][0xc2][0xfd]?[0xca][0xf8]9[0x8b][0xce][0xeb][0xdd][0x9b][0xfa][0xd4]&*K[0xfc][0xe1]Dw[0x16][0xa1][0x11]q[0xab][0x13]#3[0xb9][0xdd][0x9]_[0xb7]=u5a[0xf7]YJ[0xac]&[0xc3][0xd3]x[0x9a];[0x86]E\[0x5][0xff][0xbb]q[0xef][0x8c][0x1d]@[0xb7][0xfc]F[0xb8][0xa7][0x8][0xfb][0xf0][0xbd][0xd5]f0[0x85][0xcd][0x1c]P[0x82]Z[0x9c]I[0xbb]3[0xe9]Y[0xc9][[0xe7][0xf7][0xa9]Y[0x95]s[0xcd][\n]"
2020-11-26 10:40:51 DEBUG wire:72 - http-outgoing-0 << "[0xe3]6[0xb][0xa5]Y[0xe1][0xa1]}[0x8][0xac][0x87]R[0xf5].[0xa3]N<[0x0]@[0xb5][0xb][0xa3][0xf1]c[0xe0]Y[0xff]=[0x8d][0xc6][0xcb][0xe2][[0x16][0xad]*s[0xb8][0x99]1[0x10][0x98][0x18][0xf2]:[0xa1]7[0xa5][0x19][0x8d][0x84]|[0xa4][0x10][0xa5][0xe8]V[0x6][0xd7]([0xb9]Q[+\_[0xb5][0xbc][0xa5]J[0x9][0xe5]K[0x11][0x17][0xd2][0x96][0x87][0xd4][0xf1]E2[0xdb][0xc][0x8e][0x94]@I[0x8a][0xfa]L[0xe4][0x83][0xa3]I[0xf7][0xc7][0xda][0x12]#$[\r]}[0xd7]\Q3x#[0xf9][0xc6]i![0xe8]7[0xe7][0xe1][0xac][0x6]o[0x4]U[0xc]][0xd1]\[0xc1]*[0xa9][0xbd][0xbd][0x4][0x8e][0xd8][0xf0][0xb9][0x93][0xa4][0x2][0x8e][0xa5]/[0x1f]`KI[0x1e][0xde]*[0xec]Ct[0xbd][0xf])[0xb]]b[0x87][0xfc][0xa6][0xfa][0xbd]kS[0x15]\[0x9b][0xaa](/[0xad]qfJ[0xfd][0xca]:w.mj'[0xff]HF3[0x8a][0x15][0x8a][0xc0][0xf9][0xfd][0x95][0x19][0xd9]>l~Tv[0x93][\n]"
2020-11-26 10:40:51 DEBUG wire:72 - http-outgoing-0 << "[0xb6][0xaa][0xf3]'[0xea]B~v[0xa9]u"[0xd1][0xc4]/t[0xc8]v[0xbc][0xe6][0xc8][0xac]KLI[0xb7]G[0xa0][0x98][0xc5][0xcf][0x97][0xb5][0x17]Cl[0xd8][0x87]w@[0xfb][0xc7][0x84][0xf7]jl_[0xe9]_%[0xb0]HF[0xe5]Y^Q[0x4]U[0xed][0x92]([0x98]9[0xa8][0xd6]Qj[0xcb][0xe5][0x84]W[0x9f][0x83][0x82][0x90][0x8e][0x8d][0xe][0x9a][0x1d][0xfa][0xe8][0x8f][0xe2][0xfc][0xec][0xe][0xaa]K[0xca][0xd8][0x10][0x9a][0x99][0x94]#3[0xdc][0x3][0xc6][0x9d][0x8]`[0x11][0xf1]u[0x83]&[0xf7][0xbf][0xa1][0x88][0x89]t[0xc6][0x84][0x8e][0xc5][0xc2][0xc7]_>[0xfc][0x1a][0xff][0xfc][0xa7]v[0xe4]1sg[0xec]tE[0x9d][0x18][0x4][0xf6]C[0xcf][0xa4][0xe5][0xc5][0x88]YIM4[0xe6][0x89]GW[0x95][0xa1][0x15]e>[0xca]]iau|[0x87][0xcd][0x0][0xea]|x[0xe3][0xfe][0xb5][0xdb][0xf7][0xd9]PP[0xb][0x85][0x94]%[0x1f][0x99][0x80][0xe6][0xfb]B[0xba]0[0x0]V,[\n]"
2020-11-26 10:40:51 DEBUG wire:72 - http-outgoing-0 << ":[0xf7]{[0xd8][0xd1][0x6]f[0x8][0x84]v[0xf1]{[0x9e]A[0x87][0xd7]~[0xfd][0x9b]0D;|[0x89]z!_[0xf][0xde])[0xf4]E-[0xd7][0x2][0xd9]0[0xa0]h[0xc][0x10][0xec][0xc9]2GUi90[0xc2]B[0xa9]t[0x17][0x9] 3#_[0xa1][0x18][\n]"
2020-11-26 10:40:51 DEBUG wire:72 - http-outgoing-0 << "[0xaf][0xaf][0xf0]!s<[0xac][0x80][0x1d]=[0xc7][0xa8][0xb5][0x89][0xed]xl[0xec][0x2][0xac][0xc3]:_I[0xb2]Wa[0xa2][0x1c][0x1e]u[0xca][0xe1][0x15][0xfb].<[0xed][0xd7]u[0x8f][0x9f][0xd5]]b[0xfc]W[0x8f][0xea][0xda]\[0xef][0x9b]#^[0x16])[0xb3][0x18][0xaf][0xf6]z[0x1f][0x19][0xa6][0x80][0x8b]f[0x8f]>2[0x8b]d_[0xc9]3}*d[0xa4][0xd7][0xc3][0x93]%[0xf7][0x9b][0xea][0xda][0x1f][0xbb][[0x9f][0x97]|}[0xff]v[0xc9][0x17][0xb7][0x5]L[0x84] [0xbb][0xae][0xb6]u[0xb4]`[0x81]b[0xf4][0x94][\r]w[0xdf][0xbf][0xfb]@[0x94][0xbd][0xdc][0xee][0xc6][0xa6][0x11][0xbe]^[0xe4][0xbd][0xa6]![0x18][0x8b][0xc][0x8b][0xa0]2[0x3]s[0xa7][0xac][0xd7]+$d[0xff][0x92][0xb2]{[0xc][0xc]/~6[0x7]l[0x97]M[0xf4][0xf2]f[0xa5]<.b<[0xa6]{[0x96]X[0xa0][0xeb][0xc6][0x3]LM[0x84][0xa9][0xe2][0x11][0xf]E[0xb9]&T=[0xdf][0xad][0xda]/~9[0xf1][0x9b]K[0x1a]a[0x94][0x12][0xd7]I[\r][0xaf][0xdc][0x17][0xb7][0x93][0x11][0x16][0xfc][0x6][0xe3][0xab][0xba][0x6][0xb7][0xbb][0x5][0x1e][0xac]m[0xa9]k}[0x6][0xff][0xfe][0x1][0xcc]f[0xfc][0xf7][0xeb][0x9f][0xe1][0x3][0x6]@[0xb5]v4[0xf2][\n]"
2020-11-26 10:40:51 DEBUG wire:72 - http-outgoing-0 << "[0x1][0x9][0xf0][0x88][0xbc]&+[0xf][0xbf]<[0xb3][0xbc][0x86]+[0x8d]5[0xe5][0xa5][0xd5]U[0x99][\n]"
2020-11-26 10:40:51 DEBUG wire:72 - http-outgoing-0 << "[0x87]d[0x9d];[0x97][0xd2][0xd8][0xbd][0xf4]A0M#[0x8f]-[0x9f]td[0xd3]$[0xef][0x9c][0x87][0xfa]^[0xb1][0x90]_]=c[0x83][0x97][0xb9][0xf0][0xd5][0x86]^[0xb2][0xa1][0x0],[0x8d][0xcd]m[0x1][0xf6]} Z[0xdc]%q"Kj[0x94][0xfd][\r][0x0]iq[0xe6][0xc0][0xc]C[0x97]3B[0xa4]R[0x82][0xa3][0xc8]Mod-[0x99][0xf3][0x95][0xcc][0xf9][0x89][0xe6]*$d[0xa4][0x1a]A[0x1d]7[0xe0][0xff][0xf7]x%[0xfc][0xc6][0x1f]\W[0xf1][0xb7][0xda][0x1f][0x1b][0x1f][0xb7][0xa7][0xb8][0xdb][0xae][0xb0][0xc8]:[0xd6]V[0xa3]zgt![0x89]:T[0xbf][0x19][0x11][0xb8][0xef][0xbe][0xdf]|[0xa6][0xf4][0x8d][0xea][0xdb][0xd1];[0xfb][0xe8][0xf3][0x9f][0x1b][0x9b]k[0x9f]"+[0x12]N}[0xa3][0xf6][0x81][0xb9][0xea][0x1][0x9b][0xec][0xc1][0xb2]H'[0x13][0xc8]:y[0xac][0x7][0xb2]QP[0xe4]<[0xb][0x9a][0xa7][0x9b][0xe2];[0xde][0xb3][0xfe]V[0xc6][0xf5][0xb7][0xb2]2g[0xe1][0xf4][0xb7][0xad][0xf][0xc3]~[0xa5][0xdb][0x98]K[0x10]5[0xc5][0x9][0xaa][0xaf][0xa2][0xac]wN2[0x81][0xd1]2[0xc9]G[0xaf][0xf][0x1a]r[0xb8][0xac][0xb2][0xf4][0xff]m[0xab][0xe3]1[0xd6][0x1d],[0x80][0x96][0x19]Za[0xe7]oT[0xff]+[0xe5][0xa0][0xf3][0xc3]`[0x94][0x97][0xc5][0xd8],N[0xbd][0xcc][0xc1]k[0xc6]@C[0xb9][0x83][0xb1][0xa2][0x96][0xa6][0x91][0x86]A[0xec][0x8f]+0T[0xd9][0x91]R[0xce][0xc][0xad][0xc6][0xec][0x97]0[0x14]@[0xb0]d3[0xeb]Gf}[0x88][0xfc]x[0xe9]6[0xad]9|U][0x8f][0xc1]j(\[0x1c]s[0xb9]C/`o"z<a[0x85]'UB[0xd0]EMa[0xb5][0x80]-D1[0x8a]'[0xa6]woj/[0xbd]l[0xb5]O[0xa4][0xa2][0xc]N&z[0x15]v[0x1a][0xf][0x8b]`[0xdc][0xa1]7[\n]"
2020-11-26 10:40:51 DEBUG wire:72 - http-outgoing-0 << "[0xf0][0xf8][0xed]qmg[0x19][0x9d]%[0xe7][0xdd][0xf8][0xb7][0xb2][0x1b]l~[0x1b][0xad][0xf0][0xb9][0x11][0xe5]`[0xc0][0x18]Id[\r]F[0xbe][0xe2];"[0x94]4[0x92]Q[0x85]2i[0x8a]]y[0x8f][0x9c][0xd5]Y[0xe]Z^[0xb5][\r][\n]"
2020-11-26 10:40:51 DEBUG wire:72 - http-outgoing-0 << "62a9[\r][\n]"
2020-11-26 10:40:51 DEBUG wire:72 - http-outgoing-0 << "[0xb3][0xdc][0x89][0x1d][0x1f][0xb][0xc5]Z{=[0x1f][0x4]k[0xc5]h$[0x1e][0x3])][0x14]*[0xeb]L\Uhq[0xb6]|<[0x8e]F[0xcc][0x86][0x8e][0x5][0xb5][0x83][0x1e]-[0x14][0xbe][0xcc]5[0xad]o[0x7])`cQ[0xf1]IT[0xe5]3[0xf]/[0x2][0x3][0xbc]$^eI[0xb7][0xcd][0x9c]/c[0xc][0xa4][0xab]Y[0x91]:c[0xc4]_[0xf0][0x8]\T[0xd1][0x16][0x17]So:[0xc2][0xc7][0x6][0xe2][0x89][0x18][0xa4][0x85]>[0xf4][0x89][0x9d]uc$H[0xb4][0x17][0xb8]b[0xca]-)[0xfc][0x8a]7[0x1e][0xf0][0xcf][0xbd][0x1b][0x14][0xbb][0x8f][0x1] [0xd6][0xeb][0xd7][0x1c]U[0xab]D[0xac].[0xcf]na[0xc3][0x11]e[0x1c]9[0xa5]%[0xfd]e?[0xa6][0x1d]u[0xd3][0x97][0xc9][0xf0]}[0xde][0xf5][0x8f][0xfc][0xbc]$BS6[0x2][0xf3]0[0xdf]v[0xfc]d[\n]"
2020-11-26 10:40:51 DEBUG wire:72 - http-outgoing-0 << "[0xf7][0xce]'[0x7][0xfe][0xaf][0xf5][0xed]c[0xd0]J[0xb8][0xe7]=[0xf2],G)j[0x83][0xe]l5Z0m[0xf0][0xe4][0xc3]0L[0xe3][0x91]~[0xf4][0xd0][0xfa]=[0x97]r[0xe3][0xf7]+[0x7]G[0xfa][0xd8][0xa1][0xb6]|[0x99][0xab]^[0xba][\r][0xd0][0xbb]B[0xca]x[0xbe][0x94][0xff][0x8e]Y]<[0xd6][0xaf]L[0xad])[0x83]}[0xa0];h[0xe1]N[0xe6][0x8b][0x98][0xdc]N[0x1f][0x84][0xe6]vI[0xec][0xba][0xb0][0xe6]&[0x8a]{X[0xbd]L&k[0xf6][0xc8][0xe0]l[0x86]J[0x96]pU}[0xf5]E][0x9b][0xb][0xfe]}[0x86]~Q[0xf8][0x97]g[0xf9][0xf2][0xbf]w<wq[0xd5][0x8d][0xd7][0xba][0xbc]!j][\n]"
2020-11-26 10:40:51 DEBUG wire:72 - http-outgoing-0 << "[0xd5]0[0xa5][0x86][0x18]7[0x97][0xc9][0xa3][0x6][0x16][0xa6][0x81][0xdc][0xbc][0xce]s[0x12]I[0xf9][0xaf]Id[0xa3]([0x12][0xd2][0xd6][0x84]6[0xc8]u-[0xd0][0xf1][0xcc]e~P[0x81]2[0xca][0xc][0x5][0xfb][0xff]x[0xfd][0xbb][0xeb]%[0xb7]n[0xe1][0xb7][0xfc][0xcf]F[0x9a]3[0xec][0x12][0xb4]I[0xd4][0xe]'O[0xf3][0xd5][0xb5]D[0xb2]B[0x96][0xea][0xbf][0x19][0xaa]h[0xb][0x16][0x93],[0x92][0xfd][0xb9][0xa3][0x12]M[0x1d]^b<[0x1e]Y[0xc3][0x92][0xe5][0xa6][0xa2][0xe0][0x84][0x15][0xdc]+[0xba][0xa6][0x4]6[0xcc][0xd5][0x88][0x13]e[0xc8][0xcd][0x1d]?[0xb1]X>[\r][0x8c]G[0xa3][0x8a][0x88][0xa6][0xe5]5[0xdf][0xff][0xe7][0xff][0xc8][0xb5][0x9c][0xc][0x1d][0x94]E[0xe5]j[0x1e]-[0xc0]'[0xa3][0x82][0xea][0xc9][0xfe][0xa1]Fc_[0xe7][0xe7][0x89][0x82][0xcd]|@[0x96][\n]"
2020-11-26 10:40:51 DEBUG wire:72 - http-outgoing-0 << "[0xd8][0xbc][0xe4][0xb1][0xe9]5O[0xcb]?[0xf9]\TV[0x7][0x85][0x9a]oI[0xbc][0x87]k[0xc3][0xa2][0xe1]H[0x8b][0xa5][0xbc]4[\n]"
2020-11-26 10:40:51 DEBUG wire:72 - http-outgoing-0 << "[0x1d]r[0x84]r[0xd9][0x84][\n]"
2020-11-26 10:40:51 DEBUG wire:72 - http-outgoing-0 << "[0xf8][0xf1]9|[0x80][0xef][0x93]}[0x83][0xad][0x15]\x[0xd1]f[0xfb][0x1a][0xd2]UF[\r]i[0xa3][0xb6]s[0xa6][0x5][0xa3][0xe4][0x8d][0xed][0x83]6[0xaf][0x85]'~9[0xf1][0xc5][0xa3][0xe3][0xf0][0x99]7[[0x13][0xab][0xa5]uj[0xdb][0xdd][0xca][0xe2][0x9a][0xb1]Znw[0xea][0xfe]}[0x16][0x9a]-1[0x96]J-[0x84][0xf4][0x95]iB[0xc4][0x12]C[0xfa][0xea][0xb3]A[0xac][0x0]p2[0xae][0xc6][0x2][0xc9][0xc7][0xb9]u5[0x8b]%[0xef]O[0x87]p[0xdf][0xc1][0x11][0xb6]3[0xa1]m[0xf4]0[0xdf]ha[0xb7]HlG[0x9f]Y[0xc1][0x96]B[0xb1][0x1e]-[0xdc][0x8f][0xc5][0xf1]1[0xf2][0xaa][0xc7][0xd8]%[0xa5][0x18]*[0xdd]^[0xc5][0xc3]i5v[0xc4]<'[0xda][0x6]v[0x1f][0xd5][0xce][0xe7][0xc4]Q[0x4]'A[0x85]Q[0xd7]^[0xe0]jy[0x9a][0x90]r:[0xcf][0xfa][0xe7][\n]"
2020-11-26 10:40:51 DEBUG wire:72 - http-outgoing-0 << "| [0xde]Mj"OgB[0x91][0xf8][0xd4]P[0xde]X[0xed][0x8d][[0xf7][0xb0][0xfd][0xed]R[0x84]w [0xe0]&[0xdc][0xd6][0xb4][0xb2][0xfc][0x92][0xea]y[0x8b][0xd9][0x13]U[0xbc][\r][0x12][0xce]D[0x12]%[0x89][0xf][0xce]T[0xe2][0xd0]<[0xdd][0xf0][0x2][0xda]y5[0x86][0xf8][0x6][0xc2]Z[0x97][0xd1][0xc8]"C[0x1]~[0xd8]cu[0x82]4[0xc]pd[0xac]W[0x9f][\r]D[0xd5][0x96]n[0xc0])[0xeb]u[0x9a][0x8a][0x87][0x3][0xc][0x92][0x82][0x85][0xf3][0x6]Ls[0xde]_[0x2][0x16]"[0xd6]-$[0xc]=[0xc4][0xb3][0xeb][0xa8][0x1a][0xaa][0xf5][0xcf][0xc9][0xde][0x3][0xe6][0x9][0x13][0xbd][0x1b]2M[0xc5]uL8[0x17][0xb5][0xeb][0xc4]n*[0x4]Zt7[0xeb]T[0x94][0xd0][0x81][0x19][0x18][0x93][0xc7]@[0x2][0xc][0x93]O{r,,[0xb4][0x1b]?[0xf6]S[[0x9d]L[0xb][0xe3]_[0xa9][[0xe3][0xda][0xd9][0xab][0xd4]I2[0xf4]j[0x91]C[0x8a][0xb2]T[0xa4][0x10][0xad]Y[0x82][0xfd][0x9][0x8a]0[0xd3]l[0x2]3[0xec]I[0x81][0xd2][0xc3][0xd3][0xd1][0xa7]&q[0xf6])[0xab]*K[0x1e]=o[0xf2]AU0:[0x81][0x98][0xe3][0xb1]C[0x90]Y[0xc4]~[0xc8][0xf2][0xe0]9[0xa0],[0xd0][0xab][0xc6][0xba][0x93][0x0]h[0xc9][0xdc][0xb9][0xa1][0x82]wn[0x10]:[0xc2]Fg<[0xfa]&~2+9[0x8a][0xd2],[0x4][0xf3][0xde][0x9d][0xd1][0xcf]fL[0x3]?[0x17][0xe6][0x5][0x18]F[0xe1]cue[0xdb][0xb2]B/[0x98]Do[0x12][0xf][0xd3]A[0x18][0xc2]&[0x99]>H[0xff]f[0x94][0xc3][0xd6]_[0xd2][0x9]1[0xbd][0x13][0x86][0xb3][0xd0][0x9d]0[0xac][0xed].[0xc0]*[0x11]8}:d _z[0xbf][0xb][0xee][0x1][0xe5][\r]GB[0xbb][0x98]H/[0xa0][0xc2][0xcd]<[0x92]m[0xe4][0xe9]*T[0xdb][0x8b][0xbf][0xfc][0xf4][0x9e][0xdb]^[0xb4][0x19],[0x1f][0xb0][0x16][0xd8]Op[0x12][0xc]`Lv[0x8][0xf4][0xc5]#C[0xda][0xe1]^[0xd9]/'^[0x82][0x82]YS2[0x3][0xc9][0xc2][0xd2][0xf3]k"a~;[0x8f][0x19][0x8b][0xc7][0xd6]P[0x9]5][0xf0][0x98][0xf1][0x92]L{X[0x1][0x8][0xb9][0x8b][0xbf][0xb5][0xd2][0xfc][0xd6][0xc]-j[0xf6]&[0x84][0xf4][0xe7][0xa5]+`[0x8f][0xba]'([0xde]?{[0xa6]v[0x1d][0xa7][0xbf][0xf9][0xbd]w[0xa3][0xe0]j[0xb1][0xc5][0x8c][0xcf][0xdf][0x84]w[0xd4]T8[0x1d][0xce]R[0xf8]Y^[0x9d][0xd5][0x84][0x97]1[0xdf]y[0x6]Q[0xcc][0xd2][0xe6]@D[0xfb][\n]"
2020-11-26 10:40:51 DEBUG wire:72 - http-outgoing-0 << "t[0xc9]dY[0xd9][0xbe]([0x93])w[0xa1]7[0x9]3,[0xdd]6[0xe3]W[0x94][0x9f][0xa6][0xa7][0x85][0xa7]^7r[0x1b][0x88]l#[0xad]s[0x1c][0xc8][0xe5][0xbb]{[0xf7][0xc9][0x8f][0xcc]m[0x86][0xe4][0xf7]X[\n]"
2020-11-26 10:40:51 DEBUG wire:72 - http-outgoing-0 << "[0x96][0xfb][0xc2][0xb5][0xfd]c[0xe3][0x1][0xbd]s[0xc]4'0[0xb9]x5[0xa8][0x1]e[0xc2][0xab]L[0x8c]`[0x9d][0xb6][0xc5][0xa8][0xde]7B[0xe5]p[0xc][0xaf][0xb4][0xe1][0x8f]N[0x94]m[0xe6]EY-[0xf5]"R"[0xdc][0xac][0x96][0x94]%[0x7][0xdf][0xea][0xf9][0xb9],[0xba]8KK[0x1d][0xce][0x1a]Gu[0xa9][0xc3][0x91]=~K[0x16]]R[0xf2];[0x8a][0x88].y[0xbf])+[0xba][0x98]/A[0x80]a[0xe2][0xad]1[0x85][\n]"
2020-11-26 10:40:51 DEBUG wire:72 - http-outgoing-0 << "~[0xf7][0x5][0xfe]@[0x9f][0xa1][0xe1]'[0x4][0x83][[0xef][0xeb]S[0xc7]7[0xd1][0xa3]hD[0x18][0x1a])[0x1a][0x94][0x89]v[0xaf][0xb5][0xe][0xa8][0x1a][0xad][0xf8]?[0xdd][0xa9]u[0xb5][0xfe][0x80]U[0xf9]:[0xef][0xfe]\[0xfb][0xd7]&T$x&-u[0x1f]6[0x2][0xb1][0xf1][0x95]<4[0xfb][0xff][0xde][0xbd]c[0x4]Us[0xb7]$>v[0xe3][0x1a][0xfe][0xe9][0x8b]k[0xb5]"kes[0x99][0x9d][0x4][0xe9][0xfa][0xc5][0xa8][0xfb][0x5][0xcf][0x18][0x98][0x9]O[0xd2]3[0xb4][0x9c]?[0xd6][0xde][0xc7]zd[0xf0].\R{kG;z[0x1a][0xbe]j[0xc4][0xf2]@u[0xed].[0xba][0xba]~g[0xe8][0xe6][0xa8]([0xaf]rV8[0xca][0xca][0xab]r\7Ks[0xa7]Wo[0xdf][0x15]w[0xca][0xf7]MY[0xd1][0xcd][0x92][0x86][0x14]z[0xa1][0xf8][0xa6][\r][0x8e]D^kqRplx^[0x80]?M[0xae]v[0x8c]kH`[0xd5][0xdd][0x9f][0xdb]8&[0xc1][0xcf]6[0x8e]])[0xe1][\r]<ZV [0xa4][0x11][0x9e][0xf][0xba]![0x1d][0xbd][0xe3][0x9a][0xd3][0xf0]/![0xaa][0x1d]tj[0xcb][0x9][0xbf][0x0][0xf][0xfd]O^[0xb][0xe][0xa3]3][0xe0][0x19][0xe7][0x95][0x89]@[0xac]~[0xf2],i[0x93][0xaf]u[0xef][3[0xa7][0xfb][0xbb]g[0x80][0xa7]mD[0xcf][0xe3][0xa7][0xdb]T[0x9d][0x84][0x82]#[0x90][0xff][0xf1][0xec]$[0xc3]qdt[0xa3]y[0x97][0x98]W[0x6][0x98][0xe7][0x80][0x9f][0x95][0x97][0xc6]<[0xb6]1[0xff][0x8e]0/[0xef]7e[0xc5]<D[0xac][[0xb7][0x8c][0xb]}[\n]"
2020-11-26 10:40:51 DEBUG wire:72 - http-outgoing-0 << "[0x93]6J[0x99][0xb2][0xa1]Nl[0x8e]z[0xbc]/[0x1c]@t[0xac][0xa6][0xdc][0xb8][0x8c][0x95][0x83][0xf1]O[0x89](/[0xe2]$[0x89]^Di5[0x81]A[0xc4][0x99]J$"+[0xa4]Wl[0xf9]I("[0x96][0xce]o[0xa6]$[0xe1][0x8a]K [0xef][0x11][0xde] [0x1b]w[0xd3]V[0x82]1[0xaa]g&[0xea][0xa6]&[0xca],Q[0x5][0x95]7[0xd3][0xec][0xf8][0x90][0x18][0xb5][0x11][0x1a][0xc1]s,[0x83][0x88][0xff][0xa6]%[0xf1]JI([0x93][0xd9][0xf1][0xb9][0xb2]7[0x87][0xb]&mqa[0x5][0xaf][0xb6]C/[0xb4][0xa3][0x83]w/[0x9f][0x1d][0xd5]x[0x83][0xec](wTW\^[0x9d]K[0xf1][0x95][0x17][0x13]m[0xf3]}SV[0xb4]M[0xe9][0xcf]G[\r][0xfc]R[0x1c][0xec][0x88][0x14][0x9c][0x5][0x9a][0x93][0xce]1>,1J[0x99]_[0xc4][0x82][0x99]<[0xef]H|[0xc9][0x1b]^P!{#[0xdd][0xc9][0xd2][0xb][0x3]d[0xe8][0x8b][0x1][0x16][0x9d]`;][0x89][0xde][0x19]][0xac][0x13][0x8d]*[0xe1][0xf0][0x1f][0x9c]T[0x2][0xfc][0x8a]0[0xb0][0xa9][\r][\r]'[0x95]=^[0x84][0xdf]@jj][0x8c][0x1e]zSyL[0xda]4[0xd5][0xfa][0xc6]_[0xb9]W[0x96]~[0xa5][0x19][0x94][0xc9]c[0xc]}[0x0][0xd6][0xc9])[0xd5][0x8][[0x15][0xc9][0x2][0xfc][0x82][0x92].+S[0xaf])[0x83]C[0xfa][0xba][0x8f].+[0xdf])[0xaa]V[0x82][0xc5]Q^ZS^]~y[0xd9][0xae]u/[0xbf]#T[0xcd][0xfb]MYQ[0x95][\n]"
2020-11-26 10:40:51 DEBUG wire:72 - http-outgoing-0 << "H[0x99][0xcd][0xe][0xc2][0x2]BR<[0xa5]C?[0xb][0xf6][0xf6][\r][0x97][0xe8][0xbc][0xc3]<[0xfc][0xfb]msc[0xfb][0xcf]e[\r][0xd8][0xce][0xf1]^-[0xb2][0xc3]D&[0x9c]!x[0xe3][0xc7][0x83][0xfa][0xd9][0xa2]:8[0xf][0xff]][0xc1][0xce]i[0xfe][0xb1][0xf8][0xf1]0|[0x88][0x9f].[0xb1][0xf5]c[0xd4]P[0x8f]D[0xc5]V*[0x19][0x9d][0x12][0x5][0x83][0xac][0xef]x[0x0]o[0x8b][0xfa]'[0xb4][0xe8][0x1b][0xf2]@S[0x97][0xd6]+[0xa2]V[0xd5]y[0x1f]/F[0xb7]E[0xac][0x93]4G6w[0xa6][0xfa][0xfb][0xd0][0x5][0x8d][0x85]_bJ?[0x95][0x89][0x4][0xdb][0x19][0xaf][0x1d][0x8e]A[0x90]D[0xd5][0x90][0xe7][0x8a][0xb9][0x0]$[0x9b][0xc4][0x1a][0xd5][0xef][0x14][0xeb][0x0][0xdf]J[0xab][0x10][0xf7][0xb2]4w[0xca][0x7][0xeb]R*[0x11][0x16][0x93]A[0xe6][0xfb][0xa6][0xac]X'[0xa4][0xa0][0xa9] [0x8f][0x91][0xa8][0x9]j[0x1f][0xe6]j~[0xf6][0x17]T[0xf9]ANb[0x83][0x82][0xed] [0xf2][0xc9]h[0x10][0x8d][0x9b][0xe][0x17][0xbf]|[0xac][0xab][0xc7][0x18][0xd9][0xf4][0x0]y[0xd1][0xe1][0xdc][0xb3][0x0][0x96][0xae][0x12][0xf1]*3[0xdb])[0x89]G[0x86][0xac][0x5][0xde]CN[0x15][0xa3]`[0x19]&[0x11][0xc]NR[0xb7][0xaf]$2[0x97]<[0x1b]x[0xab][0xbe][0x19][0xa0]0XL[0xab][0xe7][0xd2][0x1a]=[0x99][0xfd][0xcb][0xd4][0xab][0xd8][0xa8]z[0x86][0xec][0xb9]{K[>[0x2]&[\n]"
2020-11-26 10:40:51 DEBUG wire:72 - http-outgoing-0 << "H[0x8][0x92][0x18][0xd9]aB<[0xc7]O[0x96]t[0xcf][0xa8][0x1a][0x9b]Q[0xc2]A[0xaa][0x97]H[0xf3][0xbf][#[0xda][0xe9]tV9[0xe0]g[0xc5][0xe5][0x8d][0xe8][0x8f][0x11][0x7]-E[0xf2][0xfa][0xa2][0xc0]d[0x8c]nVz[0xdf][0x8][0x96][0xb3]#[0xa6]HQ[0x82]\-[0xac][0xbd]w[0xdd]\[0x8c][0x1]{[0xe9][0xc][0x7][0xe8]2[0x9e][0xda][0xd4][0xe8]s[0x18][0xa3][0xad]LM[0xc5]#[0x3][0xc9]n9[0xa6][0xfc][0xe7][0xa4][0xde][0xc8][0x13][0x95][0x14]?*i[0x6][0x86][0x1a]2[0x1b]p[0x7]X[0x92]aT[0x3][0x87]R[0xde][0xae]h[0xe1]X[0xfc][0x18][0xef]>[0xd5][0xf9][0x1][0x9e][0xb5][0xbc][0x1][\n]"
2020-11-26 10:40:51 DEBUG wire:72 - http-outgoing-0 << "![0xea][0x13] [0xb9][0x89][0x92][0x12][0xd2][0x97]:[0xd4]cGJ,[0xc4][0xb]2<8[0xc0]&{[0x8c]~v[0xf0][0x10][0xe9][0x8b][0xef][0x16][0xdf]**[0x9d]5[0x8e][0xaa][0x8a][0xca][0x8a][0xec][0x15][0xaa][0xa4][0xad][0xe8][0xee][0x91]weE[0xe7][0xfb][0xa6][0xac][0xf8]FN[0xe6][0x84][0xad][0x90][0x1a][0x19]A[0x7]h[0xea]c[0x94][0xb4][0xac]k1[0xef][0xdd][0xc8][0x3][0xc5][0xf]_[0xa1]{[0x4]3Gwb)[0xfd]B[0x9]SP[0x13][0xdb][0xdb]$[0x93][0x15]cJx[0xf9]3T8[0xd1]F9[0x10][0xaa][0x9a][0xe1][0xb1][0x99];[0x13]xJ[0x9][0xf0][0x83]1m[0x8][0xeb][0xa9][0xe1][0xf2]@[0xb][0x5][0xa3][0x87][0xb2][0xaa][0xcc]+4[0x12]UM[0xf8]d$[0xe][0xa8][0xb1]16[0xec][0x3][0xbc][0xd6]g[0xbc][0xe6][0xab]y[0x91][0xc3] [0x12][\n]"
2020-11-26 10:40:51 DEBUG wire:72 - http-outgoing-0 << "<[0xda][0xc1]QB[0x93]|[0x87][0x92][0xb7][\n]"
2020-11-26 10:40:51 DEBUG wire:86 - http-outgoing-0 << "C\[0xc1]<[0xc1][0xd6]K[0x97]v[0x1d][0xce][0x1d][0xbf]+[0xd7]a[0xbe]o[0xca][0x8a][0x85]Tt[0x1][0x8b][0x17]$be[0xae][0xdf][0xb8]O[0x17]PZh[0x15][0xa3][0xa5][0xcc]5[0xfa][0xac][0xe1]BF%<Qr[0xd8][0xd4],+[0xd9][0xd1]7[0xe1][0xde]S|[0xe7]l~[0x1b][0xaf]qyT[0xf8][0xad][0x7][0xf7][0x93]Q[0xd4][0xdc]9-&1&[0xe7][0xce][0x16][0xe3][0xf6][0x12][0xb6][0xa8],-+[0x3]sh?[0x8d]nj[0xe1][0x15]S[0x9a]g[0xaf][0xe2][0x1b]N[0x9][0x9f]62k[0x12]^[0xc3][0xfa][0xba][0xa6][0xba][0xf4][0xa2]5$[0xfa][0x13]a[0xe6][0x14][0xe4]d[0x89]375[0x5][0x94][0xc5][0xcb]w[[0xc1][0xb4][0xb4][0xda]Q[0xe9]([0x87][0x9f][0x85][0xab]F[0x93]Ro^[0x12][0xbb].[0x1b][0x4]w[0xa1][0xb7]f[0xc5]k[0xfc][0x9f][0xba][0xe1]W[0xfc][0xe7][0x98][0xad][0x19][0xc2]([0x14]L[0xb9][0x8a][0xc5][0x10][0xdf]|s[0xca]$"[0x15][0xe0][0x1b]HC[0x14][0x90][0xa6][0x8][0x16]T[0xcc]@[0xd6][0xfa][0x86][0xd9][0xf6]N[0xba]>&[0xdc]+[0xd6]h_s-[0x8f][0xa4][0xa2][0x90][0x12]-[0xcb]1[0x8d]"
2020-11-26 10:40:51 DEBUG wire:72 - http-outgoing-0 << "+[0xaa][0x9][0xb5][0x95][0xbb]%[0xb7]w0[0xb4]'[0x1a]xX[0xd7][0xf4][0xac][0xb1][0xf9][0xc9][0xcd][0xba]vDW[0x9c](8`[0xf4][0xf8]0t[0x87][0x94][0xea]$[0x16]R[0x19]M[0xd6][0x1d]I^[0xfa]S"#[0x15][0x2]N[0xd0][0x86]`[0xda][0x9][0xf][0xa6][0xa1][0x83][0xbc][0xc7][0x90][0xdd][0xb2]j[0x87][0xa3][0xb4][0x6]~[0x16].[0x81]+[0xa5]0[0xea];[0xc2][0xe2][0xb][0xbd]5'[0x16][0x9b][0x1b][0xb0][0xa5][0x94][0x91]0[0xd7][0x85][0x16]1[0xe2][0xb7]n[0xc1][0x87][0xbb]?[0xd7][0xfe][0xe9][0xce][0x15][0x83][0x9b][0x89][0xa6]k[0xc9]4[0x9d]h[0xc0]([0xe5][0xc1][0xb6][0x86][0xd5][0x8d][0x11]x[0x82]TUB7^[0xb6][0xbd][0x9b][0x94][0x5][0xc5][0xef]1[0x9a]?[0xd2]n[0xc][0xac]I[0xfa]O[0x13]V>[0xa1][0x1b]M[0xf2][0xe0][0xf][0xb7]o[0x8a][0x94][0xec][0x3]P[0x3]6[0xcc]^vl[0xc7][0xa6].[0xee]a[0xe2]5%a'[0x8a][0xdd][0x11]*[0xa7][0xf0][0xf2]+TC[0x82]b[0xdb]9[0x99]5[0xfb][0x8d]P4`[0xd7][0xba])ezL[0xe9][0xeb][0x12]^[0xa8][0xf][0xa4][0xaa]D[\r]g[0xcd]5YzM][0x4][0xa9]/[0xe6][0x93],p|r[0x1][0x90][0x1a][0x8b]\[0xa6][0x95]x2[0xbb]C3[0x16][0x89]"[0x1e][0x9a],[0xfe][0x4][0xa7][0xfd][0x97]?u[0xb8]ZNw[\r][0x18]>GT[0x82][0xb7]W[0x99][0xf7][0x10][0xb3]r[0xe7][0xb7]Y[0xe2][0xc6][0x91][0x8c]#[0xed][0xac][0x9b][0xf7]&A[0xb7][0xbc]aX[0xb1][0xed]^[0xe1][0xc4][0x4][0x15][0x99]k[0xb4][0x82][0xb5]s[0xff]9N[0xc8][0x9d][0xf9][0xe6]r[0xc0][0x86][0x95][0xf],[0x98][0xca]=[0xe9][0xf0][0x18]h[0xbd][0x9c][0x14],[0x9b][0x99][0xed][0xd1]zf[0x15][0xff][0x0])[0xe8][0xef][\r]=[0x1d]5[0xe5]5N[0xa7][0xc3][0x1]?[0xb3][0xdf]%[0xe5][0x8b][0x9e][0xfa][0x8c][0xef]=[0xa0][0xe7][0x85][0xde][0x9a][0x13]=[0x93][0xdd]f[\r]u[0xd4]T[0xe6][0xd5]Z[0x95][0xba]3[0x19]>o2[0xd7][0x8c][0xc4][0xc2][0xe4]e[0x95][0xb5][0xe7]-[0xa0][0x88][0x16]:C[0xa1][0xbd]:[0xb][0x13][0xa6]d$[0x10][0x8f]M[0xc9][0x86]L[0x84][0xdc]su[0xd5][0xac][0xa5][0x8a][0x1c][0xc7][0x93][0x9]e,`[0xbe][0xf9][0xa4]:[0x14][0xc6]E-[0xd8]_[0xc6][0xb5][0x82]pc,FA[0x18]Pv%[0x96][0xc4][0xc]I[0x16][0x1c]R[0xde]F[0xb5][0xb0][0xf][0xf9]m`[0x83][0x97][0xd7][0xe6][0xdf][0xcf]o[0xeb]c[0x9d][0xca][0x84]W[0x9f][0x9d][0xd7]Wz4[0x10]B[0xfc][0xf2][0x95][0x9d][0x4][0xc5][0xfb][0x13]a[0xf7]v7[0xa4][0xef][0x14][0xcb]+[0xaa][0xd0][0xb3][\n]"
2020-11-26 10:40:51 DEBUG wire:72 - http-outgoing-0 << "?[0xb]W[0xda][0xe7][0x1f]E?fC[0x9d][0x6][0xa7]5[0xa3]]z[0xa0][0x91][0x81][0xcd]B[0xf6][0x87][0xfc][0xfa][0xf4].RBW[0x8]4][0xae][0xaf][0x1e]P[0xe5][0x14][0xb4][0xeb][0x12][0xf7]Gt[0xf3]i*[0x99]'n[0x91][0x84]?[0x97][0xf8][0xa7][0xe1][0xec][0x10][0x14][0xc6][0xaf][0xb2],jr[0xa7][0xd9][0xdf]K[0x1a][0xc6][0xf5][0x16]n[0xa5][0xf1]qf[0xf7][0x5]V[0xa6]"[0x17][0xc7][0xf1]a[0xca][0x8d][0xab]Y[0xf5]EM[0xc5]T[0x9c][0xcb][0xea][0x9c]M[0xb6][0xc7]F[0x97][0xae])[0xc0][0xf9][0xbd][0xe2]q[0x95][0xd3][0xc1][0xfd][0x14][0x8e][0xd2][0xc2])[0x13][0xfa]T[0xec]}p[0xeb][0x8b][0xbc]5'[0x1e][0xd3][0x14][0x86]5[0x96]R[0xc9][0xd3]|[0xf5][0x8f]eqy[0xc6]>[0xc9][0xe5][0x1b][0xf][0xee][\n]"
2020-11-26 10:40:51 DEBUG wire:72 - http-outgoing-0 << "[0xbd][0x9a][0x17][0xd2]xx[0x7][0x19][0xa3][0xd5][0xc7]A8l[0xc6][0x96]d[0x1f][0x82]D[0xdf]DC7[0xa7][0x8c]s[0xb6][0xda][0x83][0xec]7[0xd1][0xfe][0xcc][0xcc][0xc1][0x13][0xc9]Q[0x89][0xa4][0xa9]6[0xe1]x[0xb8]u[0xe7]k3?'?[0x1b][0xbd][0xda][0xa8][0xfc][0x3][0x86]([0xb][0xcd][0x12][0x9b][0xce]~[0x8d][0xff][0xe]qR4-[0xaf]t[0xd6][0xe4][0xb8]1[0xc8][0x17]'/v[0x93]yY[0x9c][0xbc][0xd0][s[0xe2][0xa4][0xd9][0xb4]W[0xd7]^[0xb0][0xa3][0x17][0xca][0xde]6[0xdb][0xdd][0xd3][0xba][0x96][0xe3]1lQ[0xa7][0xcf][0xc]'[0xab]2S[0xd9][0x18][0xba]([0x8d][0xf6]~[0xdb][0xd4][0xde]Zw[0xf5][0xd6]][0x8c][0x99][0xa3][0xcf][0xf7][0xaf][0xd7][0xde]5[0x9a]v[0xa5][0xdf][0x8c]&[0xbb]i[0xbb]\([0xd5]M[0xea]&b[0xab][0xb9][0xa5][0x97][0xb5][0x8e]M[\n]"
2020-11-26 10:40:51 DEBUG wire:72 - http-outgoing-0 << "[0x9b][0x8f]G[0xfa][0xb3]V[0xd9][0xee]U[0x8f];[0x95][0x85].ef]9|eh[0xc6]j[0xd7]1h[0x19]f[0x13][0xc]o[0xb5]&[0x8f]Q+8[0x9f][0xc3][0x10][0xab][0xc4][0xf5][0x99][0xd1][0xf9][0xb][0x6][0x82]:[0xae][0xf6][0xf0]z[\r]s[0xfb][0xf4]+[0x98][0x99]0[0xf]|[0xf9]^[0xb9]lE[0x5]F[0xf6][0x81][0xb6]P[0xc0][0xda][0xce][0xec]t[0xeb]}[0x98]l[0x17]ykN[0x8c][0xc6][0xa2][0xc8][0x83][0xdd])[0x8d]j[0xa9][0xac][0x7]*[0xc][0x89][0x8a][0xcf][0xa0][0xec]R[0xf7]Z[0x83][0x97]&[0xdd]d[0xc0]![0xb9][0xf8]N~[0x93][0x92][0x1a]OJ)[0xff]2[0xa1]6[0xc0][0xc][0xe7]X)c>[0xe1][0xcb][0xe2][0xfc][0x9b][0xf2][0xb8][0xac][0x81]{[0xdc][0xf2][0x9f][0xdf][0xa3][0xc7]t[0xef][0x90][0x8e]i[0xa3]X[0xfb][0xcf][0xec][0x10][0xb3]<[0x3][0xc]6|[0xa2]m[0xf4][0xaa][0xaf][0xa7]P[0xb5][0x8].)[0x7]G[0xe9][0xa2][0xa0]0tR'[0xaa][0x82][0x99];[0xd6]b[0xd1]%[0xb9][0x15]^[0xbd][0xf3]:oY7[0x90])`[0xf5]][0xa2]9([0xc5][0xc0][0xb8][0xcb]+[0xaa][\n]"
2020-11-26 10:40:51 DEBUG wire:72 - http-outgoing-0 << "[0xe8]4N)-[0xf8][0xae][0xd0][0xfc]"o[0xcd][0x89][0xe6][0xd8][0x95][0x13][0x15][0x80][0xa1]=L[0xda][0xe1][0xc1]&[0xbc][0x19][0x9b][0xd6][0xb5]+z[0x1b][0xf1]{bQ)[0x81]Wn[0xc8][0x16][0x0][0x9f]([0xb1]0[0xc7][0xe6][0xf6][0xd1][0xad]p[0xfe]&Yh[0x81]{[0xb4][0x94][0x17][0x9d][0xe8][0xf3][0xe8]YT[0x16][0xc7][0xa8]5[0x9a]2[0xb1][0xf][0x8]k[0xae][0xe5]`[0xf0][0xe1]xd[0xdc]`[0xc5]TB:[0x19][0xca][0xe2][0x9f]D[0x7][0xf0]i[0x8c]E'[0x10][0x91]O[0xc6][0xe0]?[0xc][0xe9]:[0x9f]Krc[0xa3][0xf1][0xe2][0xf0][e:[0xa0][0xce][0x9c][0x8a]k[0xe6][0xe0][0x14]&[0xd1]r[0xb2][0xc6][0xe0][0x17]^[0xbc][0xe1][0xfd]bgi[0x99][0xb3][0xca][0xe1](-[0xcb]q1[0x9c]/v[0xfe][0xa3]8[0x83]S"[0x9][\r][0xd9]o[0x8e][0xc4]#[0x83][0x88]"[0x0][0xe1][0x81][0xda][0xef][0xb0]x%[0xeb][0xdd]S[0xb7]&[0x95]%,O)2[0x8c]_[0x82]54E.[0x2]#rO[0x18]S<n[0xf0][0xc1][0x8d]o[0xbe]AoC[0xed]M[0xf8][0xf9]o[0xf7][0xee][0xdc][0x13]%[0xe2][0xe6]34[0xf]MQ-x[0x9e][0x1][0x16]$[0xc8]F[0x1d][0xe6]p?[0xea][0x1d]H[0x1e][0xb]~[0x8f][0x9d]1[0xe8][0xcf][0x6][0x3][0xb][0x90][0x89][0x1f]?[0x99][0xc6][0xa6][0xe4][0x1e]?|[0xe0])[0x11]<[0xaf][0x8c][0x9f][0x1f][0xa5][0xa3][0xa9][0x81][0xbe][0xdf][0x97][0xfd]o$[0xc5]X[0x0][0xd3]&W[0xf7])-[0x1f]%[0xe3]A[0xf][0x82][0x91][0x2][0xd1][0x8a][0x9d][0x99]od[0x9c][0x96][0xbf][0xcb][0x1c]}[0xc2][0xdb][0x94][0xec]|[\n]"
2020-11-26 10:40:51 DEBUG wire:72 - http-outgoing-0 << "v[0x2][0xe1]/[0x2]B=[0x1b][0xc0][0xb2][0xe0][0xfd][0x9f][0xab][0xfe]c[0xcd][0x8f].[0x2]ew[0x11][0xd3][0xf8][0xb8][0xd4].[0xf7][0xfb][0xda]#[0xf7]O[0x15][0xdf]7[0xd6][0xbb][0x9b][0x1d][0x89][0xdc]f[0x9b][0xf4]o[0xdf][0x2]f}[0x9b]j[0x2]$s[0xd4]y[0x8]D[0xa2][0xe7]d[0xa7]5[0x8][0x16][0x17][\n]"
2020-11-26 10:40:51 DEBUG wire:72 - http-outgoing-0 << "[0x2]e[0x3][0xd7]JmOx87[0xf][0xa8]M[0x94][0x95]Pcc[0xca][0x8b][0x9e][0xc2]/zu[0x8][0x17]m[0xc1][0x15][0xb1]h[0xab][0xbb][0xa1]S[0xc8][0x1]OL;[0x1b][0x1][0x9d][0x9]5'Z16F[0x8f][0x8e][0xf2][0xd4]{[0xec]\[0xae]m[0xf4][0x80]jV[0xf0][0x85][0xaa]1x[0xfd][0x84]q7[0x9a][0x4]m[0xff][0x14][0xb][0xc]$A[0xcb][0xb9][0xe][0xde][0xfb][0xf0]_[0xf9][0xfa]([0x83][0x15][0x9d]6[0xeb][0x99][0xf2][0xff]/[0x98]uo|[0xaa][0xf8][0x10][0xf2][0xef][0x1d][0xa5]y'[0xe0][0x83][0x1][0xcf]|[0x87][0xd8]x[0xc7][0xb3][0x81]$[0xc5]Wm[0xa9][0xcb]/[0x8a]sQ,[0xc4]y7rE[0xbb][0x1c]|[0xa2][0xcb]l[0xe9][0xfc]"[0x93][0x14][0xde][0xb1]7a7[0x95][0x12][0x18][0x5]|[0xe3].[0xed]>[0xf8][0x80][0xc1][0x1a]}QPgs[0xa5][0xf6][0xa3]&c[0xb7][0xc2][0xac][0x15][0x5][0xe8][0xad][/A?[0x11][0x89][0xcd][0x5]N[0xc9]7>U[0x16]:9_P[0xd3][0xf3]'N[0xc2][0x82][0xb][0xa6][0xe7]+[0xe1] [0xd6]&[0xe2][0x9b][0xe7][0xbc][0x88]kaJlY[0xe9][0x9][0x2][0xf1]([0xfe]1[0xe6][0xeb]5[0xe7][0xca][0xeb][0xd3][0x87]J[0xe8]@[0xa8][0x9f][0xbc]h[\r][0xe][0x3][0x9d][0x8d][0x81][0xa9][0x11][0xeb][0xa1]J[0x17][0xd6][0xe4][0xfa]%e&J[0xdb][0xd5]gV[0xf8]Kx[0x19][0x13][0xa2]J[0xf4][0xd4]S[\r][0x91],i[0xfc][0x98][0xcf][0xfe][0xdb][0x12]Gie[0xcb]O[0xbf][0xfb][0xb1][0xb1][0xa1][0xfd][0xe9]oK[0xaa]KyR?a[0x1e][0xa6][0xdf][0xec][0xbc][0xc0]i[0x95][0x99][0x1]6[0xd4][0x7][0xdc]^[0xef][0x1c]+T[0xc6][0xbe][0xe9]s[0x6],H[0x81][0xed]O[0xdf][0xc3]a[0xd7][0xb5]}R[0xd2][0xde][0xd8][0x8e][[0xa0][0xad][0xdf]~(Z[0x12][0x0]Q[0x9d]y[0xc9][0x16]{[0xc8][0x9f][0xcb]D[0xb8]?}[0xff][0xb4][0xc1][0xa0][[0xc0][0x83][0xac]8[0x0][0x8f]>m@[0xe0]X[0xce][0xdf][0xf8][0xf6][0x93][0xcf][0xf9];[0x8c][0x8a][0x15][0xd7]o[0x9b][0xdf][0x9f]{[0xd6][0xd6][0xc6]'O3L[0xcb][0xbf][0xfe][0xe4]s[0x3]=[0x9][0x81][0xc8]M[0xf9]j[0x7][0xb][0xf2]rZ[0xe7][0xc1]"aT[\n]"
2020-11-26 10:40:51 DEBUG wire:72 - http-outgoing-0 << "'f[0xae][0xc1][0xef][0xd7][0xd4]X[0xf7]5[0xe5]`[0xe0][0x1a] [0x9][0xb7]#[0xa2][0xe6][0xb0][0x16],[0x5][0x82][0xc5][0x1c][0xa2][0xc4][0x9b]D[0xb]g[0x8e][0x14][0xa8][0x8c]m[0xef][0xa0]A[0xcf]s[0x93]2[0x90][0xe3]?[0xa5][0x1][0x90][0x1f][0x80][0xb9]DB[0xda][0x1f][0x91]s[0x1a][0x9a]W~[0xac]71<[0x91]4[0x9f][0x98][0xc4][0x9c][0xf2][0xe][0x92]EX2[0xde]5[0xf8]`[0xc9][0x8e][0xc7]?[\n]"
2020-11-26 10:40:51 DEBUG wire:72 - http-outgoing-0 << "[0xa3][0x8c]C*[0xe3][0x1f][0x87][0x3][0xca]`[0x1f][0x18][0xff]i[0x4]DGe7[0xd6][\r][0x0]2[0xff][0xd1][0x94]ro[0xc1][0xdc][0xc][0x1b]w^n[0xe3]N[0xbb][0x8d][0xf3]-[0x13]u[0x8b][0x92]=[0xc4][0xdc][0x84][0xd8]AB5[0x1f]p[0xda][0x16][0xf1][0x86]d[0x9]7[0xcf][0x86]G[0xd0][0xb1][0xcd][0x9f][0xa5]9[0xc0][0xce]@=04[0xab]/[0x1c]b9[0x86][0x9e][0x1d].`S&[0x0][0xd3][0x82][0x8b][0x5],[0x1a][0xa4]F[0x97][0xf4][0xf1][0x19]Q4[0xc1][0xff]F[0x89]xI[0xc7]W[0xe7]vy[0xe9][0x82][0x8c][0x10]4[0xeb][0xa6][0xb8][0xe3][0x8e]&s5[0xe][0xdc][0xe3][0xd9]k[0x16][\r]*[0x91]a0na[0x89][0xe2]8[0xa8]*D,[0xc0][0x1d][0xef]Q[0xe6][0xdb][0xa6][0x1b][0xfb][0xf4][0xf5]q[0xee][0xa9]L[0xf8][0x94][0x17][0xf3]f[0x8])[0x87]>}f[0x95][0xc]jm[0x12]l[0x99][0x9d][0x94]%[0xf2][0xd1][0x14][0xac][0x82][0xe8]q2[0x81][0xe0][0xc1]+[0xdc][0x90][0x0][0xb1][0xaf][0x17][0xf4]K[0x83][0x0][0xd9][0xdc][0x92][0xb2]0[0xc][0xcc][0x19][0xbe][0x91][0xde]i[0xd9]'[0xa9][0xb0]$[0xb]J[0x9f][\n]"
2020-11-26 10:40:51 DEBUG wire:72 - http-outgoing-0 << "[0xb1]s/[0x88]F[0xb1]VP[0xc1][0xbd][0x3][0xd6]2[0x10])[0xb]%[\n]"
2020-11-26 10:40:51 DEBUG wire:72 - http-outgoing-0 << "[0x10][0x1b][0xa1][0x8][0x86]Dh[0x98][0xf9]4[0x95][0xc5]5[0xe5]$[0xa8]-[0xaf][0xa9]'[0xd1][0xb4]9[0xbe][0xb8][0xad][0xf4][0xaf]i[0xcb][0x9b][0xe2][0xd2]z[0xc4][0xa7][0x6][0xb6]-[0x83][0xfb][0xc1][0xde]I[0x94]([0x11]j[0xac][0x1d]Q[0x98]?[0xa6]1[0x8d]zWs&[0xa6][0xd1][0xd8][0xdc][0xec]jM[0xd2]M[0x8a][0xfd]][0x92]Zo[0xc4]L[0x13][0xff]d*w[0xe1]nn{[0xea][0xfe][0xd1]R[0x97]$[0xab]t[0xc7][0xe5][0xc0][0x1f][0x5][0x9f][0xa9]kj[0xff][0x97]O[0x12]B[0x84]([0x84][0xb2]S>)1[0xcf][0xd6]b![0x91][0x84])[0x8e]O[0x1b][0xce]o[0xe4]J[0xe1]c[0xe0][0xbe]l[0x15]=[0xe8][0x82][0x14][0xcf][0xe7]0o)[0xda][0xcb][0xd6][0xbb][0xb0]Fa@[0xb8][0x8e][0xb0][0x1a]^[0xc4][0x83]2[0x16][0xe9][0xb9][0xdb]0[0xa0])1^[0x99][0xdb][0x8f][0x9f][0x9d][0xa3]7([0x91]/[0x87]i([0xe1][0x9e][0xf8][0xc9]6;[0x1d][0x83][0xf9][0xcd][0xb][0xc0][0xb1]<[0xf][0x9f]4ra[0xdc]F|Jp8~6[0xa7][0x8f][0xfa]pU[0x9e][\r]cI[0xc4][0x0]y[0xb9][0xac][0x5]}v^|[0xc9][0x89][0xc6][0xb0][0xcb][0x13][0xdb][0xb6]V[0x1f][0xb1][0x16]A[0xb1][0x3][0xb0]3[0x3][0x80][0xe1]M[0xfa][0xca]4[0x8b][0x8e][0xa5]B[0xf7][0xe1][0x9d][0xdb][0xd7]E[0x85][0x0][0x10]aBO[0xe2][0x1b]@[0xd8]y[0xbd][0xda][0xe1][0x9e][0x88]a[0x18][0x1b][0xe2]q[0xc8][0xdd][0xd8][0xd4][0xe3]d[0x16][0xa9][0xf1][0x98][0x7]f[0xc4][0xa2][0xf0]$[0xb6][0xf0]XX&[0xbf]5O[0xc4]E[0xfe][0xa1][0x1d][0x85][0xd9]Y[0xf]E8c[0x84][0x1b][0xff][0x12]&WW[0xa3][0xf1][0xd3]s[0x11]Y[0xcf][0xdf][0xa8]w[0x9f]bD[[0xe0][0x88][0x9d]M[0xc1]K1^[0x8d][0xb3][0x3]^{[0xda][0x3][0x16][0x13][0xe5][0x4][0x89][0xc4]][0x9e]I[0x84][\n]"
2020-11-26 10:40:51 DEBUG wire:72 - http-outgoing-0 << "[0xe][0x83]fD[0x94]H[0xc6][0xb2][0xb2][0xbd][0xcf][0x8e][0xf7][\n]"
2020-11-26 10:40:51 DEBUG wire:72 - http-outgoing-0 << "[\n]"
2020-11-26 10:40:51 DEBUG wire:72 - http-outgoing-0 << "[0xcd][0xb2][0xc][0xd0]$[0xc2][0x4][0xbc][0x0]f[0x97][0x3][0xa0][0x18][0xb4]a*[0xf4]F[0xad][0xea][0xf0][0xfc]a[0xf3][0xc4]J[0xc0][0xd8][]4[0x90]W[0xf1]{[0x10]|[0xc4].[0xf9]5[0x8f][0xf2][0xd2][0x3]c[0x11][0x82][0xdb][0xbd][0x19][0xf9][0xe][0xb9][0xaa]R[0x98][0xe][0x5][0xb8][0x88][0x84][0xab][0x84]7S[0x8d][0xcd][0xc4][0xa3]>[0xbd]o[0x8]>[0x3]_F[0xef]}[0xa2]h-[0x98][0xce]x0s[0xfb][0x18][0xe]>[0x81][0xb1]8[0xf0]Y[0xeb][0x9c]U{[0x8][0xa9]9[[0x9f][0xdb]W[0xa6][0x3][0xca][0xf4]YA[0x81][n[0x5].[0xa7][0x8]X70e2[0xcc][0xa9][0xe5]B*[0x88][0x11]Q[0x9]I[0xce]=[0xca]~[0x2][0x85][0xa6][0xf6]i[0xc][0x0][0x15][0xe][0x87]`[0x96]([0xa0][0xfb][0x1a]5[0xb1][0xa1][0x9]5z[0x9e][0xa4]F[0xff]+0M0Q[0xf1][0xcd][0x0]0[0x1e][0x1a][0x8b][0xe][0x8c][0xb3]nv[0x12][0xe5][0xb4][0xbd][0xa2][0xee][0xaf][0xa0]@[0xe2][0xc5][0xb2]h[0x14]Lk:`[0x8a]ICB1[0xad]<[0xd1]&[0x2][0xd3][0x8b]XdR9[0x8]j[0x1b]>[0x80][0xac]vv[0x6][0x12][0xd4][0xf9]Y[0xc5][0x8f]h*[0xbd]].( +2`)i[0x99][0xa0][0x1c][0x3][0xd7][0xc9][0x8d][0xa5][0xf4]$[0xd5][0xfb][0x4]qOAM[0xf4]%e[0xdc][0x81][0xc1]*[0xb2]E[0x13]<"[0x1e]{[0x8b]\y[0xb5][0xf]v[0xaf]/[0xbc]`[0x91]H[0xf2]6[0x94][0xde]{[0xd0][0xa3]D[0x87]aH[0x5][[0x15]%6[0xb1][0x1d][0xee][0xe]f[0x1f]b>f[0xfc]t[0x6]T[0x1d][0xe1][0x9a][0xe1][0xa6],2tN[0x10]`[0xa7][0x1][0xdb][0x1]u[0x88][\r][0xf][\n]"
2020-11-26 10:40:51 DEBUG wire:72 - http-outgoing-0 << "][0x9a][0xb3] [0xcc]t[0xe1][0xcb])([0xe8]*[0xad][0xa0]#[0xd5]|sY[0x19]X[0xa4][0xea][0x87][0x4][0xa5][0xc]8H[0xec][0xc7]X =[0x9d]R[0xb9][0xc3][\n]"
2020-11-26 10:40:51 DEBUG wire:72 - http-outgoing-0 << "g[0xf3][0xb4]tw[0x86]E[0x8][0xa2][0xeb][0xda][0xf9]4[0xb],[0x8a][0x99]HY[0xdc][0x9d][0x2]C[0xc2][0x98]U[\r][0x84][0xd9][\n]"
2020-11-26 10:40:51 DEBUG wire:72 - http-outgoing-0 << "[0x96]b[0xa5]R[0x8c][0x82][0xf9][0xfa][0xc7]t[0xcf][0x12][0x80][0x3][0x13][0xe3]|[0xaf][0xd8][0xcc][0xe6][0xdf]<[0xf3][0x89]U,0o[0xe4]o[0x9e][0x5]|2[0x12][0xc2][0xea]C49O[0xde]0Wu$6[\n]"
2020-11-26 10:40:51 DEBUG wire:72 - http-outgoing-0 << "[0xcb][0x10]_[0xfa][0x86]Y[0xff][0xa2][0x1a][0xe8]+([0x88][0xab]L [0x16][0x92]U[0x8]?[0xea]C[0xcd][0xed][0xe6][0xe8]:u[0xb7][0xa6]`[0xe5][0xdc][0x8][0xb]Z[0x94])[0xe8]O[0xb0][0xd1][0x84]MH[0xd3][0x18][0x11]v[0xd4]"[0x0][0xa4][\r][0xc6]N[0x8d][0x87][0xc8][0x87]E[0xc3][0x11]:[0xa7]+[0xb0]g[0x8c][0x2]Y[0x9b][0xc2]|[0x97]^[0x10][0x83][0xe3][0x8a][0x3][0x99][0xef][0xbc][0x1f]x[0x1f][0xd7][0x10]L[0xc6] [0xd7][0x13][0xb0][0xcc][0x13]g[0xaf][0xe8][0x9e][0x9e]:$[0xb9][0x84]_[0xbe][0xc][0xe8]3[0xaf][0x10]1[0xfc]C[0xfa]J[0x8f]>[0xbd]k[0x88]{[0xb3]J[0xa7][0xc]v[0xaa][0xb1]-us[0x8f]BO[0xb4][0xb3]1sTu! ^[0x9d][0x81][0xb1][0x9a]W@[0xc5]<3 5y[0xe6][0x93]j[0x11][0xf7][0x94][0x90]@Q[0x96][0x96][0x81][0xb1][0xe1][0x9f][0xb8][0xe1][0x8a]jQ[0xec][0xc8][0x8a][0xe3][0xa0][0x18][0xb0][0xce]Y[0xe4][0x16][0xa1]Yt[0xc6]a[0x88]Yx[0x1d][0x9d])N3[0xbf]I[0xf2][0xca]x[0x83]y=[0x94][0xcf]I[0x8e][0xf1][0xfd][0xee][0x99]:[0xd7][0x8f]9[0xbf][0xbb]g[0x86]S[0x94]$[0x12][0x80]O[0xd9]Z#"[0xc4]Q[0xfc]O[0xd4][0x93][0xe]}[0xcd][0x9]_[0xf][0xb][0xbe]TWFXPh[0xb]9[0xa1]l-[0xf3][0xe6][0xce][0xa6][0xf2]Z[0xd4]][0xf4][0xa9]Y4n[0xee][\n]"
2020-11-26 10:40:51 DEBUG wire:72 - http-outgoing-0 << "F[0x82][0xa8]~m[0x82][0xaf]Y{$eW[0xfe][0xc4]3[0xbe][0xc7][0x99][0xf9]=[0xf1][0xd3]y[0xe4][0xc0][0xe1][0x9][0xd2][0xf9].[0xf9][0x92][0xb2],/[0xe1]R[0x95][0xcc][0xdf]D%[0xdb]\[0xef]Ix[0xc0][0x9e][0xd7][0xb5]>il[0xbe][0xca][0xdd].[0xbf]-qTTr[0xaf][0x97][0xdd]"[0xca]sA[0xd4],x/[0xb9][0xd9][0x8a],[0xef]![0xb1][0xc0]5x[0x92]l[0x97]|Oe[0xe6][0xf7][0xa4]K[0x88]K[0xbe][0xa7]*[0xcb]~Vg[0x13][0xd5]n[0x90]Y^[0xf2]%[0xd5]Y6[0x93]F[0xe0][0xb9]H/K[0x91]D[0xb0]_[0xf9][0xe5]vrXN[0xde][0x7][0xcf]f[0xd2][0xd8][0xb1][\n]"
2020-11-26 10:40:51 DEBUG wire:72 - http-outgoing-0 << "[0xe4][0xff][0xdf][0xde][0x97]vGq$[0x8b]~[0xe6][0x9e][0xf3][0xfe]CM[0xd9]X[0xd2][0x91][0xd4]Ku[0xb7]V[0x10][0xc7][0xc6][0x9e];[0xdc]7w[0xc6][0xf7][0xda][0xf3]><_[0x1f][0x9d]^J[0xea][0x82][0xde][0xe8][0xea][0x6]I[0xc][0xef][0x88]]l[0x12][0x98][0x1d][0x9][0x3][0xb6]Y[0x8c][0x8d]X[0x8c][0x8d][0x90]@[0xfc][0x97][0x19]Uw[0xeb][0x93][0xff][0xc2][0x8b][0xc8][0xcc][0xca][0xca][0xaa][0xae][0xaa]^$[0xd9][0x9e]s[0xcc]"uWeFFFFFDFFF.[0xf2][0xe5]#[0xa2]b[0xaa]u[0xc6][0x95])M/d[0xe2][0x93]CR.[0x9f]S[0x87][0x5][0xc1][0xd8][0x9a][0xf][0xd5]e[0x1].l[0x89][0xfa],[0xc0][0xc9][0xf1]SL[0x8]J[0xfd][0x9b]6[0x7]!wL[0xfa]e[0x4][0xf5][0xcf][0x8d][0x89]@[0x1][0x11][0xb7][0xb5]7k[0x8b]X[0x3]f[0x9e]P[0xe1][0x11]s[0xc4][0x9c]x[0xc8][0xef][0xe9][0xa1][0x91][0x98]uI2[0x9b]B@[0xa9][0xb3][0x4][0xe8][0x86][0x97][0xa9][0xf4]i[0xf3][0xc2][0xb][0xda][0xfc][0xfa][0xfc]K4[0x9f][0xe7]Wi[0xb9][0xf6][0xda][0x8e][0xb8][0x19]z[0x84][0xc4]f[0xbb][0xf6]}$[0xd6]s[0x87][0xaf][0xb6][0xf5]v[0xc5]E[0xe][0x9d][0xd9]$?9[0x6][0xf0][0xb1][0x86]y:)[0xfa][0x8e]e'%%[0xda]kR\[0xe][0xd0][0xe]0g=[0x11]`[0xf6]Q[0xa6]2[0x8d][0xec][0x93] [0xa5])[0x12][0xf4]p[0x83]'[0xb1][0x85][0x8d][0x17][0x98].rc[0x84]D#[0xfb]O[0xff][0xcd]l[0xcd][0xcb]+[0xd5]+[0xf7][0x18]2[0xf6][0x87][0xed][0xf5]Z43[0xa9] [0xa5][0xc7]D(d[0x93][0xd6][0xc2][0xb][0xe6]x[[0xb8][0x8d][0x8b][0xb]RhS:k7[0xbe][0xa8][0x81]^][0x9c]6fO[0xda][0xe8][0xcf][0xb6]s[0x85][0x17][0x9b][0xd2][0xfa][0xa0]K[0xeb]L[0xa1]|s[0xbe]:[0x9d][0xb5].>[0xa2]k[0xc4][0xf6][0x88][0x1e][0xe]y[0xb6]G[0xcf][0xb3][0x98][0xed][0x11][0xd3][0x98]>b[0x8e]e:8+[0x17][0x8d][0xb][0xe7]aq[0x8e][0xcb][0x90][0x93]_8[0x91]h[0xe4][0xf1]t[0xdf][0xb4][0xd2]J[0xc9][0xa9]t[0xdd][0x86][0x15][\r][0x0]7[0x16]f\[0xb6][0xa8]l[0xe2][0xd8]{[0xef]j[0x83][0x9b]W[0x14][0x93][0xca][0xb3]S[0xbd]t[0xf1][0xb6][0xf6][0x6]O[0xc3][0xed][0xf9][0x94][0xde]C[0xc0][0xf1][0xdb][0xa4]},[0xd4][0xc1]5b4[0xa3]S[0x8f][0x84][0x8f][0x92][0x80][0xe8]'[0xc6][0x99];[0xc6][0x89]{[0x1c][0x19][0xa0][0xcc][0xf3][0xd5][0xda][0xd9]g[0xd4][0x80][0xc2][0x15]!Y[0x9f][0xd8][0x16][0x8e]+3[0x98][0x1f]j[0xe6][0xc2][0xfa][0x95][0xb7][0xc4][\r]0][0xf9][0xfe].w[0x89]T[0x9e].[0xad][0xbd]:[0xe1][0xd8][0xcf][0xf2][0xdc][0xb6]![0x83]3*&>[0x16][0xbd][0xcb].[0xac][0xcf]r 7[0xd2][0xff][0x4][0xae][0xb5][0x91]e[0xf7][0xd8][0x91][0x9c]V4G[0xba]G[0x9a][0xf1][0xa4][0xc3][0xb0][0xc7][0x0]v[0xa1][0xd6][0xe][0xb6]y.[0x6][0x98][0xf1][0xb2]d[0xc7][0x19][0xd3][0xcd][0xdd]X5[0x16][0x96]i5[0xbc]t[0xe5][0xc7]#ls[0x81][0xbc]U[0xa2][0xf0][0xd2]8q[0xbe][0xf6][0xe2][0x95][0xf8][0xd2][0xf6][0xd3]n [0x89][0xe1]V[0xf5]4[0x4][0x8c]G[0x13][0xe3][0xf2][0x88]#,[0xcb]9[0x85][0x9b][0xa7][0x9c]b[0xcb][0x89][0xcf][0x9f]rZ[0xd2][0x8e]a[0xc0][0xdd]wO[0xc0][0xf6][0xaf][0x1d]?[0xdd]<-[0xc5]Z[\r]hI[0x9b][0xa1][0xc9][0xed][0xd1]S[0xbf][0xfc][0xc0][0x96][0xbb][0x9e]<[0x7][0xdd][0x84][0x19][0xec][0x85][0xad][0x1b]z[0x9a]d[0xfd][0xe6]*[0xac][0xf3][0x99]`[0xf1][0xa0][0xf6][0xf2]6=[0x88]M[0xb3][0xb3][0xfc][0xba][0xe4][0x8d][0xb8][0x92]7b[0x91][0xf7][0xc8]9[0xe4][0x1e][0xb2][0xbc]h[0x81]I[0x85]Z[\r][0x8][0xbb][0xb6]|[0xe][0xef][0x1]}s[0x3]laQ[0x3][0xe2][0xd8],[0xde]e[0x8e]d[0xaa][0x89][0xa8][0xed][0x3][0xd3][0xff][0xcc]<m[0x80][0x86]!0[0xc2]>:R[0xbd][0xf3][0x82][0x6]wT/[0xfd][0xb4][0xfe][0xd5][0xcc][0xaf]K[0xd8][0xa8]+a[0xa3][0xe][0x19][0xc0][0xf][0xa1][0x81][0xd0]j[0x9e][0xbc]b[0xad]F2[0x80]^[0xb9][0xb4][0xf4][0x98][0xf2][0xfa][0x9e]OiL[0xc]cR"S[0x81][0x1f]kK[0x8f]p[0xf3]`[0xf9];47[0x8f][0xdc][0xdc]r[0x19][0xd0][0x9e][0x6]E[0xb5][0x97]S[0xf][0xea]Zn,[0xef]P[0xa4][0x95]/[0x1e][0x1b][0x8b]_U[0x16][0xa6]+W[0x9f][0xf2]E[0x4][0xfa][0xce][0x8f][0xfc][0xda]z[0x95][0xa0]DQ[0xd9]D[0x15][0x8a]^[0xb1][0xd9][0xeb][0xf0][0xf]U[0xe1][0xe3][0xb][0x95][0xcb][0xaf][0x8c][0xb9][0xeb][0xc6][0xc5]7[0xb5][0xb7][0x17]j[0xd3],[0xe6][0x9c][0xb9][0xc6]ar-[0x9d]b[0x1][0xe1]O/[0xd6]~|j[0xbc]~R{[0xf9][0x4][0x8b]][0xbc]F[0xd2][0x8a][0x1d]i[0xac][0x1f]M[0xb2][0x8f][0x1e][0xd0]R[0xce][0x8d]X[0xff][0xcb]([0xb0]&TR[0xf3]A[0xf2][0x13]C[0xb4][0x2]x[0x1f]E[0xdd][0x15][0x14]fSP,[0x9b]/[0x82]UI[0xd7][0x9e]##[0xc2]u[0x14]"JP[0x8e][0xde][0xc0]ar[0x2][0x9f]S [0x18][0xbe]<N[0xfd][0xf7][0x88]$[0xd5][0xe4][0xa8][0xbb][0xa1]J*^[0x8a]sL[0xf][0x0][0x9e]i[0x15][0x6]![0x90][0xcc]g[0x83][0xfd][0xe1][0xf0]X"[0xcd]~}[0xbc];[0x90]-D[0x99]i[0xeb][0xa2][0xb6][0x81][0xdc][0xeb][0xb7][0xbe][0x95][0xd9]p[0x8e]i[0x19][0x9c][0xfa]8[0x9a],U[0xf][0xfb][0x15][0xea][0xb][0xf7][0x87][0x94]X_[0x9f][0x10][0xca][0xc2]C[0xb5]([0xd7]bI[0xe3][0x9b]9[0xe3][0xf1][0xd7],[0xd6][0xb]d[0xd8][0xd2][0xb1][0xb5][0xd7]7Y4[0xdd][0xfc][0x97][0x95][0xcb][0xab]t[0x88][0xd8][0x1c]2[0xf3][0xe][0x99]!V[0xe][0xaa]0[0x96]i[0xbe][0xe7][0x7][0x8b][0x7]'[0x82][0x93][0x13]z![0xec][0xec]t[0xe5][0xcc][0xb5][0xda][0xe2]bu[0xf9][0x91][0xf1][0xe6]J[0xf5][0xf4])[0xd9][0x95]}M[0xe6][0xb0][0xc7][0xad]8z[0x9][0x90][0xaa]W[0xbf][0xe3][0x90]H[0xe6]m[0xf3]l[0x10]][0xf4][0xcd]\[0x87][0x2]x[0xd7][0xd6][0xd2][0x99][0x9f]_[0x9f][0xfe][0xe7][0xf4]Y[0xbc][0x94][0xe3][0xfa][0x1d]{[0xcf][0x1b][0xf6][0x5]Q[0xcb][0xa5][0x83][0xd9][0x9]}*[0x9d]pv[0xc7]X][0xc4][0xf3][0xcb]o[0x9e]A[0xf3][0x95][0xaf][0xee]W[0x8e][0xfd][0xb0][0xb6]t[0xba][0xfa][0xdd][0x1d]h[0xac]a[0xd7]"[0xfe][0x3][0xf8][\n]"
2020-11-26 10:40:51 DEBUG wire:72 - http-outgoing-0 << "w[0xb][0x8c]KG[0xaa][0xa7][0xcf][0xd1][0xee]9[0xe0][0xb7][0xd8][0x8d][0xa9][0xc9]d[0xa2][0x98]U[0x9c][0x1d][0xa8][0x9d]z[0x81]!9[0x8b][0xdf][0xc0]\Gw51[0xa0]af7[0xc7][0x88][0xfd]Q[0xe0][0xc5][0x1][?[0x0]`[0xe5][0xca][0xf7]<L[0xcc][0x15]8[0xd9][0x1e][0xbe][0xb3][0xb6][0xf2]=X[0xdc][0xc6][0xd3][0x93][0xb8]%|[0x1][0xec][0x97][0xef][0xd6]o[0xdd]m[0xb1]W[0x94]j[0xa0][0x82][0xc8][0xe9][0xf][0xfe][0xcd][0x96][0x85][0xc9]L[0xc1][0x84]][0x97]$[0xef][0x19][0xc8][0xee]>D[0xaa]/~[\r][0xa0][0x4][0xf6][0xf4][0xa7][0xc2]@4[0x12][0x1d][0x88][0xfa][0x8c]&[0x87]+[0x8c][0xa6]o[0xae][0xa8]V[0x7]7[0x95][0x8]&[0xa7][0xe8]a[0xef]\z[0xaa]T[0xf0][0x17]5X[0xac][0xad][0x8e]B7[0xc3][0xb1]~[0xbf][0x8e][0xf6][0xd7]w[0xd4][0xb8]u[0xd3]X[0x9c]aa[0xc9]3[0xb7][0x8c][0xb7]x[0x88][0xc9][0x1a][0xa9];[0xf7][0xaa]w[0x96][0xc1]p%[0x97]5[0xb6][0xdc][0xef]T0][0xce][0xa7][0xf2][0xb9]q[0x92]+<^.[0x95][0xb3][0xb9][0xe0][0xf6][0x8f][0xfa][0xb7][0xbf][0xdf][0xbf]}[0xe0][0x83][0xed][0x1f][0xc5][0xb6][0xbf][0xff][0xe1][0xf6][0xf7]#[0xf8]a[0xe0][0x8f][0xdb][0x7][0xc3][0xf8][0xe1][0x83][0x81][0xed][0x3][0xf0]$[0xba][0xfd][0x83][0xdd][0xdb][0x7][0xdf]'[0xaf][0xa0][0xd8][0x0][0xa9][0x5][0xaf]>@[0xe2][0xed][0xd2][0xb][0xbe][0xf4][0x1b][0xa8]>8[/_[0x1b]Ny_[0xda][0xb9][0xc3]lVf7[0xa9]nQ][0xd6][0xe9][[0xa1] [0xbe]'7Y[0xb9]hA4<[0xe8][0xad][0xcf]D[0x17][0xa0]1[0xd3][0xa4][0xa6][0xc6]O[0x4]r[0x98][0xde][0x1d][0xe5]r][0x14][0xd1][0xcd][0xef][0x8d][0x97][0x86][0xf1]?jh~[0xd7]4[0x9e][0xfa][0x17][0xef][0x9a]f[0x96][0xb][0xd7]EM`A[0xef][0xf6][\r][0x87]C[0xc1]p,[0x16][0xb][\r][0xf6][0xc5][0x6][0x15][0xf]T[0xcc]~C[0x95]0r[0xf3][0x89][0x87]x}([0xc9]![0xb8][0xe7][0xd3][0xf5]G[0xf][0x8d]W[0xcf]i[0x8][0x94][0xf1][0xe4][0xb][0xe3][0xc8])4[0x9a][0xdf].V[0xe7][0x1e]c[0xd4][0xc9][0xd7]'@[0xc5]T[0x97][0xdf][0xca][0xc][0xfb]P[0x98][0xe1][0xbc][0x11]`[0x84][0x18]|F4[0xdb][[0x9c][0xb2]A[0x9c][0xb3][0x91]h_$[0x1a][0x1b]l[0xd0][[0x91][0x17]a[0x91][0xc6]x[0x90]%[0x80]ag[0xbc][0xbe]8G[0xef][0xcc]4n[0x9d][0xc2][0x90][0xa4][0xe5][0x7][0xb1][0xd0]v[0xde]S[0x85][0xf5][0xb4]]@m[0xf6][0xb2]?<[0x18][0xc][0xf]*[0xe1]X4[0x1a][0xe][\r]4[0xe8][0xa4]#h[0xe4][0xf4]SXH[0x83]0[0x1a]Do[0xf8][0xc2][0xc];[0x8c]r[0xff][0xe8][0x1a][0x18][0x14]w^[0xe0]~7[0x8d][0xe][0xb9][0xb9]JB[0xb1]n[0xf3][0xbe]FX_7[0x8][0xaf][0xed].[0x87][0x83][0x8a][0x12][\r]E[0xf1][0xb0]y[0xa4][0x95][0x81]][Z5[0xce]|[0xe9]j[0x1a][0xd2]D[0xfe][0xc6][0xa9]ev[0xd2][0xd0][0x9e][0x8][0x83][0xf5][0x88][0xd6][0xe1]d[0x88][0xba][0xc]y[0xdb]M[0xd0][0xc2][0xed][0x92]$[0x12][\n]"
2020-11-26 10:40:51 DEBUG wire:72 - http-outgoing-0 << "[0x86][0x6]#!%[\n]"
2020-11-26 10:40:51 DEBUG wire:72 - http-outgoing-0 << "vq[0xa8][0x1]E0'[0xcc][0x8d]7t\j[0xab][0xf][0x8d][0x99][0xef]0[0xa4][0x84][0xf0]'E[0xe2][0x1f][0xd3][0xb7]0[0xcb][0xc0][0xc2]m[0xcc][0xa9][0xf0][0xfa][0xd1]{[0xf1]la[0xd8][0xb8][0x87]G[0xbe][0x8c][s"[0x1f][0xc4][0x18][0x1][0xea]![0xbe][0x97]I[0xed]/[0xe7][0x87]E[0xa8][0xef][0x15][0xc9]#_[0xc8][0xed]v?4[0x88][0x82]-[0x1a][0x1b][0x18][0x18][0x88][0x86]c-q[0xc4]l[0xe5][0xfa][0xa5][0xda][0x83][0xa3][0x95][0xab][0xaf]j3[0xb7]k[0xab][0xab]x[0x85]6[0x18][0xce]W[0xee][0xe1][0xdd][0xed]xY[0xd7][0xb9][0xda][0x8f]x`[0xb][0x17][0x9d]f[0xd6]Hv[0x10][0x91]8J91[0xfa]\[0xb9]a[0xa3][0xe0][0xdf][0x3][0x9a]1}[0xd0]p[0xa9]b[0xe9].[0xa7]z[\n]"
2020-11-26 10:40:51 DEBUG wire:72 - http-outgoing-0 << "[0xea][0x93]{5=]nU[0xfb][0x80][0x0]kN[0xf3][0x98][0x83][0x11][0x1e][0x4]-[0x13][0x9][0x82][0xa6][0x1][0xbb][0xb8]?[0xdc][0x17][0x8a]6[0x18][0xc][0xcc]H[0xb7][0xb6]t[0xb6][0xf6][0xe6][0x8d][0xb1]x[0xba][0x86]"[0x96][0xc5]A[0xc1]z[0xf0][0xd4][0xdc][0xfa][0x89][0xf3][0xd5]7[0x8b]u[0xea][0xe4]?>[0xfc][0xdf][\r]+[0x19][0xf3][0xab][0x95][0xab][0xa7]@[0xbb][0xf8]L+[0x81][0x87]"[0xe1]X0[0x1c][0x8d]F[0x94][0xa8][0x12][0x8d][0xf5]5[0x92]*[0xe8][0x3]^[0xbe][0xff][0xe7][0xf]>Y[[0xbe]H[0xaf]K[0xa0][\r][0xd5][0xa9][0x3][0xaf][0x82]C[0xe2][0x8b][0xca][0xf4][0xec][0xda][0xab][0x19]x[0xe7]3[0x5],[\n]"
2020-11-26 10:40:51 DEBUG wire:72 - http-outgoing-0 << "[0x87][0x6]Q[0xe6][0xf][0xc0][0xd2]c[0x10][0xc][0xef]P#v[0xa7][0xb9][0xae][0x19][0xb9]0V[0x7])[0xe6][0xc0][0xd6][0x14][0xe8][0xae]e[!$[0x8c][0x8]'c_[0x8][0x8][0x19][0xe9][0xb][0xf]4[0xb2]2h[0x8b][0xd5][0x99][0xef]k7[0xbe]c[0xe1]^D[0x8c][0x18]'o[0x18]'[0xee]}4[0xa1]&3[0xd0]8[\n]"
2020-11-26 10:40:51 DEBUG wire:72 - http-outgoing-0 << "[0xca]W[0xe4]&[0x17]X/[0xcc][0xaf][0xd6][0xee]>[0x14][0xc5]P[0xd4][0x86]}[[0xb0][0x9a]`[0x10][0xe0][0x8b] [0xa8][0xd9][0x81]H[0x8][0xaf][0x92]j[0xa4]jI[0xa2]9[0xe0]K[0x9a][0xbf][0x8][0xf]~_z[0xb4][0xb6]<o[0x9c][[0x6][0xe9][0xe8]&C[0x1b]Uh[0x86][0x85]#[0xd4][0xbe][0xb][\r]*[0xa1][0x81]H[0xa3][0x99]g[0xbc][0xc6][0xc0]uL[0xc3][0xf4]l[0x9a]r[0xe6][0xda][0xca][0xd9][0xea][0xca][0xf9][0x9f]_[0xdf]\[[0x99][0x6]~[0xac][0x1c];a[0x9c][0xfc][0x11][0x98][0x1][0xf3]7[\n]"
2020-11-26 10:40:51 DEBUG wire:72 - http-outgoing-0 << "[0x85]w[0xd5][0x89][0xbc][0xf6]AmX[0xb0][0xc5][0xf5]}H[0x80]V[0x5][0x9b][0xb1][0xb4]T{p[0x84][0x86][0xf7]5-[0xdc]P[0xd3]([0xfd][0xc1]p([0xdc][0x7][0xf6][0x7][0xfc][0xef]o[0xa4]i[0x96][0x96]i[0xff][0x99][0xf5]w[0xfd][0x9]_H[0xd1][0xeb][0xe8]o[0x1e][0xa7][0xb1][0xda]"C[0x98]2[0xae][0x95][0xca]M0[0x7][0xc5][0x1c][0xf0]V[0x6][0x7][0xc3][0xb1][0x86]:[0xd2]l[0x1c][0xb4]3[0xcf][0x0][0xc7][0xe2]x[0xef][0x1f][0x1][0x92][0x9a][0xdb]77i[0xaa][0xad]][0xf5]vp[0xab][0x10][0x9a][0xef]Clp[0x0][0x95]K#[0x6][0xa7][0xf6][0x8][0x89]`D[0xf7][0x82][0x99][0xfe][0x89][0x93][0x8f][[0x1e][0xbb][0xea][0x4]a[0xb]u[0x9b][0xc7]{0:0[0xa0]D[0xfb][0x1b][0x89]D[0x7][0xe5]8[0xcd]p[0xa1]D[0xd0][0xaa][0xcc][0xde][0xab][0x9c][0xc6][0x8c][0x86]f[0xa2][0x9f]zQ[0xd8][0x6][0x8c][0xa6][0xfb][0x11]Q[0x94][0xbe]A[0xb4][0xb9]6[0xd0][0xf][0xb6][0xdf][0x8c][0xd7]jc[0xb0][0x11][0x89][0xc9][0xd9]U'[0x13][[0x86][0xd0]|[0x1f][0xa2][0x91]HL[0x19][0xe8]k$$9[0x6][0xf4][0x10]P[0xed][0xa7]3[0x98][0x98][0x89]l3[0xd2]=#[0x1a][0x15]L[0xcf][0xa1][0xe3][0xdb][0xc5]W[0x98][0xca][0xeb]4[0x9e][0x2]0o{[0xbd]]'/)0/0tbc7[0xa7][0x1f][0xf8][0xc8]G[0xb2][0x8d][0xe4][0xe2][0xf7]hf[0xd3]GO[0xa6][0xf3][0xf9]L[0xbd][0x8b][0x83][0x4][0xff][0xfe][0x1d][0xbd]p[0xf].[0xd2][0x1c]}[0xbf][0xda]n[0xf]u[0x15]P[0x8c]`[0xfd],[0xe2][0xb4][0xa9][0xdb]>[0xe7]1[0xcc][0xe1][0xce]K[0x9c][0xd2][0xb7]g[0x8d][0xa5][0xa3],[0xf0][0x81]<[0x11]My[0xbc][0xa1]f[0xf1][0xa7][0xf5]k[0xf]1[0xd6][0x98][0xbf]"[0xe8][0xf1][0xc0][0xe4]=[0x9f][0x92]|[0xdf][0xdf][0xa2][0xf3]}[0xfe][0x5][0x6][0xaa][0xaf][0xbe]m[0xbc][0x15]D[0x7][0x3]c%[0xfc][0x1c]S[0xac][0x94][0xed][0x6]u[0xe7][0x81]=[0xc7][0xae][0xa6]'[0x9d](,[:[0xb][0xcc]^s[0xe1][0x1c][0x9f]d[0xb8][0xff][0xbe][0xfc][0xdc]es[0x99]v[0x9b]D:[0xac][0x1f]{[0x83][0xfe]9[0x9a][0xaa][0x8e][0xcb]E[0xe2][0xcf][0xc0]C[0xc]H[0x80][0xa7][0x8c][0x9a][0xd7][0xee][0xf3][0xaf]l\OOc[0xe4]=![0x1f]k[0xf1][0xe9]Ij:[0x90]Cj[0xd3]l[0x8a][0x13]4Z[\n]"
2020-11-26 10:40:51 DEBUG wire:72 - http-outgoing-0 << "[0x9a]o[0xae][0xdf]J][0xbf]Y[0x8a][0x1d][0x92]t[0xcc][0xb3][0xdf][0x84][0x13][0x8c][0xb9]G[0x80]{u[0xfe]E[0xed][0xc2]=[0xd2][0xbf][0xf3][0x95][0xb]_[0x1a]g[0xee]T[0xe7]o[0xff][0xfc][0x1a]&[0xed][0xca][0xfa][0xb1][0x87][0xf0][0x16]%[0xec][0x8b]Uz[0xd0][0x1f][0xa5][0xc1][0xcc]I[0xda]][0x9a][0xb0][0x0][0xcf][0x11][0x90][0xbb][0x84]9[0x2]l[\n]"
2020-11-26 10:40:51 DEBUG wire:72 - http-outgoing-0 << "[0x92][0xa3][0x7]x[0x13][0x2][0xf3][0x7]ln[0xbf]#u[0xfd]f[0x19]x[0xce][0xcc][0xd3][0xc4];[0x8e]~s[0xac][0xad][0x92][0xb][0xf][0xa1]";KA]w[0xb7]_[0x99][0xc1][0x8c][0x8f]i[0xc0];[0x18]z[0xc6][0xe2]9[0xb4][0xaf]I[0x9f][0xac][0xd3][0x90][0x4][0x2]+L"[0x86][0xb7]`h[0xa3][0xf5]][0xf4][0x8][0xb4]e]$[0xc][0x89]GGH_k[0x8b][0xab][0xb0]x$[0xc9][0x97]f[0xcd][0xb1]t[0x81][0x3][0xcf]A[0x16][0x90][E[0xbf][0xc3]<`[0x17][0xce]Q[0x91]A#+h[0x99][0xa6][0x8f]![0xd8][0xc3][0x8f][0xb][0xf6])?[0xb1]_[0x98][0xf0]bd[0xb6][0xf9]z4[0x9f][0x93]%[0xdc][0xb8][0xc0][0x94]`[0xb9]d[0xa6][0x9c]RMrd[0xc7][0x83][0x9]U[0xdb][0xab][0xe5][0xc6][0xe9][0x16][0xf1][0x88]q[0xee][0xda][0xda][0xf2][0xf7]L[\r][0xfd][0xdd][0xe][0xd6][0x13]DI[0x8b][0xe7][0x0][0x6][0xdb]e6[0xe3][0x9e][0xf7][0x82]E^[0xc0][0x94]<[0xdf]V^[0xdc]k[0x11][0xa2][0x9e][0x8e][0xe7][0xc6][0xd3]q[0x8d]a[0x85][0xfb][0x92]?[0xbe]l[0x11][0xc6]x[0x19]`L[0xa5][0xf3]e[0xb3]k[0xaf][0xde][0x1a]/[0xbf]l[0x19][0x11]57[0x5][0xff][0x19][0xc][0x9a][0xe2][0xb0]E[0x18][0x7][0xcb][0xd0][0x1b][0x13][0xc0][0xe3][0xfb][0x95]g[0xa7][[0x4][0x80][0x8][0x88]=Y?v[0xb1][0xf5][0x9e]Lh[0x1c][0x89][0xda][0xbd][0xb7][0xb0]ro[0xb1]~[0x12][0x87][0x4][0xc6][0xc5][0xc4][0xe1][0xca][0xdb][0xca][0xf3][0x1b]-[0xc2][0x0]&[0xb1]([0xf1][0xe3][0xac]q[0xfe]Z[0xcb]H[0xe4]s[0xe3][0xfb]-v[0xc5],g[0xcb]'[[0x4][0x92]#[0xdc][0xca]9[0xfe]|[0x1b][0x1c][0x9f][0xb6][0xb3]V[0xe5][0xd6][0xe3]vX[0xb]&^|*[0x8d]l[0xca][0xe0]To[0xff][0x80][0x7][0x14][0x96][0x8f][0xb7]L[0x16]`[0x90][0x14][0xc7]f[0xe6][0x2][0xa8][0xde]V{[0xa4][0x8e][0xa9][0xe6]t3.[0xcc][0xd4][0x8e][0xb6]:eKqm[0xb2][0xcc]G[0xd7][0xf8][0xe6][0x91]1{[0xbb]u[0x16][0xcd][0xf2][0xa9]f[0xcc][0xde][0x7][0x1][0xda][0xc6]t[0x9d][0xe4][0xf4][0xe4][0x82]p[0x92][0x8a][0xa2][0xca][0xf3][0x99][0xf5][0xeb][0xe6][0xec][0xe5][0xa2][0xb5][0xe0]mMa\[0x15][0xb5]6y[0xfb]^[0xfa][0x5][0x1a][0xa0]z[0x85][0x86]=[0x10][0x9d]a[0x8f][0x8f]a9[0xad][0xe7]W[0xc5]s%B[0x93][0x13][0xfb][0x9][0x92][0x96]60[0x17]'[0x98]|X'[0x97]r[0xc][\r]7+[0xc8][0xb9]iK[0xa4][0xb0]D[0x82]gw[0xa8]Y0o[0xe1][0x87])[0xe4][0xe3][0xed]7[0xe6]+[0xf2][0xad][0x86][0x98][0xec][0xdf]@CvM[0xc0][0x87]'[0xed]h[0xc9][0xd4][0x10][0x1b]h[0xc9][0xa1]/[0xcc][0xa6][0xc6][0xa7][0x9c][0x9d]bzdC[0x9d][0x12][0xb5][\n]"
2020-11-26 10:40:51 DEBUG wire:72 - http-outgoing-0 << "[0xef][0x94][0xb3]%S[0xdb]l[0xa0]%A[0xf7][0x98][0xcd][0x1c]t[0xd2][0xce][0xd4]I[0x1b]h[0xc6][0xa1][0xa1][0xcc][0xa6][0xa6][0x9c]=25[0xd7][0x6][0x9a][0xb2][0xf4][0x18][0x9f]8qG+[0xa6]~[0xdb]@+vm[0xc7]#Cug[0x98][0x16][0xdc]@K[0x82]N4[0x9b][0xd9][0x9b]s[0x8e][0x10][0xd3][0x95][0x1b][0xea][0x90]Ms[0xf2][0x1e][0xed]w[0xf6][0x88]i[0xd4][\r]4e[0xd3][0xaf]<[0xc0][0xa2]N6[0x9c][0xdf][0xb0][0x10]J[0xbb]N[0xd8]t[0xdd]4b[0xda]yC[0x13][0xd6][0xa9][0xab][0xf9][0xa4][0xdd][0xeb]lNP[0xe2][0x1b][0x1a]/A[0xa5][0xf3][0xd1]J9[0xbb][0xc6]T[0xfd]F[0x88]h)~N[0xc1]1[0xe7]X1[0x83]`#[\n]"
2020-11-26 10:40:51 DEBUG wire:72 - http-outgoing-0 << "C4[0xf][0xb8][0xc2][0x98][0xac]S[0x18][0xd4]l[0xd8][0x98]|[0xc8]:%[0xeb]D[0xd6][0xd9][0xe]3.6([0xc3][0xbd]M[\r]k[0x84][0x98][0xcd][0x11][0x17][0x16]v[0x1e]gI=[0xc][0x10][0x1e]\[0xca][0xaa][0xf3][0x10]Sn7[0xa4][0xa6]F[0xf3][0xe6][0xd6][0x87][0xed]iI+[0x99][0xbe]E[0xaa][0xf3][0x99][0xbb][0xec][0xf5]4[0xde][0x8f]D<f[0x8e][0xcd][0x8d][0x82]Ub[0x1f]w79[0xf7][0xd9][0x91]D[0xc2]F[0xfb].z=[0xc2]TfR[0x96][0x8a]j[0x6]&{~,[0x9f][0xc9][0xe4][0xf][0xd6][0xef][0xb7][0xd0]{[0xf4][0x90][0x1c][0x92][0x13]h[0x81][0xec][0xce][0x89]`[0xe9][0x93]f[0xc0][0xd2][0x9d][0xbd]n[0xf1][0xa2];[0xd7]6[0xc0][0x8e][0x10][0xc3][0xe3]v[0xc5][0xb5]f[0xa0]c[0xde][0x98][0x97][0xf7][0xd8]uz$[0x15][0xb3]+[0xf0][0x83]jB[0xc4][0x1e][0xbe]6[0x3][0xfc]O[0x9f][0xfe][0xe7][0x9f]I[0x9c][0xc3]|[0xd2]Mo[0x97]p[0x7]n[0xb]m[0xd0][0xcb][0x89][0xbd]j[0xb2][0x14],#[0xfe][0xc0][0x9c])u[0xc2]k[0x87][0xeb]o{[0x82][0xfb][0x88][0xa6][0xbd]m[0x1]p[0xb2]!\r3[0xa2][0xe4][\n]"
2020-11-26 10:40:51 DEBUG wire:72 - http-outgoing-0 << "2[0x99][0xc9][0x97]S")[0xc8][0x83]f[0x88][0xc1][0xaf]iq[0x85];[0x91]-[0x89]P[0xe1]k301r[0xe2][0xd1][0x17]ko.uWo?[0xa6][0xd1][0x82][0xe8]}[0xfb][0xe2]1[0x86][0xee]_[0xb8][0xd7][0x2]Q[\n]"
2020-11-26 10:40:51 DEBUG wire:72 - http-outgoing-0 << "Y[0x8b]*[0xee]D[0xc1][0xb4][0xae][0x97][0x8e][0xd0][0xeb][0xcb]\[0x1][0x97]T[0xdd][0xd6][0x7][0xfc][0xde]L'h0[0x10][0xc9][0xb0]p[0xa5][0x5][0x8c]3Z[0xae]<[0xd1][0x8][0xe9]?c[0xa1][0xb5][0xe5][0x8b][0xf4][0xe6][0x89]n [0xb]fb!|N[0xc6][0xb7][0xb9][0xa6][0xb2][0xf9][0x3][0x9a][0xaa]7j[0xab]r[0xf6]|[0xe5][0xe2]q[0xe3][0xf4][0xa3][0xda][0xea]Ek<[0xf0][0xc0][0xf5][0x9b][0x5][0xba][0x97]Q`{[0xbb]4[0x4][0x94][0x9][0xaf][0x85][0xa7][0xc6][0xad][0xe9][0xb5][0xa5]is[0xe4][0xfa]9[0xcc][0x8b][0x0][0x92]le[0xb9]r[0xeb][0x82]q{[0x16]L[0xbe][0xda][0xcb]'[0xeb][0xa7].VO]Y_[0xbd][0x81]!V'[0xbe][0xaf][0xdc]{[0x8d]~[0xc8]g[0xcc][0xcb][0xe6][0x4][0xb7]|[0xce][0xdc][0xcc]#[0xb2][0xd1]X:[0xca][0xe1]~[0xfa][0xc1][0x87]@[0x90][0xf5][0xf9][0x93]4[0x1d][0x92][0xb2][0xdb]X~[0x10][0xf1][0x4][0xb4]t[0xda][0x9]h[0xfd][0xee][0xf2][0xda][0xab][0xd3][0x0][0x8][0xbe][0xc2]g@mp[0xd0][0x98]{[0xb9][0xbe]rq[0xfd][0xdb][0xef][0xe9][0x85][[0xc6][0xc5][0xeb]?[0xbf][0x9e]a[0x9]V[0xee][0xbd]~[0xbf]r[0xe7][0xec][0xcf][0xaf]O[0xf3][0x6][0xaa][0x97][0xac]=[0xb9][0xf5][0xf3][0xeb][0x9b][0xd1]P[0xa8][0xb7]/<[0xd0][0xb][0xbf]Cf|[0xab][0x99][0xe8][0x95]od[0xf9][0x8b]~[0xb2][\n]"
2020-11-26 10:40:51 DEBUG wire:72 - http-outgoing-0 << "[0xfb][\r][0x89][0xfe][0xad][0x14][0x9c]~[0xc]d[0x8e][0x12][0xa1][0x7][0x8c]Roe[0xe5]![0xac][0x1a]Q@[0x9c][[0xee][0xa5]Cm\9[0x89][0xb7][0x1a][0x9f][[0x86]a[0xab]<[0xff][0x1]Fnmi[0x1][0xaf]y[0xb8]p~[0xfd][0xe8][0x12][0xf1][0xe7][0xb2]C[0x14][0xfc]Rm0&[0xb6]b[0xd8][0xe8][0x92][0xf6]74l[0xbf][0x8a][0xc6][0xde]T[0xde][0xd8]z[0xd5][0xb7]ej[0xfa]w[0x9d][0xba][0xe5]:[0xf5]7[0xa7]R[0xcb]Z[0xaa][0xa1]B[0xa5][0xb7]C[0xc2][0x10][0xd4][0x1e][0x9c][0xa6][0xc4][0xb7][0x98][0xa8][0x9]YH[0x85][0xc][0xaa][0xbe][0x1f][0xef][0x13]A[0x87][0xa2][0xb0]6[0xf3][0xc8][0xf8][0xe6][0xc5][0xfa][0x95]S[0xf0][0x1][0x93]r[0xbe]|[0x12][0x1e][0x0][0xed][0xb5][0xb6]tj[0xfd][0xfe][\r]z[0xc3]{e[0xe9][0xc9][0x96][0xa8]*[0xe2][[0xfb]][0xe6][0xfd]+.$6IB[0xfd]b[0x2][0xaa][0x19]K[0x81][0xb0]#[0xcc][0xe]4[0x19][0x9e][0xa3]aX[0x9d][0xbb]c\8[\r]3"[0x86]3[0x2][0xcd][0x88][0xc5][0xd3]8#[0x8e][0xcf][0x19][0xf3][0x8f][0xb7]bFP[0x1f][0xf0][0xef]3[0xe2]_qF[0xfc][0xbe][0xb4][0xfe][0xd5][0xb5]u[0xeb][0xe6][0xc5]o[0xce][\n]"
2020-11-26 10:40:51 DEBUG wire:72 - http-outgoing-0 << "([0xe6][0x13][0xf9]R[0xc3]u5M[0x9f]O[0xae]*[0xc3][0xf4]*[0xf4][0xec][0x10][0xf7]U5![0xeb][0xa8][0xa0]AY[0xb7]x[0xb][0x85][0x1a][0xc8][0xba]+7[0xd6]0_[0xf4]9[0xb2][0x8]z\}[0xbe][0xc8][0x16]G'[0xbe][0x7]a[0x17][0x81][0x5]k[0xb8]_\[0x13]o[0xa6][0xd4]#[R[0xbf]K[0xbd]E[0xa9][0xb7]Ev[0xc0]/+7~[0xa9]I[0xf7][0xea][0xaa]q[0xee]Zu[0xe1][0x8]ex[0xf4][0x1c][0xad][0x1c]_[0xbf]q[0x14][0xfd][0xf][0xb7][0xbe]X_[0xbd][0x81][0xd9][0xf3][0xbf]8[0x7][0x9f]+$[0xd8]q[0xfd][0xc8]%L[0x1a][0xf5][0xec][0x94][0xf1][0x8d]-[0xf8][0x94][0xfa]"H[0x0][0xec][0xfc][0x16][0x19]"t[0xeb][0xf6][0xf7])[0xb9][0x85]Sr[0xab][0x94][0xfb]fM[0xf5]-[0x9b][0x92][0x8d]'[\n]"
2020-11-26 10:40:51 DEBUG wire:72 - http-outgoing-0 << "[0xe5]>[0x98][0x1f][0xb0]$[0xad]~[0xbb][0xc][0xcb]Od[0xc3][0xf3][0xb3]x[0x90][0x96]N[0x8b][0xa5][0xd9][0xca][0x89][0x19]x[0x8b]3[0xe6][0xc2]EX[0xcb][0xc6]B[0xd5]g?[0xc0][0x83][0xca][0x99]+[0xd4]I[0xa7]l[0x91][0xb2][0xa2][0xe1][0x6][0xbf][0xcf][0x8c][0xdf][0xfe][0xcc][0xf8]uuJ[0x1b][0x13][0xae][0xf1][0xc4][0xa0][0xcc][0x7][0xe6]+[0xea][0x9d]s[0xcb][0xb5][0xf3][0xa7]++[0xdf][0x1a]'[0x1e][0xa3][0xd3]&[0xd2][0x87][0x9b][0xe][0xd5][0x95][0xeb][0xeb][0x97][0xef][0x83]V[0xc0]-[0x86]Hot[0x8b]f[0x1][\r][0x85][0xf9]-[0xcf][0x82][0xad]t%o[0xc1][0xc][0xfb][0x15][0x99][\n]"
2020-11-26 10:40:51 DEBUG wire:86 - http-outgoing-0 << "[0xcd][0x92][0xf3]h[0x96][0xd0]A[0xc5]E[0xc1][0xf3][0x1f][0xd6][0x97]/[0xe1][0x86][0x16][0xd9][\r][0xa9].[0x5]+[0x2][0xbe]9[0x2]_[0xa9][0x88][0x95][0x80][0xbf]*[0xf7]^o[0xc9][0x92][0x80]"
2020-11-26 10:40:51 DEBUG wire:72 - http-outgoing-0 << "[0xc4]@[0xfd][0x86][0xf8][0xeb][0xd7][0xde][0xc5]z[0xf6][0xc][0x88][0x8f][0xa6]#![0xc][0x8e][0xd1][0xec]I<X[0x1]B[0xe0][0x1c][0x8c][0xd7]c([0x0][0x3][0xa4][0xa0][0x9b][0xea][0xc6]"^[\r]B[0x16]ot[0x97]k[0xcb][0x84][0x0][0x89][0x1e][0xfb]}[0x90][0xb8][0xd9]B[0xe9][0x1]S[0xe8][0xd6]#[0xe3][0xd6]-[0x1c][0x9b]{o+O[0x97][0xa8][0xcd][0x12][0xc1][0xc1]Y[0xbf]q<[0xc][0xbf]pw[0xf9][0xe7][0xd7]3[0xec]5[0xcd][0x9a]6[0xff][0x98][0xa6]3[0xc5]}[0xec][0xe5]s[0x95][0x85][0xdb]X[0x90]lj[0x9f]&[0xa5][0xb7]f[0xb7][0xf8][0xfc]o=P[0xe8]w9[0xfe]k[[0xe3][0x94]Gp[0xb5]:[0xff][0xb0]v[0xe6][0x99]1[0xf7][0x94]h[0x86][0xd3][0xeb]K[0x18][0x85][0xd1][0x87]\[0xfa][0xec]v[0xed][0xec][0x1c][0x9e][0x9b]Z[0xfc][0x9][0x8]b<[0xbe]F[0xae];[0x9e]1n/[0x3][0xa4][0xad][0xb2][0xc4]i[0xa4][0xe7]o[0x9a]w[0xff][0xc5][0xbc].[0xbf][0xc4]|[0xd8][0xc2][0xe9][0xfc][0xb][0xce][0x9][0xca]{0'@[0x7][0x83][0xc0][0x7][0x8b][0x1c][0x15]3q[0x6][0x1]7FaN[0xe0][0x15]hw[0xaf][0x85][0x7][0xfa][0xd1]([0x9f][0x9f][0xaf][0xfc][0xf0][0xb4]r[0xed][0xa7][0xb5][0x95][0xaf]AQo[0xc5]d[0xe0]q[0xc8][0xbf][0xa1][0xf9][0xd0][0x4][0x1d]9[0xda]`{R?t[0xed][0xe9][0x8c]q[0xee][0x1a][0x8][0x96][0x8][0xee][0xb9][0x85][0xdf][0x1]C[0x6][0xd3]d[0xce][0xcf]W[0xe7][0xcf][0xe0][0xe][0xdd][0xc2]r[0xc][0xf5][0xe8][0xb5][0x87][fz[0x92]([0xeb][0xdf][0x12][0x19][0xd7][0x88][0xed][0xae]l[0xc8]P[0xa2][0xe6]:u[0x11][0x13][0xc8][0x3]w-L[0xd3][0xe0]A[0xb2][0xa3][0x8b][0xe9][0xcf]o[0xcf]b[0xe][0xc2][0x1b]'[0xb6][0x8a][0x9d]h4[0xfd]o[0x88][0x9d][0xb6][0xd6][0xc2]j[0xc2][0x9c] [0x4][0x81]A[0xa9]^[0xfc][0x9][0xa3]Q[0xce]-[0xaf]_{[0x83][0xcb][0x95][0xf9]7[0xb5][0x17]Kt[0xc5][0x12][0x6][0xf3][0xf7]}c[0xf9][0x1][0x9d][0xfc][[0xb5]~[0xa1][0xe7][0xf]~CC[0xf3]k[0x8f][0xc][0xa1][0x7][0x86][0x7][0xdd][0x9a]CC[0xf]V[0x95][0x18][0xd3]z[0x19]Cl[0xe7][0xbe][0x6]mF[0xb6]"[0x1e][0xd0][0xf9]B[0x93][0xda][0xd2]3[0xf1]}t[0xa5][0xb2]e[0xe3]D[0xce]o[0xfc][0x96][0xc6][0xa9][0x9][0xc5]v[0x1f]o5[0x87][0x5];E[0x1e][0x89]:}[0xab]r}[0x16][0xbb]0{[0xbf]z[0x15]]v[0x98][\n]"
2020-11-26 10:40:51 DEBUG wire:72 - http-outgoing-0 << "y[0xee]e[0xed][0xeb]+h6[0x10][0xdd][0x6][0x8b]BZ[0x1]CO[0x16]o[0x81]t[0x8a][0x0]a[0xb7]h[0xf1]GO[0xab][0xfc]k[0xd1][0x95][0xe2][0x8c][0xfe][0x8f]/[0xcc][0xa8]p[0xba]<9[\r][0x18][0x14][0xc9]I[0x96]!s[0x95][0xb3][0xe7][0x8d][0xf3]W[0xa9][0x9f][0xaa]][0xd1][0xce]R[0xec][0xd8]R[0xeb]4s[0x86][0x7][0xaf]sO[0xa6]C[0xf3][0x12][\n]"
2020-11-26 10:40:51 DEBUG wire:72 - http-outgoing-0 << "[0xc7]{[0xea]S[0xba]$[0xf2][0x13][0x1e]7U[0xe8][0x19]-[0xa5][0x8e][0x96][0xca][0x92][0xfd]r[0x1c]{[0xd2][0x9d][0x94][0xf8]f[0xdb][0x8e]?[0xf4][0xf6][0xd2][0xcb][0x11]jO[0x8f]U/?[0x94]z{[0xc5][0x8a][0xa4]+[0xe4][0xa3][0xf0]0n[0xc2]*[0x14][0xd5][0x3]r[0xfd]1[0xa9][0x3]y-[0xd5][0x19][0xea][0x92][0xc5][0x8b][0x3]l[0xf5]r[0xea]D[0xa9][0xe9]z[0xce]K,l[0xdf]hM[0xab]p0[0xf8]n[0xa7][0x1c] G[0xa7][0xa5]xO[0xc0]Ly!!g[0xc8]][0x81]dFK[0xee][0xeb][0x1c]+[0xe7][0x92]%-[0x9f][0xeb][0xec]:$T[0xdc][0x86]5[0x5][0x12]w[0x5][0xf0][0x16][0xfb][0xce][0xae]a[0xa1][0xcc]a[0xdb]7[0xac][0xc0][0xce]8[0xb7][\n]"
2020-11-26 10:40:51 DEBUG wire:72 - http-outgoing-0 << ":[\r][0x3][0xe5][0x9][0x1a][0x18][0xd9][0xd6][0xad][0x86][0x17][0xc][0xba]'n[0x1a][0xcb][0xe7]KjQq[0xc9][0xc8]D[0xdf][0x88][0xb9][0x81]|.![0xac][0xaf][0x97][0xc9][0x8f][0xe7][0x5][0xe][0xc5][0xfb]P[0xae]]CW[0xe3][0xe3][0xb]T[0xe6][0xdb][0x92][0xa6][0xd4]%[0x1d]r7[0xf7][0xac]SX[0xf6][0xf9][0x9f][0xdd][0xe7]s[0xbd]Y:+[0x1c][0xb2]7/X[0x11][0xf][0xd9][0xc3],v[0x1c][0xb2] 7[0x8f][0x99]Y[0xb2][0xb6]y#[0xa6]3[0xcc]`[0xbc][0xca][0xea]x[0xb9]U[0xcc][0x12][0x13][0xe3][0xe2][0xf9][0xff][0x85][0x87][0xd5][0xe5][0xb7]u[0xa8][0x19][0xe7]o[0xe2]][0x98]O_6[0x8b][0x14][0xc3])951I[0xf][0xac][0x8d][0x1f]LeZ[0xc0][0x8a]T[0xb4][0xd0][0x2][0x9c]`[0xd8]xVfvs[0xd7]M[0x96]l~[0xe9][0xd2][0xda][0xdb]Ex[0xb8]~[0xe3][0xab]V[0x89][0xb6][0xaf][0x9c][0xd2]r[0xe3][0x93]-Sm_JD[0xcf]xz[0xd1]8[0xce][0xa9][0x86]Cy[0xe2][0xe5][0xda][0xd2][0x91][0xf5]g[0xaf][[0xa4][0x17][0xb9][0x14][0xa7]U\[0xb0][0x8a][0x85][0xcb][0x9e]O[0xd9]ES4I5[0xb9]h[0x8a][0x93][0xaa]et&'[0x12][0xad][0xa2][0x83]UDt[0xe8][0xdd]N4+0[0xbd][0x14][0x16][0x9]t[0xe3]+P#[0xeb]G[0xef][0xdb]0j[0x9c]B[0xa8]~[0x8e]O[0xee][0xcf][0xec][0x15][0xe6]x[0xde]q[0xc8][0x94]([0x18]\[0x1c]]:bZ[0x4][0xdc][0xa2]0[0xe6][0xce]V[0x8e][0x9d]X[0xbf][0xb4]Z[0x99][0xbd]'<[0xa6][0x9]a+[0xb3][0xf]k[0xe7]/p[0xfd]I[0xe1][0x2]Z[0xa8][0x87]$[0x11] UD[0xce]&=l[\n]"
2020-11-26 10:40:51 DEBUG wire:72 - http-outgoing-0 << ".<[0xea]m[0x7]:[0xfd][0xb1][0x1c]e#[0xff][\r]q[0x1f]@t[0xf1][0xca]<8[0xde][0xa0]L[0xc7][0x9b][0xf]$[0xee]ac[0xd7][0xd0][0xce][0xb9]Cb[0xce]*[0x1f]@[0xa2][JL[0xf5][0xe9][\n]"
2020-11-26 10:40:51 DEBUG wire:72 - http-outgoing-0 << "[0xae][0xac][0xf9][0x3][0xfb][0xdb][0x1e][0xba]r[0xf6][0xe9][0x9b]}aN[0xed][0xb7]`[0x1d]$[0xd3][0xb0][0xb1]h[0xe]=4[0x8d][0xb8][0xa6][0xa1][0xc3]R[0xc6][0x1b]4][0xb4][0x88]][0x96]G[0xa0][0x2]{[0xdc]h[0x88][0xec][\r][0xd1][0xb1][0xf7]n[0x8b][0xbe][0x17]:[0xd2][0xe6][0xe1]b[0xef][0x9c][0x91][0xe2]qb[0xd2][0x8c][0xe3][0x88]q[0xb3]=)k[0xde][0x8d][0xd8]G[0xb7][0xcd][0xd1][0x9e],[0xfb][0xd0][0xc9][0xc1][0xd5]ul[0xde]D[0x1b][0xc8][0xf1][0xde][\r][0xd4]s[0xbb][0xdb][0xc]h[0xa2][0x99][0xa4]w[0x1b]$[0xd4][0xda][0x4].|i[0x2][0xaa][0xcf][0x8][0xf3][0xb8]hX[0x92]X[0x87]\Y+.A[0xd3]4\[0xda][0x14][0xac][0x8d]9[0xd8][0x97][0xb9][0xd8][0xf1]D1[0xae][0xd9][0xe2]2[0xe7][0xb3]&Z#[0xa1][0xce][0xde][\r][0x92] g[0x16][0xda][0xcc][0x9a][0xf1][0x89]{n[0x9e][0xba][0xe4]8[0xb1][0xf][0x89][0x85][0x83][0xc4]6*[0x93][0xa3][0xc4][0x9c][0xd6]>[0xc7][0x8d][0x9b]F[0x85][0xc4][0x82][0xfa]`[0xe2][0x1d][0x5][0xca][0xd1]hT[0xa4][0xa5][0xbd][0xa2][0x86][0x87][0xc2]x[0x12]z[0x8f][0xb3]a&Z[0xfe][0xef]}p[0xb2][0x84][0x9c]^P[0x93]Z<[0x13][0xa4][0x7][0x6][0x9a][0x98][0x11][0x8c][0xd5][0x9d]s[0xa1][0xe1][0xb9][0xc1][0xfa]&ih[0xbf]@[0xbf][0xd5][0x13][0xd3][0x2]A[0xb3]C4X[0xb8][0xd9]1[0xb2]#Qo[0xbc][0x15][0xe2][0x81][0xfd][0xfb]I[0xab]Y}[0xbc][0x98][0xda][0xf5]v[0x86][0x89][0x1f][0xad][0xac][0xe5]v*J[0xb8][0xbf]OQ[0x6][0xc3]1[0xf2][0xe8][0x13][0xad][0xa4][0xee][0x14]cr[0xc9][0xd3][0xff]Ts[0xe5][0x9d][0x93][0xaa][0xde]x[0x17]n[0xee], [0x84]S[0xf7][0x87][0x95][0xff][0xfa]/[0xb]6[0x18]y[0x14][0xfd][0x84][0x83]2[0x8d][0xd7]+[0x8][0x16][0x8c]i[0xb2][0x14][0xa1][0x1][0xc2][0xee]gJ@[0xca][0xfb]+[0xae][0x11][0x9c][0xcb]OV[0x8d];G=[0x7]h[0xbf]V[0x9e]T'[0xb4]R>7[0xee]nm[0x1c][0xd4]r[0xfd][0xd0][0xb5][0xea][0xca]mO[0x18]:[0xc9][0x10][0xa3][0xa6][0xbc][0xfa][0x82][0xee][0xb2][0xe5][0xb][0xb4]'[0x9e]@[0xc2][0x85]B[0xc9][0xc3][0x9e][0xfb][0xf8]S[0xbc][0xf6][0xfb][0xd6][[0xd7][0xba][0x89][0x84][0x1e]H[0xa7]C[0xe1][0x90]{[0xe5][0xdd][0xbb][0xff][0xf2]~}=s[0xc][0xf4][0xfc]X[0xa9][0xc0][0xcf]fcL[0xf9][0xc6][[0xbc][0xa7][0xca][0x93][0xf1][0x1c][0x82][0x80][0xc9][0xee][0xc2][0x1e][0xb][0xf][0xf1][0xfe][0xf0];[0x97][0xab][0xdf][0xe2][0xd5][0x4][0x9e]P[0xa0][0xf7]c[0xf1][0x9c][0x8e][0x2][0xa3][0x1e][0x8][0xbc][0xf4][0xac][0x88]k[0xfc][0xb0][0x12][0x9][0xe4][0xd4]R}ExQ[0xb9]s[0xca]x{[0x8d][0xca][0x7][0xaf]n@[0xe1][0xf1]2,^[0x2][0xfb][0xf2]y[0xf4][0x9][0xe6][0xbc][0x6][0xf2][0xea]Sv[0xa8][0xfe][0xe9]\[0xed][0xc9][0xe3][0xea][0x83][0xf3][0xde]hi[0xfb][0xd4]R<[0xb3][0xcf][0x83][0xb6]g[0x9f]A}[0xf4]D[0xc3]O[0xa1][0x85][0xe6][0xc]t#[0xea][0x81][0x92][0xf9][0xda][0xbb][0xbe]F[0x12][0x82]i[0x83][0x83][0x1e][0x10][0xd8][0x9a]zi[0xc6][0x13]D[0x19]S[0x6]Q[0xee][0xae][0xaf]^[0xae][0xce]_gz[0xe9][0xe5]=[0xe3][0xc4][0xcb]6[0xcd][0xbf]f[0xed][0xbc][0xfc][0xd8][0x98][0x96]T[0xfb][0x6]<:C_[0xd3][0x15][0x1c]][0x1]{3[0xff]x<[0x9f]*[0xd3][0xa1]N[0x8e][0xc5]][0x80][0xed][0xfe][0xa3][0xcb][0xd4]a[0x95][0xc7][0xd2][0xe3][0x93][0xae][0xc]_;[0xbd]\[0x9b]>[0xd6][0xa0][0x17][0xfb]T"-\[0xaa][0xb3][0xe4][0xc]M[0xaf][0x9][0xd2][0x5][0xb7][0xf9][0x92].4[0x80]0u0[0x19]Oy[0xd0]p[0xf7][0xfb][0x1f]6[0x93]#[0xc0][0xc3][0xba]ht[0xb8][0xc4][0x15]jl<_[0xca]{[0xf1]'[0x89][0x17]D[0xa7][0xc6][0x1d][0xcf][0x9]L[0xba][0x14][0x9f]Jk^[0x13][0xf7][0xd6]Q[0x10][0x2][0xbe][0xb5]1[0xcd][0xdc][0xa4][0x96]C9[0xe2]3[0xae][0xde][0xf3]=~p[0xa2][0xe0][0xd5][0xfa][0xf]W[0x8c][0xd5][0xb3][0xd0]z[0xf5][0xbb][0x1b][0x9e][0x0][0x80]![0xa6][0xe2][0x1a][0xe9][0xc2][0x6][0xc4]h[0xb8] [0xa1][0x15]S[0x1e][0x1e][0x86]W[0xf7][0xd7]_[0x9d][0xf6][0xa3][0x2]X(I/[0xe1]Gs[0xc4]TI[0xde][0x97][0xb5][0xa5][0xc7]k+[0xee][0xab][0xf7]d [0x1][0x12][0x87]d[0x81]CZz[0xae]ZG[0xe8][0xb][0x1f][0x1][0xaa][0x82]}[0xe0][0xae][0xf]0[0x81][0xfa][0xec][0xc9][0xca][0xdc][0x5][0xbc][0xd3][0xbb][0x91][0xe0][0xb][0xe4][0x8b][0xe3]n[0xa6][0xc1][0xd2]c[0xe3][0xfc],[0xcd]b[0xee]G[0x92][0xc9][0xb2][\n]"
2020-11-26 10:40:51 DEBUG wire:72 - http-outgoing-0 << "@z[0xbd][0xb5]{[0xf5][0xf9]7[0x0][0xc2]K[0xbb][0xeb][0xd6][0xf0][0xaa][0xe3][0x9e],[0xde]htM([0x85]xA-[0x16][0xe2][0xba][0xee][0x1][0xa8][0xb6][0xb8][0x8c]7[0x1a][0xdd][0xbe][0xb7]~[0xca]E5[0x99]P@[0xd1][0x16][0xca][0xa8][0xfa][0xdd][0xd9][0xe4][0xaf][0xef]{[0xd9];&[0x80]X[0xc][0xf8][0xdd][0x8d][0x14][0x8b][0xd3]8.[0xde][0xc6][\n]"
2020-11-26 10:40:51 DEBUG wire:72 - http-outgoing-0 << "%h[0xc9]][0xf4]UW[0xdf][0x18]'.[0xbb][0x8e][0x85][0xce][0x99]"[0x17][0xd5][0x12][0xee]h[0xef][0xf9][0xc0][0xcb][0xa7][0xc4]-[0xce][0xf8][0xe4][0xc1]x)[0x99]vm[0x1d][0xf8][0x1]I[0xb7]p[0xdb][0x98]9[0xe3][0x8b][0xc3]T:[0x9e]G[0xdd]N[\r]F[0xb7][0xe9].[0x88]p_H[0xda]X[0x1c][0xe6][0x8a][0x17]STg[0x9e][0x81][0xc8][0xac][0xdd]}[0xe8][0xc7][0x9d]%5[0x93][0x89])!/L[0x9e][0x1d]5[0xbe][0xbd]Y}|[0xd5][0x98][0xf9][0xc2][0x1b][0x8d]Hh|[0x9f][0x7][0x80][0xf5][0xef][0xae][0xfb][0x9]==?[0xa1][0xe7]=L[0x9c][0xb5][0x95][0xaf]a[0x1d]S9;[0x8f][0xb7][0x89][0x13][0xb7][0xaf]7[0x6]iMO[0xe7][0xb][0xcc][0x86]t[0x9b][0x1f]W`A4[0xdb][0x88]+[0xd3][0xbe][0xe4][0xc4][\r]BNw[0x0][0xf9][0x9c][0xaa][0x7][0xe2]n[0x86][0xc9]_[0xff][0xf2][0xd1]'~R[[0x8d][0xeb][0xaa][0x87][0xfb][0x94]f[0xd5][0xc2]@Ro[0xb9][0xf][0xc6]3[0xc9][0xc][0xeb].[0xa5][0x80][0xfa]([0x16][0x9c][0x1c][0x10]l|[0xc2][0x9d][0xdc][0xf][0xe5]\@[0x8a][0xae]ma[0x1][0xd9]`][0x95][0x8d][0x17][0x98][0xf][0xb5]TTU[0xf7]]o[\n]"
2020-11-26 10:40:51 DEBUG wire:72 - http-outgoing-0 << "[0x99]^[0xb0][0xd6][0xd4]b[\r][0x81][0xc6]"[0x1e][0x7]T?F[0xd5]@}[0x1e][0xd6][0xf5]l[0xcd][0x81][0xc]y[0x80]tx][[0x4][0xab]D=[0xc0][0x9a]fk[0x8b][0xf0][0xfa]b[0x1e][0xf0][0xb8]/[0xb2][0xad][0xde][0xa3]_[0xd2]}[0x8c]D[0xff]c[c[0xa5]xaL[0x9c][0x8f]ma[0xab][0xf4]{[0x9d]O[0xae][0xf7]4[0xd2]%F[0x8b][\r][0xc][0xf6]5[0x91];[0xa1]v[0xea][0x11]f[0xb2]k[0x11][0xb2][0xd2]F[0x9e][0xc0][0x16][0xdb][0xe8][0x1f][0xf4]h##x.[e[0xe6]d[0xbe]\[0xd4][0xd5]`2[0xec]9[0xf7][0x1c][0xf6][0xbb][0x17]l[0x14][0x9a][0x89]<H[0x13]:[0x1a]{^[0xbb]Z|S[0xbb][0xfe][0xb2]E[0xba][0xd5][0xd7][0xe4]f_2[0xed][0xbc]I[0xc8][0xda][0xf1][0xa3][0x1]B#[0xc6][0x89][0x1f][0xd6][0x96]g[0xa9]?[0x8b][0x87][0xfd][0x88][0x17][0x86]2wd<[0x91]/[0x97][0x4]g[0xe4].[0xf2][0xe0][0x9d]B|\[0x1d]h,][0xc9]5([0xe8][0xa7]{[0xfb][0xa3]-[0xda][0xad][0x19][0xf0][0xe1]P[0xe3][0xc4][0xad]K+[0xb5][0xb][0xf7][0xf0][0x16][0xb9]3[0xae]G&[0xec]+[0xb1]pH[0x89][0xfa][0x9e][0xf7][0xc7][0x2]|[0x8]jg[0x8e][0xb6][0x8c][0xb2][0x12]i[0xc2][0xf]x[0xd1]xv[0x5][0xcc]?s|9|[0xf3][0x6][0xcd][0x81]P4[0xac][0x0][0xb2][0xa1]h,40[0x18][0xb][0xf3]+[0xc3][0x1b]A~[0xf2][0xca][0xf8][0xe6]*[0xdd]@n>[\n]"
2020-11-26 10:40:51 DEBUG wire:72 - http-outgoing-0 << "7[0x91][0x87][0xe5][0x14][0xee][0xcd][0xf9]&B[0xf8][0x2][0xd6]1[0x97][0x85]x-G[0xb8][0xd9][0x8][0xf5]![0xd0]-l[0x17]nj[0xda][0x11]i[0x9c]8_{[0xf1]J[0xe0][0xfe][0x6][0x10][0xc6]a5[0xba][0xb7][0xec][0xba][0xf2][0xc1]]}[0xee]ii[0x4][0x87]\[0x8e][0xeb][0xd2]o[0x12]"[0x0][0xf6]n[0xf5][0xbb];n`[0xd0][0xa9][0xe8][0xbb][0x7]K[0x1]T[0xbf]Y5[0xce]-[0xfb][0x91][0xcf]v[0x1b]e[0xfd]d4Y[0xa3]?[0x14][0xe]E[0x82][0xe1][0xfe]h8[0x1a]R"[0x91][0xbe][0xfe]fY[0xe3][0xf1]} [0xeb][0xda][0xca][0xcb][0xca][0x9d][0xd7][0xee]LM[0x83][0x99]t{8v[0xa3][0xd9]M[0xc3][0x8][0xe9][0x95]l[0x8d][0xa9][0x13],[0xc1][0xdb]x[0xaa]7[0xd2][0x1f][0x8e]D[0x95][0xde]po8[0xd0]T3ko[0xe6][0x8c][0xc5][0xb7]4[0x8e][0xce][0x8e]<&[0xf1][0xcf][0xa9][0x99][0xe0][0x18][0xd4]k[0x96][0x12][0xaf][0xa7][0xab]s[0x8f]+[0xd7]~Z[0xbf][0xf6][0xa2]~@[0xac][0xf0][0x5]f[0xf1]a[0xf0][0x6][0x89][0xcf][0xb0][0xdd][0xff]u[0xe2][0xfb][0xb5][0xd7][0xd7][0x8c][0xb9][0x97][0xb2]G[0x9c][0x89]z0[0x1b][0xd8][ wP[0x91][0x81][0x14]+[0xd7]q[0x80][0xd5][0x86]C[0x7]4h&[0x9d]u6[0xe3][0xa8][0xdf]|KL[0xf9]._j[0xd0][0xa4]^[0xd8][0xd7][0xa0]M[0xe][0xc9]AWJQ[0x1e][0x5]w ^[0x94]F[0xd3][0xd9][0x92][0xb4][0x93][0xfe][0xfa][0xfb][0xdf][0xa5][0xcf]>[0x1f][0xfe]_[0xff]&[0x84][0xdb]I[0x87][0xfe][0xd7][0xbf]I[0x12][0x16]Lg[0xa1]X*[0x9f],g[0xd5][0x1c][0x88].[0xe0][0xa1][0x92][0xfa]QF[0xc5]o[0x9d]2[0x5])c[0xac][0x9d][0x4]%[0x3][0x80]6[0x94][0xe6][0x9a][0x17][0x9e]$[0xe2][0x1a][0xf3]I[0xc0][0x97][0xbd][0xfa][0xae]P2[0x11][0xe9][0x8f][0xc5][0x15]u [0x12][0x1d]P[0xc2][0x89][0xfe][0xa8]:66[0x16][0xef]K[0xf6][0x87]U[0xb5]/[0xd4]/[0xf][0x9b][\r][0xeb]b[0xbb][0xc0]E[0xac]Q[0xfd][0x83][0xc9]O[0xe3][0xe3][0x89]gU[0xab][0xf9][0xcf]B[0x9f][0xf]KXO[0xf][0x14][0xe2]E([0xf4][0x97]|J[\r]h9]-[0x96]>P[0xc7][0xf2]E[0xb5]3[0x9d][0xed][0x91]t[0xc4][0xf3]p[0x17][0x9][0x14]l9([0xd0]M[0xd1]c[0xdc][0xa9]Y[0xa7][0xe0]4[0x2][0xa6]Hx[0x8d][0x19]m[0x93][0xcf][0xf6][0x16][0xd5][0x94]l[0x9f][0xa2]L[0x1f]L[0xa5][0xb5]I[0x95][0xd2]([0x9f]U[0x1b]O[0xa2]3w[0x8c][0x13][0xf7]L[0xdb]!>[0xf2][0xf7]F[0xcd]8[0xb6][0xeb][[0x9f][0xb6][0x95]3[0xf7][0x8c][0xb][0xe7]+?[0x1e]az[0xa1][0xc5][0x16][0xb9][0xfc][0xc]+[0xa1][0xbe]`h[0x0][0xef][0x8a][0x8f][0xc0][0xc7]fU+[0xed][0xaa][0xf1][0xf5][0xd3][0xca][0xf5][0xd9][\r]4?[0x10][0xc2][0xe6][0xa1][0xf1][0x81]h$[0x14][0xe9][0x1f]l[0xb6][0xf7][0xc4]1[0xba][0x9][0xcd]o[0x92]a[0xc1][0x2][0xab][0xdd][0xf9][0xcd][0x7][0x11][0x97][0x5][0xec]nvV[0xe1][0xef][0xce][0x9a]Y[0xab][0x9e][0x8b][0xcf][0xe7][0xc1][0x8a]q[0xe6][0xa1]WU[0x87][0xa1][0xa3][0x95]T\&[0xb0][0xdf][0x81][0x9][0xd7],[0xab][0xc4][0xe9][0x8c]a[0xe7][0xf3][0xab][0xee]0[0xb9][0x9d][0xe2][0xea][0xe5][0x1f]jO^[0xd2][0xfd]b[0x81][0xdc][0xe8][0x97]pX[0x4][0xd4][0xd9]0[0x1a][0xf6]:>E[0x1c][0xe][0xe][0x13][0x6] [0xd9][0x81][0x80][0xed]WR[0x93]io([0xd4][0x1d][0xd0][0x10][0xe][0x89][0x93]k[0x0][0xc9]\[0xb4]7[0x4]F[0x9d][0xde][0xfe][0xd0]h[0xd8]VCPe[0xcd][0x1f][0xcc][0xdf][0xf6]4[0x4]A[0xdc][0x5][0xbe]@ln[0x83][0x86][0x94][0xf2][0x87]E[0x1c][0x5][\r][0x81][0xc0]22[0x1b]/[0xee]SK[0xf8][0xcd][0x1b][0x18]w[0x11][0xf8][0x11];[0xeb][0x8f][0x90][0xcd][0xb][0xf0][0xe3][0xf1][0xda][0xe2][0x13]W04[0xa2][0xc7]g[0xf4][0xdf]<[0x3][0xf3][0x80].[0xf1]}[0xc0][0xc4]5?L[0xac](:[0x1f][0x10]d[0xcb][0xcd][0x87]&[0xfe];o[0xf5][0xf4]I[0x17]|[0xb8][0xf0]O[0x1f][0xb3][0x1b][0x9c]}[0xba][0x94]K[0x15][0xf3]Z[0xca][0x87]4[0x8b][0xa7][0x8d][0xf3][0x97]([\n]"
2020-11-26 10:40:51 DEBUG wire:72 - http-outgoing-0 << ">pR>[0xd4]e[0xb1]>4[0xca][0xc7][0x1b][0x84][0x96][0xd7][0xfd][0x7]{[0xcf]_?a[0xce][0x12][0xd2]+[0x8f])[0xb5][0xd7][0x87]",[0xde][0x88][0xb8][0xfb],L[0xac]s([0xf5]fL/3c[0xc0][0x9e][0xa4]y[0x5]\S[0xdf][0x1]B[0xb5][0xa3]w[0xd7]V`[0xe4]N[0xaf][0xdf][0xb8][0x80]Y*[0xe7][0x96][0xa4][0xea][0xe9][0x99][0xca][0xad]c[0xf4]:[0xe1][0xdd][0xf9][0xc2]$[0xb9]MGRB[0xa1][0xbe]^4^[0xdf][0xcb]%[0xf4][0xc2][0xb0][0xf4]~&#[0xfd]7[0xbe][0xd1][0xa5][0xff]V[0xc1](;[0xa0][0xa6]\[0xbd][0xcc][0x9][0x15]}[0xcc]YM[0x3][0x83]/[0x80][0xe8][0x9e][0x6][0xd2]Z[0x2]t[0xf7][0xec][0xfe][0xd8][0xf8][0xe6]T[0xb8]/[0x14][0xea][0x1f][0x18][0xc0][0x9c][0x1f][0xbd][0xe1]p[0xe3][0x15][0xb8][0x19][0x7]>95[0x15][\n]"
2020-11-26 10:40:51 DEBUG wire:72 - http-outgoing-0 << "S[0xa3][0xba][0x8e][0x94][0xc4][0xb9]Q9[0xfd][0xa0]z[0xe2]A[0xd3][0x0][0xa7][0xa6]R[0x13]^[0x0][0x8d][0xaf][0xbe]4[0xa6]_[0x3][0xaf][0xac][0xbd][0xbd]K[0xdd]&0[0xad]I\[0xd8][0x92]1[0xf7][0xa4][0xf6][0xe4][0x8]i[0x85][0x1a][0xa6]Ri[0xb2][0xa0][0xee][0x94]K[0xea]D)h[0x1d][0xea][0x91]G[0xd0]4N[0xe6][0xa6][0xa6]F[0xb][0xc5]|)[0x9f][0xcc]g[0xc0]L[0xee][0xec]d&[0xb7],[0xed][0x14][0x8c][0xe6]L>[0x19]Gs>`[0x16][0xed][0x92]vI`[0xab]0[0xeb]\[0x96][0x86][0xd8]7[0xfc][0xd2]5[0xcc][0xeb][0x1d],[0x82][0xd0][0xee],[0xe7]T=[0x19]/[0x80][0x99][0xbd]=[0xb2][0x9b][0xdc][0xb][0xa9][0xa5]vv[0x90][0xa6][0xf5]R[0xbc]4[0x8a][0x97][0xfd][0x8e]F[0xfb][0xc2][0xfd][0xf0][0xa7]c{[0xe4]#(EN[0x8c][0xd1][0x8f][0xac][0x13][0xb8][0x8e][0xe9][0x90][0xa5]n[0x7][0xca][0xdd][0x92][0xac]+J[0x0][0x1f][0xd2][0xa0]3[0x0][0x18][0x80][0x89][0xbe]=[0xf2]G-[0xb5]=[0xf2]![0x3][0xbb]][0xe9][0xc3]CC[0xf0][0xa0][0xa0]%[0xc3][0x1d][0x94]$[0x1d][0xe][0x92][0xf0][0xb6][0xc9]7[0xf8]"wu[\r]s[0xf3][0xde]q[0xd0][0xec][0xf7]5[0x90][0xdb][0x1a][0xc8]"[0x8b][0xfd][0xc4][0x15]A[0xc1][0xde][0x9d][0xbd]:n[0xec][0x16][0xf2][0xc5]R@[0xd7]3[0x81][0xfd]iX[0xd5][0x92][0xae][0x81]=[0x1b][\n]"
2020-11-26 10:40:51 DEBUG wire:72 - http-outgoing-0 << "[0x84][0xb1]{[0xa9][0xf0][0x80][0x92][0x88][0x8c])[0x3]1%6[0xa6][0xa4][0x12][0x3][0x91]xr,[0x1e][0x1f][0xeb]S[0xfb][0x6][0xfb]R[0x89]8v[0xcf][0xc1]k[0x1d];[0x4]~[0x91];[0x80]?[0xb0][0xd9]n[0x9]X[0x7][0x98]N[0xd6][0xf3]Sh[0xdd][0xfe][0x8f][0x89]o[0x87][0xf7]B[0xe][0xe6][0xa8]9[0xeb][0x92][0x93][0x13][0x93][0x7]`)][0x9a][0xc4][0x10][0xc9][0x94][0xa6][0x17]2[0xf1][0xc9]!)[0x1][0xd3]b[0xdf][0xf0]A-UJ[0xf]I[0xe1]H[0xb4]01[0xc][0xaa]|\[0xcb][\r][0x81][0xdc]*LH[0xf1]r)?\'x[0xec].[0xe5][0x3][0x81][0xc9]r.N[\r][0xd2]$[0x10]X[0x1b][0xd3]`[0xaa][0xa9][0xbb]R[0xf9]l[0x1c],R[0x9b]`xo[0xac][0x98][0xcf][0xee][0xcc][0xc4][0x13]j[0xe6][0xbd]$[0x8c][0xc9][0xce][0xc1]P([0x12][0x12][0x8f][0xa6][0x98]P[0xe3][0xfb]'[0xa7][0xb2]jJ[0x8b][0xb][0xd0]I=[0x9d][0xfe][0x1a][0xd5][0xb3][0xa3][0xa4]29[0xb9]b[0x1d][0xeb]s=[0xb9]F6[0xd2][0xd0]":n[0xbc]~U}t[0xcd][0xd4][0x0];[0x8]=h[0xc5]@6[0xae][0xef][0x1b]U[0xf][0xc4]3e"([0xe][0x99]T[0x9][0x85][0xb6][0xf][0xa7]U[0x94][0xd8][0xec]K![0xf][0x6]<[0x94][0x18][0x92][0xc6][0xb4][0x9]55[0x8c][0xd7][0xb6][0xe]I[0xa1][0xe1]R[0xbe][0x80][0xbf][0xa6]z[0x89][0xe7][0x8a][0x14][0x1e][0xe6][0x94][0xce][0xe5]s[0xea][0xf0]a[0xd7][0x96]$[0xfa] 1~[0xc8][0x82][0x1c]O[0xe8][0xf9]L[0xb9][0xa4][0xe]{b[0xe1]h5[0x11]O[0xee][0x1b]/[0xe6][0xcb][0xb9][0xd4][0x90]T[0x1c]O[0xc4];[0x95]X[0xac][0xc7][0xfc][0x1f][0xe8][0xef][0xf2]l[0xdb][0xfa]<[\n]"
2020-11-26 10:40:51 DEBUG wire:72 - http-outgoing-0 << "B[0xcc][0x7][0x85][0xbe]>[0xe0][0x8][0x8e]C,[0xa2][0xc0]7[0xb1][0xd5]w`[0xde][0xe]'[0xf2][0xc5][0x14]h[0xd1]b<[0xa5][0x95][0xf5]!)[0x82]U[0xf2][0x7][0xd4]".[0xb0][0x87][0xa4][0xb4][0x96]J[0xa9]9[0x86]z[0xc]:A[0x90]'[0x1f][0x8a][0xf1][0x9c][0xe][0x13]3;$[0x91][0x8f][0x19][0xe0][0xa0][0xce]^x[0xd3]#[0xe1][0xcf].[0x0]<[0xd1][0xab][0xa7][0xe3])[0x4][0x13][0x82][0xbf]J[0x1f][0xb0]'[0xe9]h8[0x12][0xee][0x9]G#[0xe4] [0x12]k[0xb6][0xa7]R[0x0]e6  t[0x19][0xf8][0x1c][0xde][0x1f][0xf0][0x1e]([0xf][0x10][0x12][0xb0][0xef]![0xc7][0xa4]j[0x12][0x4][0x11][0x19][0x99][0xbc][0xae][0xba]Q[0xbe]h[0x8e]7P[0x91][0x90][0x8a]|r[0xd0][0x18][0xc9][0x97],[0x17][0xf5]|qH*[0xe4]5X[0xaa][0x14][[0xc6][0xbf][0xe0][0xd6]:[0x1d][0xa6]H8[0xc6][G[0xa2][0xf]'[0xc6]`9[0xd4][0xab]kS*<A[0x89][0x1]J[0xc][0xdb]~[0xa7]?[0xdc][0x1f][0xe9][0x8f][0xb6][0xd4]6X[[0x87]L[0x8e]R[0x6][0x7][0x0][0x98][0xc9]l[0xe1]~Q[0x16][\r]0Y[0x84][0x8c][0xce]z[0xcf]*[0xc1][0x8b]w[0xc6][0xc2][0xf8]W[0x2][0xb4][0xb5]T[0xab][0xcd][0xe3][0xe4][0xd3][0xf8]d[0x8f][0xf5]G[0x4][0x1e]'[0xf3][0xcc][0xe4][0xde]^[0x18]Y"[0xe][0xb][0xf1][0x14][0x9e]@D6T[0xa0]t[[0xed][\r][\r][0xf5][0xc2]bw[0x9f][0x6]tL[0x16]A[0xaa]&@[0xb9][0x98]8("[0x6][0xf0]y[0xb3][0x1a][0xe8]-[0xa5][0xcb][0xd9][0x84][0xad][0x19]''9gt,[0x19][0x8f][0x8d]%[0x19][0x6][0xae] [0x8b]P|[0xb3][0x10]/g[0xa4][0x8c]f[0x13][0xbb][0xc]?xY[0xca]g[0x9]P[0xe9][0x1d]u[0xc][0xff]J[0xa9][0xb8][0x9e][0x6][0xd9][0xcb][0x6][0xc3]*2[0xc0][0xd9][0xc6][0xfe][0xac]-d[0x86]`iP[0xea]M[0xa6][0xb5]L[0xea][0x10][0xc5][0x85][\n]"
2020-11-26 10:40:51 DEBUG wire:72 - http-outgoing-0 << "[0xf2][0xb6][0x80]I[0xe9][0xc8]!q[0xea][0xc4][0x84][0xa9]3[0x18][0xc2][0xbf][0xf5][0xbd][0xe9]k[0x17]sh[0x8c][0x1c]L?[0xc4]hA[0xe7]r[0xfb][0x94][0x90][0xb4]\[0xa1]\[0xfa][0x8c][0x1a][0x9d][0xc8]/[0xf9][0x8e][0xcf][0xf]5[0xa7][0xdc][0xfc][0xe1][0x12]e~H[0xe4][0xba]r1[0xd3][0xe9]t[0xf7][0xe7][0xf2][0xc9][0xb4][0x9a][0xdc][0xa7][0xa6][0xc8]Z[0xa2][0xb][0x1a][0xec]-[0xaa][0x5]0=%[0xec][0x98][0x94]T[0x89][0xd4][0xe3][0x92][0x4][0xa5]$GN[0xcb]e[0xb4][0x9c][0xda]K[0xa5][0xb2][0x97][0xec][0xea][0x1b][0xc3][0xbf]|[0x0]([0xb9][0x88][0xb8][0xb3][0x13][0x90][0xc][0x1a][0x15][0xb6]L[0xd6]n[0x1a]9[0x87]X[0x17][0xc1][0xd4]#D[0x91][0x1a]R[0xa5][0x19][0x9a]4[0x89]^[0xa2][0xc][0x1c][0xc7][0xc5][0xa0][0x12][0xed][0x17]U}[0xc8])[0x17][0x94]p_j,[0xea][0x14][0x1f][0x3]\[0xa2]0[0x8e]pL[0xdf](N[0xdf][0xfe][0xb1][0xb8]2[0x16]c[0xb2]Z[0x18][\r][0x14][0xa5]|4[0xd0][0x92]0e8d[0xc9]~[0x87][0x8a]mO[0xeb])\[0xe3]D[0xa3]v[0xf3][0xe4][0x80][0xa6]k[0x89][0x8c][0xda][0xa4][0xd1][0xe6][0x80]JFX![0x6][0x5][0x17][0x82][0xfd]([0x12][0xdb]6/[0x4][0x90][0xe2]+X[0xfe])>[0xea]z[0xc0][0xd4][0xd6][0xbd][0xc4][0xf8]j[0xbd][0xa9][0x82]([0xa5][0x8]8sX[0xd8][0xb0][0x93][0xd7][0x7]Y[0x1f][0x13][0xf9]L[0xca]R[0x89]1[0xb4][0xca][0x88]yF[0x14])[0x99]x[0x9c][0xda]J{[0xe8]P9&[0xb2][0x8a](9[0xe3][0xe4][0x8f][0x93]3Zk[0x86]N[0xcb]C[0xdc][0xda][0x88][0x92]ND[0xa0][0x19][0xda][0xd6][0x83][0xb0][0xa2][0x88][0xec]B[0x8d][0xd9]vZB5[0x7] [0xe2]@[0x14][0x1c]4[0xcb][0xc6][0x1f][0x10]5[0xa8]Ro`G@F[0xc5][0x9d][0xd3][0x8e][0xd8][0x84]&[0xee]!)[0x8c]Z[0x92]L[0x9a]P[d [0xd2][0xa9][0xde][0x9c][0xe5][0xc2]@\#[0xf2][0xb9][0xe9][0xc6][0xe4][0xc4][0x8e]7[0x99]4[0x93][0x91]B[0x81][0x98]N[0x16][0xf3][0x92][0xd4][0x9b][0xcd]O[0xf5][0xfa][0xbd]g[0x86][0x86]_[0x91][0xbc][0xfb][[0xb6][0x1c]j[0xb7][0xe7]6[0xe6][0xb7]i[0x88]P[0x2][0xff][0xe][0xa3][0xc3][0xa5]7[0x9e][0xd1][0xc6][0xa1]Q&b[0x5][0x83]0[0xdc][0xfa][0x94][0xb3][0x8c][0x8d]4[0xb2][0x16][0xa1]=[0x9d][0xbf][0xb1][\r][0xc3]*[0x1c]rL[0xdd][0xc3]tal-{E[0xf][0xa8][0xa3][0x11][0x97][0xe4].l[0x9d][0x8a][0xcb]m[0xd7][0xad]`[0x87]R[0xb1][\r][0xbb]%[0x84]a[0xb][0x10]+%[0x8c]W[0x8e][\n]"
2020-11-26 10:40:51 DEBUG wire:72 - http-outgoing-0 << "[0x9b][0xfc][0xb][[0x1b][0xff][0xb4]Va[0xc4]x[0xf9][0xbc][0xb2]pz[0x87][0xe9][0x9b][0x93][0xb]j[0xbe][0x90]Q1[0x90][\n]"
2020-11-26 10:40:51 DEBUG wire:72 - http-outgoing-0 << "[0x13],[0xd1][0xb][0x8][0xd1]e[0xff][0xdc][0x98];[0x8a][0x17]8[0x10]o[0x0]u[0x88][0xf9]7L[0x16]g[0xb4]=[0x13]g|b[0xb5]n[0xdb]-wtM[0xd8][0x14]w[0x10]R[0xcb]Y/p[0xdd]K[0x90]N[0x16]`[0x1e][0xd5]][0xc0].[0xa4][0xfc][0x10]2[0x1e][0xa5]##[0xe1][0x0][0xbb][0xbe][0xf5][0xcd][0x9d][0xea][0xcd][0xe3][0x95][0xe9][0x7][0xc6][0xcc]w?[0xbf][0xbe]me[0xd0][0x8a][0x88][0x15][\n]"
2020-11-26 10:40:51 DEBUG wire:72 - http-outgoing-0 << "[0xc2][0x17][0xe8].[0x1a] [0xcc][0xaf]J[0xc][0x10]Y[0xca][0xc5][0xb3][0xf0][0x5]T[0x9e],![0xb1][0xc9][0xa9][0xde][0x97][0xcc][0xe9][0xa4]N[0xe4][0xe2]9{v'j[0xa4][0x0][0xee][0xd6]k([0xbf][0x83][0xba]gZo[0xcb][0xb8][0xf7][0x83][0xd5][0xd6][0x1][0xdf][0xa6][0xe0]-[0x94][0xae]oI[0x18]N[0xfc]"[0xd2][0xab][0x9e]x[0x8a][0x8d]x[0xc6][0xab][0x17][0xeb][0xab][0xc7]7L[0xbc][0xd2][0xc1]<[0xef][0x90][0x12]2[0x9e][0x1f]Y[[0xb9][0xb7][0xb6]t[0x96]v[0xc][0x3][0x9]=[0xfb]E_[\n]"
2020-11-26 10:40:51 DEBUG wire:72 - http-outgoing-0 << "uZ"[0xa4][0xbd][0xdd]^%[0x6]`x[0xa3][0x8a]_[0xa3][\n]"
2020-11-26 10:40:51 DEBUG wire:72 - http-outgoing-0 << "6J+[0xb4][0xdf]"[0xd6][0x6]sCl4[0xe2][0xd7]([0xbc][0x14][0xea][0xb4][0xdd]n[0x84]S[0xeb][0xc]o7[0xea][0xd7].[0xbc][0x14][0xea]l[0x90][0x81]"v[0x6]"[0x7][0x9c]6[0xce]@i[0x12][0xb][0xce]:[0xb8][0xfe][0xdd]u<[0xf4]4wFd[0xa3][0x89][0x8c]7[0x17][0x91]w[0x8e]Z[0xad][0x91][0xd7][0xd6][0xfe][0xda][0xd2][0xa5][0xea][0x83][0x8b]f[0xb3][0xde]|D[0xde][0xd1][0xc2][0x1b]h[0xad][0xb2][0xf0][0xbd][0xd0][0x9a]7[0x3][0x91]w[0xb4][0xf0][0x6]Z[0xe3]g[0xb7]LB[0x9d]1[[0xf6]f![0xf2][0xae][0xbe][0xe2][0x6][0x19])j1Re[0xe1]vea^[0x1]id\[0x98]E[0x99][0xbe]0S[0xbb][0xfa][0xa8]r[0xfd][0x89][0xf1][0xcd]M[0xe3][0xe9][0xc5][\r][0xb3][0xd7]X[0xbe]\[0xe4][0x14][0x8][0x87][0xf6][0xf5]*[0xa1]}[0xb4][0xdb][0xfb][0xf]zs[0x15]y[0xc7]J[0xb7]Dq[sP[0x19][0xe6];o[0xce][0x9b][0x9b][0xc8];V[0xba][0xfd][0xe6][0xa0][0xb2]8[0xac][0xfb][0xf]z3[0x14]y[0xc7][0xcb]op4c[0xd6]h[0x1a][0xab]3[0xc6][0xd5][0x85][0xca][0xf7]_[0x81][0xc1][0xb1][0xb6]r[0x15][0xec][0xf][0xbc]Q[0xed][0xc7]#?[0xbf]>[0x7][0xb6][\n]"
2020-11-26 10:40:51 DEBUG wire:72 - http-outgoing-0 << "[0xbd][0xdd][0xb8][0xfa]|[0xb5]z[0xef]Kxb<y[0xe5]H[0xa8][0xc2]NW[0xaf][0xce][0xc0][0xf8]W[0x8f]=[0xae][0xdd]}[0xb9][0xf1][0xf1][0x7][0xc3]\[0x98][0xdd][0xe7][0xab][0xdf][0xdf]7.[0xcc]P[\n]"
2020-11-26 10:40:51 DEBUG wire:72 - http-outgoing-0 << "[0xed][0xf5][0x91]+[0xe4][0x1d]/[0xdf][0xda][0xa0][0xd8][0x9b][0x9c][0xae][0xcd]|oo[0xd5][0x9b][0x11][0xf6]R[0xb1]bUi[0xbf]a[0xa0][0xa2][0xbd]Uon [0xef]x[0xf9][\r]rC[0x9f][0xc5][\r]k[0xaf].[0xac]-[0xcf][0xc2][0xa8][0xaf]O[0xdf][0x81][0x81]_[0xff][0xea][0xea]?[0xa7][0x8f] g[0xbc][0xbe][0x6][0x94]5.[0x9c][0xc3][0xf9]>s[0xa1][0xf2][0xe5][0x2]r[0xc3][0xe2][0xdd][0xea][0xea][0xac][0xf1][0xc5][0xb9][0xca][0xb5][0x9f][0x8c][0xa7]7+W[0xe6]*[0xc7]o[0x1b][0xcb][0xf7][0x1]/([0xbc]~[0xf9][0xc6][0x86]YA[0xd7]&[0xbc]8!9[0xe5][0xcd][0x9][0xe4]]{[0x9c]`o[0xd1][0xc9][0x8][0xc9])oF [0xef][0xda]f[0x4][0xb1]][0x7][0x1f]$[0xa7][0xbc][0xf9][0x80][0xbc][0xdb],>[0xe8][0x17]d[0xfc][0xb1][0x1f][0x8c]#7[0xff]1[0xbd]`[0x9c]<a,[0xbe][0xfa][0xc7][0xf4]-4[0x1f][0x8][[0xd4][0xa6]O[0xa0]lXz[0x1]J[0x0][0x8f][0x91][0xce]>[0xc5][0xa3]N/[0x9f]A[0x81][0xb5][0xa5]G`[0xe0]S9[0xe1][0x9e][0xf3][0x9][0xe4][0x4][0xb0][0xc8][0x89][0x17][0xb5][0x9f][0xbe][0xde]8s[0xa8][0x7][0xd4][0x9c][0x17]{[0xe4][0x8a][0xde][0xec]A[0xde][0xb5][0xc9][0x1e][0x8e]6[0x9d][0xc][0x92]+z3[0x8]y[0xd7]>[0x83][0xd8]Zv[0xb0]H[0xae][0xe8][0xcd]"[0xe4][0xdd]f[0xb1][0xc8][0x80]Mq[0x0][0x97][0xac]-[0x9f][0xac]=[0xf8][0x9a]G*[0xa2][0xb4][0x10][0x82][0xce][0xaa][0x8f]O[0x83]R[0xc0][0xd4][0xd4]$:[\n]"
2020-11-26 10:40:51 DEBUG wire:72 - http-outgoing-0 << "[0xf9][0x6][0x18]k[0xe1]a[0xed][0xed][0x8d][0xb5][0xe5][0xf9][0xf5][0xaf]N[0x1a][0xb7]oW^>[0xab]M_[0xa1][0xe7]|6[0xcc][0x13][0xc4][0x1][0xe4][0xc5][0x13][0x99][0xbd][0xde]<A[0xde][0xb5][0xc7][0x13][0xce]6[0x9d]<[0x91][0xd9][0xeb][0xcd][0x13][0xe4]][0xdb]<ao[0xd9][0xc1][0x13][0x99][0xbd][0xde]<A[0xde]m[0x16]O[0xc]2[0x9e][0xa8][0xbd][0xf9][0xbe]v[0xf7][0x1c][0xb7][0xf][0xf0][0xf3][0xd2]M:[0xe4]k+[0xb3]k[0xcb]g[0xc1]n[0xa9][0x9c]>k[0xbc][0xfd][0xe][0xb8][0xa4][0xf6]f[0xa5]rk[0xd5][0x98][0x9b][0xc1][0xb3][0xe0]W[0x1f][0x81][0xf0][0xa8][0xbe][0xbe][0x8a][0xe7]"^[0xde][{[0xb3][0xb0]a>[0xc8]i9O[0x1b]b*[0xed][0xcd][0x6][0xe4]]{l[0xe0]h[0xd2][0xc9][0x5]Sio. [0xef][0xda][0xe6][0x2][[0xc3][0xe]&[0x98]J{3[0x1]y[0xb7]YL[0x10][0xe][0xd9]V[0x9a][0xeb][0xd3]+[0xb5][0xd5][0x8b][0x15]P[0x1b]+/0[0x85][0xe3][0x99]y[0xc1](`B`[0xcf][0xa7][0x94]E[0xd6][0xaf][0xbc][0xad][0xbd]]0[0x5][0xc0][0xb9][0xea][0xe5][0x87][0xa0]w[0xf0][0x9c][0xff][0x9d]#[0xa0]w*[0x97]_[0x19]s[0xb0]V[0xbc]Z[0xbd]rn[0xd7][0x6][0xd7][0xad][0xde][0xea]"[0xb3]W[0xf7]Y[[0xb0][0xb7][0xed][0xf1]E[0xc9]Wa h?[0xf1]@[0xde][0xb6][0xcd][0x1a]%o[0x95][0x81][0xa0][0xfd][0x4][0x4]y[0xdb][0x16]w[0x88]iv[0xb7][0xed][0xa0][0x9b]v[0xc]9[0xfa][0x85][0xb9][0xd0][0xca][0x89][0xac]V[0x92]m[0x9e][0xc8]RN[0x1e][0xa9][0xcd][0xbe]4[0xe6][0xae][0xd2][0xd8][0xf0][0xea][0xca]%05w[0x4]i=[0xee][0x8b][0xc][0xa2]3[0xd2][0xfa][0xd6][0xca]A _[0xef]/[0x1f][0x8][0x87][0x8b]Ti[0xc3][0xfd][0xab][0xd0]l[0xc5]u[0xcd][0xe2]+[0xbb]WX[0xec]*[0xfa]~O-[0xb3][0xcb][0x7][0xc8])[0xd2][0xb5][0xa5]e[0xb4][0xc7]Hn[0x5][0xea]+[0xa1]y1[0xcd][0xac]$lB4[0xe9]#V[0xda]t[0x12]+v/q9c[0x81] [0xe7][0xa6][0xc9][0x88]b|s[0xef][0xf8][0x98][0xc5]T|[0x84][0x84][0xbc][0xcb][0xae][0xfc]`f^'!x[0xa3]$[0x95]<I_S]~k|[0xf1][0xb0][0xf6][0xe4][0xab]:[0x16]@[0xf4][0x1c][0x81][0x82][0xb8][0x11][0xea][0xb8]8[0x80],[0xa3][0xe2][0x7][0xe2][0x4]+[0xb7][0x9c][0x14]>w28c[0x81]=[0x9]K`[0x90][0xc1][0xe][0x8e][0xc0]p[0x9a][0x97]5[0x14][0xac][0x4][0xd4][0x8e][0xa4][0xfd]&f[0xfb][0xb5]x.U[0x8e][0xe7]<[0xb1][0xf3][0xb8][0xdd][0xa4]i[0xcc][0xb0][0xbe][0x85][0x18][0xb9][0xf5]D[0xb8][0xf1][0xa4]1[0x82][0x18][0xbf]R[0xde][[0xf6][0xc4][0xcf][0xe7][0x92][0xb5][0xa6]q[0xa4]0,,[0x85][0xeb][0xd7][0x1a]#H[0xcf][0xbd]x[0xd3][0xcf][0xf5][0x8]7[0xbf][0xaf][0xc9][0xff]2%O[0x8c]Y[0xb2]l[0xb]e[0x96][0x10]Y4|[0x9b]A[0xbe][0xac][0xb5][0x88]x[0x13]7@y"][0xd6][0x4][0x84]m[0xf7]D5F[0xb4][0x8]<[0x8a]i[0xaf]<[0xd1][0xf5][0xbc]V[0xae]i[0xf4][0x8][0x4][0xb]A[0xfb]}s[0x8d]1L[0xb6]H[0xc9]d[0xfb][0x84]L[\n]"
2020-11-26 10:40:51 DEBUG wire:72 - http-outgoing-0 << "h[0x92][0xa3]G[0xcd][0xe0]7[0xa1][0xe5][0xb2][0xaa]Vju[0xc0]Y[0x16]Y[0xbf]T[0x3][0x9e]xB][0x1]S[0x97][0xd4]'[0xd5][0xf9][0x17][0xa0]a[0xcc]D[0xb3]M[0xd0]8[0x1d][0x7][0xe5][0xd5][0xf2]d[0xcb][0xb6][0xdd][0x83]BV[0xe8][0x80]x[0xa8][0xaa][0x19]lI2[0x93][0x16]q%u[0xda]F[0x97][0xd4][0x16]0[0xb6]g}[0xde][0x91]([0x6]G[0xc4][0xe4]*[0xcd]tBOk[0xad]S[0x9c][0x9e]+k[0xbb][0x1b][0xb4][0xba][0xc8]:B[0xea][0x19][0xd2][0xb]G[0xfa][0x99]f:2[0x95][0x86]5Jn[0xbc][0xc5][0x9e][0x90]simw[0x84][0xd4][0x16][0xfb][0xe1]w[0x8c][0xad][0x9]][0x8][0x2]P[0x87])[0xd0]j'[0x9a][0xc8]O[0xed]'[0xb5]S[0xe2]Px%[0xa8][0xf6][0xc6][0xbf][0x95][0xab]s[0xc4]c[0x19][0xf5][0x17][0xf9][0xbc][0x1b][0x88][0xef][0x8d]Ot[0x9a][0xd7][0xfa][0x94][0x8b][0x99]![0x9e][0xb8]"[0x9e][0xcf]j[0xb9]q[0xf1]h[0x15][0xf9][0x14]L[0xaa][0xc0][0xbe][0xe3]r[0xf][0xab][0xa3][0x97][0x93]IU[0xd7][0x87]8[0xec]T[0xbc][0x14][0xb7].[\n]"
2020-11-26 10:40:51 DEBUG wire:72 - http-outgoing-0 << "z[0xb7]S~[0x87]EDt[0x5]0[0x84][0x85][0xbe]7[0xaf][0x5][0xa2]Q&[0xdb][0xe]w[0xd1][0xdf][0xc][0xab][0xce][0x8e]w[0xe8]B[0xa2][0xa3][0xfe][\n]"
2020-11-26 10:40:51 DEBUG wire:72 - http-outgoing-0 << ""[0xc9][0x4][0x8d][0x90]M[0xe3][0xb4][0x8b][0x8c]AgG[0x7][0x7][0x8c][0x87]f&[0xca][0xea]>U[0xda])[0x1d]BcnH[0xa6]6[0x9c][0xdc]#[0x99]&[0xda][0x90]l[0xb7][0x9e][0xe0][0x15]3[0x8e][0x86][0xac][0xc4][0xff][0xf0][0x90][0xda][0x6]C[0xb2][0x8b]I[0x0]o[0xcb][0xda][0x10][0xbf][0x88][0x0][0xbe][0x9a]zu[0xc8][0x96][0xda][0x1f]^$[0x87]h"~[0xf8]hj[0x8e]![0xb9][0x81][0x8][0xc7]jTB[0xf][0xc9][0xa2][0xb0][0x84][0xe7]D2[\r][0xc9]>i[0xe8][0xa1][0x10][0x95]5C[0xb2]_[0xa6])([0xc6]f[0xf2][0x90]_[0x9a]w$[0x8e]9[[0x86]<[0xb3][0xae][0xcb][0x87][0xcd][0x1]`[0xbf][0xcc][0x81][0xa3][0x83][0xf1][0xa1][0x9a][0xe9]$[0x1f]z[\n]"
2020-11-26 10:40:51 DEBUG wire:72 - http-outgoing-0 << "[0xf1][0xa2][0xc5]$8X[0x19]5[0x7]C[0x5][0x8f][0x3][0xf0]i[0xbc][0x94][0xe6][0x17]G[0xc1][0xb2][0xb0][0x13][0xb][0xec][0xdd][0x19][0x1a][0x96][0xf6][0xee][0x80][0xb7][0xf0][0xab][0xbb][[0xb8][0x8b]*[0xa5]f[0xd4][0x92]J[[0xf8][0xc] |[0xb6][0xf7][0xf3][0xcf][0xcd][0x97][0x87][0xcd][0xf]E[0xb5]T.24[0x1c][0xdc][0xe7]@[0xf2][0x13][0xbc]![0x8b]|[0xb2][0xda][0x0]$$[0x82][0x5][0x1e][0xa0][0x97]4VR[0xc0][0xc1][0xce][0x8d][0xf1]BA[0xcd][0xa5]:%|*wc[0x9d]nY[0xe0][0xd3].[0xc9][0xba][0x17][0xeb][0xb0][0x85][0x8b][0xc0][0xba]x"[0xe][0xa7][0x1][0x8d][0xcb][0x81]i[0xa0][0xab]E-[0x9e][0xd1][0xa6][0xd4][0xf7][0x8b][0xc5][0xf8][0xa4]u[0xcb][0x96]6[0xd6])[0x95][0x18][0xc9][0xf0][0xd8]aH[0xb2][0x90][0x8a]g[0xd4]b[0xa9]S[0xc6][0x83][0xf4][0xf3]_V[0x1f]_6N<\?[0xf6][0x90]f[0xd8]1.[0xcc][0xa2]K[0xff][0xe4][0xf9][0xfa][0x95][0xf9][0xff][0x93]-[0xec]([0xd5][0x9c][0xf4]2g`@[0x8d]'[0xd3][0x9d][0xa5][0x1e][0xc9]ezn[0xd3][0xf][0x82][0xc0][0x80][0xb7]iM[0xf][0xa0][0xe3]Bx[0xb5][\r][0x4][0x89]*u[0xc0][0xd2][0xae]c[0xc8]r>@WHa[0xea][0xda][0xd8][0xd9]a[0xdc][0xfb][0xa1]C[0xa0]0%[0xc][0xc]/[0x90][0xe6][0xb3][0xe][0x9c][0xd2][0x1d]=[0x1d]tj[0xc2][0x7]6q[0xe1]S[0x12][0xfe]3[0x86][0xee][0xf8]|X[0xa8]n[0x8a][0x3][0x17]N[0x14][0x8a][0x1d][0xb6]>&[0x8a]j|[0xdf][0xb0][0x3][0xe9][0xd2][0xc1][0xbc][0x1f][0xd2]B[0x1c][0xcd]F[0x91][0x87]ot[0xee]oI70$[0xc1][0xaf]#[0x8e]X[0x8e][0xcd][0xeb]LO[0x87])[0xb7][0xa2]_[0xb8][0xf7][0xea][0xcb]T[0xa6][0xf3][0xcb][0xde]![0x9c]F[0xa4][0xbd][0x0]CS[0xb2][0xbd][0xb6]u[0xd8]uT[0x9a]D[0xdf])([\n]"
2020-11-26 10:40:51 DEBUG wire:72 - http-outgoing-0 << "[0x18]8oJ[\n]"
2020-11-26 10:40:51 DEBUG wire:72 - http-outgoing-0 << "[0xc1][0x18]w[0x11][0x14][0xf6][0xce]7[0xa2][0x83][0xae]Ml[0x88][0xc]\[0xd6][0xfb][0x10][0x82][0x97][0xd9]|R[0xd8][0xc][0xb3][0x86][0xc4][0x10][0xf0].k>[0x8][0x97][0xb5][0xcd][0xc7][0x94].[0xf8]7>^[0xb8][0x13][0xb8][0xa1][0x11][0xa3][0xba][0xde][0xa7][0xf7][0xb4][0xc0][0xe6]S[0xc0]Z[0xd0][0xb4]2P[0xa6][\r][0xe4][0x83][0xb0]Yd[0xf3]Q[0x16][0x97][0xee][0x1b][0x1e]:[0xb2]a[0xb7][0xa1][0xa1]cB[0xd2][0x87][0x14][0xae][\n]"
2020-11-26 10:40:51 DEBUG wire:72 - http-outgoing-0 << "m3(!,[0xe2]Z[0x19]=&[0xe4][0xfd][0x84][0x3]S[0x3][0x9b]/[0x1a],[0xff]e+[0x18]S[0xfd][0xe4][0x83]0S`[0x9b][0x8e][0xaf][0xe5][0xce][0xdc]0[0xa7][0xe1][0xa6][0xe0][0x86][0x18][0x8d],[0x1a]|h@[0xde]o>[0x9][0xb8][0xdf][0xa6][0x95][0x1]3[0x17]R>[0xe8][0x9a]E6[0x1f]c[0xd1];[0xda][\n]"
2020-11-26 10:40:51 DEBUG wire:72 - http-outgoing-0 << "[0xd2][0xa6]i[0xe3][0x83][0xb4][0xbb][0xf5][0xb3][0x19]H[0x8b][[0xf][0x1b][0xe6][0xb5][0xd2][0x6][0xd5]Q[0xd2][0xcf][0x82][0xda][0x2][0xdb][0xa9][0xd5][0x91]B[0xb3][0xd5][0x7]Eb[0xd5]n:[0x96][0xe6][0xb6]U[0xfb][0xa3][0xc3][0x97][0x8b][0xbc][0xa6]s[0xcd]:[0xcc][0x17][0x92][0xe][0xef][0xce][0xb6][0xac][\n]"
2020-11-26 10:40:51 DEBUG wire:72 - http-outgoing-0 << "[0x92](5$[0x93][0xa3][0x1e][0xa6][0xff][0xe6][0x9f][0xd3][0xd3][0xf0][0xf][0x9d]2C[0xee][0xb][0xce][0xce].[0xb3]h[[0xfe][0xa1]F[0xe]"2$[0xf8][0xc8]6[0x18][0xb8][0xb5]j[0xf7][0x14]ms.FE"[0xe1]U[0xd4][0xce]][0xdf][0xfa][0xab][0xae][0xeb]K[0x85][0xeb]o[0xad][0xb6][0x8]L?[0x1c][0xb6][0x8][0x8a][0xf5][0xc7][0xe2][0xa5][0xf4]h[0x1]~[0x88]'[0xa1]p[0x8b][0xdb][0xfb][0xb2]l[0xac][0xe6]<[0xe1][0xe4]D[0xce][0xa5][0x8c][0xf3][0xa8]U[0xb8][0x9d]J[0x8a][0xb3][0x83][0x9c]o\+[0xd3][0xbd]c[0xbf][0xae][0xa0][0x10][0xe8]b[0xb9]mt[0xd7][0x8e][0xb9]6[0x87]ib[0xf0][0x83]-O[0xc][0xc9][0x8e][0xc2]\Q[0xf6][0xec]([0xce][0x93]_[0x7][0x0][0xa6]y;w+[0xc7][0xc2]H=[0xa4][0x3][0x8f][0x1][0xf0]?l%[0xee][0xee];[0xf7][0xd1][0x9],[0x9]`[0x95][0x8a][0xf9][0xc][0xdd]@'[0x9f]X[0x9a]XY"[0x87])1[0xb8]=[0xb4][0xdd][0xda]T[0xd7][0xf3][0xe5]bR5[0x8b][0xd0][\r]r[0x2])[0x98]-X[0xe1][0xfe];[0xf2][0xc4][0xaf]L[0xe6][0x1][0x94][0xb3][0x1c][0xd5]j6[0xa1][0xa6]|[0x1b][0x8][0xd2][0xaa][0xdc][0x1d]L[0x80]{:[0x84]y[\n]"
2020-11-26 10:40:51 DEBUG wire:72 - http-outgoing-0 << "&$[0xfd][0xfa][0xfd][0xab][0xeb]w\{[0xf3][0xb6]z[0xf9]![0xbb][0xe1]A[0xcc]zU[0x97][0xe2][0x89][0xee]oOLM[0xec][0xcf][0xd2]Nw[0xf0]+5[0xd4][0x4],^K[0x81][0xfe]l>_[0xa4][0xc9][0xa4]y5=H[0x9e][0xee][0xc9]i%[0xcc]K[0x14]'[0xd2]`OjgB[0x19][0x83][0x9e][0xf4][0x87]z[0xfb][0x94][0xa8][0xda][0x1b][0xe][0xab][0x3][0xbd][0x83][0xe1][0xfe][0xb1][0xde][0xc1][0xb1][0xc4]@*[0x11]M%[0xa3][0x91][0xe4]{x[0xc4][0x13]e[0xdb][0xce][0xb1]xFW[0xdf]3/_[0xdb][0xf9][0xff][0xb4][0xfb]/[0x1d]R\[0x9f][0xcc][0x1][0x16][0xe4]W[0xc7][0x88][0xc0][[0xa4]{[0xbb]?[0xf9][0x84][0xdf][[0x91][0xdb]GS[0x9][0x91][0xe8][0x2]=[0xad][0x92][0xb][0xe0][0xac][0xd4]^I]7[0x93][0xb][0xe1][0xe7][0xe0][0xd4]D[0x0]~[0xed]B[0x16][0x9][0xf5]G[0xc2]22[0x1]R[0x87][0x9d]^[0xc]LM[0x1c][0xa2]i@[0xcc]S[0x97][0xf0][0x4]f[0xcf]D:U[0xd0][0x92][0x11]2[\[0xce]I[0xe3]c[0x96]=[0xa4][0x17][0xf][0x80]K[0xd0][0xb2][0x98][0xc3])[0x9e]+[0x91]w[0xf4][0xf0]eXqy[0xc5]S[0xfb][0xc][0xe2][0x1f][0xf2][0xc8]<[0xbb][0xdb][0xe7]R[0xdc]~[0x8e][0x1c][0x9e][0x98]8[0xe2][0x19]O[[0x1]z[0xc6][0xd6][0x82]G[0xb2]_[0xd0][\n]"
2020-11-26 10:40:51 DEBUG wire:72 - http-outgoing-0 << "[0xd6]iM[^([0xf3]v[0xe9][0x3][0x1]=[0x9f][0xa6][0x9][0xb5][0x92]Zir[0xaf][0x9e][0xcf][0xed][0xd2][0xd4][0x9d][0xe5][0xd2]X[0xef][0x80]l[0x1b][0xc][0xfe][0x9][0xe0][0xa2][0x8e]E.[0xd7][\n]"
2020-11-26 10:40:51 DEBUG wire:86 - http-outgoing-0 << "[0xa0]I[0xa9]@[0xdf][\r][0xb5]?[0xf9][0xcb]grR+[0xc8]D[0xe3][0x6][0x83][0xe1]p$[0x10][0x8d][0x6][0x6][0x7][0x3][0xe1]XT[0xa2]w[0xa3][0xd0][0x17][0xb1][0xfe]@XQ[0x2][0xb1]h <0 [0x19][0xaf][0xde][0x1a]/[0xbf][0xa4]o[0xa2][0xa1][0x80][0x12][0xea][0xb][0x84][0xa3][0x83][0x81][0x81][0x88][0x84]a[0x89]?[0xbe]do[0x2][0xe1][0xf0][0x0]T[0x1b] [0xd0]*/[0x9f][0x19][0xb]?[0xac]-=[0xae]>_$[0xef][0x15]|[0x9]`[0xa1][0xc1][0x88][0xf9][0xda]xr[0xae][0xb2]|[0x81][0xbf]V[0x6][0x3][0xfd][0xb1]"
2020-11-26 10:40:51 DEBUG wire:72 - http-outgoing-0 << "@8[0x14][0x91][0xd6][0x8f]]4[[0x8c][\r][0x4]b}[0x81][0xbe][0x80][0x12][0x9]I[0x95][0x1f]g[0x8d][0xf3][0xd7][0x18][0xee]J@[0xe9][0xf]([0x0].[0x1c][0x8b]H`"[0xd5][0x8e][0xde]co[0xc2][0x1][0xc0]r0[0x10][0x1][0xcc]/[0xcd][0x18]O/WV[0x1e][0xb2]nE[0x2][0x91][0x80][0x12][0x1e][0xc]D[0x15][0x9][0x0][0x99][0xdd]U[0xa0][0xab]J[0x14]3z[0x85][0xa5][0xf5]+o+[0xcf]o[0xb0][0xc7]P8[0x16][0xb]D#[0x81]0[0xc0][0xaa]<[0xbe]_yvz[0xfd][0xd4][0xc5][0xda][0x97][0xe7]+KO[0xea][0x8a]Dcf[0x91]+o[0x8d][0xdb][0xb3][0xc6][0xfc][0xe3]z(}[0xac][0x8][0xdf]J[0xa0]x[0x85][0xc2]@[0xd4](t[0x91][0x10]V[0xaa][0xcc]\X?[0xf6][0x86][0xf][0x11][0xbe]"([0xaf][0x9f]:o,[0x9f][0xa4][0xcf][0x7][0x10]j[0x8]I[0x1d][0x88][0x85]%c[0xf6][0xfe][0xfa][0xb5][0x87]x[0xa1][0xf4][0x9d][0xbb][0xe4]}[0x1f][0xbc][0xea][0xb][0x0][0xb9][0x81]h[0xcf]g[0xd6][0xaf][0xff]@3[0xa8][0xc3];0[0x4]L[0xce][0xd8][0xb9]S[0x92][0xed]C-cn8[0xdb]k[0xdb]x[0xbb][0xbc][0x16][0x7][0xbd][0xee][0xb5]m[0xcc]][0xdf][0xf2]![0xaf]{+[0x8c]{}[0xb3][0xb6][0xc1]wy[0xcd]9[0xa0][0xfe][0x9d][0xc0][0x3][0xf5][0x18]Y[0x8c][0xe0][0xf2]N[0xe4][0x6][0xdf][0xd7][0xd1][0x98][0xed][0xbe]z[0xac][0xec][0x1c][0xe0][0xd2]#[0x8b][\r][0xea]_[0xda]x[0xa1][0xee][0xb5][0xc5][\n]"
2020-11-26 10:40:51 DEBUG wire:72 - http-outgoing-0 << "2[0xb5]0[0xc8]"[0x86][0xea][0x97][0xae]@[0xbc]T*v[0xca] r[0xe4][0x1e][0x99][0xed]H[0xc0][0xfb]D>5[0x9]/[0xc1]([0x91]iDY[0x8f][0x1c][0xb0]E[0x98][0xf5]8[0xad][0x16][0xb6][0xb]BSe[0x1a]'O[0xac][0x1f]{H[0xc3][0xcf]0,[0xef][0xd9]\[0xed][0xf2][0x1b][0x6][0x9d][0xda]*[0x87]UP4[0xa4][0xa6][0xae][0x96]>[0xd5][0xb2]j[0xbe]\[0xaa][0xb3][0x84][0xd0]x[0xda][0xaf]e[0xf3][0xa3]S[0x13]v[0xab][0xec]p[0xf][0xf4]7[0x14][0xe2][0xe8][0x9a]:A[0xe9]1?[0x11][0x93][0x13][0xcf][0xc8][0xbb][0x2][0x15][\n]"
2020-11-26 10:40:51 DEBUG wire:72 - http-outgoing-0 << "[0xd9][0xa0]6(+[0xd8]\[0xcc][0xe2]j[0x9b]\[0xd8]-=[0xb5][0x8f][0x80][0xdc][\r]:[0xfd][0x83][0xfc][0x84]i[0xcd][0xf9][0x10][0x84]T[0xc3][0xe2][0xbb][0x89][0xe5]hZ}=[0x8a]I[0xb][0x1]-[0x1f]0d[0xeb][0xb][0xde][0xe1][0x1a],W[0xce]d[0x86][0xf9]SBm[0xb4]1[\n]"
2020-11-26 10:40:51 DEBUG wire:72 - http-outgoing-0 << "[0xe5][0x82]{:[0xc6][0xf]&[0xf7][0xa4]:;[0xc4]r[0xe6]n[0xb0][0xf8],@tZ[0x0][0xf3]{ [0xf3][0xc3]X[0x15]&[0xe4]a[0x93][0xa6][0xad][0x93][0xcb][0x8f]^>[\r][0xa3]]#{[0x97][0xa2][0x89]k[0xb0]`oL[0xc0][0xd0]w[0x4][0xdc][0x87][0x80]R[0xf][0x8c][0x7][0x0][0x86][0xb0][0xcc][0xa7]&[0x95][0x1][0xe2][0x1e][0xcc]%[0x81][0xeb][0xad]z[0x90][0xdb][0xa0]b[0xf7]N[0x85][0xd7]B[0x19][\r][0x8f]Fz[0x95]P[0xd7]![0x12]%[0xca]+[0x13][0x80]f[\n]"
2020-11-26 10:40:51 DEBUG wire:72 - http-outgoing-0 << "[0xbc][0x6][0xbd]B[0xa8][0xb2][0xd5]+[0xe0][0x93]0_0X,c[0xf2][0xc][0xbc][0x8d][0x99][0xcf][0x1a][0xf0][0xce][0xd6]p[0x89]5X[0x14][0x15][0x8a][0xcb]a[[0xd6]K[0xf3][0xd6][0xed][0xf3]G[0x8c]o[0x1e][0xd0]`^*e[0xc0][0x2][0x95][0xe0][0xa5][0xb0]([0x1][0x99]ALq[0x16]?[0xb][0xd6][0xa9][0xf9]&[0xa3][0x8d][0x9a][0xf1][0xea]<[0xe][0xc5]2[0xa4][0x87][0x86]=bj[0xcd][0xa5][\r][0x8b]?[0x85]n$[0xe2][0xa9]q[0x15][0x8d]03[0x80][0x9b][0xa6][0xa7]0kcX[0xb6].[0x8f][0xd0][0xbc][0xc0],[0xda][0x98][0x95]+8"t[0xb]#[0xdb][0xd8]Z"[0xce]V[0x12],([0xdc][0x8e]v[0xfb]h[0xb7][0x80][0x19][0xb9][0x18][0xa7][0xf6][0xe4][0x8a]q[0xe1]{;f[0x94][0xe5]|[0xf0][0x1b][0xf8]%[0xf0][0xa3]I[0xeb][0xd7]^_[0xaf][0x1c][0xbb][0xd3]"~[0x83][0xbf][0x8][0xfd][0x9e]>[[[0xba]Y[0xbb][0xfa][0xa8][0xf6][0xe3][0xf1][0x16][0xf1][0x8b]:[0xf1]k[0xfa]R[0xb]gXT[0xeb]T[0xfd][0xee][0xac]q[0xfe][0x7]z[0xf9]Ec[0xac][0xc9][\r][0x1]6[0xd4]c[0x12][0xfc][0x18]O[0xc9]V[0xf6]mZ[0xa8]![0x6][0x8e][0xf2]$R[0xab][0xf6][0xe4][0x96]53[0x1c][0x5]pe-d[0xf8]f[0x95][0xa2]!X[0xe1][0x86][0x7]`[0xc1][0x87][0xe9]`[0xea]*[0x5][0xc5]Z[0xec][0x11][0xf4][0x85]=1[0x83][0xec]E[0xf1][0x1][0xbd][0xe9][0xa3][0xa1][0xf9][0x98][0xa2][0x89][0x12][0xd4][0x8d]m[0xe][0xe4][0xb5]T'[0x88]*s[0xe4][0x9a][0xa3]8[0xc6][0xe9][0xbe][0xbd]l[0xcc][0xb9]~[0xf7]'[0xb0][0x94]8[0xc1][0xd9][0xfc][0xb7][0x1c][0x9]M[0xc5][0xc9][0xe1][0x2]z[0xff][0xde][0xb1]DZ[0xbc]*,955[0x11]O[0xd5]q[0x6][0xf7][0xbb][0xb0]U4[0xc][0x98]=9[0xaf]W[0xae]o[0xd2][0x88][0x6][0x8d]LY[0x91][0x9a][0x4][![0xe3][0xb4]@?f[0xb7]I[0xb6][0xc9]d[0x1e];`[0x8b][0xea][0x8][0xe6][0xb2][0xb2]2O[0xf5]5[0x91]p[0xd6][0x9e]p[0x8d][0xe6][0xe7]e[0x8b]}L[0x1d]J[0x13][0xd1][0xd9]s[0xf4][0xe2][0x9f][0xba]Tr[0xf6][0xa5][0xbb]=[0xf9]l/f[0xd8]"I[0xc2]H[0xfe][0xd9][0xc8]`O[0xdf]`Ox0[0xd2][0x3]Vv[0x97][0x89][0x10](-[0x92]3[0xd0]%;[0x1e]yG[0x90][0xe2]/[0xb1]k2g1F[0x5]1E[0x98]d&([0x1d][0xf0][0xa5][0x88][0x12][0xee]S[0xc7][0xa2]$Y`[0x87][0xdf]`[0x91][0xde][0xc3][0xb0][0x86]q[0xa8]:[0xc4][0xdc][0x81]4[0xa7][0x15][0xcd]<[0xe9][0xd5][0x15][0x8a][0xad][0xc5][0x84][0xf5]8[0x93][0xde]q[0xa4][0x95]H[0xbf][0x1f][0xd6]Mc[0xab][0xd4]a[0xb][0xeb]4[0x1c][0xb][0x84]([0xe6][0xed][0xea][0x13]3;[0xc6][0xf0][0xaf]=[0x15][0x1d]A[0xc1][0x9e][0xeb]1L;[0x85]'[0xee]g.[0xae][0xad]|O[0xf5][0xef][0xda][0xf2]7[0xb5][0xa7]3?[0xbf]>[0xc2]Y[0xd8][0x9e]<[0x9d]91[0xf7][0x12]_[0xd5]^[0xdd][0xdf][0xe1][0x92][0xcb][0x1f]D[0xf3][0xc][0x8d]j[0xf5][0xa0][0xf4]!f8[0xee]B[0x9b][0x8]M)j(b[0xa9],[0xf4]#]W[0xe6]?[0xf1]igWw[0xd8],[0x96][0x8a]O[0xd6][0x15][0xa2][0x9f]x[0x89][0x92][0xe]s[0xbb][0xe4]lR[0xc6][0x89][0x1a][0xc4]4[0xf4][0xb4][0xa5]nI&[0xdf][0x10] |[0x96]d[0xf2]3[0x1c][0x19][0x82]u[0xb5][0xb]zj.[0xd5][0x1e]DE[0x19][\n]"
2020-11-26 10:40:51 DEBUG wire:72 - http-outgoing-0 << "[0xd5]A$[0xbe][0x88]w;[0xf][0xc2][0x8][0xe7][0xf][0xc2]b[0x8b]$[0x96]u[0xda][0x94][0xc1] 6|[0xf0]O$[0x18][0xcf]^[0xf4][0xd3]|[0x81][0x99][0xd8][0xc1] [0x18][0xc5][0x7][0xff]42[0x8]v![0xd4][\n]"
2020-11-26 10:40:51 DEBUG wire:72 - http-outgoing-0 << "[0x6][0xa9][0x99][0xcc]h>[0xc2][0xd0][0xe6][0xaf][0xc4][0xa5][D\[0xba][0x91][0xb7]d[0xf5])[0x9][0xd5][0x5]Z[0xb6][0x2][0xa2][0xc9][0xa2][0x14][[\r][0xaf][\n]"
2020-11-26 10:40:51 DEBUG wire:72 - http-outgoing-0 << "[0xa4] [0xa1][0x9a][0xb9]#[0xe2]m[0x8b]{-[0x8f][0xc5][0xd5]qk[0x8b]c[0xcf][0xb5]q[0xdd][0xd2][0xd8]seL6t[0xe0]_[0x6][0x16][0x5]E[0xbc][0xaf][0x81]_[0xcc][0xa0][0xc3]:&I[0x2]N[0x81][0xf0][0xf4]5[0x85][0xa5][0x8d]I[0xec]{[0x80]H[0x82][0xbf][0x8e]u[0xca][0xbb][0xe4].[0xe9][0xf][0xb0][0x96][\n]"
2020-11-26 10:40:51 DEBUG wire:72 - http-outgoing-0 << "[0x9b][0xf1][0x8c][0xc8]" [0xaa])@,[0x8a][0xa9]{[0xf7][0x8][0xc5][0xe9][0xf2]Bl[0x16]K[0x81][0x8a][0xd4]KE[0x10][0x3][0x9d]P[0xb9][0x87][0xd7]%[0x81][0x9c][0xac]J0[0x8]jZ[0xcf][0xc3]B$[0x93][0x1f]7[0x11][0xb3][0x96][0xc4][0xf4][0x1][0xbd][0x19][0xc0][0x6][0xb4][0x93][0xad][0xa6][0xc8][0xf0]b[0xc9]8[\r][0xae][0x5][0xd2][0xc4][0x81]$B|-[0xc6][0xd6]j;C[0xc3][0xda][0xe],2[0xac][0xf1][0xb0]ZR[0x8b][0xe2][0xcb]j[0xa9][0xfb];5[0xd3])[0x83][0x9a]_vE[0x12][0xeb][0xd0][0x8d]3 %[0x5][0x0][0xb]([0xbb]1[0xfb][0xf7][0xbf]Kno[0xb8][0xbd][0xd2][0xa0][0x80][0xcc][0x83][0xd7]=[0x10][0xeb][0x89][t[0xb2][0xbc]9[0x1c]#k([0xdf][0xe1]Ci[0xae]w[0x89][0xff][0xe1]`[0x1e]z[0x1d][0xaf][0x1b][0xc9]w[0xac][0xb0]X|[0x99]6[0xb]Y[0x3][0x9]5{[0xe2]u[0xa3]H[0x8b][0xd7][0x97][0xe][0xf5]@y1[0x8e]7[0xee][0xc1]g|1[0xee][0xdb][0xe1]n[0xf9]][0xb9][0x9b][0xb3]D7A[0xd1][\n]"
2020-11-26 10:40:51 DEBUG wire:72 - http-outgoing-0 << "[0xb3][0x17][0xc8][0xd0][0x10][0xce].[0x1f]8l[0x91].[0x82][0xdb]d[0xcc]7[0x8e]s[0x1d][0xb6][0x94][0x13][0xcc][0x19]q[0x98][0x88][0x1][0xe7]f[0x91][0x12][\n]"
2020-11-26 10:40:51 DEBUG wire:72 - http-outgoing-0 << "[0xf][0x86][0xfa][0x94][0xb0]m[0x1f]l[0xc4]y[0x15][0x7][0xe6][0xff]D[0x1e]I[0xd8][0xbc][0xb][0xf6][0xab]H:[0xd8]n[0x19][0xbd][0x8a][0x84][0x96][0x7][0xcc]>[0xb6].[0x8a][0xa1][0x9a][0xa4][0xfe]b[0x98][0x0]X~[0x1a][0x0][0x18][0xea] [0xf7][0x88][0xd0][0xea]([0x83]l[0xd5]aV[0xd0]}[0xb7][0xe][0x86]Q[0xa2][0xc0]n;[0xe1][0xdb]qSS[0x81]D[\n]"
2020-11-26 10:40:51 DEBUG wire:72 - http-outgoing-0 << "os[0xd1][0x92][0xf4][0xfa][\n]"
2020-11-26 10:40:51 DEBUG wire:72 - http-outgoing-0 << "-[0xb7][0x8f][0x1e][0xa8][0x8][0x16][0xca]z[0x1a][0xec][0x85][0xe][0x2][0xfd]0[0xfe]`dv[0xc2][0xc1]-[0x1e],;[0x5]k:[0xfc]?.\[0xa0]R[0xf][0xa4][0xad][0x8b]RhE[0xef][0x9b]R[0x12][0x5][0xcf][0xdb]"[0xed]V[0x10][0xde][0xeb][0x97][0x9c][0x1a]?[0x88][0xe6][0xd0][0xde][0xfd]e[0xb5]8[0x19][0xf8][0xa4]\P[0x8b][0x9f]d@[0xfa][0x7][0x94]@[0x18][0xfe][0xbb][0xdb]H[0xde][0x0][0xc6]2ZA[0x7][0x83][0xd4][0xdb][0xb8][0xda][0xc6][0xc][0x13][0x18][0x1d][0xa7][0xcf][0x92]=.j[0xc9]r[0xa6][0x9c][0xa5][0xde][0xb7]p[0xfd][0xb].[0x96][0x3][0xd6]3[0x92]z[0x98][0xa4]R[0xb5][0x89]j([0xf0][0xc7]\'[0xd7][0x9c][0xb0].[0x18][0xb5][0xea]xiM[0xbb][0x87][0xce][0xc4][0xd3]]o[\n]"
2020-11-26 10:40:51 DEBUG wire:72 - http-outgoing-0 << "[\r][0x98][\n]"
2020-11-26 10:40:51 DEBUG wire:72 - http-outgoing-0 << "[0xde][0x7]1[0xd7][0x0][0x1]3:[0x0][0xcc][0xdb][0xdd][0xb8][0xd6][0xea][0x94][0xa1]6jk-[0x1][0x1c]8[0xae][0x83][0xad]XT[0xb3][0x80][0xa8][0xf8]v[0x98]5n[0xa3][0x95][0x9][0x89][0xc8][0x94]N[0xc1][0x9b]na[0x3][0xcb][0x5][0x8e][\r]H[0x5][0x1b][0x4][0xd3]@[0x10][[0x16][0xc][0x19][0x7]$~u[0xc1]hF[0xd3]K[0xae][0xe0]l=2[0x8b][0xf9]t[0x8b][0x15][0x11][0x89][0xc9][0xcf][0x98]0B[0x9b]Do[0xc6][0x11][0xb]"[0xd6][0x86][0xd0][0x88][0x8d][0x85]P[0xd0]:[0x9]h[0xe6]![0xae]'[0x9a],[0xf4][0xa6][0xcb][0xad][0x8c]8[0xcc][\r]([0xd1][0xd4][0xd8]n[0xe2][0xc0][0xfd][0xb2]#[0xe7]`[0xcb][0xee]n[0xe6][0x2][0x16]=[0xc0]dh[0x83]A[0x89]][0xe9][0xb8][0xf4][0xbc]r[0xfb][0x12]yB39[0xe0][0x9][0x8a][0xb7][0xc7]p*[0x9][0xa1]X[0x18]E%[0x91][[0xe4][0xf0][0xca][0xf1]d&>5[0x5]+~[0xee]4[0xd1][0xd9][0x1b][0x9d][0x8]/[0xdc]V[0xa7][0xb1]T$[0xca]aH"[0x81][0x10][0xe4][0x1][0xc6]/[0x0][0xa0][0xff][0xe8]SZ[0xc0][0xc][0xb4][0xb2]N[0xe3][0x98][0x10][0xad][0x88]+[0xd1]V[0xb3][0xbd]u[0xb1][0xe5][0xc4][0xf7],|6[0xae][0x5]>[0xf8]h[0xcf][0xec][0xf9][0xcb][0xbf]wq3[0x11][0x8a][0xed]K[0xa0][0x9b]\[0x1e][0x16][0x9f]Q[0xd9]f[0x83]![0x1e][0xec]b[0xa5][0xb0][0xf][0xc3]R0H][0x93][0xd5][0xb9][0xc7][0xb5][0xb7][0xd7]1[0xe9][0xe4][0xed][0xe5][0xea]][0xbc][0xa4]Z,[0x1b]/[0xe2]<[0x81][0x9f][0xf4][0xc][0x17]T"nvL^w[0xe5]iu[0xe5][0xb8][0xa3][0xac]B[0xb][0x8f][0xa9][0xb9][0x9]-[0x9e][0xc7][0xe2]d[0x13][0xda][0xab]8[0xc7][0x17]>[0xd7]a[0x9a][0x89]O[0x2]e[0xf6][0xa9]I[0xfa][0x8][0xcd]f([0x86][0x96]3[0xfe][0xda][0xc1]![0x90][0xaf][0xd6][0xd9]4[0x6][0x1d]s[0x92][0x10][0xfa]`G/[0x1c][0xa7]h[0xf3]mo[0xab][0xdc][0xc4]>[0xdd]A[0xb2][0xcf]d[0xb9][0x9b][0x2][0xff][0xc]![0xde]-[0xcb]fL"[0xa9][0xb3][0xf3]3[0xf3][0xab][0x13][0x10][0xf6][0xfe][0xaf][0x4]P`[0x9f]:[0xa9]w[0xd2][0xa7]][0xb6][0xd2][0xe6][0xc9]:[0xba][0x2]`T3[0xfb].t[0x3][0xe5][0xf][0x83][0xca][0xad]<V[0xfa]3[0xed][0xf3].iD4[0xf5]@[0x9d][0x83]u [0xbe]w5[0xc7][0xb6]Yh[0xea][0xac][0x80][0x83][0xf7][0xf0]mW][0xb7][0xf8]0[0x11]llG[0x5]Y)\1[0xc][0xdb];HX[0x14]{I?[0xec][0xb0]`[0xb1]'B_[0x19][0x4][0xc5]j[0xe5]3Z[0x86][0x7][0x83][0xb2][0x12][0x91]&[0xc6][0x8a]=#[0x0][0xc9]w[0xe5][0xf3][0x0][0xbd]e[0x1e][0xad]![0x1] [0xb2]H7X^[0xb6]#[0xc8][0xf6]e[0x13][0x94]J[0xed][0x94];,x[0x1d][0xf2][0x8][0xff][0x16][0xe9][0xee][0xa0][0xc][0xc5]O[0xc]w[0x98][0xd0]i[0xa0][0x1f][0x93][0x91]C ![0xe5]n[0xc2][0xa5]`[0xa5][0x7][0xf0][0x11][0xbe][0x93][0x2][0x13][0xfb]1[0x91][0xbd] [0x97]i[0xa7]A[0xd3][0xe3][0x1d]4`[0x9f]Q[0xfb][0x9b][0x9c][0xe0]5[0xdb][0xe4]{v|=[0xd6]BCf[0xc],[0xed][0xbc][0x9][0x8a]O4f[0x17]9[0x84];[0xc2][0xeb][\n]"
2020-11-26 10:40:51 DEBUG wire:72 - http-outgoing-0 << "[0x8c][0x1][0x13][0xc2];W[0xe4][0xb1][0xdd]P[0x97][0x14][0xb7][0x2][0x8][0x80]l|[0xe5][0xc6]0or[0xe4]82[0xc2][0xb4]s[\n]"
2020-11-26 10:40:51 DEBUG wire:72 - http-outgoing-0 << "H[0x80][0xd6]U[0xc7]l{)[0xab][0xed][0xdd][0xa1][0x90]_[0x2]w[0xb1][0x2]$[0xde][0xd5][0x12][0x99][0xfc][0xb9]9[0xff][0x1]*r[0xdd]^[0xce]@[0x88][0x81][0xe3]`,[0x9d][0x94][0xfa]H[0xb4][0xcb][0xac][0x19]u[0xbe][\n]"
2020-11-26 10:40:51 DEBUG wire:72 - http-outgoing-0 << "[0xd9][0xe][0xb0][0x9a][0xd8][0xb1][0x89]@[0xa6][0x81]N>[0xd9]N[0xd3]z[0xb7][0xaf][0xe7][0x8b][0x82][0xab]'[0xde][0x93][0x10]#v[0xd9][0xf9]Z[0xf4][0xcb][0xa1]A[0xaf][0xab][0x9d][0xf1]@[0xbe][0xa0][0xe6][0x88][0xd7][0x1d][0xfa][0xab]vI[0xbd][0xe2][0xdb][0x84][0xe3]-[0x8][0xe8][0xca][0xe3][0xaf][0x8d][0xe5]9[0xe][0xd2][\n]"
2020-11-26 10:40:51 DEBUG wire:72 - http-outgoing-0 << "q6{[0xe4][0x8e][0x17]>[0xd1][0x0];X[0xef][0x94]ur[0x6]V[0xc4][0x8b]t[0x9a][0xbd][0x92]d[0xba][0x8d][0x4]jY[0xb6]`s[0x9f][[0xf3]-[0x84][0xbd][0^>[0xaf][0x82][0xa2]Y[0xb9][0xbb][0xb1][0x16][0x14][0xdf][0x16][0x8c][0xd7][0xa8][0x1c][0xc5][0x16][0x9c][0x94]bt`*[0x96]T3u[0xaa]lC[0x87]uG,h[0xea]b[0xd9][0x82]J[0x9c]\[0xe2]x[0xf9]1*[0xeb][0x8c][0xad][0xbc][0xe9][0x9a][\n]"
2020-11-26 10:40:51 DEBUG wire:72 - http-outgoing-0 << "[0xf5][0x84]C[0xc2][0xb8][0x9a]s[0xa1][0x81][0xec]s[0xdd][0xff][0xec][0xe8][0xb6]([0xb4]m[[0x7][0xcd][0xaf][0xc5]%[0xa2]'Zx[0x16][0xb9][0xbb][0x83][0xed]y[0xb9][0xc1]0[C[0xcb][0x1c][[0xb1][0xf5][0xa3][0xa9][0x9a][0x89],[0xd9][0x86] [0xf2][0x99][0xc][0x9b]{[0xad][0x8e]za-[0x1e][0x7]'[0xbf][0x9b][0x13][0xaa]x[0x9d]1[0xd8][0xd5][0xa3][0xfb][0x12][0xd6][0xe1]s[0x19][0x3][0xc]H[0xef][0x91][0xc2][0xdd]2[0xd9]K[0x94][0xed]2[0x9b][0xfe]t[0xfc][0xb0]5[0xe9][0xad]#<b[0xc4][0xeb]C[0xc4][0x11][0xc0](%[0x8][0x97][0xdd]6[0x84][0xf5][0x12]:[0xd3][0x3][0xf1][0x9c][0x96]E[0xaf][0xfe]![0x99][0xee][0x96][0xc8]C![0x12][\r]R[0x1f]s[0xb3][0xa9][0x8d]([0xb1][0x98][0x18]t[0xc2][0x3][0xff][0x99]P5[0x9b][0xb2][0xeb]A[0x17][0xdd]b[0x8a]psQ_[0x1f])o[0xa9]2q][0xeb]:[0xc6][0xc][0x90][0xdf]0[0x13][0xed])7[0xaf][0xda][0x18]H[0xd1].[0xd1][0x5][0xc5]&[0xaa]/[0x85][0xe9]/[0x85])0[0xc5][0xa1][0xc1][0xc8][0xd0]7[0xab][0xc3][0x14]>[0x9][0x15][0x17]-[0xd6]i[[0xac]([0xee][\n]"
2020-11-26 10:40:51 DEBUG wire:72 - http-outgoing-0 << "[0x8b][0xe1][0xa3])[0x96][0xca]R<u[0x96][0xb3][0xbd][0xdf][0x8e][0xd6]r`F[0xe4][0x91][0xb2][0xd9][0x8a][0xab]a#[0x9b][0xa1][0xbb][0x1a]6[0xb2]Q[0xf5][0xa5]4[0xad][0xbf][0x94][0xcd]Q`[0x1e]=jF[0x87]Y[0xb3]a[0x8b][0xb4][0x98][0x7]n[0xff]"[0x8a][0xac][0x8b][0xcd]l[0x9f][0xf5]H[0x13][0xd2][0xce][0xae][0xd4]8[0xc9]=[0xd4][0x9a][0xb5][0xff]u[0xd8][0xdc][0xed][0x15][0x97][0xf1][0x96][0xdf]U[0x14][0xca][0x96]`2e[0xf][0x94][0x7][0xc9][0x3]?w[0x8]5[0xf1][0xbb])|l[0xbe][0x1][0xf7]%[0xb][0xbc]nz[0xc5]B[0xf][0x5]r[0x1f]e[0x93][0x90][0xac][0xbb][0xea]L[0x10][0x1c]%[0xd3]M[0x85][0x4]pQ[0xeb][0xa3]iE[0xca]o[0x8d]G[0x97][0xcc][0xb7][0x8c][0x9f]7[0xd7]O?[\n]"
2020-11-26 10:40:51 DEBUG wire:72 - http-outgoing-0 << "[0xbd][0xd4]i[0xe7][0x9],[0x11][0x11]|[0xe7][0x8f][0xc]/[0xc1][0xdd][0xb0][0xee]n|S[0xeb][0x81][0xce][0xdc][0xf3][0xa1][0xe9][0xa8]g[0xf][0xfe][0xc8][0x9d]h{>[0xec]13H[0x11][0x80][0xdc][0x9f][0xeb]V[0x92]}"io[0xe][0x99][0xc3][0x99][0xc8][0x97]([0xe9][0xd1]h`[0x9][0xab][0x84][0xa4][0xab][0x5]-[0xf9]g[0xec][0xfd][0x8][0xe1]h[0x16][0x95]j;[0xc2][0x89][0xdb][0x88]C[0xd6]%[0xf0][0x5][0xad] D[0xac][0xc4][0xb][0x1a];sI[0xc4] [0x94][0xfb][0xf8][0xaf][0x9f]0[0xcf][0xe0][0xb6][0xb4][0x1a]O[0xa9]E}H:[0xd4][0xb1];[0x9f]+[0x1][0xc5]{?[0x85]R[0x1d]CR[0x7]L[0xac][0x8c]F7[0xa2][0x82][0xe8]l[0x1c][0xc6][0x8c]S[0xa0][0xea]J;[0xff][0xf6][0xe9][0x1f]{[0x7]:[0xe]S[0x8]8[0xd9]>e[0x80]-[0x9f]$y<$[0xfd][0xc7]'[0xfd]K[0x80]nkjc[0x93][0xc][I[0x92]A[0xe0][0x14][0x9]d[0xf4]v[0xc8]P[0x93]5[0xae][0xb3][0xda]P[0x4][0x88][0xaf][0xc5][0x13][0x19]U[0x87][0xd7]Le[0xc8][0x9a][0xfe]q[0x19][0x86]TO[0xcb]x'wYeGIeN_x[0xce]?3@[0x87]9D[0xb2]}[0x83][0x8d][0x91][0xf][0x92][0xd9]d[0xe7][0xbb][0xbc][0xca][0x90][0x4]C$[0xbd][0xcb][0x9b][0x19][0x92]>[0xc8][0xc3][0x9a]>[0x9e][0x83][0x87]8dC[0xd2]'[0xa4]/][0xd2]!I*p[0x0]hH[0xc]I[0xff]#[0xe3][0xae][0xf0][0xdf][\n]"
2020-11-26 10:40:51 DEBUG wire:72 - http-outgoing-0 << "(C[0x87]R[0xaa][0x9e][0xfc][0x1f][0xb9]G:[0x98]V[0x8b]P[0xed][0x10]k[0x2]>i[0xa9]![0xc9]j[0xf1]p[0x8f]$[0xb4]f[0xb5][0xdc]CR:[0xe3][0x1][0xc5][0x12]p?[0x8c][0xf]i[0xff]0iX[0x92][0xb4][0x14][0xfe][0xc4]'[0xf8][0xbb][0x98]/c|[0x94]d5/[0xe1][0x8d][0xe5])[0x95][0x16]6[0x8b][[0x15][0xc4]?[0x87][0xf1]G&?[0x9e][0xdf][0x83][0x81]Mf[\r]d({[0x91][0xc3][0x87]e&A)=[0x99]OY[0x12][0x9c][0xca]EU[0xe7][0xa9][0x9c][0xc8][0x89]i[0x93]@[0xc8][0xbd][0xe4]P[0x97][0x1e][0xa0].c[0xf3][0xc5][0xb0]Ka*[0x82][0xeb][0xcb][0xda][0xcd]C[0xd0][0xf1]b[0x8d][0x91][0x98][0xed]P-[0x9b]Pr[0x9d]|2[0x95][0x81][0xb8][0x83]l[0xaf][0xe0][0xb5]Wa[0xaa]-[0xc4][0x15][0x90]+gJ[0xd4]y[0xdb]a*6[o[0x3][0xa0](>[0xc2][0x14]X[0x9c]8[0xe4]x|[0xf][0x11]t=q[0xcc][0xd4]%[0xfa]P[0xc9][0xcb][0x0][0x19]3{[0xee]3[0xf2][0x88]5[0xf4][0xcf][0xe9][0xb][0x1d][0xdd]BI[0xa6][0xe6][0xff]9}[0x91][0xeb]V[0xfb][0xce][0xb8][0x13][0x80]U[0xcc][0xd9]2[0xe5] {[0xd3]H}[0x1a][0x9e][0xd0][0xe1].WLdheo[0x14][0x1a][0x2]J[0xa9][0xc0][0xe3][0x19]}[0x97][0x96][0xda]i[0xc2][0xd4]RN\-[0x9a]3[J[0x90][0x8e]8L[0x96]i[0xd5][0xd1][0xcd]Z[0xec][0xee]p[0xc9][0xbd]([0xc4]{BM1[0x19][0xa3]+r&B|[0x86][0x4][0x18][0xe0] [0xb]6[0xdc]Q[0x0][0x8b][0xc7][0xa4]rw[0x87]Y[0xde]4[0xc1][\n]"
2020-11-26 10:40:51 DEBUG wire:72 - http-outgoing-0 << "#[0xa6][0xdd][0xc6][0xe0][0xf0]9[0xca][\r][0xa6][0xba]c[0xcb][0xe4]T[0xf2][0x8e]tt[0xa4][0xf6]v[0xde]8qo[0xfd][0xee][0xab][0xea][0xfc][0xe2][0xda][0x9b]K[0xeb][0x8f][0xce][0xed][0x8][0xc2]c[0xcf][0xa3][0xca][0xb8][0xf7][0x8b][0x1][0xbc]$[0xd8][0xd5][0xc4][0xcf]i[0x80][0x99][0xab]X[0x9b][0xe2]1U[0xc][0xd3]>[0x9c][0xd8]&[0xf3][0xef][0xfd]/[0x14][0x99]P[0x3][\n]"
2020-11-26 10:40:51 DEBUG wire:72 - http-outgoing-0 << "~B[0xc2][0xdc]H[0x8c]"[0xea]X[0xdc][0x8c][0xea]<T[0xd2]J[0xbb][0xd5]LfH[0xe][0xa4]S[0xe8][0xc3][0xed]A[0xa5][0xcd][0x9e]$[0xe8][0x13]<,[0xf1]1[0xe0]9D$wJ[0x5][[0x4][0xa3][0xc4][0xf0]2[0xe7]P[0x8f]:6[0x86][0xe2]QF[0xa8][0xce][0xe7][0xb][0xac]8[0xc6][0xbb][0x92][0xe2]$[0x4][0x16][0x8b][0x83][0xc0][0xc1][0x80][0xe9][0x9e][0x3][0x9a]>[0x14][0xeb][0xe1][0xa7][0xc8][0x89]U[0xd7]e[0xd9]4[0xd0][0x3]r[0xbe]Z[0x7][0xed]+[0x87]d[0xbe]=^([0xe6]Q[0xf0][0x8e][0xea]`[0xb0]%[0x89][0xf9]d[0x9b][0xa5][0x96][0xf1][0xa6][0xef]d[0x86][0x8]7Z[0xa6]v[0x92][0x95][0xde][0x9e]\[0xa9]S[0xc7]C[0xc0][0x9d]2[0xb][0xd9][0x95][0xbb][0xac]B[0xa9][0xd2][0xce]z[0xbf]@[0x80][0xb6][0x86]Y[0xe5][0x85][0x92])[0xef][0x92][0x98]}[0xdd]*9[0xaa][0x93]s[0xce][0x16][0x8e][0xa9][0x14]%[0xfb][0x87][0xf9][0x83][0xb9]N[0xe2][0xa0]H[0x95][0xea]$[0x9d][0x3][0xc7][0x9e][0xa9][0xee]p[0xd7][0xf0][0xe1]a[0x10][0xe5][0xc1][0xa0][0xf1][0xec][\n]"
2020-11-26 10:40:51 DEBUG wire:72 - http-outgoing-0 << "[0xac][0xb4]*Wf*_.[0xf0]Vp;[0xd5][0xad][0x95][0xbf][0x15]x[0x1b].[0xc2][0xb1][0xae][0x19][0xd6][0x8][0xb6]r[0xe2][0x87][0xf5]k[0x8f][0xad]V[0x0][0x80][0xbb]k[0x8]Z[0xd2][0x0][0x6][0xbb][0xbe]X[0xee][0xda]5J7{[0x87]F[0xdd][0x8f][0xaf]Ay[0xf1] [0x16]X[0xa9]u[0x9e] [0xc1]t#Z[0xcf][0xb2]5[0xc9]F[0x85][0x10],[0xc7]Jy[0x1b][0xa4][0x88]75;[0x99]%[0xcd][0xb7]:LC[0x8e][0x16][0x13][0x91][0xdd]&[0x9a][0x8d][0xdc]V6]C[0xcc]V[0xb1][0x17][0xf5]4[0x13][0xad][\r]n[0x93]y[0xc9][0xee]61bI^[0x5][0xba]'[0xc3]:[0xd1]h[0xa3][0xdc][0xbe][0xcf]P[0x87][0x1a]>[0x97][0x85][0xa2][0xd0]$[0xb4][0x3]3[0x90][0xad]al([0xb0]/[0xe3][0xe3][0x7][0xa5][0x0][0xf7]'Bsq[0x9d][0xb2][0x88][0xf9][0x84][0x82]C[0x95]mB[0x13]"[0xf5][0x9a][0x2]Ix[0x8c][0x5][0xc0][0xc3][0x88][0x93][0xb3][0xe9]v[0x3][0xdf]Q[0x82][0xdc][0xe][0xe0][0x12][0xea][0xe7][0xd7] .[0xb4][0xfc][0xc0]0.[0x4][0xce]^[0x9f]>]9[0xfb]-[0xe5][0xec][0x9f]_[0xcf][0x18][0xf7][0x8f][0xae]/L[0xd7][0xee][0x1f]Y{}[0xc7][0x98]~[0x8d][0xe9]3[0xe7][0x9e][0xe0]5Y[0x8b]7[0xd7]^[0x9d]6[0xe6][0x8e]V[0xae]<[0xc5][0x87][0xb][0xf]+[0x8f][0xbf]1[0xbe]9N[0xcf]Q[0x18]O^[0x19][0xcb][0x97][0xab]7[0x8f][0xff]cz[0x81]([0x87]L[0xdf][0x82][0xda][0xd2][0xcf][0xaf]O[0xb3][0x85][0x1];t[0xe8][0x98]4[0x1a]#[0xde][0x1f][0xde][0xed][0xd4][0x2]T[0xbf][0x89][0xab][0xa5]:[0x9]7[0xa6][0x15]u[0xe0]x[0x9c]b`[0x9f][0xed][0x92][0x18][0x9f][0xe]1[0xff][0xdc]ak[0x15]d.[0x6][0x99]ZP[0xb8]G[0xd7]5[0x86][0x88],q5[0xd0]E[0xa0][0x13][0x4]V[0xa2]S[0x5][0x1e][0xdb]N[0xea]Z[0xd2][0xc]J[0xbb]2[0x1f]{.[0xdb]W[0x81][0xee][0xd0]zXa{Y;[0x9c][0x1e][0x13]7[0xf7][0xa8][0xa6]-[0xec][0xb9][0xfe][0xe2]z[0x8d][0xdc]g[0x2]Kt[0xbc]e{[0x94][0xe9]bW[0xe9]*[0xc8]8[0xaf]Io[0xbe]s`[0xdf][0xfa][0xda]^[0xd4][0xba][0x2][0xdc].[0xde][0x5][0xbe]6[0xf6]*y[0xc8]om[0xb][0xc6][0xd9]d9[0x7][0xc6]YZ[0x5][0x8b][0x87][0x4][0x1c][0xc2][0xe2]6PH[0x17][0x82]I[0x80][0xa6][0xab][0xc1]RY[0xc3][0xe4]\[0xc1][0xa4][0x96][\n]"
2020-11-26 10:40:51 DEBUG wire:72 - http-outgoing-0 << "R[0xc7][0x18][0x3]l_[0x0][0xf3][0xc8][0x18][0xaf][0xd5]k[0x13][0xab][0x1b]4[0x94]D/7[0xcb]y[0xb][0xc5][0x84][0xac][0xb7][0xd4][0xde][0x97]r[0xa2][0xb1][0x9f][0xb]$[0xb4]x[0x1e]SrI[0xc0]@[0xe6][0xb5][0xa5][0xf3][0x95][0xeb][0xab][0xd5]o[0x96][0xe5][0xae]C$[0x84][0x94][0xbd]eV[0xfb][0x8e][0x2][0xb7]W[0xc3][0xe8]n[0xb3][0xaa]S[0xfb][0xb2][0x83][0x8a]7[0x97][0x9a][0x1d][0xfc][0xcc]-[0xc1][0xb5][0xce][0x7][0x89][0xb0]0[0x0][0xd4][0xc5]N[0x96]lV)p"[0x8][0xcb][0x9]f,[0x8b][0xa6]*[0x9e][0xd7][0x91][0xa5]x[0xa6]D[0xa1][0x81][0x15][0x98]Q[0x11][0x1c][0xb1]N[0xf1][0x9][0x9a][0x81][0xc0][0xc5][0xa5]rQ[0xa5]a[0x9][0x2][0x8e][0x80][0xbf][0xd0][0x88]>9[0x8a] [0xed][0x8d][0xc0]CTg[0x98][0x9d]d[0xbc][0xc][0x88][0x81][0xfe][0xb5][0x1d][0xfb]r[0xb2][0xc3][0xe7][0xf3]%[0xd3][0x1a][0x86][0xba][0x80]t[0x84][0xd5][0xb3][0xdb][0xc4][0xe4]gZ[0x19][0x11][0x90][0x6][0xd3]Z[0xb1][0xf5]:Q[0xca][0xca]#6[0xa7]'~fc[0x90][0x8e][0x17]S[0x96][0x5]_ [0xcf]2[0xf9][0xfc]>[0xe0][0xc3]\[0xa9][0xbb][0x3]3[0x81]?[0xbe][0xbf][0xf6][0xea][0xe][0xcd][0xd5][0xee]a[0x88][0xb][0xbb]<[0xfb][0xca][0xa3][0xe4]T$3[0xc0][0xf1][0x87][0x87]i[0xeb][0xee][0xaa][0xe2][0x13][0xb]][0xb9][0x4][0x94][0x90]M[0xab][0x9e]][0x19][0xb3][0x92][0x99][0xe1][0xc9][0xad][0xf4]H[0xb7]:1[0x12]1[0xd9][0x97]m[0x8a][0x90]H3[0x1];[0xca][0xd5].[0x1b][0x9]dK[0x88].[0x8b]3[0xd4][0x7] [0xd3][0xe5][0x90]l#[0x97][0xcc][0xe8]H[0xf2][0xa7]?[0xa7][0x84]3[0xa7][0x15]I[0xd7][0xe]RgL[0xdf][0xd9]a;[0xbe][0xa9][0xe6]R0<|r[0x10][0x17]v>[0x87]s[0x84][0xe6]I[0x7][\r][[0xb9][0xbc]Jf[0x88][0x0]*[0x9e]([0xe5]vv[0xf0][0x12][0xd5][0x85][0xb3][0x1d][0x82][0x91] 9:[0xa2]xw$[0x17]H[0x81][0xf5][0xcd][0xf0][0x7][0xc4][0xe9]6[0x8c][0x7][0xd6][0xee]x"[0xcf][0x90]3<[0xe6]r[0xd0][0x15]Ur[0xc8]u[0xfd][0xab][0xe3][0xd5][0xe5][0xfb]"[0xaa]^[0x88]5A`_T-[0x2]kd[0xc2][0xb8]![0x8e][0x1b][[0xb][0xf])[0x11][0xdd][0xb1][0xae]=8[\n]"
2020-11-26 10:40:51 DEBUG wire:72 - http-outgoing-0 << "[0xa4][0xa5]%:DN![0xb])[0xd0].i[0x8d][0xd0][0x90]~[0x4]u[0x2][0xf6]VR[0xed][0xc][0xfe]O[0xae];8[0xde][0x3]\[0x82]7OX[0x7]I$o[0x1][0x86][0x9f][0xdc][0xd7][0xfa][0x9b]&[0xc3][0xa0][0x0]ma[0xe4]_@^[0xa1]([0x12][0x18]B[0xf0]A[0x88]RL[0x91][0xdd]Nt"KRV[0xb0]D[0x9b][0xab][0xec]2[0x87][0x83][0x17][0xb6][0xb9]0[0xb4][0x9c][0x9d]R[0xc8]9[0xe]_[0x8b][0x8d][0xac].[0xb4][0xe7][0xce][0x15]'[0xf7])[0xf2][0x8][0xf1][0x83][0xe5][0x2]I[0x98]4[0x96][0x7]L[0xa4]K[0xc1][0xa5]^[0x84][0x89][0xf2][0x91][0xea][0xed]{[0xb5]''[0xc1]V[0xaf][0x1e]}[0xc5]w[0xac]([0x1b]z[0xd5][0x8d][0xca][0xcd][0xb2][0x1c][0x80]B[0xfe][0xef]&[0xdb]^n[0xe3][0xc0][0xa8][0xc9])Iu[0x0]Y-[0x93][0xe5][0x15][0x97][0xde]u[0x8a][0x0][0xca][0xf0][0x2][0xc0]&[0x12][\r][0xf4][0xcf][0xe7][0x84][0x80]9^[0xf6][0xb0][0xeb][0x89][0x8]![0xab][0x99][0xb5][0xfb][0xe8][0xcf][0x9e][0xa6]u[0x85][0xad][0x9a]Y[0x1c]][0xf]K[0xf8][0xc1]6[0x9d]T{[0xf5] [0xdd]m[0xf0]:q[0xd1]$[0x10]z`[0xdc][0xfb][0xf0][0x5]9p[0x2][0xa3][0xf2][0xa7]|V=[0x98]/[0xee][0xdb][0x83][0xb]{[0xae][0x1f][0xe9]E[0x4][0xa6]k[0x9b][0x18][0xc7]xd[0xa7][0xd3]y[0xf4][0x6][0x7][0xd9][0xdc][0xd6]u}g;[0xd5][0xd4][\r]:[0xaf][0x8b][0x9d][0xd2][0x91][0xdf][0x93][0xcd][0x13]>[0xf8][0x87]_[0x10][0xb1]O[0x9d][0xc4][0xfb]![0xf4][0x82][\r][0x3][0xf3][0xf][0x9e][0xe6][0xd1][0xb][0x9f]A[0xa1][0xcf][0xcd][0xd3]>;[0xc9]i[0x1f]z[0xae]'[0xa1][0x82]a[0x9b][0x1b][0xc7][0x80][0xe5][0xfd][0xe5][0x8e].[0x96] Mr[0xa9][0x11][0xfe]\h[0x1c]8[0xe1]0?[0xec]k[0x83][0x1]}[0xb6][0xd1][0x88][0xfa][0x7]@[0xff][0xd9]J[0x9]''[0xb5][0xd2][0xa4][0x94][0x8e][0x98][0xee][0xf][0x99][0xa6]^[0xa3][0xa1][0xa5]2[0xb3]N[0x82]A[0x9a][0xe2]4[0x95][0xc9][0xfa][0xe4][0x8b]$[0x87]I[0xb1][0xc]?nz[0xd8][0xfc][0xc0]G[0x89][0xbe]>$[0x9c]<[0xc5]'~[0xc1]:2&[0xc3]9[0xdc][0x13]qF[0x5][0xf1][0xc3][0xae]6[0xb4][0x1c][0xa7]]9"^[0xe6][0x95][0xc3][0x91][0xed][0x9b]u [0x1c]R[0xa2][0x84]][0xf1]C&[0xab][0x7][0xc6][0xb5]1yX[0x4]b[0x9e][0xc4][0xc0]g[0xc2]YY9[0x93]U:[0xbb]d[0xeb][0x18][0x81]E[0xf][0xf2][0xe6][0x10]_[0xb1][0x8][0xe7][0x86](u[0x8]m[0xd0]wqH[0xb6][0x8e][0xb1][0xf7][0x12][0x84][0x80]4x[0x9a]][0xe6]^q[0x19][0x9a][0xb0][0xc8]6@[0xe8][0xd6]5,[0x9][0xb0]$[0xf8]?[0xaa][0xe5]Lw[0x8]+[0xdb]C[0xcb]:[0x8b]b[0xc][0x1][0xd1][0xac]&[0x2]Y[0x90][0x89]Z[0xe][0x8f][0xe8][0x3][0xf8][0x8]V[0xe9]1[0x9f][0x91]u[0xea][0x90][0xdc][0xa7][0xb8]6jB[0x92][0xa4]B[0x8f][0xe3]A`[0xac]hb[0xc3][0xf][0xd5][0x3][0xd8]p[0xbf][0xf]B[0x0]FR-[0xba]X[0xf5][0x86]h[0xbd][0x1e][0x99][0x1d][0xb7]G[0xe6][0xc1]\[0x8][0xbe][0x18][0x99][0xdb][0xe8][0x9e][0xc0]Hb[0x1][0xab][0xc7][0x9c][0xc0][0xec]{[0x86]$W[0xb0]?[0x15][0xdb]sgO`I[0x89][0xcd][0xc0]F[0xd3][\n]"
2020-11-26 10:40:51 DEBUG wire:72 - http-outgoing-0 << "[0xc0][0x10].[0x19][0xe6][0xeb][0x5]R[0x93][0x18][0x80][0xe8]([0x8e][0xb0]C[0xf1][0xe1]PP[0x89]J[\n]"
2020-11-26 10:40:51 DEBUG wire:72 - http-outgoing-0 << "[0x1e][0xa6][0xc7][0xd3][0xef]=2[0xf4]2[0x9e][0x8b][0xe0][0x7][0xd0][0x81][0xe4][0xf7][0x98]J[0xbf]gA[0x6]DdvLI8[0xa7]d[0x81]D[0x2][0xf5][0xa4][0xe2][0x93][0xa3]jF[0xcd][0xf6][0xa4]a[0x11]N?e[0xb5]\[0xb9][0xa4][0xd2][0xcf]:[0xee][0x8c][0xa4][0xc8]g[0xc1]9[0xb][0xe6][0xfb][0xa8][0xf3][0xd4]>9[0xcb]n[0x9d][0xc6][0xef][0x9][0x6]+[0xb]3k+o[0xf0][0xdc][0xc7][0xe2][0x97][0xeb]7N[0xd0][0xaf][0xbd]a[0xd3],[0xc4]c8[0xa0]`[0xeb][0x0][0x89]@[0xe8]z~R[0x1f][0xa5]x[0xa0][0xac]7[0xdb][0xee]eg[0xe9][0x5]'9t[0xa5]4JE[0x84][0xb5][0x5]rD[\n]"
2020-11-26 10:40:51 DEBUG wire:72 - http-outgoing-0 << "Yw[0xd8][0x8][0xcf]{a[0x8e][0xf2][0xc]YV[0x86][0x84][0xff][0x8c][0x97][0xd2][0x1][0xb0][0xbb][0xf2][0xc5]N[0x11]J[0x10][0x13][0x4][0xa5]H[0x1f][0xcc]~)()[0xd1].[0xb1]*[0xd2][0xb6][0xc9][0xba][0xdb][0x9d]u[0xe9]h4[0xac][0xdd]G[0xea][0xf6][0x85]lu9[0xd5][0x84][0xba]VUR[0xb3][0xbe]R[0x1a]S@[0xc7][0xf3]^[0xb5][0xb6][0x93][0xf6][0x84]P)[0x93][0x83][0xa4][0xf7][0xde][0x3]+[0xc7][0xfc][0xc6][0xaf][0x5][0x9b][0xdc][0x11][0xe][0xed][0x92]C([0xc2]&[0x87][0xe0]?[0x6][0xd7][0xd1]\[0x94][0xc6]7[0xdf]2[0x10][0xef]vr[0xee]c[0xf5][0xf0][0xbb]Y[0x11]?[0xf][0xe1][0xf][0xa1][0xea][0xd3][0xb9][0xca][0xb5][0x9f]xm[0x81]cY}[0xfa][0xc4][0x84]@[0xbf][\r][0xd1]_[0x2][0x94][0x99][0x93][0x1c][0x84][0xc8][0xe8]l[0x93][0x80]<1A[0xd0]oC[0xf4][0x17][0x82][0x90]([0x8c][0xea][0x83]/[0x18][0xc]b[0x5][0xa6]y[0x7]([0x15][0x85][0x92][0x95]'[0xdf][0xf1][0xc2][0x87][0xc9][0xf9]\[0xce]v.9[0xd7][0xac][0xc8]*LhQ'[0xad][0xed][0xe9][0xad][0x83][0xc1][\r][0xab][0xb7]m,[0xe5][0x5][0xd7]PbH![0xb5][\r][0x9a]PT[0xbe]iW[0xdc][0x1a][0xef][0xf0][0xd1]gb[0x12][0x8b][0xad]C#[0xc2][0xd0][0xb0]7[0xcb]>q[0xf6]`[0xad][0xda][0xc9][0xce][0xc6][0x92][0xae][0x90]{$sN[0x1c][0xde]f[0xbe][0x15][0xed][0x91] n[0x8][0x90][0xf]h[0xea][0xc3][0x87][0xff][0xf][0x9e]FF[0xca]o[0xc0][0x5][0x0][\r][\n]"
2020-11-26 10:40:51 DEBUG wire:72 - http-outgoing-0 << "0[\r][\n]"
2020-11-26 10:40:51 DEBUG wire:72 - http-outgoing-0 << "[\r][\n]"
2020-11-26 10:40:51 DEBUG PoolingHttpClientConnectionManager:314 - Connection [id: 0][route: {}->http://www.itcast.cn:80] can be kept alive indefinitely
2020-11-26 10:40:51 DEBUG PoolingHttpClientConnectionManager:320 - Connection released: [id: 0][route: {}->http://www.itcast.cn:80][total kept alive: 1; route allocated: 1 of 2; total allocated: 1 of 20]
2020-11-26 10:40:51 DEBUG RequestAddCookies:122 - CookieSpec selected: default
2020-11-26 10:40:51 DEBUG RequestAuthCache:76 - Auth cache not set in the context
2020-11-26 10:40:51 DEBUG PoolingHttpClientConnectionManager:249 - Connection request: [route: {}->http://www.itcast.cn:80][total kept alive: 0; route allocated: 0 of 2; total allocated: 0 of 20]
2020-11-26 10:40:51 DEBUG PoolingHttpClientConnectionManager:282 - Connection leased: [id: 1][route: {}->http://www.itcast.cn:80][total kept alive: 0; route allocated: 1 of 2; total allocated: 1 of 20]
2020-11-26 10:40:51 DEBUG MainClientExec:234 - Opening connection {}->http://www.itcast.cn:80
2020-11-26 10:40:51 DEBUG DefaultHttpClientConnectionOperator:138 - Connecting to www.itcast.cn/222.222.88.20:80
2020-11-26 10:40:51 DEBUG DefaultHttpClientConnectionOperator:145 - Connection established 192.168.0.28:50429<->222.222.88.20:80
2020-11-26 10:40:51 DEBUG MainClientExec:255 - Executing request GET / HTTP/1.1
2020-11-26 10:40:51 DEBUG MainClientExec:260 - Target auth state: UNCHALLENGED
2020-11-26 10:40:51 DEBUG MainClientExec:266 - Proxy auth state: UNCHALLENGED
2020-11-26 10:40:51 DEBUG headers:135 - http-outgoing-1 >> GET / HTTP/1.1
2020-11-26 10:40:51 DEBUG headers:138 - http-outgoing-1 >> Host: www.itcast.cn
2020-11-26 10:40:51 DEBUG headers:138 - http-outgoing-1 >> Connection: Keep-Alive
2020-11-26 10:40:51 DEBUG headers:138 - http-outgoing-1 >> User-Agent: Apache-HttpClient/4.5.2 (Java/1.8.0_91)
2020-11-26 10:40:51 DEBUG headers:138 - http-outgoing-1 >> Accept-Encoding: gzip,deflate
2020-11-26 10:40:51 DEBUG wire:72 - http-outgoing-1 >> "GET / HTTP/1.1[\r][\n]"
2020-11-26 10:40:51 DEBUG wire:72 - http-outgoing-1 >> "Host: www.itcast.cn[\r][\n]"
2020-11-26 10:40:51 DEBUG wire:72 - http-outgoing-1 >> "Connection: Keep-Alive[\r][\n]"
2020-11-26 10:40:51 DEBUG wire:72 - http-outgoing-1 >> "User-Agent: Apache-HttpClient/4.5.2 (Java/1.8.0_91)[\r][\n]"
2020-11-26 10:40:51 DEBUG wire:72 - http-outgoing-1 >> "Accept-Encoding: gzip,deflate[\r][\n]"
2020-11-26 10:40:51 DEBUG wire:72 - http-outgoing-1 >> "[\r][\n]"
2020-11-26 10:40:54 DEBUG wire:72 - http-outgoing-1 << "HTTP/1.1 200 OK[\r][\n]"
2020-11-26 10:40:54 DEBUG wire:72 - http-outgoing-1 << "Server: Tengine[\r][\n]"
2020-11-26 10:40:54 DEBUG wire:72 - http-outgoing-1 << "Content-Type: text/html[\r][\n]"
2020-11-26 10:40:54 DEBUG wire:72 - http-outgoing-1 << "Transfer-Encoding: chunked[\r][\n]"
2020-11-26 10:40:54 DEBUG wire:72 - http-outgoing-1 << "Connection: keep-alive[\r][\n]"
2020-11-26 10:40:54 DEBUG wire:72 - http-outgoing-1 << "Date: Thu, 26 Nov 2020 02:40:54 GMT[\r][\n]"
2020-11-26 10:40:54 DEBUG wire:72 - http-outgoing-1 << "Vary: Accept-Encoding[\r][\n]"
2020-11-26 10:40:54 DEBUG wire:72 - http-outgoing-1 << "Access-Control-Allow-Origin: http://www.itheima.com[\r][\n]"
2020-11-26 10:40:54 DEBUG wire:72 - http-outgoing-1 << "Access-Control-Allow-Credentials: true[\r][\n]"
2020-11-26 10:40:54 DEBUG wire:72 - http-outgoing-1 << "Access-Control-Allow-Methods: GET, POST, PUT, DELETE[\r][\n]"
2020-11-26 10:40:54 DEBUG wire:72 - http-outgoing-1 << "Access-Control-Allow-Headers: *[\r][\n]"
2020-11-26 10:40:54 DEBUG wire:72 - http-outgoing-1 << "Content-Encoding: gzip[\r][\n]"
2020-11-26 10:40:54 DEBUG wire:72 - http-outgoing-1 << "Ali-Swift-Global-Savetime: 1606358454[\r][\n]"
2020-11-26 10:40:54 DEBUG wire:72 - http-outgoing-1 << "Via: cache32.l2cn2633[47,200-0,M], cache30.l2cn2633[47,0], kunlun7.cn1474[61,200-0,M], kunlun5.cn1474[73,0][\r][\n]"
2020-11-26 10:40:54 DEBUG wire:72 - http-outgoing-1 << "X-Cache: MISS TCP_MISS dirn:-2:-2[\r][\n]"
2020-11-26 10:40:54 DEBUG wire:72 - http-outgoing-1 << "X-Swift-SaveTime: Thu, 26 Nov 2020 02:40:54 GMT[\r][\n]"
2020-11-26 10:40:54 DEBUG wire:72 - http-outgoing-1 << "X-Swift-CacheTime: 0[\r][\n]"
2020-11-26 10:40:54 DEBUG wire:72 - http-outgoing-1 << "Timing-Allow-Origin: *[\r][\n]"
2020-11-26 10:40:54 DEBUG wire:72 - http-outgoing-1 << "EagleId: dede581916063584539912552e[\r][\n]"
2020-11-26 10:40:54 DEBUG wire:72 - http-outgoing-1 << "[\r][\n]"
2020-11-26 10:40:54 DEBUG wire:72 - http-outgoing-1 << "3787[\r][\n]"
2020-11-26 10:40:54 DEBUG wire:72 - http-outgoing-1 << "[0x1f][0x8b][0x8][0x0][0x0][0x0][0x0][0x0][0x0][0x3][0xec][0xbd]iw[0xdb]H[0x92]([0xfa][0xb9][0xee]9[0xf7]?`[0xd4]S][0xae]qk[0x97][0xbc][0x97]g[0xbc]U[0x97][0xab][0xed]*[0xb7][0xed][0xaa][0x9e]7[0xef][0xdc][0xe3][0x3]Q[0x90]D[0x9b]"Y\l[0xcb][0xed][0x9e]#Y[0xfb][0xbe]X[0xb2][0xb5][0xd9]Z[0xac][0xcd][0x8b]6o[0x92]H-[0xff]e[0x86][0x9][0x80]_^[0xfd][0x85][0x97][0x91][0x1][0x82][0x0][0x9][0x12][0x9][0x8a]*[0xcb]s[0xab][0x17][0xb][0x4][0x90][0x89][0x88][0xc8][0xc8][0xc8][0x88][0xc8][0x88][0xc8]3[0xff]t[0xf1][0xc7][0xb]7[0xff][0x9f]k[0x97][0x84][0xba]P[0xbd][0xe7][0xec][0xff][0xfe]_g[0xf4][0xbf][0x92]XM[0xff]~q[0xa6]^[\n]"
2020-11-26 10:40:54 DEBUG wire:72 - http-outgoing-1 << "[0x89][0x82][0xab]N[0xc][0x4][0xa5][0xd0]7[0x5]?[0xdd][0xfc][0xb6][0xf0]D[0x1]{[0x10]r[0x87]<[0xd2][0xd9][0xd8][0xf6][0xb4]<[0x16][0x91][0x87][0x96][0xc9][0xca],Y[0x19]Uv[0x6][0xb][0xc9][0xfc][0xe][0xe9][0xa1][0xcc][0xe]^[0xbe]I[0xa6][0xb6][0xd4][0x95]ey2"?o[0xf9]Sl[0xb3]Q[0x9e][0xde]P[0xc6][[0xe4][0x91]1[0xf5][0xd1][[0xfa][0xbb]W[0xbf]E[0x1e]7[0xa9][0xef][0x97][0xce][0x14]c[0xa7][0xf4][0xfb][0xf8]Y[0x9f]7$y[0xe9]g[0x13]=[0xfd])[0xa5][0xcb][0xef][0xc5][0xbb][0xa2][0xf6]$[0x16][0x89][0x90][0x8d]y[\n]"
2020-11-26 10:40:54 DEBUG wire:72 - http-outgoing-1 << "[0x8b][0xda][0xbc][0xa3][0xdd][0xba][0xd6][0x10][0xaa][0xf3]y[0x13]?[0xbe][0xbb][0xa6]]]8zT[0xbb]"s[0x8b][0xf2][0xc8][0x9a][0xdc][0xbb][0xa2][0xfd][0xfe][0xe9][0xb2][0xba][0xb2][0xab][0xae][0xcc]h?[0x95][0xc5]([0xe9]Z"[0xdb][0x8d][0xa4]P[0xbb]uO[0xaa]"[0x9d][0xbd][0xca][0xeb][0xd5]D[0xf][0xad]K[0xf2]t[0x7][0xfd][0xb0][0xb2][0xd4]M6;tX[0x16])BJ[0xb4]_[0x19]h[0xc3][[0x5][0x82]W[0xac][0x97][0xbe])[0xb8]#5[0xdc][0xf3][0x5][0xaa][0x83][0x5]Bq:[0x96]FZ[0xc6]6[0x1f][0xcb][0xef][0x96]t[0xbc][0xe5][0xfe][0x81][0xd8][0xee][0x4][0x99][0x1b]W[0x16]{[0x93]4[0xe8]%]3[0xbf]n[0xf7][0x90][0x85]G[0xbf]n[0x8f][0xff][0xe6][0xb4][0xa0]c[0xad]D'[0xd5][0x81][0xf9][0xf8]p[0xe3]>[0xc9][0xa3],wR<[0xe4][0xd1][0xd5][0xd8][0xe6]8ikE[0xf6]Qw[0x9b])+Q[0xe6]0[0xf][0xfa]7>JP[0xb3]Z[\n]"
2020-11-26 10:40:54 DEBUG wire:86 - http-outgoing-1 << "[0xba][0x2]n[0xc8][0xed][0xf3]"A[0x81]/=n[0xef][0x1d]![0xd4][0xe0][0xa7][0xcf][0xdd][0xf5]b[0xad]T|[0xbf][0xd0][0xed][0x82][0x17][0x2][0x92][0xe7][0x9b][0x82]`[0x9d]/[0x10]r[0x85]C[0x2][0xde][0xab][0xb]H5[0xdf][0x14][0xd4][0x85]B[0xfe]S[0xc5][0xc5][0xf7][0xee][0xdd]+r[0x87]\b0T[0xe4][0xf2][0x16][0xd7][0x88]w[0xe1][0x9d]"[0xfa][0xf]v[0xae]u[0x8d][0xdd][0x84][0x1a]<R[0xb0]N[0x92]B[0x89]>[0x8a][0xcb]JJO[0xb8][0x1e][0xd4][0xde]+v[0x5][0x83][0xc5][0x1][0x89]N[0x97]"zU[0xe0][0xb0][0xe1][0xed]_[0xc2]R[0xa0][0xa1][0xa8][0xc6][0xe3][0xf6][0x7]CR [0x97].D/[0xc5];$[0xe5][0xd2][0x94]=[0xe7]nXV[0xa2]5s{[0xab][0xa5][0xfb][0xc9]f8([0xda][0x18][0x84][0xa4][0xfb][0xa1][0xe2][0xdb][0x94]7[0xf1]n[0x81][0x10][0xc][0xb8][0x8c][0x9f][0xbd][0x9d][0xc0][0xb9][0xb0][0xb4][0xe8]dQiQ[0xbd][0xdb][t[0x9b]vt[0xa6][0x18][0x1b][0xf0][0xf6][0xa8][0x8d]a][0xa5]a[0x8][0x1]f[0xf8]P[0xb1][0xd7]w/[0xe4][0xae][0x97]R{[0x5][0xa4][0xe0][0xea]"
2020-11-26 10:40:54 DEBUG headers:124 - http-outgoing-1 << HTTP/1.1 200 OK
2020-11-26 10:40:54 DEBUG headers:127 - http-outgoing-1 << Server: Tengine
2020-11-26 10:40:54 DEBUG headers:127 - http-outgoing-1 << Content-Type: text/html
2020-11-26 10:40:54 DEBUG headers:127 - http-outgoing-1 << Transfer-Encoding: chunked
2020-11-26 10:40:54 DEBUG headers:127 - http-outgoing-1 << Connection: keep-alive
2020-11-26 10:40:54 DEBUG headers:127 - http-outgoing-1 << Date: Thu, 26 Nov 2020 02:40:54 GMT
2020-11-26 10:40:54 DEBUG headers:127 - http-outgoing-1 << Vary: Accept-Encoding
2020-11-26 10:40:54 DEBUG headers:127 - http-outgoing-1 << Access-Control-Allow-Origin: http://www.itheima.com
2020-11-26 10:40:54 DEBUG headers:127 - http-outgoing-1 << Access-Control-Allow-Credentials: true
2020-11-26 10:40:54 DEBUG headers:127 - http-outgoing-1 << Access-Control-Allow-Methods: GET, POST, PUT, DELETE
2020-11-26 10:40:54 DEBUG headers:127 - http-outgoing-1 << Access-Control-Allow-Headers: *
2020-11-26 10:40:54 DEBUG headers:127 - http-outgoing-1 << Content-Encoding: gzip
2020-11-26 10:40:54 DEBUG headers:127 - http-outgoing-1 << Ali-Swift-Global-Savetime: 1606358454
2020-11-26 10:40:54 DEBUG headers:127 - http-outgoing-1 << Via: cache32.l2cn2633[47,200-0,M], cache30.l2cn2633[47,0], kunlun7.cn1474[61,200-0,M], kunlun5.cn1474[73,0]
2020-11-26 10:40:54 DEBUG headers:127 - http-outgoing-1 << X-Cache: MISS TCP_MISS dirn:-2:-2
2020-11-26 10:40:54 DEBUG headers:127 - http-outgoing-1 << X-Swift-SaveTime: Thu, 26 Nov 2020 02:40:54 GMT
2020-11-26 10:40:54 DEBUG headers:127 - http-outgoing-1 << X-Swift-CacheTime: 0
2020-11-26 10:40:54 DEBUG headers:127 - http-outgoing-1 << Timing-Allow-Origin: *
2020-11-26 10:40:54 DEBUG headers:127 - http-outgoing-1 << EagleId: dede581916063584539912552e
2020-11-26 10:40:54 DEBUG MainClientExec:284 - Connection can be kept alive indefinitely
2020-11-26 10:40:54 DEBUG wire:72 - http-outgoing-1 << "[0x8b]"[0x86][0xc1][0xad]:![0xec][0x11]<[0xee]"[0xf]e([0xe9][0xef]Ut[0xa2]J[0x81][0xc2][0x80]X[0xed][0xe][0x7]O[0x9]%[0xc2]?[0xb9][0xeb][0xfd][0x94]{Do[0xe8][0xf4]=wu[0xa8][0xee][0x94]PV^[0xe6][0xbf]Z{1[0xe4][0xf3][0x17]z[0xa4][0x9a][0x90][0xde][0xa2][0xb4][0xc4][0xdf][0xd8][0xc8][0xf0]^[0xc0]][[0x97][0xe5]E[0xd1]u[0xa7]6[0xe0][0xb]{[0xab]O[0x9]([0x15][0xe1][0xbf][0xc6][0xc7][0xff]H[0x7]Y([0x12]=[0x9e][0xbf][0x1b][0xdb]y)[\n]"
2020-11-26 10:40:54 DEBUG wire:72 - http-outgoing-1 << "[0x16][0x10][0x97][0x96][0x94][0x9a][0xbf][0xe5][0xf2]y|[0x1][0xfa][0x19][0xd1][0x5][0xff][0xe5][0xf9]L[0x91][0xcf][0xfb][0xf7]Do[0xa5][0xc7][0xac]{[0xab][0xa9][0xa9]1[0xde][0xf6][0x8b][0xd5][0xd5]no-[0xa0]~J[0xa0]MN[0xd7][0x8b][0x81]Z[0xb7][0x17][0x17][0x1e][0x7][0x1a][0x1a]Q[0xae][0xa9],[0xaf][0xa8]([0xb7] ][0x82]`[0x95][0xe6][0xaf]f[0x82][0xf4]T[0x8d];[0x10][0xc][0x15][0xba][0xea][0xdc][0x9e]j[0x80]Z[0xfb]*[0xc][0x12][0x85][0x9d]v[0x92][\r][0xc7]SUR[0x8d]/ [0xfd][0xdd][0xe7][0x17]][0xee]P[0x3]e[0x0][0xed]mX[0x1a][0xa5][0xc0]-*[0x1b][0x4]v}+[0xec][0xff]{[0x9d][0x4][0x3][\n]"
2020-11-26 10:40:54 DEBUG wire:72 - http-outgoing-1 << "[0xe4]-[0xb1][0x0][\r][0xfe]_[0xfc]/U[0xa2][0x97]4[0xe]Q[0x91]*?[0xfd][0xf8]/[0xc5][0xac]+O[0xbd]P[0x4][0x8c]y[0xab][0xca]w?A[0xd3][0xca][0xd2][0x13][0x14][0xb0]D[0x87][0xe5][0xe5][0xf4][0x87][0xef][0xae][0x14][0xa8][0xf1][0xf8][0xee][0x9d][0x12][0xea][0xdc][0xd5][0xd5][0x92][0xd7]D[0xbe][0xd2][0xb2][0xf2]$A[0x19]j[0x95][0x95]%:j[0xc6]/[0x8]E5[0x81][0xc4]W[0xca][0x8f][0xc3]0[0xd4][0xd0][0xa5][0xa7]0[0xe8]~ [0xd1]nN[0xd2][0xdf][0x86][0xe1];M'[0xbf]Th[0x2][0x3]&^[0xa1][0xe8]q[0xd7]zO[0x9].[0xba]bI[0x1][0xbc][0x15][0xac][0x13][0xab][0x1]8:[0x17][0xd8][0xff][0x91][0x9f][0xff][0xe0]:VRqL[0xb2][0x82]C[0xf0][0xff]=[\r]%[0xd3][0x97][0xe8][0x13][0x91]^[0xb3]Y[0xa2][0xcf][0xb5]LX[0x9]~A[0xaa][0xff][0xbb][0xd6][0x4][0x8][0x90][0x15]-|[0x6]3[0xff][0x94][0xe0][0xf6][0xd6]I[0x1]w([0x13][0xaa][0xd9][0xf1][0xd2]x[0x1a][0x4][0xc3][0x89][0x8c][0x80][0x5][0xfd][0xa2][0xd7][0x4][0x9a][0x86]LE[0x89]q[0x8c][0xe1][0x87]`[0x0][0xba][0xac],[0xeb]X[0x94]X[0x8f][0x5][0xfd]$[0xb4]g0i[0xf3][0x85][0xde][0xd2][0xa6][0xe][0xa5][0x4]`[0x10][0xf4]y[0xdc][0xd5][0xd8][0xa7]yJ[0xc1][0x8c][0xe2][0xc1][0xba][0xda][0x1d][0xf4]{D:[0x1b][0xaa]<>[0xd7][0x1d][0x3][0xd6][0xf4]S[0xb7].'[0x5]C[0x19]L[0x4][0x8d]+[0x81]Db8[0xe4]K[0xe7]c[0xc3][0xec]([0xaa][0xab][0xf6][0xd4][0xeb][0xcd]KJ[0xbe][0xd4][0xc9]S[\n]"
2020-11-26 10:40:54 DEBUG wire:72 - http-outgoing-1 << "[0x0][0xa4][0xb7][0xf5][0xfb][0x82]nX[0xf9]O[0xc1][\n]"
2020-11-26 10:40:54 DEBUG wire:72 - http-outgoing-1 << "%[0x86][0xdc]w[0x13][0xac][0x6][0x1d][0x95][0x9a]da8[0xe0]9b[0xbd][0xc8]3[\r]![0xc8][0xd6][0xb2][0x92][0x93][0xb0]"[0x15][0xdd][0xf6][0xd7][0x16]|M[0xa5]ga@[0xf2]KbH#[0xae]@[0xa7][0x9a][0xa1]{A[0xfc]{[\n]"
2020-11-26 10:40:54 DEBUG wire:72 - http-outgoing-1 << "!,[0x1][0x87][0x1f][0xff][0xc0][0xa9]^[0xfc]/[0xf2]d'[0xd5][0xb1][0xc8][0xc4][0xae][0xd2][0xd9][0xe]Jpw'[0xd9][0x1a][0xd1][0xe5][0x80][0x86]9k"h[0x1d]T0[0x1a][\n]"
2020-11-26 10:40:54 DEBUG wire:72 - http-outgoing-1 << "[0x6]L[0x0][0x91][0xaf][0xb2]!RZRV[0xc1][0xb0][0x81][0xb]O}yQ[0xad][0xbb][0xe6][0xab][0xc][0xe8][0x8][0xa1][0x80][0xe8][0xd5]hHE[0x9e]PRT[0x19]<-[0x14]R[0x1d][0xee][0x8e];Th[0xfd][0xb0][0xde][0xf7] [0xc3][0x13][0x9f][0xf5]}}[0x94][0x8c][0x83][0x4][0xc]#[0xd2]n[0xb9][0xbd]:[0x1d][0x91][0x8c]BF2[0x0][0xf1][0xcf][0x14]'[0x96][0xec]3[0xc5][0x9a][0x81][0x92]]5[0xa0]/[0x8][0xf4]?[0xc5][0xc5]0![0xee][0x5][0xa5][0xc0]u[0xa9][0xda][0x1d][0x90]\![0xbc][0xa4]&[0xec]u[0x1]tBU[0xc0]g||[0xe4][0xeb][0xbf][0xe3][0x1b][0x82]pW[0xc][0x8][0xc1][0x9f][0xe8][0xb3]s[0xb5][0x94]t[0xc2]7T[0xf5][0xbc][0xeb][0xae][0x15]C[0xbe]@Q8q[0xb7]([0xe4][0xbb][0xe2][0xbb]'[0x5].[0x88]A[0xe9][0xc8][0xd7][0xa7][0x8d]M[0xab].[0x7]/SIA[0xdb]%;)[0xa2][0xea][0x99][0xab][0xee]H[0xb1][0x9b]>(v-|[0xf3][0x8d][0xf0][0x15]\[0x95][0xde][0xb2][0xe]Vq[0xeb][0xb6][0xec][0x91]/[0x98][0xec]@[0xbb][0x91][0xd6][0xcb]Uw[0xb5][0xdf][0xb2][0x8f]z[0xfa] [0xd1][0x1c][0xae][0xd3]Z[0xfe][0xe4]:n[0xd9]0p[0xf7]TiQYQyQE[0xa2]y[0xf2][0x8e]E'[0x96]}[0x84]][0x94][0xd1][0x12][0xcd][0xe9]eZ[0xbb][0xb][0x97],[0xdb][0xdd][0xa3][0x8b]5[0x1d]+[0xca][0xc8]zc[0xfd]NZ[0x1f][0xbb][0x9a][0xb5][0x8f]z_[0x95][0xdb][0x93][0xd6][0xf][0xde][0x85][0xbe][0xbe][0xd0];:[0xe7][0xad][0xe][0xf8][0xdc][0xd6][0xc3]([0xe2][0xb3]D7[0xda]Oh[0x9f][0x80][0xc6]]s$[0xc1][0x7][0xf][0x1f][0x1a][0x6][0x16][0xb0][0xf1][0xc1]K x[0xe2]J[0xbb][0xa0]d[0xc0][0xb][0x8a][0xb]^$`I[0xf2][0xa8]  [0xec]Et[0xe][0x89][0xc0][0xcf]E[0xa0][0xa3]S`[0x13][0xb2][0xa2][0xde] )[0x92]D[0xfa][0x7]^[0xfc][0xe3]k[0xc6][0xb3] [0x87][0x1][[0xaa]+[0xdf][0xa4]+[0x18]p[0xba]tO[0xb8]H-[0x89]#_[0x17][0xd5]J![0xb8][0xc9]^[0x84][0x97]@[0x1a][0xa7][0xbe][0xf5][0x15][0xc8][0x9d][0xe2][0x92][0x8a][0xe2][0x92]J[0xa1][0xa4][0xe4][0x14][0xfb][0xdf]W[0xe6][0xa6][0x94][0x10]Z[0xf7]g[0x12]=[0x0][0x16]_[0xfc]3[0x88][0xe7]zO[0xc1][0xd7]`D[0x1c][0x81];_|[0xf1]UB[0x12][0xd5][0xb8]=Td}uJ[0xf8][0xaa]6 6[0x4]][0xa2]G:[0x2][0x2][0xe2][0xeb][0xaf][0xfe][0xa4][0xbd][0x8]R[0x89][0xe3][0xad] [0xc7]K>[0xfb]w[0x92]/[0xf8][0x3][0xbe]Zw[0xf5][0xa9][0x8b][0xff]~[0x19][0xa4][0xef]M[0x90]Te[0xac]/[0xba][0xea]v[0x5]|A_M[0xa8][0xe8][0xbc][0x18]t[0xbb][0xd8][0xd3]#zo[0xdf][0x94][0xd2][0xae][0x4][0xec][0xeb]V[0xb2]3P[0xd8][0xbf][0xa2]w[0xff][0x1][0x84][0x82][0xa1]1[0xd8]*g[0xaa]|[0xd5][\r][0x2][0x13]~[0xdf][0x14][0x98]Ue[0xba][0x92]3[0xab]K8[0xf3]O[0x85][0x85]g[0xaa][0xdd]w[0x5][0x97]G[0xc][0x6][0xa9]A[0x4][0xeb][0x14][[0xb][0xd9][0xf3]/[0x8c][0xcf][0xdc]^[0xaf][0x14][0xc0][0xdb]_[0x9c][0x11][0xb3]Y[0xc1][0xc1]p[0xd5]m*[0x10][0x8b][0xeb]E0GYs[0xcd][0xdc][0x83][0x1][0xfb]W[0xd7][0x3]O[0xbd]fY{}5>[0xf]][0xa0][0xb][0x84][0x10]][0xf5][0xc1]Yt[0xab][0xca]#z[0xef][0x14][0x8][0xd4][0xea][0x12][0x11][0x84]b[\n]"
2020-11-26 10:40:54 DEBUG wire:72 - http-outgoing-1 << "[0x3]^[0xb9][0xeb]kMv[0x9b][0xe5]j[0xe6][0xf2][0xf8][0x82]R[0x91][0xdf][[[0x90][0xc0]=[0xb9][0xe8][0x8b]UT[0x97][0x9][0x87][0xa4][0xd3][0x1]\l[0xcb][0x98]V[0x4][\n]"
2020-11-26 10:40:54 DEBUG wire:72 - http-outgoing-1 << "1[0xbb]r[0x85][0x3]AP[0x9f][0xfc]>7S[0x8e][\n]"
2020-11-26 10:40:54 DEBUG wire:72 - http-outgoing-1 << "[0x4]w5[0xd2][0x84]uJ[0x81]b[0xeb][0x9][0xc0]#[0x14][0x16][0xb2][0x1f][0x94]~[0x96]k[0xb4][0xf6][0xd8]@>[0xc0]9[0x1][0x91][0xae][0x7][0xc0][0xf8][0xd1][0xa1]`[0x3]+[0x1c][0x2][0xfc]P[0xb1][0x12]L[0xc3][0x1b]L[0xb5][0x90][0x13][0xc3][0xb][0x96][0xb2][0xe3]q[0xd5][0xa9]A[0xd7]q$[0xe8][0x17][0x82][0x89]N[0xa8][0x13]j|f~[0x94]P[0x92][0xb]2[0xd1][0xf1][0xb][0x84][0xff][0xb]3[0xe3][0xd6]P[0xae]U[0x16][0x87][0xe4]g[0x8d][0xba])u[0xea][0x8c][0xff][0xec][0x19][0xd0][0xb3][0x13][0xef][0x4][0xeb][0xdc][0xe5][0x5]gKJ[0xe8][0xfc][0xa1]w[0xcf][0x9e][0x91][0xea][0xcf][0xd2][0xd7][0xce][0x14][0xd3][0xbf][0xa6][0xf7]j$o[0xea]{[0xa4][0xa3]-[0xfd][0xbd]z[0xb7][0xe8]K}[0x91][0xc2][0x80]/[0x16][0xd3][0x8f][0xeb]\m[0xe4]p[0xc1]x[\r][0x13]@`[0x93]4q[0xcf][0x88][0xd4][0xbd][0x80][0xe8][0xa7][0x8]kw[0xcf][0x2]#[\n]"
2020-11-26 10:40:54 DEBUG wire:72 - http-outgoing-1 << "d[0xee]}[0xbc]y)[0xde]8[0xae][0xc]/[0x91][0xbd][0xd7][0xf1][0xc6])z[0x1d]oz[0x8c][0xcc]j[0xa2][0xa4][0xcf]_%[0xe2]dN[0x9f][0xe2][0x2]s[0xa8][0x9a]][0x8b][0xba];[0xed][0xe9][0xd3][0xd8]f7x[0xe2]:{,E[0x84]'!![0xfc]&7[0xaf][0xb1][0xdd][0xaf][0xdb][0xe3][0xd6][0xf2][0x83][0xea]n[0xf5]b[0x91][0xcb]W_[0x9c][0xc6]7g[0xe3][0xd1][0xc1][0xf8][0xcb]7[0xe0][0x12][0x8c][0xf4][0x93][0xc1]Q [0xce][0xc3]46[0x85]n([0x84][0xa5][0xda]p[0x86]nH[0xef]8Y^P[0xd7]6[0xd2];[0xd0][0xda][0xbb][0x1e][0xdc]o`[0x8d][0xff][0xb5][0xf6]^[0xb5]'[0xbd][0x7][0xc4]*[0xb6][0xf9]8[0xb6][0xb7]B[0xbb][0x8a][0x8f][0xcd]f[0xec][0x8a]N[0x99][0x7]u[0x89][0xbe]2[0xf5]$[0xaf][0xb7]g[0xe9][0xa0][0xe1]~U&[0x82][0x8c][0xcd][0xca][0xd3]3[0xf1]G[0xb][0x19][[0xdf][0x9][0x83][0xad][0xd9][0x90][0x89][0x14][0xf1][0xd6][0x8d][0xd8]fS|}[0x9b][0xac][\r][0x92][0x96]=e[0xfb][0x9][0xa5].t[0x6][0xfc][0x99]"y[0xcd]c[0x1c]H[0x8e]qRf%[0xbd]s[0x9a][0xa0]b[0xea][\n]"
2020-11-26 10:40:54 DEBUG wire:72 - http-outgoing-1 << "[\n]"
2020-11-26 10:40:54 DEBUG wire:72 - http-outgoing-1 << "[0xaa][0xb3][0xa4]u[0x89]L[0xec][0x90][0xa1]%uu[0xb6]X[0xee][0x1a]QW;[0x95][0xe6]e%[0xb2]Gy[0x81][0xaa][0xea][0x85][0xc7]JO[0x14][0xd2][0xbf]%i[0x9f]N\$[0xfe][0xd2]+[0xe0][0xf4][0xec][0xeb]O[0x18][\r][0x96][0xe2]+t[0xa5][0xf5]2[0xd9][0x94][0x8e]=[0xce]VM[0x8e][0xa0][0xd9][0xfc][0x87]o[0xd9][0xa8][0x1c]Q[0xc6][0xa2]dg$1u[0x81]$[0xd9][0xde][0x16][0x1e][\n]"
2020-11-26 10:40:54 DEBUG wire:72 - http-outgoing-1 << "[0x89]W[0xb3][0x82][0xf5][0x93][0x6][0xd6]u[0xa9][0xd6][\r][0xb][0xa3]C[0xa0][0xe4]wK[0xa4][0xad][0xe7][0xa0][0x81]*[0xbe][0xeb][0xf6];[0x4][0xec][0xe7][0xcb][0xd7][0xd2]`[0x3][0x91][0xa3][0x9].[0xaa][0x10][0xb3]!5H[0xa8][0x85]'[0xf1][0x99][0xf][0x9a]T[0xd2][0x1d][0xaa]0[0xc8][0xba][0xa9][0x96][0xe1]e[0xa3][0xaa][0xa2]{[0xd4]2[0x88][0xb1]4[0xce][0xd5][0xfc]n[0x96][0xf2][0xcd]b[0x3][0x8a]m8[0x19]%[0xdd][0x17]g[0xea]J[0xf5][0xbe][0xac][0xbb]9[0x95]a[0x1f][0xab][0xc0]f[0x14],([0x9e]yby|[0xb5]>[0x9c]W[0xa2]'e[0x7][0xa8][0xa0][0x18]9[0xa3][0xb8][0xae]T[0x3][0xd9][0xd8][\r][0xf3][0xbd]k[0x9d][0x4]i/[0xa2][0xb7][0x8c][0xb9].[0xb4]~[0xcc][m[0xbf]n[0xf7][0xa4]o[0xb6][0xe9][0xeb]76/([0xd6][0xbe]b[0xa0]2[0xf8]=[0xb3]/![0xd3]3[0xa4]'R[0x90]X[0xfc][0xea][0xca]5[0xe9][0x80][0xf7])[0xe8][0xe5][0x89]G)[0xbd][0x82][0xc6]p6[0xb1][0xbe][0x1b][0x17][[0xf6][0x90][0x9a][0xd8][0x5]g[0xff][0xe8][0xad][\n]"
2020-11-26 10:40:54 DEBUG wire:72 - http-outgoing-1 << "[0xfa]Ok|h[0xa1][\n]"
2020-11-26 10:40:54 DEBUG wire:72 - http-outgoing-1 << "[0xb0]7[0xd9]&N[0x6][\r]Bk[0x83][0xdc]Jy3[0xe0][0xf3][0xd6][0xc2][0x6][0x0]^hZ[0x1f][0xbe][0x11][0xf6][0xe8][0xd7][0xb0][0xeb][0x91]}[0x84][0xff][0xb5]Jr[0xdf][0xa6][0xd2][0xf8]>[0xd5][0xb]~[0x9][0x13][\n]"
2020-11-26 10:40:54 DEBUG wire:72 - http-outgoing-1 << "[0x84]%;U[0xc9][0xac]P[0xd0]q[0x4][0xcd][0xe7]l[0xc6][0x1][0x5][0xd4][0x8a][0xab]n[0xdf][0xa2]J[0x1e][0x1b]T[0xe0][0x4][0x9c][0x8e]&=[0xe7][0x16][0xec][0x82][0xd1]u[0xb0][0xe7]i,[0xf2][0xc6]0a[0x93][0xa8][0x14]S\[0xb2]"[0x16][0xba][0x9d][0xc4][0x8b][0xf]j[0xdd][\n]"
2020-11-26 10:40:54 DEBUG wire:72 - http-outgoing-1 << "[0xf1][0x85]B[0xbe]z[0xaa][0x8d][0x82][0x1f][0xd9][0xe][0x97][0x10]7.s/[0xe5][0xf7][0xf3][0xb9][0xe1][0x12][0xac]s[0x8a][0x8b][\r][0xd4][0xc1]:N[0xa8]c[0x9b]][0xf2][0x87][0x8d][0xdc][0xa0][0xae]}[0x90]g[0xa8]k[0x1f][0xf0][0xd2]zk[0x8f]l<[0xcf][0x91][0xd6][0xf9][0x86]:[0xc8][0xb][0xb5][0xbc][0xb1]N&[0xdf][0xe5][0x6][0xf5][0xbd]|s[0xc8]=^[0xe][0x91][0x97][0x17][0xe4][0xf5][0xce][0xdc][0xa0]~[0x90]oZ?[0xe0][0xa5]u[0xbc]y0g[0xe][0xb9]/[0xe6][0x19][0xea][0xfb]"'[0xd4][0xea][0xfc][0x1e]Y[0xc9][0x91][0xd6][0xae]`[0x9e][0xa1]v[0x5]yi=[0xb2]'[0xbf][0x1d][0xcb][\r][0xea][0xdb][0xde]<C}[0xdb][0xcb][0xcb][0xd7][0x1f][0xfa]H[0xef][0xd3][0x1c]i[0xfd]K[0xbe]i[0xfd][0xb]/[0xad][0xdb]{I[0xa4]-7[0xa8][0xbd][0x8e]WL[0x1b][0xa8][0xbd][0xdc]kco[0xee][0xeb]|][0xbe]eH[0x1d][0xb7][0xbc]~[0xb6][0x9c][0xfb]*s;[0xef][0xcb][0xcc]m^[0xb8][0x95][0xa9]wd[0xe5]#[0x89][0xb4][0xe4][0xc8][0xdc][0xd5][0xf9]f[0xee]j^[0x82]w[0xc][0xc4][0x9b]wrd[0x93][0x9a]|[0xb3]I[\r]/s[0xf]t[0xa8][0x8f]rT[0xfc]B[\r]y[0x86][0x1a][0xc][0xb]Nu[0xf5][0x15][0xe9][0x9b][0xca]q[0x81][0xac][0xcf][0xf7][0x2]Y[0xcf][0xb]u[0xdf]B[0xfc][0xe9]R[0x8e]S2[0xdf][0xb4][0xe][0xf2][0xd2]Z~[0xdb][0x11][0x1f][0xb5]W[0xfc][0xce][0x14]'[0x8d]9k[0xcf][0xac][0xd1][0x19][0x96][0xbc][0xf2][0xeb]v[0xa5]G[0x12][0x3][0xb7]X[0x4][0x9a][0xdf][0xda][0xef][0xc0][0xfc][0xe4][0x2][0xbb][0xa4][0x96][0xaa][0xa0]E[0xf]%[0x1c][0xb][0xfa][0xe7])[0xf9]t[0x17]9[0x4][0x94][0x19][0x1c][0x7][0xc9]-[0xea]S[0xa7]u;[0x1c]6[0xcd][0xc5][[0xb7][0x83][0x2][0xb8]A`[0x1b]byA[0xfd][0xb0][0xa1]<[0xda]bn[0x0][0xae][0xa6]ti{=[0x1a][0xdb]\6[0xb4]K[0xd2][0xc6][0xd6][0xb0][0xd5]w[0x3][0xc4]*_8d[0xdc][0xe]`7[0xd2]7[0x0]R[0x8c][0xde][0x4]0[0xb7][0xaa][0xa5][0x1a]1[0xec][0x9][0x9]b[0x19][0x83][0x89][0xb4][0xbe][0x8b]E[0xfa][0xd0][0xc0][0x1]SC[0xd8][0x9b][0xdd][0x81][0x9c][0xe5]C[0xbd][0xea][0xfb]-ydL[0xf7]~&?[0xc4][0x9c][0x0][0x19])[0x90][0xfc]Z[0xd0]/[0xb9][0xdc][0xa2][0x87][0xb1][0xea][0x83]*#[0x11][0xe8]X?[0xa8]r=p[\n]"
2020-11-26 10:40:54 DEBUG wire:72 - http-outgoing-1 << "[0x8e]2[0xf1]^[0x1e]ZVWwu[0x88][0x92][0xae][0x7]+[0x80][0x2]R[0xd0][0x17][0xe][0xb8]$[0x93][0xf7][0xbb][0xca][0xe7][0xbb][0xe3]q[0x7]C[0x16][0xc4][0xe0][0x1d][0x84][0xbe])[0xd2]1[0x11][0xdb]ZP[0xd6]{[0x1d]3[0x86][0xab]N[0xf4]z%OqH[0x12]]uR[0xa0]([0x8][0x4][0xf9][0x83][0x8][0xbc](I9[0x83][0x4][0x3]5=L&f[0xe3][0xa3]S9[0xf3]j[0xd0]U[0xe7][0xf3]y[0x12][0x9b]WAK[0xf]17@[0xcc]m%[0xaf][0xb7][0xcb][0x8d]Q^[0xfe][0xa9][0xaa][\n]"
2020-11-26 10:40:54 DEBUG wire:72 - http-outgoing-1 << "[0x9a][0xf8][0x87][0x5][0xfe]y[0x8a][0xfc][0xe0]U[0xe4][0xdb]?K[0x1f][0xaa][0xe5][0x5]28*[0x8f][0xb4][0xc6]"[0xdd][0x9c]Lc=\[0x10]/[0xb5]_[0x92]t[0xcd][0x93][0x81]^[0xf9]C[0x93][0xc5][0x94]J[0x85][0x3][0xb6]m[0xfc]n[0xbf][0xc1]S[0x6][0xae]N~[0xbc][0xe3]3t[0xb2][0xac][0xc4][0xf6]f[0xe4][0xa6]U[0xe5][0xf5][0x98][0xc5][0x8]X~2u[0xa7]([0xc1][0x19][0xb5]"[0x1d][0x96][0x0]2F][0xbd]&[0xc8][0xbe][0xa9]x[0x10][0xac]u[0x9f][0xff]c8T[0xb][0xe7][0xd9]7[0xae][0xba][0xb0][0xe8]}P[0xe7]v0@[0x93]KJd[0x8f][0xe]SlkZ[0x87]2[0xeb][0xf8][0xa4]rI[0xfa][0xb7]4/k[0xca][0xde][0x98][0xba][0x12]![0xcf]&b[0x91]9[0x18][0x81][0xb9]]p[0xb6]f[0x19][0xaa]Fyr[0x15][0xdf]2[0xd3]N_[0x13][0xd3][0xf6]b[0xcc][0x9b][0xab][0xd5][0xcc][0xf1][0xca]^L[0xac]b[0x86]E,[0xdd][0xf1][\r][0xf3]?W[0xcf]7[0xfa][0xfc][0x8b][0xeb]X[0x1f][0xb8][0xb3][0xc4][0x96][0xfd][0xb3][0x90][0xc7]p[0xe9][0x92]qo$[0x89][0x7][0xb7]T[0xb8]'U=[0xf0]4d[0x15][\n]"
2020-11-26 10:40:54 DEBUG wire:72 - http-outgoing-1 << "<[0xc0][0xd1]nL[0xb0]}w[0xf3][0xea][0x95]?~[0xe3](&9d[0x82]13[0xc1][0xac][0x81]uy|[0xe1]j[0x7][0xe0]fX[0xb9]4[0xd8][0xbd][0xd2][0xbd] ,[0x15][0xd7]._(.[0xad],?^z[0xac][0xa2][0xec]X[0xe5][0xc9][0xf2][0x92][u[0xec]C&[0x84][0xf4][0xac][0x8f]}[0xd2][0xdb][0xcf][0xd2]K[0xf2]Ar[0xec][0xc9][0x4][0xa4]1[0x9d][0xe5](&[0xb2]d$[0xbd][0xe6][0x9d][0xe6]%}[0xd8][0x9d][0xf][0x98][0xc3]n[0x13][0xbc]?].[0xfe][0xe9][0x12]f[0xcf][0xe4][0x8b]EBR0[0x94][0x84]4g@[0xa1][0x1b][0x13][0xa8][0xea][0xce]j,[0xfa]Q[0xfe][0xd0][0xad][0xae][0x8e][0xe4][0xb]V[0xba][0xf4][0xe5][0x85][0x11][0xea][0xfc]&P[0xaf]}w[0xed][0xe8]w[0x95])[0x19]E[0xb6]0;e[0x8]W>@w[0x99][0x0][0xbf]P|[0xe1][0xe8][0xd1]|[0x11][0xf7]~}>[0xf8][0x80][0xf6]b[0x2]Q~[0xb2]F^[\r][0xc5]v[0x1e][0x1f]U[0xa6][0x96][0xd5][0xc5][0xb6][0xf8][0xec][0xa0][0xba]7[0xa0][0xe][0xcc][0xe7]k[0x9e][0xf9][0xeb][0xf3][0x0][0xb5][0xbf]>E,$[0xd3][0xc8][0xf2]E^[0x8f][0xdb][0x1b][0xbe][0x9f][0x7]PY?&h[0xaf][0xc0][0x9d]Xd[0x90][\n]"
2020-11-26 10:40:54 DEBUG wire:72 - http-outgoing-1 << "[0x5]e[0xe5][0xe9]QJ^%[0xfa][0x1e][0xf3][0xe9][0xf6]){[0xeb]}w[0xdd]R[0x90][0x1f]h[0xeb]l77[0x8b][0x0]c[0x9]s[0x80]T[0xc9]1[0xed]O[0xe9][0xc9][0xd2][0x8a][0xca][0x8a][0x8a]c[0x95][0xc7][0x8f][0x9b]Y[0xa6][0xbb]W[0x1e]l![0x9d][0xaf][0xd4][0xdd][0xc1]$[0xd7][0x90][0x8e][0x8f][0xb1][0x9d][0xc9]}"[0x14][0xf0]U[0xf9][0x1c]p[0xb9][0x93][0xe5][0xb0][0xe2]DE[0xc9][0x9]@[0xac][0xf2][0xc4][0xad]//U~y[0xee][0xdb]/[0xcf]_[0xf8][0xf2][0xd2][0x89]/O[0x9c][0xf8][0xf2][0xdc][0xb9]//U|y[0x9e]^[0x9f][0x83]G'[0xcf]y[0xfe][0xd2][0x97][0x97][0x8e]}y[0xae][0xe4][0xcb][0x13][0xc7][0xcb][0xca][0xee][0x97]U[0x98][0x9][0xc0][0xd6]#y2B[0xc6][0x96][0xe8][\n]"
2020-11-26 10:40:54 DEBUG wire:72 - http-outgoing-1 << "[0x85][0x92]4[0xf3][0x80]&t[0xb0]4[0x15][0x8c]e-[0x9a][0xc3][0xe6]Dcx[0xa6][0xf9]AP[0xdf]l7[0xdf]7m[0xa8][0x1b][0x1e]Q[0xdc][0xab][0xa5][0xf3][0xbe][0xfb][0x2][0xbb][0xa0]/[0x1a][0xf6][0xc5][0xcd][0x91]zu[0xd5][0xc9]Gf[0x9f][0x87][0xf1][0x1][0xd3][0xc][0xd9]P[0x16][0xb3]L;[0xe7][0x6]wK[0xda]/[0xe3][0xc7]L_2[0xf6][0xf0][0x85][0xa1]/[0xc3][0xfd][0xcc]][0xd5]U[0xb]UU[0xc6][0xde][0xc4][0xc4][0x13]@[0xba][[0x90][0xee]3[0xb9][0xeb]sW[0x1f])[0xf9][0xba] [0xc5][0x83][0xa4]7[0xf3]J[0xf7]C[0xbc][0xcd]L`e[0xf0]5i[0xb1]2[0xcb][0xb][0xca][0xe2] Y[0xdd]V;^[0x9][0xc2][\r][0x83]-g[0x1c][0xaa]p[0xd5]-][0x1]OyF[0xef][0xdf][\n]"
2020-11-26 10:40:54 DEBUG wire:72 - http-outgoing-1 << "Q[0xc8][0xb4][0xe0][0xc0][0x8d][0x85][0xd8][0xee]"v[\n]"
2020-11-26 10:40:54 DEBUG wire:72 - http-outgoing-1 << "}i!6I[0x8f][0x91][0x16]b[0x13][0xf6]$[0xda][0x87]=[0x10]([0x91]%[0x92][0xa3]0[0x99]>[0xfc][0x90]i[0xb9]b[0xbd][0xff][0xb4][0xae][0xe9]>D[0xad][0xcb][0xa8][0x88]=[0xd4]U[0xc7][0x87][0x6]}[0xe7][0xa1]Q[0xa1]x[0xc8]V[0xbe][0x87][0xfa][0xe2][0xa2]K[0x9]t[0x89]<4[\n]"
2020-11-26 10:40:54 DEBUG wire:72 - http-outgoing-1 << "[0xf0][0x87]f[0xf9][0xf8][0xd0](^[0x80]"[0x9a][0xf4][0xd0]m[0x9f][0xda][0xea][0x82][0xac][0xb6][0xc8][0xbf][0xa2]o[0x82]J[0x11][3\[0xa3][\n]"
2020-11-26 10:40:54 DEBUG wire:72 - http-outgoing-1 << "[0x10][0xe0][0xe1][0xf7][0xac][0x95][0x96][0xb3][0x9d]0E[0xf4]U[0x4][0xf2][0x81]!M[0xab][0xe0][0xec][0xff]7[0xf6][0xea]L[0xb1][0xdb]8[0xc3]m[0x1][0x4][[0xc2][0x0][0x1f]Z([0xbc][0xc0][0xc1][0x90]<[0xfc][0xfe][0xc6][0xc3]d[0x82][0xb5]![0x13][0xbb][0xe0]l[0xfa][0x88][0x9]y[0x82][0x1a]M[0x6][0x3][0xdc][0x9]c[0x85][0x17][0xf2][0x94][0xbc][0xf2][0x2][0x83][0xc9][0x91][0x1f][0x8]5[0x83][0xc1][0x0][0xa2]n[0x8c][0xf0][0xc2][0x88][0xdc]}T[0x83][0xb3][0xa3]M~>Pp[0xd6][0xe2]f[0x9e] [0x16][0xdd]FhE[0xb7][0x3]HM[0x99][0xfd][0x8c][0x5][\n]"
2020-11-26 10:40:54 DEBUG wire:72 - http-outgoing-1 << "[0xce][0xa6][0xdf][0xdb]/[0x9c][0xe][0xcc][0xa3][0x4]`?]~[0x98][0x90][0x1][0x89][0x81]6[0x9a]A[0xf9]![0x1c]3_[0xc][0xa4][0xd3][0xac]"^[0xe2][0x19]eS[0x2]H[0x93][0x1][0x94][0x1f](A[0xb9]6[0x0][0x89][0x1a];/[0x8c][0xba][0xb0]|[0x98]"-Q[0x1f]/[0xb0]R[0xd5][0x8d]/[0xe4]m[0xe8]m5[0xf6]$K[0xa6][0x15][0xbb]0[0xab][0xe6][0xf9][0x82][0xc8][0xd6]4K@t[0xe1][0xa1]^[0xd6][0xa2]@[0xb3][0xbe][0xf2][0x5][0x3][0x8f]}[0x90][0x0][0xc3]c^[0xd1][0x8c][0x1a][0x2][0xb8],F[0x1][0xbf][0x0][0xd7][0xf3][0x14][0x98][0x1d]P`[0x87][0x2][0x97][0xb9][0xa0][0xb3][0xa3]a[0x19]~[0x98][0xa2][0xe5]'[0x90]0[0xbe][0x93]7B[0xf3][0xd8][0x0]:[0x90][0x99]5[0xf1][0x82][0xac]jz[0x8e][0xc0][\n]"
2020-11-26 10:40:54 DEBUG wire:72 - http-outgoing-1 << "[0x16]r[0xb2][0x9a][0x97][0xa2][0xca][0xf0][0x7]2[0xd2]F[0xe9][0xa8].v[0xe2][0x94]5K[0xcd]L[0xcf]9[0x81]E[0xb5][0x99])[0x84]r[0xd7][0xbc][0xda][0xd8][0x8c]ja[0x9a]B([0xfd]R[0x96][0xf4]9[0x1b][0xf6][0xc][0x13][0xfa]`f[0xa5].[0xa3]:g[0xe2][0x95][0xf4][0xd4][0x8a][0xec]Z[0xdc]>[0x97][0x9c]Dm[0x99][0xdf]t[0xd5][0xe1]Yf[0xcc][0xa5]o[0xe][0xf1]z[0x83][0xbc][0x96][0xba][0xea][0xe8]s[0xfc]7Zu[0x1c][0xcb]WMd[0xa6][0x92][0xf9][0xb3][0x12][0xac][0xf9][0x14][0xa4][0x87]Y6[0xd9]ZH[0x16])[[0x9c]\l[0x10]ul[0xcf]R[0xff][0xe5]Ll&2[0x94][0x8c]i[0x6][0xbe]p ([0xdd][0xba]C[0xc9]g[0xb4]itS;!0[0xd5][0xd5]][0xca][0x82][0x5]f)[0xb][0xdf][0xbc]U[0x13][0xb6][0xb4][0xbc]o[0xeb][0x6]w[0xa2][0xa9][0xa5][0x19][0xcf]n[0xa2]![0x8a]o'[0xdc][0x7][0x6][0x6][0xd5]>[0xe3]q[0x17]$[0x80][0xd7][0xdc][0xb3][0x2][0xb]f9E[0x97][0xd2][0xba][0xd3][0xc2]]w[0xd0]][0xe5][0xf6]@-[0x1b][0xad][0x84][0x6][0xb8]34[0x8c]S`[0xe]{[\n]"
2020-11-26 10:40:54 DEBUG wire:72 - http-outgoing-1 << "[0xcc][0x9f]`[0xbc][0x85]9[0x81]6[0xbb][0x80][0xce]-ol[0x10]o|D[0x6]:[0xe8][0x12][0xad][0xec][0xce]i[0xee]=[0x96][0xcb][0x92][0xa4][0x93][0xe9][\r][0xcb][0x88][0xa2]*[0xd1][0xb][0xe0][0x97]b*L[0xf1]Y[0x1]]u[0xc6][0x86][0x9a]oN[0xb0][0x9e][0xea][0x9]4[0x3]yD[0xd3][0x12][0x17][0x1c]s:[0xd8]J[0xe4]mV\[0xca]Rp16[0xe4][0xc3][0xc5]8d[0xd9][0xc3]&[0x9c][0xc][0x17][0xc6]JP[0xbb][0x98]l6[[0xa3]hz#[0x1b][0x8a][0xe5])([0x1a][0x1b][0xe6]<\[0xa9]QD[0xf5][0xa2][0xbf][0x18]![0xf][0x5]$[0x8e][0x84][0x1d]+[0x84]X`QVT*RP1G$[0xf1][0xa0][0xe2]:[0xb0][0x9]fD*[0x16][0xa1]2[0xfc]E"~'[0xb]B[0x95][0x9][0x84][0x10][0x9f]r:*[0xf1][0xa1][0xa9]3U[0x1]V[0x12][0xf][0xbb][0xc9][0xb4]co[0x81][0x9d]D[0xa5]h[0x1e]g[0x16]N[0x6]uuAnn[0x8d]E[0xbb][0x95]h[0xaf][0xf0][0xc7][0xda][0xd0]i+[0xc9][0x8e][0xbf][0x98][0x84]e[0xe][0xb2][0xd8]f_zM[0xc3][0xac][0xb2][0xd5]J[0x88][0xa7][0x14]<4,[0x2][0xbf][0xb5][0x14][0xde][0x97]{QG#[0x93][0x10][0xb6]~[0xe1]7[0x97][0xc1]9!i[0x85][0xc6]![0x16][0xc2]vC[0x94]I[0xf0][0xa6][0xe0]v[0xf8][0xa4]oeI[0x11][0xcf]2[0x93][0x5][0xa5]O$[0xf3]3[0xb5][0xd2][0xc5]/[0xde][0xd7]dF6[0xac][0x0][0x0]+1[0x8c][0xdd]$[0x84][0xb1][0xd5]&[0x0][0x17][0xca][0x96]B9[0xb7][0xa9][0x96][0x93]@[0xd6][0xed]4[0x7]B8e[[0xe1][0x13][\n]"
2020-11-26 10:40:54 DEBUG wire:72 - http-outgoing-1 << "[0xde][0xfc][0xed][0x90][0x1c]r[0xe1][0x9b]3[0xa2][0x6]Tt\?'[0xd1][0xab][0x3][0x9d]I[0xf4][0xa6]0[0xa3][0x16]F|[0xe8][0x4][0xf0][0xb1]J[0xa7][0x2]8[0x15][0xb1]O$[0x80][0xf3]7[0xc5],[0x84][0xb0][0xfe]([0x1b]Z[0x8][0x81][0xbd]*[0x9c][0x1a]O[0x99][0x8b][0xe4][0xcd]}[0x9e][0xe5]$}-[0xf6]99[0xe4][0xaf]E[0xab]O.[0x89][0xf]f'8[0x93]T[0xb6]{[0xf5]7[0x97][0xcf][0xfb]@?;Z[0x9f][0x93][0xac][0xb6][0x0]?[0x93][0xd4][0xce][0xc8][0xc2][0x87]U~W[0x96];[0x95][0xdf][0x99]Q[0xfc]D[0x92][0xfc][0xa0][0x82]5R[0xa5][0xba][0xd5]K[0xd9][0x90]5F[0x9d][0xa7][0x8]x[0xc1][0xac]e[[0x85][0x85][0xe4].[0xeb][0xf7]3gs[0xd4][0xb5]S[0x83]Ex<[0x1e]i[0x8d]>[0xb9][0xac][0xcf]k[0xc]M&[0x11]o[0xf3][0xe6]o.[0xe1]s@:+6[0x9f][0x93]`O[0x87]>[0x93]\[0xcf][0xc4][0xad][0xff]s[0xc4]zF[0xc]?[0x91]T[0xcf]s@[[0xaa]0[0xb7]x'[0x1f][0xba][0xba]E[0xdc]\[0xee][0x82]<[0x97][0xa9][0x99][0x93][0x0]7[0x9f][0xcb][0xc3][0xe5]+17[0xf9][0x14]B;[0x87][0xe8][0x8e][0xb0];[0x93]TN[0xa0][0x83][0x88]|"[0x89][0x9c][\r]#[0xee]yl[0x1e][0x98][0xcf]C[0xe][0x87][0xdd][0x99][0xe4]n[0x2][0x9b][0xc3]'a[0xcb]*[0x9c]JX[0x1d][0x17]&[0x18]c[0x9b][0xdd][0xea][0xce][0xce]o(Ws[0x9a]/[0xe9][0x82][0xd3]<S[0xb2][0xc2][0x1f]vsH[0xcc][0xf4][0xc4]FG[0xa2][0xd2]I[0xd6]eN[0xb2][0xd1][0x18]\[0xc5]![0x17][0xd3][0xe3][0x81]?[0xa1]B[0x9b][0xc7][0xd8][0xe6]L[0x82]3[0x1d]_|S[0x19]o[0xf9]T[0x1a]m[0x8e]Xg@[0xea]P[0xea][0xb3][0xce][0xc7]/[0x93][0x80]MG[0xf5][0xf0][0x89]Z[0x18]@[0x87][0x1][0x16]&[0xd4]?[0x8d][0xbc][0xcd][0xff][0x1c]L[0x17][0xc6][0xe9][0xa3][0x97][0x15]A[0x6][0x8b][0xbd]H[0xb6]H[0xe0][0xce]E}[0xcd]u[0x1e][0xe6]$[0xa6]SbN[0x1d]h[0xb2][0x19][0xa3]U?[0xb9][0xf8][0xce]g[0x10]n&[0xf9][0xad][0xbf]vH[0x84]wN8[[0xe1][0xf3][0x89][0xe4][0xb6]%[0x1a]9[0x8e]Y&[0x99][0x9d]2f[0x87]O`[0x97][0x1d]w[0xaa][0x1b][0xeb](}Za[0x9d][0xcf][0x19][0x97].[0xad]S[0xc6]-+z[0x0][0x89][0xbd][0xa4][0xb6][0xb][0xa1][0xcf]]x[0xe7]6[0xf]st[0x1f]'[0x13][0xbb][0xf8][0x82][0xe5][0xd2][0xb2][0xc3]>[0xa9][0xff]![0xa7][0xac][0xb6][0xcc][0xee][0xe1]T[0xdc]>[0xb5]3"[0x1d]=[0x7]>[0xc5]$2[0x9f][0xb1][0x1e]mD#[0xb3][0x83]8u[0xdc][0xe][0x9f]X>yl?[0x3][0xf8][0xa9][0xdd][0x16]9M3+[0xc7][0xaf][0xe1]i[0xd6][0xed][0xbb]z.oZ[0xbd][0x98][0xdc][0xdc][0x17][0xf6][0xc5]lr[0x92][0xad],S[0xd5][0x81]2[0xac][0xbf][0xfd]I%*V.[0xa0][0x97]I[0x94][0x1a]p[0xff]tjm[0x16][0x9c][0xb8]g!C[0xe4]P[0xca][0xcf]l[0xc3][0x92]IR[0x1a][0x86][0xe5][0xf0][0x89][0xc8]2[0xc7][0xe1]l[0x88][0xeb]'[0x96][0x8d][0xce]&L[0xba]P4[0x8c][0x9][0x87][0x1b][0xc1][0xc5]![0x18][0x8d][0x5][0xca]r[0x93][0x88][0xf6]U[0xd3]r[0x92][0x88][0xd9][0xb2]8[0xed][0xe5][0xe3][0xe5][0x9b]Z[0x83]O/$[0x9d][0xa4][0xb5]"[0xd0][0x19]}[0xb8][0x6][0x94]>[0xb5][0xb6]i[0x89][0x15][0xbf][0xdb]/mp[0xe][0x99][0xc0][0xe4]t[0xfa]142[0xba]l[\r]H[0x1e]>[0x9]z[0xfc][0xe4]~[0x6][0xed]S[0xb]R[0xe7][0x93][0xca][0xc2])k[0x10])Yq[0xc0][0x82]~[0xf6][0xb2][0xd4][0xbe][0xcc]_n[0x12][0x96][0xab]0an[0xe9]p;[0xeb][0xea]b[0x1b][0x96][0xf4][0xe0]q[0xc1]f[0xa9][0x8][0xf2][0xd0][0xd8][0xd7]![0x10][0xbb][0x8e]2[0xf2][0x8d][0xb0]g[0x92][0xbe][0x19][0xdf][0xf9][0x4][0xd2][0xd7][0x1a]9[0xfe][0xd0]~[0x3]*[0x9f][0xb1][0xf8]5[0xa2][0x91]1=#[0x8d]+[0xf][0x9f](>Y[0xb6][0x9f][0x1][0xfc]D[0xe1]_[0xfb][0x9f]hX[0xc3][0xd0]"+[0xc3][0xf0]NV[0x84][0xf0][0xcb]<[0xee]Wcq[0x8d][0xfd]Hb[0xbe]r[0xab][0xb9]m[0x8c]%[0xaa][0x14][0xf1][0xc8][0xe1][0xcc]u[0x8d][0xe][0x81][0xe4][0xcd]S[0xf9][0xa6][0x8c];a[0xe6]&[0x87]C[0x1d][0xb6][0xc4][0x99]W%[0x85][\n]"
2020-11-26 10:40:54 DEBUG wire:72 - http-outgoing-1 << "[0x9f][0xaf]H[0xce]2[0x9e][0x19]w[0xc9]R[0xc6][0xd3][0xf0][0xf2][0xa7][0x17][0xcf]X[0x1]&[0xf7][0xa1][0xd4][0xb0][0xf9][0xc4][0xda]r[0x9e]fd&[0x81]m[0x89]sV<[0x19]@<[0x82][0xdb][0xb6][0xce]rnr<[0x97][0xe9][0x9a][0x93]T[0xcf]T5[0x89]C[0xc8]g/[0xc8][0xf4][0x89]#ym[0xcb]J[0x19][0x98]$[0x1d][0x91]O-[0xad][0xad][0xe0][0xe7][0x9e][0xe1][0xe9][0xe8][0x1c]2I[0xed][0x8]t[0xe3]Q[0xde][0x9f][0x9f][0xb4]MG[0xe8]S[0x8b]ZgS[0x3][0xa5]\:[0x16]6[0xe1][0xba][0xd5]<Jo[0xc6][0x82]m[0xfb][0x8b][0xde][0xb5]G/'Ai[0xac]C[0xc9]J[0x9f]i[0xaf]d[0xae][0xa7]fU[0xb9][0xd2]TM-[0xa7]l[0x89]C!][0xf3][0x97]'q8[0xb4][0xe3][0xfd][0xe5]I|[0xf6]n[0xe2][0xb0][0x1b]QP[0xfa][0x97][0xed][0xf2]'[0xe][0x97]<[0xfe][0xbf]3[0xc2]1[0xfc][0xbf][0xe7]O[0xfc][0xdf][0x9b]?[0xf1]?#y[0xe2][0x10][0x8b][0xd8]<[0xe5]L[0x1c]&[0x91][0xfa]{[0x9e][0x4]O[0x9e][0xc4][0xef][0x19][0x12][0xfb][0xcc][0x90][0xf8][0xe4]b9Clr[0x9e][0x12]![0x8c]H~ZY[0x9c][0xbf]\[0x88][0xb4]q[0xfb]<[0x84][0xf1]~[0xf2]![0xe][0x87]H[0xde]G&[0xc4]'[0xf5];[0xe4]c[0xa6]eI[0x80][0xe0][0xf0]F[0x1c][0xd2][0x4][0x88]C[0x10][0x83]f8[0xa3][0xe0][0xe1][0xff][0xc8]x[0xb4][0x4]R[0x87][0xa3][0x18][0xc3][0xfe]"[0xd2][0xac][0x6][0x88][0xb4][0xb5][0x92][0x95][0xad]C#|[0xf3][0x11][0x93]v[0xe8]S[0xd2][0x9c][0x87][0xa5][0x99][0xb9][0xf0][0xf3][0x8]I3[0x6][0xa0][0xa5][0x8b][0xdf][0x4]F[0xbf][0x7][0xa5][0xf1][0x4][0xa5][0xa5][0xc7][0xc2][0xfc][0x1e]q[0xf6]{[0xc4][0xd9][0xe1][0x8b]8;[0x1c][0xf2]u[0xb1]f[0xbf]G[0x99]}[0xe6]Qf[0x7][0x16][0x8f][0xf0]{$[0xc2]a[0x88]D[0xf8][0xc]Ek[0xf6][0xdd][0xfc]C[0xa5][0x9f][0xfe][0xf][\r]O[0xe0]M[0xae][0xce][0x16]T`[0x13][0xd4][0x80][0xef][0x1c]|P[0xc3][0xe1][0x8a]iH?[0x7][0x93][0xfb][0x84]!c[0xa3]Dp[0xc3][0xc1][0x8b]X[0xab]Sw[0x8c][0xe7][0xf2][0x89]U[0xbe]p[0x88][0xeb]p>#;[0xa4]!DZ[0xe7]I[0xff][0xb][0x8d][0x1d][0xc][0xdf]I[0xba]qj[0xdc][0x1e][0xca][0x1a][0x8c]C[0x18][0xbb][0x94][0x9c][0xd0][0xfe][0x94]T[0x94]VT[0x96][0x95][0x1d];QQ[0x92]:AX[0xd7][0xca]J#[0x1d][0x9e][0x9c][0xcb][0xc1][0x98][0xb0][\r][0x86][0xc2][0xd5][\r][0x85][0xf7][0xa8][0x4]([0xc][0x7][0x8b][0xef][0xd5]5[0x14][0xe2][0x1d]1T[0xe8]z[0x10]t9:[0xa4]0[0x9d][0x8]r[0xf7][0x84]2<E[0xe1]U^O[0x9b],t[0xe3][0xfd][0x9c]IT^Zv[0xec][0xd8][0xf1]T[0xa1]h[0xe8]:[0x8f]$[0xa2]z[0xe5]m_`[0x9f][0xe4][0xb8]|[0x13]~m[0x8e][0xcb]O[0xb6][0xc8][0xc0]`v[0xfe]1[0xbe][0x89][0x93]q[0x1f][0x84][0xaa](?YR[0x99]B([0xe3][0x7]r?[0xaf]*[0x9d]P!It[0xd5][0xb9][0xbd][0xb5][0x85][0xae]:1 [0xba]BR[0xc0][0x1d][0xc][0xb9]][0xc1][0xfd]O)[0xba]0[0x80][0xa2][0xdb][0xb9][0xa5]v[0xbe][0xcd][0x9d][0x18][0x15][0xe5]'[0xca]JS5[0x1d]c[0xd7][0xf6][0xc4][0xb0][0xa1][0xc3]>[0xb9]D[0xdd][0x9b][0x0][0xe1][0xa1][0x9d])lLM4[0xdc][0xcf][0x1d][0xfd][0xca][0x8a]c'[\r][0x93]&[0xa3]pO91T[[0xa1][0xfe][0xf7][0xff][0xfa][0x82][0xfe]'q[0x97]]3w[0x6]3@[0xc8][0xea][0xb6][0xda][0xf1]J[0x10].[0xc1][0x12] [0xb0][0xc7][0x86]7[0x8d][0x87][0x8e][0xd6][0x88][0xa1][0xba][~[0xfa]OA[0xa2][0x97][0xa4][0xf8]f[0x12]?[0x98]"[0xbd]=[0xee][0xb2]t[0xaa]WU[0x5]M[0xba]K[0x88]>[0x15][0xab][0xb][0xcb][0x8f][0x97][0x96]W[0x94][0x15][0x96][0x16][0x96][0xb2][0x85][0xee]_[0x83][0x9c][0xfb]TV+7[0x0]jR[0x8d][0x13][0x9a][0xca][0x12][0x99][0xd8][0xd1][0x14]06([0xf2]pT[0x19][0x99]?#[0xd5][0x9f]%[0x3]-P6[0x9f]>[^[0x88]mM[0xff]wc[0x13][0x15]H[0xf2][0xfb]([0xbd][0x88][0xed][0xf4]'[0x8]IV[0xf6][0xb0][0x9][0xd5]G[0xe3][0x13]m[0xf1][0xe1][0x85]3[0xc5][0xb4]qv[0xe6][0xf3][0xb8]K[0xad]y/9[0xfa][0x89][0x5][0xdf][0xeb][0xf6]JA[0xc9][0xeb][0xf6][0x5][0xc]k~^HQ[0x96]B[0x8a][0xa9]-[0xd2][0x1a][0x8d][0xbf][0x1e]U"[0x8b]Z[0xec]z[0xe2][0xb0]b[0xa0][0xc6][0xc9][0xd8][0xe6]+y[0xb2][0x3]u[0x8b]_[0xb7]{[0xd4][0x99][0x1e]*vp[0xb1]O[0xd0]B~[0xb2]&O[0xb7][0x93][0xf6]6.[0x12][0x94][0xb][0xd2]][0xd1][0x13][0x16]Cn[0x9f][0xb7]*[0xe4]5[0x10][0x4][0xce]U[0xc][0xba][0x2]n[0xe8][0xd4][0xe9]T<[0xed][0xf1]*O[0xc1]krI[0x89][0xec][0xb1]m[0xf5][0x16]@D[0x1e]Z[0x8e]E[0x87][0xc9][0xe6]Blg[0x9a][0xde][0x8d]m6[0xd2][0xc9][0xe3]W[0x14]?}L[0xd9],[0x90]'[0x12][0x9b][0x9];[0xd3]\[0x8]U0[0x14][0x12][0xca][0xb][0x1b][0xc9][.[0x8f][0xdb]u[0xa7][0x80][0xb]/[0x84]v[0xbb]Q[0xe9]_[0x6]K[0xb5]c([0xa1]'[0xda]!\a[0x92][0x2]Bv[0xbe][0xa2][0xd2][0x9c]*[0x97][0x9e][0xe2][0x1a][0xfa]Q4z[0x18]3[0xa5]rOB[0x9e]v[0xc][0xaa][0xb]Mr[0xd7]<[0x19][0xe8][0xcd][0x1d][0x9c]\I[0x92][0xd4][0x96][0xc8][0xe0][0xa8]<[0xd2][0x1a][0x8b]t[0x1f][0x8]M[0xbc][0xd2][0xbd] [0xed][0xa7][0xf4]xIiIyq[0xe9]q*_K[0xca][0xca][0xcb][0xa9]N[0x12][0xe4][0x9d]mIP[0xa9][0xe5][0x13][0x8b]n[0xc8][0xd3][0xdb][0xb9][0x81]j[0xc5]X[0x95][0xfb]c[0xac][0xa4]wlm[0x9d][0xce]Y[0xf5][0xc9]+[0xf5]C[0x8b][0xb5][0x81][0x93][0x80])U[0xc9][0xc0][0x96][0x89][0xf9][0x81]=XM[0x7]\lRV[0xc][0xc3][0x15][0x2][0xa9][0xba][0xf4][0x84][0xeb][0x1][0xfd][0xf8][0xed]`[0xb1][0x18][0x8][0xa0][0xc5]Zt[0x1b][0xe]0/[0xc6][0x17][0x8d][0x8d]p[0x81]).[0x8e]/<[0x89][0xcf]|[0xa8][0x2].[0xe][0xb0][[0xff]\$[0xde][0x16][0xef][0x1f][0xf9];.@[0xe1][0x80][0xe7][0x94]P[0x0]CzO[0xaa][0x82]?[0xfe]:[0x1f][0x95][0xa0][0x1e]w[0xb5]T\[0xe7][0xab][0x97][0xfc][0x14]O[0xfa][\r][0x9f][0xb7][0xe0]O[0xd8] [0xd4][0xe0][0x97]h[0x8b]?_[0xba][0x99][0xb8][0x13][0xc][0xbb]\R0xJ[0xa8][0x9]{] [0x9d][0x8e]$[0x1a]V[0x8b]![0xf1]k[0xed]C_[0xdc][0x15][0x3][0x2]<[0x80][0x9b][0xc2]7BA[0xc1]i[0xed][0x81][0xf1][0xed][0xa2][0xa0]/[0x10]:[0xa2]w$[0xfe][0xa9]Jo[0xff]E@[\n]"
2020-11-26 10:40:54 DEBUG wire:72 - http-outgoing-1 << "[0x85][0x3]^[0xe1][0xa2][0x18][0x92][0x8a][0xfc]t[0xa9][0x94][0x8e]T[0x15][0xf9][0x2][0xd5]R[0xe0][0x96]7\_%[0x5][0xbe][0x16][\n]"
2020-11-26 10:40:54 DEBUG wire:72 - http-outgoing-1 << "[0x8d][0xf]E[0xf3][0xc3][0xd3][0xc5][0xc5][0xa4]q[0x88]D[0xfa][0xb5][0xee][0xfe][0xf1][0xf5][0xe9][0x14][0xc0]<[0x92][0x97][0xc2]e[0x82][0x86][0xde][0xaa][0xa5][0x16][0x98][0xe1]Ej[0x91]QV[0xfb]F[0xf8][0xea][0xab][0xc4][0xdd][0x1a]_[0xe0]H[0xa2][0xb][0xf7]7%[0xa7][0xd9][0xdf]3Z[0x87][0xf8][0xeb][0xe8][0xd1]$[0x16][0xee][0x1a][0x13]y[0xfe]_[0xf6][0xc2][0xff])[0xf2][0xbb]][0xb7][0xe8]X[0x8][0xdf]P[0xca][0x98][0xd8]3[0xd9][0xf2][0xb][0x9d]zG[0xe9][0xf7][0x81][0xe3]5c[0xb1]Jt[0xdd][0xa9][\r][0xf8][0xc2][0xde][0xea]S[0xc2]WG[0xad]z[0xaf][0xaa][0xbd][0xe5][0xf2]y|[0x81][0xa3]_[0x81][0xe9]hPH<[0xee][n[0xe3]Rb[0xdd]\[0x3][0xee][0xe8]W[0x5][0x96][0xb3][0xca]8g[0xb5][0x89][0x1]"[0x82][0xf1][0x90]u[0x87][0xec]-[0xa6][0x8]A[0x9f][0xc5][0x9a]m[0xf]l[0xcf]f[0x86]N[0xdb]/[0xfe]!y[0x82][0xd2][0xe1][0xa2]@[0x16][0xc5]![0xdf][0xc8]'.[0x90][0xe9]4[0x9c][0xcf]Z[0xf7][0xca][0x2][0xe7][0xbc][0xa1][0xa3]_[0x99];I[0xf4][0xf1][0xcf]G[\n]"
2020-11-26 10:40:54 DEBUG wire:72 - http-outgoing-1 << "[0x8a][0x18]P[0xe7]}[0xf7][0x85][0xa2][0xba]j![0xec])[0xf8][0x9a])GGX[0xef][0xfa]l[0x80][0x17]QZ[0x8]EU[0xc6][0xd7][0x12][0xb4]O[0xbc][0x89]=k[0xd3][0xc8],[0x81][0xc][0xe4][0xad][0xf2][0xdd][0xbf][0x85][0x9e][0xc3][0x7][0xf7][0xb][0xd2][0x15]b[0xf0][0xdc][0x4]te[0xd8][0xf0] [0xd1][0xe6]V[0xc8][0xe7]O<[0xff][0xe2]L][0x99][0xa6][0x9f]([0xcb][0xc3][0xca][0x13]j[0xbf][0xd1][0x1b][0x89]g[0x86][0xc6][0xf5]"[0xc]i[0x82]zg[0x98][0x90][0xd5]8[0x8][0x8]x[0xc6][0x9f][0x81][0x8d]-[0x15][0xaa][0xb3][0xf1][0x89][0x8f]d*[0xa2][0xcc]4[0xca][0xa3][0xab]d`[0x1][0x95][0x1c]Tr[0x95][0xed]'L[0xbd][0x9b][0xc2]1[0xf4]kZIb)s[0xf6][0x1d]T[0xaa]4ej[0xf2][0x95][0xfc]l^[0x9e][0xec]$[0xf3];[0xca]x[0xb]$h[0xae][0x8f][0xe4][0xeb];[0xa8][0x1f][0xac][0x8e][0x80]B:[0xd0]G[0xb6][0xde][0x91]g[0xed][0xb8]F[0x1][0x86]s[0xe3]dm0[0xf3][0xa7]l[0xf4]pM7[0xa0]v[0xd7][0xf1][0xb2]2[0xd0][\r]*[0xcb][0xca][0x8e]WR[0xe5] S@{l3[0x12][0x8b]6[0xc6][0xb6]:[0xe4][0xbe]%[0xb5]w[0x0][0x82][0x18][0x9e]w[0xc7][0x9f][0xcd][0xca]}[0x1d]F p[0xc1]4[\r]"7$'JK[0x8a]K[0x8f][0x95]T[0x96][0x94][0x95][0x96]W[0x1e]?[0x9e][0x9][0x12]J[0x97][0xcb]7[0xa9][0xaa][0xae]CDU90;g[0xb6][0x94][0x89][0x95][0x84]"[0xbf]o[0xb2]0`*+N[0x94][0x9c]<^z[0xbc][0xbc],[0x13]0[0xff][0xd5]8[0xa9]LN[0xfd]W[0xe3]3[0xe3][0xe7][0xc9][0xea][0x96][0xdc][0xb9]K[0xed][0xc][0xd8][0xae][0xa3][0xbc]A[0x19]&2A6WH[0xd7][0xcb]|[0xc]XyIq[0xc9][0xc9][0xf2][0x92][0xb2][0x8a]c[0xc7]JK2Ri[0xad]_[0x19][0xdb]![0xb][0x8f]b;#[0xea][0xee][0x12][0xe9]xMA5[0x2]Ia[0xde]7$[0xa5]'[0x8b]KO[0x96]Q2U[0x94][0x96][0x9c][0xb0][0xe5][0x1c][0x18]'fXiFW&[0xbe][0xd1][0xd4][0xad]/[0xd2]Ly[0x83][0xb1]n[0xa5][0x85]QK_[0xdd][0xa3]SrJi^[0x8e]?][0xc2][0xe0]6[0xd2][0xfa][0x86][0x1a][0x1f][0x14]e[0xe6][0xf6]5[0xcb][0x1f][0x9f]_[0xf2][0xde][0xa2][0x92][0xcf][0x89][0xc0][0x3]AYWm[0x14]u[0x89][0xc5][0xad][0x86]J[0xf6][0xc2][0xa0][0xfb][0x1]U[0xbb][0xca]N[0xf8][0xef][0x9f]6.9[0x96][0x84]Lq[0xc2][0xfb][0xee][0xd7]U{[0xa4][0x9a][0x10][0x9e][0x82][0x97][0xfc][0x1c][0xde]-8[0x9b][0x5]7[0xe7][0x1f][\n]"
2020-11-26 10:40:54 DEBUG wire:86 - http-outgoing-1 << "[0xb8]k[0xeb],[0xbe][0xc4]n[0x83][0xa2][0xaa][0xb]l[0xd3][0x0][0xa4][0xd0][0x81][0xae]eIB[0xd8]l[0xdc][0x0][0xad][0xd3][0xbd]L[0x86][0x81][0xa8][0xf7][0x5][0xa4][0x82][0xb3][0xd4]:[0xa5][0x92][\r][0xd8]"[0xd1][0xaf][0x95][0xe7][0x5][0xf9]Dg[0x11][0x9d]][0xec]8$[0x9f][0xb][0x1e]][0x8e]S[0xbc]d0"+[0xfa]V[0x81]<[0x19][0x91][0x9f]k[0xae][0x16]+v[0xf1][0x8b][0xd5][0xd5][0xe0][0x87][0xa4][0xb]'e[0x98][0x12][0xc6]0[0xa6]-3[0xcd][\r][0xda]K[0x6]z`i[0x99][0xea]#[0x9b][0x8f][0xa8][0xd8]S&6[0xf1][0xe]:[0x5][0xc9][0xe3]&[0xf5][0xfd][0x92][0xbe][0xf7][0xc2][0xb9][0xd0]f")[0x8a][0xec]L[0xa6][0x1d][0xe2]Nu,[0xcd][0xdd][0x84][0xd6]W[0xcf][0xd3]X[0xe4]M[0x2]kp5Q|A][0xf2][0x9f][0xc5]G[0x88][0x14][0x9b][0xe5])[0xf4][0xaf][0x17][0x83]w[0x84][0x8c]*[0xaa][0xd5][0xb7][0xa1][0x85][0xee][0x7][0xf1]kn[0x5]2[0xb4][0xa4][0xae][0xce][0xa2][0x18][0xd1][0xd5]3[0xa7][0x18][0x9d]4[0xa2]4[0xf7]R~?[0xaf][0xf][0xa4][0x16]:[0x82]_d[0x8f]>[0xb][0x94][0xca][0xc][0x18][0xc5]6[0xbb][0xe4][0xf][0x1b]f[0xd6][0xd4]>[0x88][0x8f]>[0xb][0x8c][0xca][0x8d]c[0xb4][0xb5]G6[0x9e]'0[0xa2][0x1f]H|[0x8d][0xdd][0xff],[0xd0][0xa9]0[0xa0]#o[0xac][0x93][0xc9]w[0x96][0xb3][0x8][0x1f]}[0x16][0x18]U[0x1a]1[0xa2]8[0xac]wZN"|[0xf4]Y`t[0xcc][0x80]Q[0xbc]y[0xd0][0xc0]r[0xa6]I[0x84][0x8f]>[0xb][0x8c][0x8e][0x1b]0R[0xe7][0xf7][0xc8]Jg[0xfa]$[0xc2][0xfb][0x9f][0x5]:'[0x8c][0x3]4[0xb2]'[0xbf][0x1d][0xb3][0x9c]D[0xf8][0xe8][0xb3][0xc0][0xc8][0xb8][0x12][0xc9][0x1f][0xfa]H[0xef]S[0xeb]I[0xc4][0x1e]}[0x16][0x18][0x95][0x96][0x18][0x7][0xa9][0xbd][0x97]D[0xda][0xac]g[0x11]{[0xf4]y[0xa0]dR[0x81]z[0x8d]*[0x90]a-[0xea][0xfd]|[0xf4][0x1f][0xa3][0xb6] ?[6[0x8]:[0xf3]b[0xc4][0x1e]}[0x1e]([0x19][0xd5][0x5]e[0xea][0x1d]Y[0xf9]H"-[0x96]sI[0xfa]y fR[0x1c]:[0x6][0xe2][0xcd];[0x96][0xd3][0x9][0x1f]}[0x1e]([0x19]5[0x7]2[0xd0][0xa1]>[0x9a][0xb7][0x98]N[0xec][0xfe][0xe7][0x81][0xcf]1[0x93]9[0xf1][0x8a][0xf4]MY[0xe][0x11]>[0xfa]<P2*[0xe][0xa4]o![0xfe]t[0xc9]b[0x88][0xd8][0xfd][0xcf][0x3][0x1f][0xa3][0xe6] [0xbf][0xed][0x88][0x8f]fP[0xbf][0xd9][0xa3]O[0x8f][0x92][0xed][0x96]N&3[0xb0][0xc4][0xf8]-[0xf6][0x15]t[0xb2] J[0xf9]s[0xbf][0xa5]:[0x87][0xc2][0x81][0x80][0xdb][0x15][0xf6][0x84][0xeb]S[0xdc]$[0xe6]BQ[0xb1][0xcd]e[0xb2][0xd7]l[0xe1][0x81]1;[0xda]`K!#[0xae][0xf6][0xae]3[0xc3][0xa7][0xb2][0xf7][0xc2][0xef][0x17][0xa3][0xea]Jc[0xa7][0xdc][0xfd]2[0x81][0xe][0x4][0x8f]h[0x9f][0x89]PE[0x86]~,[0xb6][0xd5]M/[0xc0]S[0xcd][0xf0]&[0x93]K[0x18]][0xa2][0xf4][0xb5][0x93]V[0xf0][0xa3][0x93][0xf6][0x88][0xfc][0xf4]#UMi[0x13][0xcd]'[0xaa][0x8c][0xb7]X[0xc6][0xaa][0xe8][0x1]*[0xb1][0xe8]<[0x19]\[0xa2][\r]H[0xef]Hl[0xa7][0x97][0xe]%[0xb8][0xe2];{[0xe5][0xb7]{[0x10][0xca][0xd3][0xbc][0xac]<[0xda][0x92][0xbb][0x1a][0xe5][0xc9]U[0xdc][0xd6][0x96][0xa3]3[0xea][0xc7]w[0xb1][0xed]&[0xd8]EX[0xdd][0x82][0xde]"[0xfd]dp[0x14][0x1c]H[0xec]5[0x8][0x84]X[0x7][0xc7][0x92][0xbc][0xda][0xf]Q#o[0xb4][0xe3][0x8a]Io;[0x5][0x83]. [0xb1][0xed]q[0xba][0x92][0xd0]/"
2020-11-26 10:40:54 DEBUG wire:72 - http-outgoing-1 << ""[0xf4][0xda][0xc9][0xa7][0xc3][[0xf1]g/[0x1][0xda][0x17]}d`P[0x9e]n[0xff]u[0xbb][0x9]X)[XU[0x92]%[0x8c][0xdb]E[0x19][0xdd]n[0xd9][0x1c]U[0x86][0x9]A[0xbb][0xba][0x5];'[0x2][0xbd][0xf0]y%[0x81]~[0xa5][0xe0][0xec][0xf7][0xf4][0xc6][0xa5]Kf[0xc7][0xb6][0x89][0xc9][0xcd][0xed][0xef]IU[0x5]g[0xbf][0xbb]y[0xf5][0xca][0x1f][0x91]j[0xdf][0xdf]8Ji[0xaa][0xbc]^[0xe5][0xee][0x81][0x9d]z[0xaf][0x81]P@[0xe5][0xfa][0xa2]<[0xb2]&[0xf7][0xae]p[0xb7][0xf7]7[0x84][0xea][0xc0][0x9d]z[0x8d][0xfd]=[0xaa][\r][0x1e][0xeb][0x3]|[0x88][0xcf][0x7][0xb8]{[0x12][0xdd]:[0x18]P[0x9]tc[0x1e]+xj[0xf9][0x86][0xbc][0xbd][0x84][0x93][0xbd][0x18][0xcb]&[0xf1]6[0x87][0xf2][0x1c]z[0x7][0xa6][0x12] [0xbc]=[0xdc][0xaf][0xa7][0x13].5g[0x1d][0xc9][0x92][0x9a][0xb9][0xce]M[0xe3]z[0x3]e[0xc][0x87]Qq[0x8f][0xb1][0xde][0x1c][0x8f]l[0xe1]m[0xc7][0xf2]4[0xb][0xce][0x9a][0xd3]@[0x11][0x15]s2h[0xe6][0xe]![0x8a]1[0xa5]WLQ[0xd2]A2[0xa5]>[0xa5]u$h[0xdb][0x1f][0x16][0xd0][0xb1]B[0xac][0xb4][0xbd][0xb9][0xce]+[0x82]g[0xaa][0xf6][0xea][0x8]:[0x88][0xe8]/H[0xf8][0xba][0xab][0xdd]A[0xbf]Gl8%x)[0xa8][0xa7][0xb][0xce][0x1a]S[0x8][0xb4][0xf][0x19][0x13][0x9][0xb2]Ao[0xe7][0xed][0xcf]$p\[0x92]7s0[0xa7][0x95][0x1f][0x9f][0xcc][0xef][0x90][0xfe][0x17][0xca][0xec]`[0x8a][0xe2]f[0x8e]b[0xa2][0xdd][0xa2][0xf0][0x1][0xa9][0x93][0xe8][0x6][0x84][0x8f]e[0x95][0x1][0xb3][0x94]K[0xdd]2[0x81]~[0x8c]u[0x14][0xe0][0xb7]$9[0xab]c[0x92][0x0][0xf6][0xe1][0xed]T[0x18],[0xd7][0xbc]$[0x81][0xee][0xba][0xab]%[0x1f].|[0xc5][0x89][0xbc][0xf][0xcc][0xf7]@Q[0x8a][0xbd][0xe0][0xc6][0x8c]5[0x89]=[0xbe]Z[0x9f]>[0xe2][0xf5][0x14]B[0xb7][0x17]77[\n]"
2020-11-26 10:40:54 DEBUG wire:72 - http-outgoing-1 << "[\r][0xbb]a[0xc][0xc8]$lZf[0xa0]%l[0xf0][0xd6]-[0x88][0xda]J@[0xa5][0x7][0xfb][0x82].[0x90][0x9d]v[0xe9]$[0xd2][0x16][0x4][0xd8]o[0xd4]6V[0x9e](#=[0xca][0x9b]7t[0xcd][0xc3][0xf0][0x0]uuY]j[0x84][0x85][0xb0]c0[0x16]}[0x3]k[0xdb]H;[0xc6][0xc9]R[0x18][0xcd];,:(iam[0xc0][0x10][0xb0][0x9a]$x[0x81]^[0xe3]J[0x92][0x3]C[0xd0][0xb6]F~[0xa0]?sd[0x86]$[0x10][0xe9][0x5][0xea]s[0xe6][0xb][0xb6]\[0x8a][0xf5][0xfe][0xd3][0xfa]b[0xc9][0xc9]#[0x6][0x8][0xad][0xa9]c[0x9][0x12]}[0x95][0x9b][0x1b][0xcc][0x84]K'Q:[0xe8]I[0xc6]P[0x17][0xda][0x94][0x89]'[0xa4][0x95]Z1[0x1d]G[0xe9][0x1f][0xfa][0x90][0xf2][0x4][0x86][0x11][0x93][0x95][0xe7]r[0xc7](y[0xde][0x8d][0xfa][0x94]<[0xbd]I[0x15]J*,[0xe5][0xce]^'[0xfc][0xc1]t[0x85]d[0xa6]lBW[0xc8][0x81]CXOF[0x1e]a7[0x9c]q[0x89]v:[0xa3]Q[0xf4]% [0xda]/[0x8b][0xa4]t[0xe4][0x84]3R[0xa8][0xc2]LLK0[0x0]an[0xc6]H[0xa5][0x97]E[0xdc][0x84][0xae][0xb9][0xe9][0x1c][0xa1][0xbc][0x1e][0xa3][0xba];][0xb8])+[0xc8][0x8f]{[0xe5][0xbe][0xc5][0xd8]f;[0xe9]mN[0xbc][0xc7]?[0xf0][0x9a][0x92][0x97][0x18]y[0xd4][0xf5][0x1e][0x1a][0xb5][0xbc][0x1c]x[0x0];52[0x1][0xde][0xc9][0x85][0xb][0xb0][0xe5][0xd1][0x8c][0x10][0xe5][0xcc][0x9][0xd7][0xd2];v[0xce][0x13][0x8][0x9d]=@[0xf8][0x1e]7S[0xa4][0x11]0[0x9d]N[0x16][0xe0][0x1b][0x97][0x92]v[0xaa]9[0xa5],"[0x16]-H[0xd7]K[0x8][0xce][0xef][0xeb][0xa1][0x1c][0x84][0x81]cNxG4[0x1e][0xea][0x9c][0xaa][0xd6][0xe7][0xc0]6[0xa2][0xdb][0xc8]2[0xa2];'[0xa1][0x91][0x1d][0x90][0x9c][0xb9]%[0xbd][0xdf][0x83]c[0x16][0xd1][0xcd][0xcd](&[0x92]Y[0x4]:[0xa5][[:[0x8f][0xc4]g"[0xa4]kOm[0x84][0xa8]5j[0xa7][0x9f][0xbb]L:& [0xaf][0x84][0xb1][0x81][0xbe][0xbe]X[0xd0]SOVq[0xc0]*ac5[0xed],'[0x16][0xd8]h[0x1f][0x96][0x89];[0x1c][0xb5]o[0xd3][0xcb][0xf8][0xee][0x97][0x1f][0xc][0x16][0xa8]sF[0xb0]$[0x81]%(a~V[0x8]gg[0x5]S[0xa5]a[0xd1][0x94][0x8a]$O[0xbc][0xd7][0x98]|s[0x9c]t[0xcd]@hO[0xeb]R[0xfc][0xf1][0xae][0xba][0xb1][0xca]Z)[0x93]S[0x1a][0xbc][0xce][0x6][0x1d],n[0xfe][0xd2][0xc0][0xd9][0x87]~[0xff][0x95]m[0xd3]k[0xe6]G2[0x18]{t[0xce][\n]"
2020-11-26 10:40:54 DEBUG wire:72 - http-outgoing-1 << "[0xce][0xe0][0x1][0xac][0xb9][0x19]"[0x85]d[0x16][0xe9][0xeb][0xa6]:[0xa8][0xba][0xb6][0xc9][0xee][0xaa][0xef][0x97][0xe2][0xed][0xfd][0xe0][0x92][0xeb][0xed]%[0xbd][0xaf][0xd5][0xc6]V'#[0xf][0x9e][0x92][0xc]u[0x5][0x1f][0xa6][0x94][0xfa][0xcb][0x81][0x17][0xf6][Y3c[0xf1]Ac[0xb9][0x8c][0xdc][0x19][0xc2][0xa6][0xaa][0xa1]s[0x1e][0xc9][0x8][0xa9]=[0xc3]P[0xda]p[0xf3][0x8b][0x89][0xac][0xe9][0xf4][0xb3]-[0xd6][0x98]` [0xb9][0xf3]q[0xbc]qZn[0x84][0x1e]-2[0xd4][0xa3][0xc]/[0xc9][0x1d][0x1b][0xc0]Lz[0xa1]9j[0xcc][0xcc]t`Kp[0xed]8[0xd1]X[\r][0xde]{[0x83][0xcb],o[0xcb][0x89][0xfd]Y[0xee][0xe9]:G[0x6]0[0xf6][0xa1]m${t[0xce]/[0xce][0xe0][0xf1][0xd7][0xf3][0xab][0xa5][0xf5]6[0xda][0x86][0xc1][0x83][0x99][0xd4]E[0xd9][0xdd][0xd8]V[0xb7][0xd2][0xf1][0x11]v[0xb]"Cj[0xd3][0xb0][0xb2]3[0x88][0xf7][0xd5][0xc5][0x16][0xd2]1[0xe4]paq[0xe9][0x1c][0x90][0xe9][0xc4][0xfb]\[0x6][0xde][0xfe][0xc8][0xea][0x1c][0xf][0xde][0xe6][0x19]q[0xc3])[0xf1]N[0x86][0x9a][0x17][0x2]~s4[0xeb][0x8]k[0xe7][0x82]'[0x86][0xf6][0x82]2<EM[\r][0xa5][0xf3][0xa5][0x80][0xb6][0x6][0x1d]ey[0xf2][\r][0x1d][0xe5][0xf8][0xc8][0x9e][0xba]7y[0xf9][0xa6][0xda][0xc4][0x92][0x97]Y[0x12][\n]"
2020-11-26 10:40:54 DEBUG wire:72 - http-outgoing-1 << "[0xb8][0xaf][0xd8][0xfe][0x94][0x93][0xa1]FGub[0xb8][0xaf]$[0x8b][0xa7][0xea]jh[0xde][0xc6][0x9f][0xab]va[0x92][0xf4]YJ([0xe6][0x87]%[0xb2]|[0xc0]9[0xa3][0xec][0xb]ZF[0x19]n[0x16][0xc2][0x1a][0x94][0xd9][0xd8](k[0xf5]I[0xb3]n[0xaa][0xb9][0xb5]&{[0xa9]bJ[0xc6][0x96][0xc8]J'8[0xc0][0x96][0xde][0x91][0x95]qX=fX[0xd8]y_[0x8f][0xda][0xf1][0xc1]VEI[0xd9][0x12][0x0][0xee][0xc2][\r][0x8b],E#[0xf3][0xc0]V|u[0xdb][0x8c][0xa5]^[0x92][0xbb]&GS[0x8e]S[0xde][0xb7]jb[0xe8];[0x7]=$G[0xc8][0x90][0x2][0xdc][0xfc][0xa3][0x95][0xd6][0xcb][0xc6]@[0xe6][0xa2]z:[0xc7][0xb0][0xcc]:[0xe3]30cW[0xb7][0xe5][0xed]a[0xe5][0xed].[0xd9]y[0x9][0x85][0xd9][0x86][0xa7][0xb2]pIZ%&`[0x12][0xdc][0x8d][0xe2]>eu_[0xcc][0xc2]s&c[0x96]#B[\r][0xc0][0xec][0x9b]U[0xec][0xba]v[0xc4]9[0xb9][0xc1][0xc9][0xa8][0xc1][0xcd]7x|dV[0xb6][0xc9]vp[0xa4][0xce]E]/[0xe5][0xbe][0xa5]?z[0xaa][0x9][0xfb]N[0x83][0xc2]:[0x15]![0xd1][0xc8][0x1f][0x3][0xec]7[0xec][0xc5]0[0xf5][0xf6][0xdc][0xe5][0xa3][0xd7]<[0xee]&f[0x1d]R][0x86]J)[0x83]j[0xe3][0xd4][0xff][0x8e]{[0x93][0xce]j*[0xe6][0xe6]+[0xd9]_e[0xc4][0xfc]8O[0xb2][0xf7][0xeb][0x84][0xb1]r[0x81][0x10]h[0x90][0x91][0xa9]2[0x96][0x92]3[0x9b]6[0xf8][0x88][0xae]=[0xe9][0x5][0xed]luY[0xad]N[0x90][0xb1]>[0x90][0xfd]f1[0xdb][0x10]7[0xd4][0xf][0xc2][0xcd][0xc3][0xe4].tjn[0x15]U[0x9c][0x82]![0x81]mX[0xb2]+[0xda][0x15][0xbb]HF[0xb2][0x18][0x1a][0xc0][0x83][ueB"[0xa4][0x5][0x8][0x1][0x1f][0x10][0xd8][0x9]|[0x99]B[0x12]Q[0xab]X[0x87][0xc6][0x90][0xe6][0xc5][0x16]Z[0xce][0x84][0xcd]ce[0xe5][0xc5][0xa5][0xc7]*[0x8f][0x95]VV[0x9e]8V[0xc1][0x93][0xb0][0x89][0x91]?[0x96]pi[0xe9][0x9b][0xa6][0xbd][0xf9]d[0xb4]X:[0xca]~[0xb7]+K[0xbc][0x1a][0xbc][0xc2]6q[0x13][0xc1]jY[0xfb][0xa2][0x3]$[0xa4][0x85][0x4][0xa5][0xbe][0xc4]b[0xbf][0xac]c[0xcf][0xc][0xdb][0xe3]l[0x86]#[0x93]@[0xdc][0xa0][0xcd][0x9e]<V[0xa9][0xf8][0xa6]4=[0x95]1cy[0x92][0xd4][0x9d][0xf8]l[0xa5]A[\r]<hQ[0xd6][0xc9][0xa2]B[0xa8][0xb9][0xb6][0x8a][0xa1][0xb2]b[0xa2] [0xe][0xab]w&[0x5]p[0xac][0xff] bLA61[0x94][0x4][0x17]*]N[0xf][0x93][0x89][0xd9][0xf8][0xe8][0x14][0x17][0xb8])[0xa5][0x97][0x8c][0xed]m[0xc0][0xe5][0xdd][0xc5]O[0x1][0x93][0x95]o[0x81][0xe0][0xb7][0xb1]U.[0x0]Sk([0x19][0xda][0xf3][0x1]hU[0xce][0x19]I[0x8a][0x87]Ie[0x87][0xd7][0xbe][0xf2]h[\n]"
2020-11-26 10:40:54 DEBUG wire:72 - http-outgoing-1 << "[0xbc][0x15])[0xf0][0xa6][0x17] [0xb5]*[0x90][0x86][0x13][0xc7]4-[0x12])[0xca][0x1e][0x9f][0x18]:%[0xc0][0xc4]H+[0xaf][0x1]1[0xa5][0x92]7e[0xbe][0xa4][0xf2].[0x86][0x1b][0x16][0xf0][0x5]a$&K[0x99][0x85]n[0xc0]"P[0x13][0xe5];[0x8d]}[0xcb]O[0xe7][0xc9][0xde]S[0x8d][0x81]z:[0xc9][0xe0][0x12][0xde][0xc7][0xc8][0xc6]b[0x8c]t[0xd4][0x2][0x1c][0xcd][0x82][0xdf][0x98][0xa4][0xab]U[0xd0]H][0xbd][0xab][0xaa][0xcd][0xb3][0x1d][0xd0](Op+[0xfb][0x8c][0xd6]'[0x8c]Jaiia[0xe9]1[0xda]{9[0xbc][0xa7]g[0xc9]K[0xf5]g[0xff]X[0xef][0xae][0xae][0xf6][0x85]N[0xb][0xac]~[0x96]@[0x96][0x9f]*o[0x16]b[0x9b]o[0xc1]:[0xea][0x18][0x80][0xa2][\r]O[0xb6][0xe4]w[0xc9][0xd3][0xae]24L[0xb6][0x8b]6SU[0xda][0xee][0xf5][0x1b][0xa1][0x80][0xdb][{>[0xec][0xf6]TK[0x1][0xb9]{[[0xee][0x9b]W[0xbb][0x1e])[0x93]M[0x10]C[0xfa][0xf4]=l$[0xf4]M1g[0x90]F[0x16][0xbf]I[0x1]2#K[0x15][0xa9][0xd9][0xe7])[0xc8][0x96][0x9c][0xb4]G[0xf6][0x86][0x9f][0x1][0xe1][0xf3][0x85][0xe4][0x91][0xf7]d[0xa0][0xe3][0xba][0xcf]uG[\n]"
2020-11-26 10:40:54 DEBUG wire:72 - http-outgoing-1 << "][0xfd][0xab][0x1d][0xf0][0x89][0xf7][0xe2][0x13]m[0xca][0xee][0x1c]5,[0xd5][0x17][0xad][0xf1][0xe6]%e[0xe7][0xad]-[0x95][0xa6]"[0xb1]H[0xdf][0xd5][0xbf][0x2]~,1[0x9a]l[0xf7][0xc7]"[0xdd][0xd4]B[0x85][0x0][0x83][0xb6]w@[0xeb][0x99][0x8e][0xdc][0x91].[0xb3]G[0x1a][0x1]u[0x8a]j[0xe1][0x5][0x9f]7[0xe8][0xf3]H[\n]"
2020-11-26 10:40:54 DEBUG wire:72 - http-outgoing-1 << "[0xb5][0xbb][0x7][0xda][0xe4][0xbe]Ej[0xbb][0x91][0xfe]5[0xde][0xe6][0xf2][0xd2][0xc][0xc5][0x94][0x7]/[0x8c][0xd4]5[0xe1]URX[0xc6][0xc1][0xb9][0x94][0xa3]$[0xb1]^[0xfe][0xd0]Di[0x1b][0xdb]\[0xa6]L$?[0xee][0xa5][0xe6]%[0x7]'[0xea][0xed][0x94]h[0x87][0x12]}[0xec][0xbc][0x9d]<[0xfc][0x91][0xf2][0x82][0xa9][0x9d]s$K98[0xf6][0x8a]X_U-[0xaa]3K[0xea][0xee].%(|[0x9a])Q[0xa4]m[0x8c]c[0x8e]bk[0xc0]s[0xb2]I[0x19][0x99]g[0xe][0xd4]1[0xbe]Fd[0xa8][0x87][0xf4][0xec][0x91][0x81]^[0xd2][0xc6]X}=[\n]"
2020-11-26 10:40:54 DEBUG wire:72 - http-outgoing-1 << ",[0xc][0xe9][0xfd][0xaf][0xed]:[0xf8][0xfe][0xe2]_N[0xd0][0xe6]'[0xa1][0x90]H[0x1f][0x14][0xea]U[0xa2] Y[0x0]v[0xa3][0x94][0xca][0xd8][0x1e][0xe5][0xf][0xd9][0x1e]Q[0x86][0x97]r'.[0xc7][0xcc][0xa0][0x13][0x91][0xaa][0x84][0xb1][0x9d][0xbd][0xe4][0x87]2[0x2]UVRqB[0xde][0xdc][0x94];[0xfa][0xc9][0xc6][0x82][0xb2][0x18]%][0xe][0x9a][0xc4][0x1b][0xa3][0xc6][0x92][0xfe][0x19][0xde][0x87]<[0xae][0xb9][0xf7][0xea][0xde]F|[0xf4][0x83][0xf6])-V#'[0xe9]PRXRiO[0x83][0xef][0xab][0xc2][0xa1][0x90][0xcf][0xb]s[0x88][0x8b][0xe][0xdf]_[0x11][0xab]$O[0xa1][0xfc][0xa4][0x9d].[0x0][0xe0][0xa9][0x9d][0x8b]p6![0x13][0xbb]Jg;_[0x13]yd[\r][0xba][0xc6][0xf9][0x85]$[0xa5][0x95][0xe8]([0x15]T[0xca][0xab][0xa7][0xb1][0x9d][0xc7][0xb9][0xf1]N[0xc9][0xc9][0xc2][0xb2][0xe3][0xf6]t[0xbb]\-[0x89]du[0x9b][0xb4][0xce][0xff]M[0xaa][0xc2][0xca]4vPB[0x82][0xe8][0xca]8[0x19][0x18]4[0xad]t[0x99][0xe5][0x8d][0x14][0xc][0xba]}^[0xbe][0x97][0xaf]6[0x9c][0x17]C[0xee][0xa0][0xba]G5[0xd6][0xe7][0xb1][0xcd]h|xEm[0x95]d[0x89][0x1c][0x88]P[0xca][0xb1][0xb4]4>[0x8a][0xb7][0xf6][0x92][0xb1]%[0xed][0xbc]c[0xa3][0xd0][0xcf][0x82]W[0xe0][0xae]G[\n]"
2020-11-26 10:40:54 DEBUG wire:72 - http-outgoing-1 << "A}-j[0xe]0'm[0xfc][0xe9]J|v[0x94][0xb7][0xe1][0xf0][0x14][0x19][0xdc][0x1][0xd5]jr[0x8a][0x93],[0xf2][0xe8]4Yk[0xa1][0xa0]*;[0xb6][0xa3]D[0xfa][0x1f]Q[0xee][0xa3][\n]"
2020-11-26 10:40:54 DEBUG wire:72 - http-outgoing-1 << "d[0xbc]q[0xe8][0xf][0xff][0x7][0x15]d[0xff][0xfc][0xf7][0xe4]L[0xc5][0xd2][\n]"
2020-11-26 10:40:54 DEBUG wire:72 - http-outgoing-1 << "[0x8e])H[0x15]O[0x9d][0x89][0xe8][0xff][0xc8][0xce][0x8],J[0xcf][8[0xb1][0x8b]?[0xde][0x5]9[0xbb]1O[0xfa][0x1e][0xf1][0x12][0x84][0xc9][0xe5]X[0xf4][0x5][0xac][0xed]O[0xb6]8F[\r]4[0x9e][0xf9]5}[0x9c]s[0x93]I%'[\n]"
2020-11-26 10:40:54 DEBUG wire:72 - http-outgoing-1 << "[0xcb]9[0xd8][0xea][0xaa][0xcf][[0xeb][0xbb]x[0x9e]Na[0xe5]][0x94][0x93][0x14][0xd8][0x84][0x8a]%y[0xe6][0x5][0xdf]z[0xae]5Q[0xde][0xcf][0xd2][0xa5][0xc6]A[0x93][0x9b]R[0xbd][0xdf]#[0x86]$>y[0xa9]}[0x5]5Gy`[0x99]D#9[0xd3][0xae][0x8c][0x83][0x99][0xb4][0x1].[0xbc][0xe6][0x9][0x7][0x85][0xb][0xd7][0xba][0xc8][0x89][0x99][0xb1][0x99][0xfc]l[0x6][0x82]=[0x9e][0xb7][0xc4][0x1b][0xa7][0xe9][0xe4]v[0xd4][0x96]o[0x92][0x99][0x9a][0xa0][0x84]3[0xad]u|[\r][0x81][0xa7]Y[0x1]hj[0xb7][0x8c][0xe5][0xa8]+P[0xba][0x96]r[0xc8]{[0x90][0xa6]+[0xe3][0xb1][0xad]N[0x94][[0xf2][0xba][0xad][0xc5]s[0x93][0x15][0xcc][0xbe][0xe6][0xf3]y.[0xdd][0x97]\[0xe1][0x90]/[0xc0]'[0xca][0xef][0xfa](w[0xb9]=[0x12]i}G[0xa5]8][0x6]m[0xd7][0xd7][0xab]W[0xe1][0xa0][0xc1][0xe5]Q[0x90][0xbf][0xcf]u[0xdb]:[0xc3][0xdb][0x17][0xce][0xdd]PV[0x9e]&[0x95][0xc7][0x1c][0xc8]UbO.y[0x99].AM[0xea]j[0x97][0xfc]d[0xf9][0xc8][0xed]`Ht[0xdd][0x1][0x1][0xd5][0xba][0xa1]+[0x1a]_[0xdb][0xaa]C[0x8c][0xd0][0xf1][0xc6]que[0x15]B[0x2][0x86][0xa7]b[0x91]E[0xb5][0xb1]U[0xfe][0xd8][0xa1][0xbe][0xdf]Jn[0xe1][0xf1]v@[\r][0x9a]j7[0x14]|%+[0xcf][0x95][0xbe]5z?[0xb6]7[0xe3][0xb0][0x8f][0xf8]h[0x94][0xcc]<[0x8f][0x8f]N[0x91][0x8e][0xa7]G[0xce]{[0xa8][0xb1]C[0xed][0xc9][0xbf][0x86][0xa5][0xb0][0xf4]u[0xce][0xe4],)[0xb7]'[0xe7]E0[0xab][0x2]ds[0x93][0x12][0x8e].~[0xb1][0xe8][0x9c][0x1d][0xe0][0xd8][0x2]m[0xbf][0xab][\r][0xc1]_<[0xff][0xdd][0xd8]t][0xaa]v[0x7][0xe9][0xdf][0x1f]j[0xdd][0xde][0xfb][0xf4][0xef]M_[0xbd]K[0xc][0xd9][0xaa]-#[0x93][0xa4][0xb9][0x9f][0xcc][0xb5][0xc7][0xa2];[0xb4][0x91][0xdc]4K[0xe6]z[0xe9][0x85][0xba][0xd7]D[0xf5]`>8[0xa0]l[0xbe][\r]_[0xe2][0x8b][0xc2][0x5]_[0xbd][0xdf][0x17][0x94]r[0xa4][0xe6]q.[0xdd][\r][0xdd][0x0][0xe8][0x16]F[0xb1]C[0x87][0xb6][0x90]Z) [0xf5]:_[0xcb][0xfd][0xfd]T[0x9a][0xdc]l[0xf0]K[0xdf][0xba]=!)`[0xab][0x97]Xvw[0x99][0xe2][0x11][0x8][0xc9][0xef][0x96][0xc0][0xd0][0x1f][0xea][0xd1][0xe5][0x7]*[0x8d][0x1c]b[0xd5][0xba][0xdb][0xf3][0x92][0xe8][0xfd]VtQi[0xd2]p[0xcd][0x17][0xc]][0xb][0xf8][0xa0],[0xb2]/G [0xa1]7[0xab]n[0x1c][0xa2][0xea][0xa5][0xf3]J[0xf4][0xb8][0x1f][0x80]s[0x85][0xf6][0x98][0xfb][0xe0]qH[0x16][0xe1][0x92]G[0xaa][0x97][0xbc]![0xac][0x96][0x8a][0x83]f[0x87][0xbc][0xd6][0x84][0x9a][0xd1][0xa4]w[0xc4]Q[0x13][0x8c][0x80]w[0xd4][0x4][0xf]j05qN[0x89]R[0xe][0xa1][0xf0]sX[0x92]{[0xda]9d[0x1]}[0x91][0xf][0x3]x[0xd1][0x81]vM_[0x17][0xce][0xdd][0x16][0xef][0x9b]4[0xa1]l[0xb8]ZUR[0xfe]CM[0xcd][0xf1][0x8a][0xe3][0x15][0xa7][0xb][0xac]t[0x9e][0xe3][0x85]%[0x1c][0x9e][0xa0][0xc4] [0x81][0xa2]H[0xf9]1[0x16][0xe9]![0xfd][0x9d][0xf2][0xb4][0xad][0xc1]m[0xd9][0x8e]l[0xbd]Sgf[0x9c][0xb7]V"[0xb3][0xf1][0xe8] G[0xbb][0xef]/[0xfe][0xa5][0xb4][0xe8]xls[0xf9];1XwU[0xf4][0xcb][0x91][0x1][0xaa][0xc5][0xf0][0xa9]?[0xac][0xed][0x89][0xac]m[0x9d][0xf2][0xda][0xb1][0xc2]2[0xe]?[0xd4][0x9f][0xdd][0xa1][0xd8]f[0xdf][0x8d][0x9f][0x0][0xa7][0xce][0xea][0xb0][0x1d][0x9c][0xf4]u[0x0]jx[0x95]O[0xfb]DE[0x8e]4[0xcd][0x93][0x17]+r#[0x95],sTm[0xb0][0x9d]nWt[0xb7][0xd8]A[0xb0][0x1e][0xa5][0xb][0x87][0xb][0x9]|[0xfb][0x9d][0x1d][0xd5][0xe1][0xaa]*_[0xa1]X][0xef][0xf6][0xf2]Y[0x5]ZbM[0xa4][0x9f][0xea][0x11][0xa4][0xe7][0x89][0xad]M:[0xb9]F[0x9e]5*[0xdb][0x8f][0xa9][0x92]gk[0xa8]}l[0x5][0x97]z{/[0x8b][0xd4][0xb6]y[0xf7][0xfd][0x94][0xba][0xb3][0x3][0x85][0x99]gx,[0xba][0x1c]hX[0xca][0xe1][0x82][0xa2][0xba]"[0xd5][0xc4]P[0xa9][0xb2][0xa5]D[0xf4][0xa3][0xba]7[0xc5][0xf7].U[0x14][0xe5][0xa6]Ut[\r][0xc3][0xca][0xce][0xf6]f[0x94][0x89]A[0xb9]o[0x91][0xaf][0xa9][0xba][0xb7][0xa3]n[0xbe]b[0xa9][0x96][0xea][0xcc]<i[0xda][0xb3][0xf5]~[0x8b]UUn}[0x9f][0x80][0xdb][0xda][0xcb][0x81][0xae]%'8[0xe8][0xca][0x90] [0xfd][0xab][0xf1]g[0xd3]tV[0xc9]]#[0xf1][0xc6][0xa1]B[0x97][0xcf][[0xe3][0xe][0xd4][0xf3]Q [0xb5]1[0x9e][0x8e][0xc0][0xd9]62[0xac],[0xf]C[0x4]M[0xc7][0xc7][0xc2]s[0x17][0xfe][0xc2][0xd1][0x8a][0xea][0xf5][0xca][0xeb][0xd5][0xf8][0xd8][0x80][0xfc][0xa1][0x89]w[0x88][0xda][0xe9]B[0x85]{H[0x85]7o^[0xc9]Y[0x8][0x96]p[0xf8]%[0xf0][0x93][0xc8]|[0x80][0x1d][0xd5][0xc5]'#[0xc9][0xdd]W[[0xb6]p[0xba][0x97][0xa2]5[0xd3]Jq3[0xe7][0x9a][0xba][0xba]@[0xf5]I>e[0xcf][0xb0][0xcf][0xa5][0xf5]t[0x10][0xbc]XYX[0xc6]3[0xc7][0x8d][0x8b][0xe5]f[0x1f]Z[0xa0][0x9a][\n]"
2020-11-26 10:40:54 DEBUG wire:72 - http-outgoing-1 << "7[0xd0][0xa6][0xae][0xd8][0xba]x[0xb9][0x17]u\[0xbf][0xb9]_[0xe7]^[0xb6][0xe9][0x9c][0xa6][0x94][0xcc][0xc3][0x82][YX[0xca]1y[0xaf]6[0xdc][0xf8][0xeb][0x15][0x1][0x9d]S[0x9c][0x9e]&h[0x81][\r]x}[0xc6][0xb4][0x1]]Q[0xc8][0xa3]%:[0x8d][0x8c][0xc7][0x82]fk[0xa0]..@[0xfc]"[0x8f][[0x88][0xbd][0xdd]F&vs[0xa7][0x14][0x8f][0xb7][0x90]Q[\n]"
2020-11-26 10:40:54 DEBUG wire:72 - http-outgoing-1 << "[0xbe][0xb5][0xba]L[0xfa][0xe7]y[0xfd]][0xb4][0x1]n[0xc4][0xa2][0x84][0xe2]j[0x10][0x1f]nr[0xf0][0xb6][0xfc][0xac][0x99][0x8a][0xb2][0x1c]q[0xaf](,[0xe7]q[0xb3][0xb0][0xe9][0xcd][0xea]@t[0xc2][0xb6][0x19][0x8b],(D[0xa3][0x13][0x9f][0xd5]7T[0x81][0xc3][0xcc][0xe]`[0xe1][0xb2][0xef][0x2][0x89][0x8c][0x90][0xf5]GX[0x16][0x0]9[0xa8][0xd0][0xb9][0xd5]j[0xd7][0x11][0x85][0x8d][0xb4][0xf5][0xe4][0xde][0x91][0xd1]J[0x7][0xe1][0x1f][0x9d][0xa3]}[0x9]6fk[0x86][0xbe][0xaa][0xa8][0xad]J:[0x9e][0x91][0xc5]n[0xaa][0x83][0xe1][0x14][0x0][0xba][0xe5]<[0xb3]+[0xb8][0xc][0xd8][0xff][0xf0][0xf9][0xfe]"I~) [0xfc][0xc7][0x9d][0xb][0x1e][0xb7][0x13][0xa7][0xce][0x85]p@[0xa4][0x96][0xbf][0x80]<[0xae]wd[0xd7][0x8c][0xbe]x[0x87][0xbd][0x88][0x9e]/=[0x10][0x81][0xb2]3GS[0xfc][0x86][0x85]Jc[0xdf]H[0xd0][0x2]&[0xb8]#;,[0x89][0xca][0x13][0xc6][0xf2][0xdd][0xcd][0x9b][0xd7]Ho[0xbf][0xba][0xb2]R[0xa8][0xae]n[0xc8][0xeb][0x8f][0xd4][0x99][0x1e]V[0xd3][0xc][0xae][0xc9][0xdc]{;[0x90][\r][0xed][0xc9][0xe3]^[0xba][0xb8]c{[0xbc][0xe6]l[0xaf]g[0x1e][0xf0]Q[0xc9][0xd4][0xe4][0xbb]P[0xc8]][\n]"
2020-11-26 10:40:54 DEBUG wire:72 - http-outgoing-1 << "[0xfa]}^[0xdd][0xf7][0xc5][0xd7][0x10]![0x94][0x9f][0xb4]s[0x98][0xf7]f [0xf5][0x1e]t[0xb3]k[0xae][0x85]c[0xd5]0u[0xa2][0xae][0xec][0xc5][0x9f][0xae]@[0x99][0xba][0x8c]L.)[0xe3]-p[0xbe]K[0xc4]n[0x2][0xd1]n[0xd8][0xff]3[0x8f]y[0xc9]q[0xf6]1[0xed][0x1f]>[0x87][0x9e]p[0x1][0xea]c l[0xf2][0xdb]([0xc5][0x5]bX[0xc2][0x1e]>m[0x9][[0xb][0xc6][0xe6][0xc2][0xf][0xa2][0xcb]g+:[0xcd][0xcd]QE|[0xb9]N[0xba][0x96][0x4][0x8c][0x18]q[0xd4][0xfe][0x86]G[\n]"
2020-11-26 10:40:54 DEBUG wire:72 - http-outgoing-1 << "[0x87][0xea][0x8e][0xfe][0x87][0xdb][0xc7][0xed][0x15]0[0xb1][0x1a][0xcd][0x90][0x1c][0xa7]O9[0xd7]:[0x82]0\[0xfd][0xf9][0x82][0x90][0xdc][0xe7]X[0x8f][0x92][0xe7][0xdd][0xea][0xce][0x1b][0xb9]w[0x96][0xdb][[0x9]=[0x90][0xce]^2[0xd0][0x7]Uq:[0xda][0x94][0x85][0xa8]f[0xea][0xae]5[0xa9]/l=[0xf6][0x6]06[0x96][0xc8][0xd4][0x14][0xb2][0x97][0x83]V[0xef]_[0xc4][0xa2]Q[0xd8][0xf][0xe5][0xdb][0x89]N[0xc7][0x9a]l?[0xa2][0x2][0x99]o&$[0x9b][0xd3][0x99][0x1b][0x8a][0xbf][0xe8]K[0x9e]/[0xc8][0xd1][0x6][0xe9]"O[0xcf][0xc4]_[0xf5][0xe4]<[0xb6]<;[0x82][0x97]<"[0x9c][0x11]|C[0x12][0x3][0xae]:[0x6][0xea]w[0xee][0xda][0xba]+[0xd2]][0xc9]C[0x97][0x1f][0xc9][0x1b][0xe2]S/[0xcd][0xdd][0xfc][0xc5]]%z[0xc5]\Z^[0xf0][0x84][0x83]!}i[0xe0][0x13][0x95][0xa6][0x1e][0xc0][0xf][0x95]b[0xdf]p; [0xad][0xa9][0xc8][0xb3][0xff][0x97][0xfc]$c[0x96][0xae]%[0xdc][0xe8][0xe4][0xc][0xe5]07f[0x9c][0x16][0xc][0x89][0x1][0xee][0xcd][0x5][0xd6]Tt[0x85][0xc2]l[0xf9][0xe7][0xf3]a[0x18]Z[0xe6][0xc1]j)[0xe7][\n]"
2020-11-26 10:40:54 DEBUG wire:72 - http-outgoing-1 << "[0xb0][0xbc]*[0xde][0x95][0xbc][0xca]"[0xd5][0x92];[0xf5]5"[0xeb][0xbb]j[0xd3]8([0xb0][0xd1]E[0xb9][0xd3][0xd6][0xbb][0x82][0x8][0x9d][0xfb][0xf1][0x1a][0xdf][0x8b][0x16]1)[0xb9][0xe3]np[0xc7][0xff][0xd1][0x13]:[0x9d][0xd1]d[0x87][0x1d]6A[0xee]i[0x8a]m[0xb5]R[0x9d][0x12]-w>[0x1e][0xc1][0xa6][0xa4]c:>6[0xa7],?QF[0xe6]a[0xb3]mcT^_[0xc3][0x9f]|[0x1d][0xc4]6[0xa3][0xb1]h[0x1f][0x99][0xeb][0xe5][0xb0]R[0xb4]O>^"[0xad][0x1f][0xf8]$&[0xb6][0xd0][0xa6]0[0xce][0xe0][0x83][0xf0])[0x94]q[0x9][0xb6]`[0x9d][0xe4][0xf1][0xf0]9D[0xd8][0xab]Jt[0x1b],[0xf8][0x99][0x8e][0xd8][0xae][0xad][0xa9][0xfb][0xf3][0xd5][0xbf][0x89][0x1][0x9]#}[0xa9][0xc0][0xc1][0xc9][0xfe][0xeb]v[0x87]:6.wO[0xd1][0xa1][0xa5]7[0xd1][0xeb][0xf4][0xeb]v'gg[0xad][0xdd][0xf1][0xf1]6[0xda]N[0xdd][0x1b][0xa5],[0xc1][0xd7]H[0xcb]P[0xdc]{[0xad][0xb4].[0xc2].[0xa2][0xb1]i[0x9e]I[0xce]#[0x5][0xf3][0x14][0x9b][0x90][0xd9]y[0xd3]7E[0x96][0x7][0xc0][0xdf][0xb8][0xf0]H[0xdd][0xb3][0xf5][0x90][0xe1][0xeb]TS9[0x17][0xf2][0xd5][0xbb]][0x97][0xbd]![0xa9]V[\n]"
2020-11-26 10:40:54 DEBUG wire:72 - http-outgoing-1 << "`[0xac]*[0xdf][0xda][0x94][0x1a][\r][0x91][0xc5][0xad][0xf4][0x11][0xdc][0x1e]+[T[0xa2]Q[0xb5][0x12]R[0x1d][0xe8][0xd2][0xa9]m[0xc3][0xe0][0xc]WW[0xde]r[0xb0][0xa2][0xd6][0x11][0x6]C[0xac]G[0x8f]\[0xa0][0x83][0x13][0xba][0xe8][0xbb][0xe7][0xbd]"[0x86]\u***[0xfa]:[0x15][0xfa]|[0xf]4[0x87]Bh[0x8a]{[0xc0][0xdd][0x19]f;[0xe6]%[0x8e][0xc2][0xdc]_[0x96][0x98][\n]"
2020-11-26 10:40:54 DEBUG wire:72 - http-outgoing-1 << "|[0x87][0xaf]oy}[0x9a][0x8f]i[0x9c]G[0xf2]$[0xe2]w[0x82][0xa4]c[0x82]j+[0xfb][0x89][0x0][0xda]w[0x7][0x8c][0xd3]b[0xd1]n%[0xda][0xb][0xc5][0xb4][0xfb][0xbb][0xa8][0xc2][0xb][0x6]K[0xf7][0x90][0x12]}[0x86][0xb][0x5]>[0xcd]q[0xad]+[0xe3][0xf2][0x84][0xeb]K1[0x4]u3[0xaa]SH[0xd0][0xc3][0xc2]7fT[0x81][0x92][0x1b][0x9b]0[0x0][0x91]r([0xd9][0xb6][0xd5][0x1]1[0x93][0xe2][0xdf][0xaf]^[0xa1][0x9f][0xa4][0x1f][0xe6][0xc][0xe6]d[0x8d][0xd0][0x1f][0xe6][0xa8][0xdd][0x8b]5y[0xb4]O[0xcf][0xd5][0x80]r[0x14]\[0xed][0x90].X[0xbd]F[0xe9][0xdc][0xa2][0x82],[0xc7]a([0xe5]J[0x81][0xc8]aW[0x16][0xf7][0x12]>4q[0xb8]{[0xf1]][0xc]H[0x5]]d[0xfc][0x11]X[0xf9]=[0x11]j[0x98]![0xeb][0xc1][0xe7][0xa3][0x8f]I[0xe4]1e[0x1][0xb2][0xf7][0xc1]I[0xb1][0xcd]nF%p[[0xb0][0xfc][0x8d]9e[0xb1]W[0xe9][0xfa]H[0x99][0xc2][0xae][0x9b][0xcb][0x17]/[0x9d][0x8b]m.[0xd3][0x8f]C[\n]"
2020-11-26 10:40:54 DEBUG wire:72 - http-outgoing-1 << "F[0xc7][0x0][0x9f][0xa0][0xa7][0xaf][0xc3]vt[0xf][0xcb][0x16][0xd9][0x9e]Vw[0x1f][0xa3][0xbb][0xc7]4Y2[0xef]>[0xb0]o[0xdc][0xb8][0xf1][0x9d][0xd6][0x88]u[0x90]RA3[0x8f]2[0xba][0x94]k[0xef][0x19]}[0xeb][0xdc]K[0x9d][0xd1][0xd3][0xcf][0xdd]H[0xf7][0xf6];[0xfc][0xc][0xb][0xa9][0xed][0xe3][0xd3]|q[0xcf]"[0xfe]zT[0x1e][0xe9][0x90][0xa7][0xe6][0xd9]A[0x12][0xd9][[0xa4][0xfa][0xe1][0xf3]L|[0x9e][0xc4][0x1c]2[0xd0]#/[0xcf][0xd3][0xd9]G[0xb6][0x1f][0xd1][0xb]'[0xdb][0x81][0xdf][0xdf][0x0][0xba][0xc]Oa[0xe0][0xb5][0xe6][0x93]e[0xbd][0xd8][0xb5][0xbc]M[0x97][0xc5]@[0x83][0xf3]v[0xdf][0xdf][0xf8][0xf1][0x87][0x84][0xbf]a[0x9b]C[0xcd][0xd7]pJx[0x8b][0xe3]3[0x1f][0xe][0x86][0xd0][0x1c][0x1b][0x87][\r][0xe1]z[0xce]=O[0xba]@[0x6][0xa4][0xb][0xd7]o[0xa6]([0xed][0xb6][0xdc][0x7]![0xe6]S[0xa0][0x96][0xaf][0xec][0x82]A[0xcf][0x1c][0xf1]T[0xd3]/+[0xa7][0x12][0x89]C[0xb9]g[0x5]j[0xb4][0xa8]}[0xb6][0xbf][0xab][0xf7]PZ[0xca][0xd7][0x83]V[0xf2],[0xda][0x2]B[0x96][0xed][0x19]9[0xb1]T[0xd8][0xf7]5A[0x9a][0xf2]}'[0x18]`|'[0xe9][0xeb]V[0xb6]_[0xea]=[0x1c]7u[0x90][0xb7][0xc1]/=YXZ[0xc6][0x15]v[0xf4]o7$[0x8f][0xe4][0x82][0xf0]D[0xa8][0x10][0x11][0xf8][0xb7][0x9f][0xfc][0xd5]bH[0xd2]~[0xda][0xe1][0xf5]o[0x97][0xbd]A)[0x90]l|[0x91][0xf6][0xc5][0xdd]X[0xb]4G[0xee][0x97][0xfb][0x87]8[0xdc][0xeb]Pj}x[\n]"
2020-11-26 10:40:54 DEBUG wire:72 - http-outgoing-1 << "[0xf9][0x9]N[0x18]i[0xb4][0xd5][0xef][0xb4][0x8f][0xe0][0xea]g[0x9c][0xd6][0x10][0xb8]o[0xd7][0x18][0xe3]Yp[\r][0xb4]e[0xb1][0xbe]U2[0xdb]L:[0xda][0xe5][0xde][0xd9][0x3][0x1a]M[0x8e][0x5][0xb][0xf5][0xde]s[0xd7].[0xb3]p9[0x96][0xfe]3[0xd0][0xab],[0xae][0xc1][0xd1]/[0xec]gl{P[0x99][0x9c][0xd6]*s[0xdb][0xea][0xca][0xcb][0xe4][0xd3][0xcd]e[0xf9][0xc9]2[0xfd][0x9][0xe7][0xc9][0xcf][0xbd][0xc4][0x9b][0xb6]Tb[0x81][0xe8][0xa8][0xa3][0xa2][0xd6]B[0xc9][0xab][0xae][0xcf]@[0xa1][0x1f][0xfb][0xc4]2[\r][0x8e][0xf1][0x16]>[0xd5][0x84]?[0xea]][0xa3]~&[0x15][0xd0])MYe[0xab]E[0xe][0x97]O[0x12][0xa1][0xf4]8[0xcf]<s[0x4]O[0xe8]W[0x8d]/pIt[0xd5]a[0xc6]g[0xbc][0xa9][0x97][0xf4][0xd9]j[0xb][0xe7][0x2][0x1][0xb1][0xe1][0x8a];[0x18][0xca][0x18][0x90][0x91]M[0xd0][0xdd][0x91][0xaa]sk[0x9b][0x12][0xed][0x99]kt)m'P[0x13][0xdf][0x9][0x17][0xf0][0xd0]Q;[0xee][0x88]a[0x5]y[0xba][0x1f]z[0xc8][0xfc]S[0xbe]H[0x8][0xad][0x11]K[0xe2][0x7][0xc4][0x9e]<%[0x93]k[0xb1][0xcd][0xa8]i[0xf5][0xc9]3kp[0xc4][0xbf][0xfc][0xc8][0x8a][0x10][0x5]a[0x17][0x8a]Z[0x96][0xad][0x1f]q[0x9b][0x9c][0xaf]4[0xc1]yw[0xed]E[0xc9][0xe5][0xae][0x17]=95[0x87][0x91][0xa2]<15/w[0xee]&[0xec]m[0xb4][0xb4][0x93]~[0xb][[0xaa]6[0xe][0x91][0x9d]![0x18][\r][\n]"
2020-11-26 10:40:54 DEBUG wire:72 - http-outgoing-1 << "7208[\r][\n]"
2020-11-26 10:40:54 DEBUG wire:72 - http-outgoing-1 << "[\n]"
2020-11-26 10:40:54 DEBUG wire:72 - http-outgoing-1 << "T[0xc][0x87]z[0xa8][0x11]*[0xb7][0x80]=[0x19][0x9f][0xd9][0xb2]]I[0xf6]^[0xc7][0x1b][0xa7][0xe4][0xbe]![0x88][0x10][0xcd][0x11][0x82][0xdb]b[0x80][0xf4][0xb4][0xb2][0xba][0x3]PtM[0xeb][0x80][0x9]![0xa7][0x1c][0xc8][0x13]k[0xf8]t[0x9e][\n]"
2020-11-26 10:40:54 DEBUG wire:72 - http-outgoing-1 << "[0x12][0xdd][0xab][0x5][0x2]f[0xfb][0x9]i[0x1b]; [0xd1][0xc2][0xe1][0x1c][0xe][0xd1][0x95][0xd5][0xa5][0xfb])[0xd1][0x9][0xc9]7[0xd5][0xdd]^[0xda][0xd8][0xeb][0x92]|5zsn[0xeb]G^[0x9a][0x91][0x9f][0xed]Yn=[0xf0]Lu[0xe][0xbc][0xc2]~)[0x0][0xa3][0xea][0x0][0xa1][0x1a][0xb7]W[0xf4][0xc4][0xf6]V[0xe2][0xf3]kd[0xbd]1[0xde][0xbc]D[0xfa]G[0xb5][0x8a][0xcd]N[0x98][0x92]mM[0xfc][0xba]=n[0xfc]4[0x9c][0xc4][0xd7][0x8]6[0xb5][0xba][0xf3][0xc6][0x90]{f[0x1a]nse[0x17]cE[0x93][0xba]j[0xa1][0xaa][0xaa] [0x19][0xf] &[0x1e][0xf8][0x3][0xd2][0xdd][0x2][0xad]<[0xb][0xd4]e[0x9][0xba][0x2]n[0xe8][0xd4]][0x9f][0xbb][0xfa]H[0xc9][0xd7][0x5]g[0xe1]9+[0xdf][0x94]l[0xe2][0x95][0xee][0x87][0xb2]5[0x81][0xe7]XoF[0xd2][0xe3][\n]"
2020-11-26 10:40:54 DEBUG wire:72 - http-outgoing-1 << "[0x12][0xc5][0xb6]R[0xfe]j[0xe5][0xb6]LE[0x9c][0xd2][0xb]4[0xb1]S[0xf5][0x4][0xb8][0x84]"Z[0xc9]JN[0xa6]7C[0x92][0xab][0x8e][0xd5]7w[0x87][0xc]o[0x98]^[0xb9][0xff][0x8b][0xe1]89|Z[0xa5][0x1d][0xab][0x18][0xdb][0x9b][0x91][0x9b][0xa8]=Yez[0x9a]`[0xe][0xd2]c<[0xa0][0x17][0x9]o,PUz[0xc2][0xf5] Y[0x9c][0xe7][0x8e][0xeb][0xc1][0xfd]j[0xdf]=[0xad][0x92][0xd9]Y[0xfd][0xb4][0xbb][0xf4][0xda]Wi[0xf0][0x89][0x1e][0x8f][0x19]>:[0xa0][0xc6]s[0x16][0xd3];H[0xfd]iA[0x91];U[0xc6]>3[0xb4]4[0xd7][0xd1][0xb2]>[0xce][0x11][0x8b][0x88][0xb1]Cq[0xf4][0x3]q[0xec][0x8a][0x9d][0xc1]q<[0x8e]J[0x9c][0xa5]v[0xef][0xa8][0xd8][0xd9]~+[0x8b][0xc1][0x81]@[0x7]TX[0xc][0xf0]z[0xf8]][0xe5][0xc3][0xef][0x83][0xf]SN3zh<[0x1f][0x15]fC[0xc6]*c)[0x7]=[0xe5]Pd[0xcc][0xf2][0x84][0xa7][0xdf][0xa4][0xd2][0x98]e[0xc9]9g[0xd5][0xc7]x[0xd0][0xa2][0xac][0xf1][0xa1][0xe5][0xb7][0xac]Efw[0x86][0x94][0x15][0x90][0x87][0xa2][0x1e]Ye[0x89]m[0xa9][0xc9][0x14]F[0xc5][0x8a]b[0x87][0xbd]"[0x99][0xe5]Ya[0xd9][0xb][0x92]Y[0xcf][0xab][0xcf][0xa2][0x1e][0x99]S_ g[0xfd][0xae][0xbb]aI(/*[0x11][0xaa][0xc5][0x86][0x92]ru[0xe5]ml[0xcb][0xd6][0xb9]E[0xd6][0xfa]I[0xeb]p[0xfc][0xed]$i[0xd9][0x13][0xae]atZ[0xff][0xda][0xaf][0xdb][0x1d][0xf2][0xf0]G[0xf5]i?[0x14][0xa1][0xef][0xec][0x1][0xc7][0x1b][0xfb][0x19][0xdb]|[0x1c][0x9f][0x1d][0x5][0x17]C[0xeb];[0x88]T[0xd6][0x9f]v[0xc][0x82][0x8e][0xf3][0xf1][0x9d][0xba][0xb7][0xc5][0xe1]QK[0xfb][0xe8]@[0x1f]~[0x94][0x8c][0xb4][0xc1]1[0x7]T[0xc4]m6;[0xed][0xe7][O8[0x14][0x92][0x2][0xb4][0x17][0x84][0x12][0xd4][0xcb]gO![0x11][[0xf]^[[0xeb][0xc7][0xf0]h[0x8e][0xae][0xbf][0xbb].@Y[0xdb][0xf]-XvD;[0xfc]wo[0x85][0xcc][0xf5][\n]"
2020-11-26 10:40:54 DEBUG wire:72 - http-outgoing-1 << "[0x95]%_[0x1e][0x80][0xbf][0x97][0xb3]\[0x99]q[0x8c][0xcb][0xf6]9[0xc6][0xc1];a[0x1][0xb7][0xf7][0xe5][0x89]=[0xb9]wV[0xee][0x18]@W[0x1e][0xa5][0x1a][0x9d][0xba][0xd5][0xb0]W[0xc7][0x8][0x6][0xd1][0x1c],[0x95][0x16][0x9c]M3+[0xea][0xca][0x9c]<[0xd3][0x96]|[0xc4][0xcc][0xc6]O?[0xee][0xd4]$U&[0xbb][0x95][0xce][0x97][0xf2][0x87]&[0x9d])[0x91]q[0xe1]'{[0xaa][0xff][0x8c][0xed].[0xca][0xd1]AT[0xda][0xf1]f[0xae]\AvF[0xa8][\r])[0x94][0x96][0x1c][0xc][[0xf0]U{3[0xb2]E[0xe9]>[0xd9][0x82]L[0xf5][0x91][0xcd]G8[0xbc]0[0xd7][0x99][0x8f]7[0xf9][0x13][0x93]-[0x99]/=[0x97]1g_[0x11]~f[0xd0][0x9a][0xac][0xbc][0x1c][0xd8][0x86]][0x80]==[0xb1]"[0x1c][0xd5][0xba][0xc6][0x9f][0x14][0xb2][0x93][0xfa]x8f$[0x14]g+[0xb3][0xa4]w[0x4][0xa2][0x8a][0xd8][0x85][0xba][0xba] 7[0xb7][0xee][0x93]I[0xe]Ht[0xf0][0x15][0xcb][0xcb],[0xeb]'[0xdf][0xd0]QU[0xdf]/[0xd3][0xb9][0xa3][0xee],[0x0]'[0x1f][0xa5][0xb2]A]l[0x91][0xa7][0xb7][0xd1]MvT[0x8a]s[0x15][0xa9][0xc1][0x8a]8[0x8f]C"[0x81][0x81]D[0x9][0x19][0xdb][0xa3][0xae][0xd2][0x8b][\r]yl[0x88]>Bi|[0x14][0x9f]a[0xb4][0xb3]C[0xe6][0xd1][0x6][0x9b][0xf1][0x1d][0xe5][0xc7][0xf8][0xb3]Y[0xe0][0x80][0xf5][0xe7]r[0xe3][0xa2][0xb6][0xb1][0xb3][0xd2]C[0x5][0xd8]Q[0xac][0xa3][0x86][0xb7]N[0x94]|[0xe9][0x94]E[0xcf][0xf9][0xfd]p[0x2][0x7]T[0xf5]O`[0xc]k[0x88][0x19]{yd-[0xde][0xde]/[0xf7][0xf](sp[0xe0][r[0x1d][0xec][0xdc]U&6c[0xdb][0xdb] ';[0xda][0xe4]7[0xbb]r[0xdf][0x92][0xda];[0x0][0x8f][0x9e][0xac][0xc1][0x17][0xe6]wh?v[0x0]%&3&[0x0][0xa2][0xa2]~[0x14][0x1d][0x8e][0x89]c[0xc7][0xe][0x84][0x87]8[0x96][0x9f][0xcc]B[0xc3][0xc0][0x16]If[0xa9]t<[0x0][0xb6][0xc3][0x8c]'[0xab]a[0xc9]@[0xfa][0x8][0xbf][0xa0]1[0x16]nC[0xc8][0x1d]O[0x2]Ru[0xf8]>[0xfe][0xca][0x85][0x1][0xb4][0xa9][0xdf][0xf1]T[0x9d]Y[0xc2]^po[0x8][0xd6][0x8d][0xcd]n[0xb9][0xbb][0x93]tl[0x0][0x9][0x87]zb[0x9b]][0xf0][0xb3]kZ[0xdd][0xd9]A=[0x13][0xea][0xda][0xb3][0xf9][0xa4][0x5][0x14]$H[0x1]h[0xcc]>[0xa7][0xb][0x8e]<[0xbc]E[0xd7][0xa2][0x3][0xd8]7[0xd4][\n]"
2020-11-26 10:40:54 DEBUG wire:72 - http-outgoing-1 << "[0xd3]q[0xb8]#3[0x8e]"[0x9c][0x97][0xcc]J[0x97]P)[0xca]N[0x18][0xea]1[0xfe][0x94][0x7]&[0x95][0xf7][0xb3][0xce]'[0x95][0xe5][0x98][0x96][\n]"
2020-11-26 10:40:54 DEBUG wire:72 - http-outgoing-1 << "[0xca][0xfb]i[0xf9][0xd9][0x80]P([0x18][0xa7][0xac]P[0x96][0xbc][0xaf][0x1d][0x8d][0x95][0xd3]R[0x3][0xc3]H'h,2[0xa7][0xcb]q[0x93]Xgc[0xb]3[0x1b]j[0xdc][0xb][0x2][0xeb][0x80][0x86][0x85][0xc3]y[0x89]u3[0x85][0xbf]IU[0xc2]M_[0xb5][0xf]vblq[0x9e][0xdf]!+[0xb3][0xca][0xe2][0x94][0xdc][0xb1][0x87]3[0x83]tM[0xc1][0x1][0x93]L[0x18]:[0xa6][0x18][0xd2][0xc1]8[0xec][0xe8]e[0xd7][0x19][0x1f]$Y[0xd7][0xe]Y[0xef]T[0xfb]')[0xdd][0x9c][0x8b][0xd6][0xb1](][\n]"
2020-11-26 10:40:54 DEBUG wire:72 - http-outgoing-1 << "[0xb5],G:$[0x9d][0xbb]d[0xe2]9YmS[0xa6][0x9b][0xcc]t[0xb7][0xf6][0x4];[0xa2][0xa1][0xf2][0xe6][0x8d]p[0xfc]?O[0x8]d[0xee][0xa5][0xba][0xd6][0x1c][0xdb][0x1e]=[0x98][0x91][0xe5][0xa9]ah=[0xe1]p.hC[0x95][0xb9]%[0xa8][0xf][0x91]~[0xd4]&[0x84][0xbb][0xc7]5-[0xaf]R [0xfd]=[0xa4][0xb5][0x19]'[0x89][0x13]>[0x1]I[0xc4]Tmz-G[0x6][0x10][\n]"
2020-11-26 10:40:54 DEBUG wire:72 - http-outgoing-1 << "[0xdc][0x0][0xc1];89[0xf0][0xfe]>V[0xec][0xc3][0xc3]Q[0x7]1[0xec]%[0x1c][0xf1][0xe0][0xd9][0x86]=e[0xcd][0x4]})[0xb9]T[0xf4][0x90][0x99][0xd7][0xa4]m[0xc][0x85][0x13][0xfd][0x89]F[0x97][0xfe]S[0x1e]^[0x8d]EG[0xa1][0xac]_[0xd7][0x94][0xfe][0x93][0xcc][0xad][0xab][0xef][0xe7][0x8d][0xfd](/#i[0xcb]L[0xae][0xf3][0xea]p[0xf2]a^[0xc7][0x94][0xaf][0xfa][0xe6]w[0xd7]o[0x9c];w[0xe3][0x8][0x9c][0xe6][0xdb]5[0x81][0xe9][0x9c][0x18][0xd3][0xf2]5[0xd2][0x4][0x8d]/[0x9c][0xd4]d[0xeb]#]S[0xc8][0xca][0xc][0xa4]F[0xb0][0xb][0xb6][0xdf]=[0xf9][0xeb][0xf6][0xf8]9J[0xfc][0xbc][\r][0xe][0x6][0xbe][0x81][0xc0]+[0xa5][0xc2][0xe]5E[0x8][0xe5]x[0xf3][0xa6][0xc][0x84][0x1f][0xaf]9[0x98]i[0x80]5[0x94][0x12][0x1b][0xac][0x9][0xb0][0xf8][0x86][0x18][0x87][0x12][0x99][0x9c]Y[0xe5][0xc9][0x91][0x85][0xe5][0xf7][0x3]][0x90]Wuk=[0xdd]l[0xc7][0xe9][\r][0xf7][0xd9][0xc]Gf[0xf8][0xe9]2[0xfa][0xe9][0xc][0x4]t`[0xe1][0x9][0xf1][0x85]'[0xb4][0x1f]([0xe1][0xcd][0x4][0x12][0xbd][0x16][0xce][0x87]k[0x5]t[0xef][0x1c][0xc]g[0xf1]$[0xec]d[0xe6],[0x18][0xb][0x1c][0x84][0xa4]Q[0xbb]O[0x8c]q[0xff][0x19][0xd9][0x14]N[0x19]d/[0xd4][0xfb]\w0[0xe5][0x10][0x1f][0x8][0x7][0xc1][0x9e][0xfb]d[0xc7][0x8a][0xfd][0xc8][0x1b]D[0x13]L6[0xe6][0xe3][0xc0]C[0x14]5[0xa7][0xc6][0xc4].];[0xe8]k[0xc8]b[0xc2]O[0x97][0x5][0x9d][0xc9][0x84][0x83]a[\n]"
2020-11-26 10:40:54 DEBUG wire:72 - http-outgoing-1 << "[0x9e][0x94][0xa2][0xf2]c[0x9][0x8]d[0xe5][0xb9][0xdc]1[0x1a]6F-[0x11]C[0xb4][0xa9][0xb3]U'[0xd1][0x1a][0x84])[0x1b][0xfc][0xca][0x9c]x)[0x95][0x95][0x16][0x9e][0x90]u-,/[0xcd][0xbb][0xf1][2[0xcc]9[0x8f][0xc7][0xd7] [0xdc][0x94][0xc4]zA+K[0xb0][0xdd][0xf]u[0x1c][0xd6][0x1b][0xed]Z[0x82][0xae]x[0xee][0xda][0xe5] c[0xaf][0xe3][0xc2][\n]"
2020-11-26 10:40:54 DEBUG wire:72 - http-outgoing-1 << "[0xdf][0xdf][0xc0][0xed]K[0xe6]L[0xb3]'Q&>[0xdd][0x97][0xd8][0xc4][0xee]p22~[0x85]L[0x8d][0xbb]n[0xe9][0x1e][0x94][0xcd][0x84][0xf8][0x11][0xa6][0xe7]B9(Vd[0x1c][0xf][0xca][0xc0][0x90]^[0x90][0x9a][0x89][0xa7][0xa5][0xfe][0xfb][0x10]9[0xbe][0xd9][0xaa][0xbd][0xd0][0xd8]I[0x9e]w[0xf3][0xad][0x9f][0xb9]W[0xb7][0xcd]<[0x14]|1[0xbb])[0x3][0xe2]h[0xbe]g[0x1a][0x8e]rS7[0xcc][0xf0][0x83][0xd1][0xf9]o[0xcc][0xb2]I[0x8e][0x8e][0xe3][0xf5][0x1e][0xaa][0xc9][0xa3]H[0x99][0x1b]WW[0x97][0xd5][0xa5]F[0xb6]?[0xb2]Dg[0x5][0xd3]q[0xa3][0xb8]c"w>&=[0xad][0xb1][0xcd].%[0xb2]w0EpMT;[0xe6][0x94]j[0xda]<[0xc7][\r][0xe6][0xb6]V[0xb2][0xb2][0x85]:g[0xce][0x4]/[0xb3][0x82][0xc0]9y[0xc9][0xe0]([0xd9][0x98][0xd7]7s0[0x0][0x1c][0xbd]`[0xe8][0x18][0x80][0x9b][0xec]i"[0xd4][0xf7] J[0xe2]^[0xfc][0xf1]*[0x6]o[0x91][0xc8]c[0xbe]Z[\r][0xfa]hP[0xd3]S[0x1e][0xb1]-[0x90]b[0x1a]<K[0x95][0xda][0x11][0xe9]SE[0x8f][0xe5][0xf7][0xec]HOUn%[0xda].?[0x87]R[0xe7][0x8c][0xa7][0xdf][0x90][0xfe]ML[0x3]8[0x98][0xda][0xb5][0xc6][0xe5]F[0xd9][0x19][0x84]e[0x86]I[0x8d][0xd8][0xe6]+[\n]"
2020-11-26 10:40:54 DEBUG wire:72 - http-outgoing-1 << "dls[0x99][0xec]5[0xe7][0xcc][0x8f][0xa5][0x8e]f[0x4][0xd2]&a\&[0xb8][0xf][0xe7]zrgqcU[0x19]^[0xd7][0x96]T[0xf0],[0x1][0xd1][0xcd][0xe2][0xe4]@*[0xdb][0xca]O[0xa7][0x95][0xed]grt[0x9c][0xca]xugE[0x1e]ZN[0x16][0x11][0xe3]2[0x9c][0x8d][0xc4][0xc5][0xf5][0xdc][0x11][0x96][0xd3]5[0xd2][0xb9]*[0xa6][0x91]T[0xab]j[0xc7]"[0xee][0xf5][0xe5][0xcd]Hg[0x9d][0x92][0xe0]^[0xdd][0x1f]1y[0xaa][0xe3]V[0xfb][0xe8]*[0x95][0xe3][0xdc][0xce]([0xe7][0xec][0xd9][0x13][0xc9]`[0xb0][0xb2][0xac][0xd7][0xa3][0xcc][0xf9][0xef]a[0xe9]~:[0xa5]x[0x14][0xd5][0xdc][0xab][0xdc][0x92][0xdd][0x15][0xd2];[0xae]mD[0xac][0xd2]oG[0xd0][0xd9][0xc8]M/[0xaa][0xd0][0x1d][0x87][0xd1]~[0xf3][0xe6][0x4][0xb7]^g"[0xb6][0xb3]I|O[0xaa][0xf2]Sm\8*@)f[0xed][0x8c][0xe5][0xb5]~y[0x9a][0xc7][0xc7][0x9b][0x81]L<[0xe7]&m[0x8f]Bq[0xb][0xaa][\r]G)[0xb6][0x14][0x1][0xb2][0xc][0x7][0xee][0xd0][0xeb]o=[0xd2]}>[0x1d]([0x95]?[0x9c][0xa9]A[0x87][0x8b]h<![0xfa]H4[0xac][0xa7]D[0x9][0x15][0x1f]}Ov[0xd6][0x99]e[0xd6][0xa6].[0xe][0xf1][0xd1][0xcc][0xc][0xba][0x91][0x82][0xa6]`[0xb7][0xcc][0xd9][0x9c]k[0xcd][0xea][0x93]W[0xc5][0x98]|[0x8d][0xc2][0x1d][0xa6][0xd8][0xe2][0x90][0xda][0xf9][0x16][0xf3]G[0x8a][0xb5]5[0x91][0x9]*[0xf0]S[0xb1]$[0x6][0xbe]%>[0xe3][0xd4][0xb7][0xd6][0x94][0x9c][0x97]h[0xe5][0xd8][0xf8][0xd1]X3[0xc1][0x8e]js[0x8f]<[0x6][0xde][0x17][0x8][0x90][0xd9][0xc1]S[0xb][0xda][0xe5][0xcd][0x19]>r[0xe3][0xe9][0x9][0xca]Bk[0xbc][0x9]O[0xa2][0x99]:z>\[0x8b]Z[0x99][0xba][0xfa]^[0x1e][0xed][0x8b]m-[0xec][0x83]*[0xd6][0xf6]S[0xb6][0xfc]i[0xaa][0xc4][0x14][0xcb][0xdd][0x13]j[0xd3]h[0xb1][0xda][0xd8]L[0xba][0xe7][0x8a][0x95][0xb9][0xdd][0xd8][0xde][0xb3]b[0xb3][0xee]bO[0xe0][0xf4][0xf3]"yk[0xe0].[0xbf] [0x1d]cz[0xe5]m>BB[0xda][0xf7]0[0x14][0xf4][0x82][0xd2]\\-[0xe0]L[0xa4][0x1b],[0x82][[0xc0]S[0xda][0x1c][0x1a]V[0x8c][0xca][0x95][0x85][0xc7][0x85]T1[0xec][0x94]*|[0xe5]m){[0xc9]O?B1=[0xae][0xf5][0x95]ZR[0x98]*[0x8c]j[0x81][0xed][0xeb],[0xb1][0x10]][0x8a][0xce](PZX[0x91][0x7][\n]"
2020-11-26 10:40:54 DEBUG wire:72 - http-outgoing-1 << "[0xf0][0xd4][0xab][0x8d][0x8f][0xf7][0xcb][0x93][0x11][0x9c]o[0xb6][0xf8]4[0xe]Az[0xc4]S[0xfb]l5[0xa6][0xc6]A[0x9d][0x9d]![0xdb]z9[0x6][0x8e]1[0xce][0xb4][0xf2][0xfc]P[0x80]cfT[0xf9]|[0xa1]`( [0xfa][0x5][0xce]I[0xc1][0x94]~[0xb9][0xb3][0x91][0xec]>U[0x96][0xfa]li[0xd1]3)w[0xbf][0xc3]S[0xee]r[0xa4]EiaY[0x1e]hQ[0xc2][0xe1][0xe9][0x95]?[0xf4][0xab][0x8b][0x1d]0[0x1f]Z[0xb7][0xa9][0xa5][0xcd]G[0x10][0xa5][0x91][0xed][0x95]|h[0xca]e[0xae][0xf3]-[0x80][0x18]B[0x8d][0xde]F-[0x99][0xca][0xec][0xb8]sF[0x8c][\n]"
2020-11-26 10:40:54 DEBUG wire:86 - http-outgoing-1 << ".[0xdb]Z[0x19][0xdb]%[0x91][0x5]2[0xf9]B]}[0xce][0x87][0xda]_[0xff][0xca]m[0xf5][0xc4]"ob[0x9b][0x93][0xdc][0xaf][0xd7][0x4]$[0xc9]#6[0xf8][0xc2][0xa1][0xdc]Q[0xe6]0t[0xd5][0x8d][0xc1]x[0xeb][0x6][0x1f][0xb2]Fc[0x8f]SuD[0xfd]eo[0x82][0x92]U~[0xc6][0xb9][0x98][0xa7][0xcd][0x9][0xee][0x4]Gk2[0xf0][0xd8][0xb1]J[0xeb]"[0x1c]y9;v [0x13][0x0][0xe2][0xbb]?[0xbc]2[0xda],[0xf6]"[0xa7][0x99]l,[0xca][0xcf][0xf6][0xf6][0x89];[0x8f][0xd9][0xa9]6u[0xe9][u[0xb6][0x8a][0xd6][0xd4][0xbb][0xd8][0xd6][0x80]2[0xc1][0xa9][0x6][0xe3][0x84][0x8a][0xf][0xad][0x93][0x9e]VN[0x8e]i][0x92][0xd7][0x6]I{[0x84][0xca]O[0xb2][0xfc]b_[0xe8][0xf3]UTU[0xc7]v[0x95][0xf5]wtR[0xca][0xc3][0xbb]Pm[0x97]o|[0xd8]d[0xc6][0x90]:>[0xfb]I[0xe9]_[0xd6]d[0xfb][0xa6][0xcb][0xf6][0x8c]m[0xf0]UK6[0x8e]#[0xe7]T)[0xe3]q[0xec][0xf4][\r])[0x9d][0x9c][0x85]-P[0xeb][0xc1][0x14]8N[0xbe]Xi$}m[0x9c][0xbd]S[0x15][0xec][0xd5][0x10][0xb5][0x12][0xb2][0xf0][0x82]}[0xe2][0xe2]o[0x93][0xb0][0xf8]{[0x9a][0xe2][0xff][0x98]"
2020-11-26 10:40:54 DEBUG wire:72 - http-outgoing-1 << "4E[0xaa][0xa6][0xa0]Im[0x97][0xa1][0xe8][0x82]r[0xd0][0xce]r[0x14][\r]}[0xff][0xa6][0xe9][0x89][0xc][0xd4][0x83]JP[0xd4][0x91][0xd2][0xb2][0x12]c[0xdb][0xd3][0xf2]X$[0x91][0x9b]He[0x4]e[0xac][0xec][0xe9][0x89][0x8][0x9e]![0x91][0x8a][0xdd]x[0xe0]i`[0x7][0xfb]$[0xb3][0x15][0xcd]i|Y[0xf2][0xcf]R@[0xfa]M[0xf2][0x14][0x1d][0xe6]$f[0x81][0x96][0xa5]"[0xfe]6I[0x88][0x19])[0x9f]#[0xb1][0xf]G[0x86][0xe2][0xb1]J[0xdb][0xc]E[0x1d][0xe8][0xcf]#71[0x85]E4[0xb6]d[0x86]Q"7[0xf1]0$[0x15]Zx[0x5]KK[0xb9][0xdc]3[0xf1][0x97][0xbb][0xf1][0x97][0x1f][0xd5][0x99][0x1e][0xc0][0xb][0x8f][0xad]d[0xc6][0x1f]z[0xb]mU[0x5]j.>[0xfd]([0x8f][0xb4][0xc6][0xc7]'-ZgR[0x0]YV[0x1e][0x19][0xec]R[0x97][0x17][0x12][0xad][0xa0]R'[0xb6][0x8d][0xb7][0xf7]&O[0xb5][0xce][0xcd]#Jq[0xe7]q[0xcc][0xe0]W[0xd5][0xb5]f0[0x96][0x98][0xae][0xc3][0x87][0xb5][0xba][0xb3][0xa0][0xee][0xb6][0xc9][0xa3]}J[0xb4][0xed][0xd2][0xcd]+<[0xdd][0x9b]:[0xe6][0xd2]#[0xad][0x92][0x4]y|-[0xa4][0xb5]U[0x19][0xfe] [0xcf][0xbc][0xc4][0x90]p[0xbe][0xe2][0xc2][0x10]3[0xda]4[0xac][0xec][0xc]^[0xfe][0xf1]&[0xba][0xdf][0xb0]8[0x8b][0xed]GD[0xbf]?>[0xd9]([0xaf]?[0xda]/j<[0xae][0x13]<[0x7][0x17]*[0x8e][0x8e][0xee][0xc5][0xdb]{b[0x91][0xc1][0x18][0xd6][0xd8][0xe4][0xaa][0x94][0xaf],D[0x95][0xc8][0x9e][0xdc][0xd3]N[0xd7]w[0x16]A[0xf0][0x14]][0xf9][0x99][0x87][0xf][0xb8][0x11][0xe2][0x93][0xfb][0x9f][0xa0][0xef][0x12][0xec][\n]"
2020-11-26 10:40:54 DEBUG wire:72 - http-outgoing-1 << "L[0x86]X[0xed][0x8f]m[0xbe]B[0x12][0xa1][0x7][0x1b][0xcb][0xb4]S[0xc6]VW[0xe7][0xe9];[0xfb][0xa3]F[0x9]W"[0xc7][0xa5][0x1b]B( z[0x83][0x1e]_-_ye[0xda] ([0xd5][0xd6]K^[0xed]$[0x9f][0xcc][0xaf][0xc1][0xa9]QT[0xe7][0xa6]+[0x90][0xe0][0xa7][0x2]Y[0xab][0xaa][0x93][0xe1][0xfd][0xbf][0x88]5wD,[0x6]k*[0xbf][0xb3]o[0x1a]p0;[0xa0]T'[0x6][0xaa]![0x9c][0xb1]u[0x1e]k[0xfc][0x9a][0xce])[0xca]F[0xc][0xba][0x9a][0x5][0xa4]`[0x9d][0xf1]t[0xa3]l[0xaf][0xd7]x[0xc2][0xe6][0x97][0xf7]'[0xa2]J[0xb8][0x92][0x7][0x8c]2[0x4][0x3][0xb8][0xa8][0xcc]Q[0xbb][0x1e][0xf1][0x88](6[0xa1][0xb1][0x3][0xdc][0xae][0xc1][0xd8][0x1e][0xdc][0xb1][0xe2]i[0x99]/i\[0xc2][0x15]0[0xaf][0xcb] [0xba][0x18]Q[0xd9][0x5]e'[0x13][0xa0][0xe0][0x1d]([0xed][0xd3][0xfa]Nyg{[0xb0][0xb6][0xde].[0xb9]z[0xb3]U[0xc6]T[0xdb][0xd7]!CrfW[0xe9][0x9f][0xc6][0x10][0x14]2[0xd7][0x1b][0xdb][0x9a][0x96][0x1b][0xa3][0x10][0xfb][0xdd][0xd3]NV[0xb7][0xe5]'[0xed][0xf2][0x8c][0xed]TM[0xe9]&[0xfe]lV][0x1d][0x89][0xcf][0x8e]BQ[0xd5][0xfe]Gjc3[0x1c][0x1f]9[0xd3][0x91];*<[0xdb]Y[0xb3][0xef][0xe0]HFF[0xbf]x{;[0x84]X1[0xfa][0xf1][0xb8]R=n[0xef][0x1d][0xf0]fL[0xbe]Av[0x90][0x9b][I[0xdb][0x7]y[0xbd][0x9d][0x92][0xc2][0xae]q[0xbd][0xcf][[0xeb]3b[0xbc]O\y[0xa6][0xd9]w[\r]~)@[0x5])[0xfd][0x9f][0x1d]x[0xec][0x9c][0x7]M[0xdc][0xe1][0x1a]i[0xb7][0xee]$[0x8e]Q[0xc4]zw[0xfb]:F[0xed]d![0xc7]D[0xc2][0x83]?[0x9d][0x8][0xc3][0xef][0xce][0x8b]AI(+[0xba]/\[0xf6][\n]"
2020-11-26 10:40:54 DEBUG wire:72 - http-outgoing-1 << "[0xf5]R[0xbd]/[0xd0] P[0x9d][0xde]/[0xba][0xa0][0x98]=_[0x1f][0x18][0xa5]z[0xad][0xce]'y[0xdd][0xf7]1[0xe7]G;q[0x11]+[0xb6][0x19][0xab][0x17][0xe7];[0x1d][0x87][0xa7]"[0xf4]L[0xf]D[0xa2]b[0x5]f[0x8]`~[0xaa][0xff]4[0x3][0x95]s[0x92][0xcc][0xdc]xB[0x8b]MJ\[0xe0]^v"[0x8d][0x1e][0x9c][0x93]i[0xb2]u[0xbe]$[0xeb]#[0xba]Z[0xa5][0xe9]`[0xa6]Si[0xf8]Zj[0x89][0x80][0xbc][0xe7][0xd9][0xe4][0x92][0xce][0xc0][0xe1][0xe1][0xe][0xfe][0xe2][0xf3][0xf9][0xd5][0xd5][0x5][0xba]X[0x99][0xec][0xb4][0xcc][0x93][0xbe]![0xf8][0x8b][0x87]t[0xac]}w[0xf1][0xdb][0x1b][0xff][0xdd][0xd8][0xf4][0x9d][0xfb][0xae][0x4][0xe2][0x1e][0x8f]V[0xa4][0xff][0xb6]G[0xf2]3J[0xc9][0xa5]a[0xeb][0x1d][0xe9]_[0xd3]V[0x87][0xfe]U([0x18][0xde][0xf3]DKC2[0xe9][0xea][0x99][0x86][0x9b][0x1d][0xe5]E[0xbb][0x88]E[0xe6]b[0x91]![0x1c]0[0xbe][0x96][0xac][0x99]f[0x4][0xe3][0x91]j}[0xf3][0xa4][0xff][0x85][0xdc][0xb8][0xa8]6[0xef][0xa4][0x18][\n]"
2020-11-26 10:40:54 DEBUG wire:72 - http-outgoing-1 << "[0x8e]C[0xb4]yB[0xb9][0x98][0xd1][0x86][0xe6][0x97][0x12][0x9d][0x82][0xfd]f[0x4][0x86][0xcb]TH[0x96]Ta[0x1d][0xa8][0x8b]-[0xa4]c[0xcc]I[0x7]L[0xbe]SU[0x4][0x8a][0xed][0xed][0xe7][0xf4][0xc3][0x13]\I[0xeb]h[0xab][0x91][0xbe]6[0xd2][0xff]Vs[0x98]s[0xd5]Q[0xc7]vTpQ[0xc5]K[0xfd]H[0xa5][0xfd][0x1e]_AAlG[0xe7]"T[0x11][0x1c][0xdb][0x85]F[0xab][0xc3][0xd8][0x81][\r]_[0xa0][\r].Oo[0xc0][0xaa][0xc9][0xbe][0x15][0x92]_4[0xc6]_Afc[\r]^[0xe5]L[0xa9][0x12][0xe]O@[0xf2][0x1c]R[0x1c][0xcc][0xc8][0x0][0xe][0xf][0xe9]|[0xc2][0x83][0xb7][0xb9]5[0x1c]"[0xd0][0x1e]q[0xd2][0x81]VR}r[\r][0xf2][0xfc]w [0x97][0x81][0xe2]LW[0x10][0xf3][0xc2][0x91][0xa1][0xf1][0xed] ][0xa6]v[0xde][0x90][0xd5]-u}&[0xde]8[0x9e]Z[0xd0][0x94][0xc7][0x92]G[0xc0]/q[0x1d][0x94][0xed]Xl[0x1e][0xe7][0xd2][0x1e][0xef]4P[0xc5][0xc9]h[0xa7][0xc2][0x19][0xe][0x91]9[0x84],[0xe4][0xf3][0x97][0x96][0xe0]|[0xe5][0xac][0xcb][0xcb][0xc0]PW[0x9b]H[0xc7][0xa6][0xd6][0xdd]d#i[0xdc]v[0xd2][0x7][0x1c]#[0xb4][0xd8][0xad]q[0x84][0x99]L[0x2][0x84][0xea][0x19][0xbc]G[0xb8][0xf2][0xe0][0x99][0xf2][0xea][0xcc][0x12][\n]"
2020-11-26 10:40:54 DEBUG wire:72 - http-outgoing-1 << "[0x3][0xaa],[0xc2]{t>[0x90][0xe5][0x1]2[0xf1]^[0x9e][0xee]O#O[0xa2]=[0x8d]!= ;7:[0xdd][0xca][0xe3][0x8b]e[0xbf]qO[0xf4][0xfb][0xdd]^)[0x18][0xe4][0xf4][0xa2][0xb1][0xaa][0xa1][0xb0][0xf8]4[0xf6][0xc3][0xd9]*[0xf6]-` [0xa9]m[0xc3]J[0xdb][0xc3][0xc1][0xce]S-6[0x8c][0xae]5x[0xbf][0xab][0xc]O[0xa9]{[0x13] hF[0xd6]r&[0x2][0xcf][0x6][0xff][0xcd][0xb][0xd7][0x84][0x1b][0xe0][0xb0][0x9]Ae7[0xba][0xbc][0xe9][0xdf][0xcb][0xac])o[0xbf]$[0xed][0xfd][0xd8]([0xfe][0xf4]-[0x88][0x0]v[0x8e][0x98]-5[0xfa][0x7][0xe2][0xaf]G/[0xff][0x88]+[0xa8][\r]%@[0xb5][0xd0]B![0xc7][0x96][0xa8]~v[0xe1][0xfc][0x8f]x"G[0x8e][0xc2][0x95]/[0xd2][0xfc][0xba][0x4][0xf9][Z[0xb4][0x1a]e[0xc5][0xee]9(H[0xf5][0xcc][0xf6]`?4[0xc2][0x3][0xac][0xb5][0x80][0xe3][\r][0xd9][0x1a]O[0xe8][0x8a][0xfb][0x1e]*fh[0xea][0xde][0xc4].[0x8f][0xff][0xe7][0xe6][0x15][0xb9]s[0xb][0xf][0xf0][0x84][0xb2][0xc7][0x9b][0xe3][0xc2][0x8f][0xbe][0x7]nI[0xf3]P[0xb2];[0xb6][0x96][0x2][0xa5][0x1e][0x89]F [0xc8][0xb1]e[0x9c].T6[0xc4][0xe]KX[0xd9]O[0xab]v@[0x85][0xc9][0xf3][0xee]# y[0xa8][0xfe]1[0xb1][0xfb][0xb5]p[0x10][0xa2][0x96]/[0x9e][0xfd]/ j[0x8d][0x87][0x10][\n]"
2020-11-26 10:40:54 DEBUG wire:72 - http-outgoing-1 << "[0xae]p[0x95][0xc6][0x18][0x82][0x1d][0x15]Xce[0xb6]/Y[0xb9][0x4][0xbb][0x9b]}[0xe][0xa5][0x81][0x9e][0xb7]px#Y[0x3]([\r][0xdd];+wv+}[0xed][0xb6][0x1f]eF[0xb5][0xae]h[0xc9][0xdd]SF[0xd3]<[0xc7][0xa9][0xcc][0x17][0xd4]~[0xc3]/[0x6][0xee][0xb0]c[0xe4][0x19][0xa7][0xe0][0xc8]c[0xba][0x98][0xad]h[0xdb]~D[0xe9]q[0xf9]G[0xd4]9[0x95][0xe8]{p[0xb5]ww[0x92][0x95][0x1d]g[0x1b][0xc]k[0xe0][0xe9][0xed]h#[0xeb][0xb6][0x9e]/vbI#[0x96][0xa4]>[0xe7][0x87][0x1d]A[0xe1]b [0xec][0xae]F[0xfd][0xc2][0xe8][0xfe][0xb5][0xeb][0xe9][ [0xb8]p[0xe1][0xd2]5l[0xaa],[0xe][0xc9][0xcf][0x1a][0xe1],[0xdb][0xbe]E[0x9c]v9[0x13][0x9d]'(^y[0xb4]E[0xda][0xa3][0x10][0xf1][0x84][0xc5][0xf2][0x99]V[0xc0]w[0xfa].2c[0xe7]+[0xf9][0xf9]3,~[0x2][0xc1][0xdd]3[0xbd]p[0x2][0x7][0x1b][0x0]SE[0x94][0xcc][0xa4]7p3,[0xe1][0x6]v[0xb7][0x1d][0x3]3[0xec][0xa4]qW~2I%[0x14]i{[0x87][0xb9][0xa8][0x18]fx0[0xb3][0x9f]'[0x16]^[0xd9]~,[0xb7][0xce][0x92]~`AJ[0x93][0x1b][0x17].f[0x84].#[0x92][0x16][0xae][0xe]\[0x80][0xf8][0xc8][0xfb][0x17])[0x14][0xf2]H[0xda][0x8c][0xc0]![0x1e][0x9e][0xe2]9[0xaf][0x4][0xd5]C6#[0xb4][0xe3]q[0x86][0xa3][0xa4][0xb9]_[0xdb]Hc9[0xa7][0x7]CX[0x9e][0xcd][0xa7][0xc1]%MB1W[0x9f]6{[0xd9][0x9c]C[0xad][0xd3][0xe][0xbb][0xb][0xa2]W[0xf4][0xd0][0xc5][0x9c][0x9a][0xe4][0x14]9V[0x9f]N;+[0x97][0xae]",Ya[0x16]0~[0xbd][0xfa][0xeb]v'[0xe][0x13][0xdc][0xe4]:K[0xb][0x9][0xae][0xdb][0xfa][0x1a]k[0xb2][0x9][0x5][0xf3][0x83][0x89]6[0xdb]1[0xf7][0xdd][0x93][0x2][0x17][0xa5][0xa0][0xbb][0xd6]+[0x5][0xe8][0xbc][0x0][0x15][0xf6][0x0]X[0xb9]R[0x9e][0xec]([0xab][0xa4][0xab][0x3][0xc7][0x6][0xc1]f[0xa7][0xda][0xd3][0xc][0xbe],[0x6][\r]KT[0xec]C[0xae][0xc2];|[0x7];0[0x91][0x91]8q[0x18][0x1a][0x3]I[0x9a][0x86][0x8d]?[0xa9][0xec][0x5]Fg?[0xf9][0x84]7[0x15][0xf4]pL[0xfb][0xcc][0x12][0xdf][0x84]J[0xd4][0x9e]d[0xb0]g[0xe2][0x9c][0xdf][0xc3][0xd0]~[0xf]C;[0xd0]0[0xb4]k[\r][0xa1]:[0x9f][0xf7][0xa8]q[0xdf][0xc8]. [0xcd][0xcf][0x9a]8[0x8b]H[0xb3][0xfc][0xcc]o[0x1a][0x9b][0x86]P[0x97][0x1e]Tt[0x1a]"[0xa8][0xd7][0xc9][0x8][0xa9][0xe6][0x1b][0xf3][0xf2]X[0x4]*[0xd4][0x19][0x82]i[0xb2]G[0xa8]![0x90][0xc6]@)[0xbc][0xc3]"[0xa5][0xb8][0xab][0xcd]'b[0xe2][0xf0][0x8b][0xf][0xfd][0x6][0xd0]>[0xff]R[0xfa]Fl[0x8c][0x81]h[0xbf]M [~[0x6][0xc8]4"[0x87]"[0x94][0xad][0xb2][0xdc]6[0x94]-[0x95][0xf0][0xe0][0x2][0xeb]Vwv[0xe]{L[0x1b][0xce]L[0xd3][0x84][0xb4][0xaa][0xb9][0x18][0xe2][0xda][0xb2][0xeb]L[0xd6][0x81]_[0x1c][0xde][0x18][0x81][0xde][0xae][0x16][0x83][0xca]x[0x8b][0xe8][0xf7]{[0x1a][0xf8]T$[0xbd][\r][0x8b][0xba][0xa9][0xf1][0x5][0xea][0x9d][0xb6][0xf3][0xdd][0xf2][0x86][0xeb]%[0xca][0x5][0xa4]}[0xc7][0xe0]~[0xcb][0xa4]k[0xb2]v[0xa4][0xad]U[0xd9]YA[0xcd][0xcc][0xec][0xd2][0xce]Y[0xd5][0xb4]$[0x1b][0xcf][0x19][0x3][0x92][0xe7][0xe]2[0x2][0xee]i[0xda]![0x1e][0xac][0x93]<[0x1e]-[0x95][0x8c][0xd5][0xfa][0xb3]k[0x10][0xae][\n]"
2020-11-26 10:40:54 DEBUG wire:72 - http-outgoing-1 << "{Ca[0x8c][0x1b](+)[0x82][0x90][0xb0][0xac][0x14][0xd2]+[0x1d][0xc9][0x1f][0xba][0xd5][0xd5][0xfd][0x13][0xc6][0xa4][0xd5]:)[0xcc][0xcf]v/[0xd5][0xd5]([0x84]!u[0xb4]Q[0xb][0xcd][0xe][0xd3][0x80][0xe4][0xae][0xe][0x92][0xc7]K[0xa4][0xd5][0xb6][0xfa]F[0x0][0xe2][\r][0xc8]J'i][0x8a][0x8f][\r][0x18][0xe][0xf6][0xcd]h[0xe6]H~[0xd1][0xe3][0xbe]+U[0xc7][0x9f]=[0x97][0xbb]fI[0xef][0xb4][0xd5]i[[0xbf]e[0x81][0xfa][0x9f]/_S[[0x6][0xd5][0x17][0xb6][0xbe][0x9b][0xab][\r][0x17][0xce][0xdd][0xe4];M[0xec]o[0xe7][0xb0][0xe0][0x95][0xe9][0xed][0xac]4[0x94]{[0x9a]b[[0xad]|[0x9b][0xab][0x7]T[0x85][0xfd][0xbb]s[0xc2][0x5]O8[0x8][0x95][0xd4][0x12]&n|[0xa2]M[0xd9][0xb5][0xad][0xb4][0x94][0x1c]T>[0xea][0xfc]|[0xfd][0xfa]5<[0x8f][0xdb][0x86]2[0xde]Z[0xb7][0xf7][0xbe]fc[0xe7][0xe7][0x8]T[0xeb]P7[0x8e]ITC[0x15][0x88][0x8b][0xdf][0xde][0xe0]C[0x10]e[0xb][0xd7][0xab][0xd5],j[0x94][0x8b]O[0x18]5[0xcc]o[0xe6][0x97][0xe]<[0xfb][0xb0].[0x9f][0xef][0x8e]["C=A)[0x18]t[0xfb][0xbc]|I[L[0x4][0xc5]6[0xa3][0xb1][0xa8]m[0xba]4{[0xd5][0xc4]wY[0xe7][0x8d][0xa9][0xd3]|[0xd2][0x83]3[0xa4][0xee][0xe2]m[0xd1][[0xeb]CW[0x17][0x94][0x0][0xeb][0xb4][0xdd][0xf][0xc2][0x16][0xe0]w[0xb0][0xaf])[0x8c][0xef][0x16][0xd6][0x4]|[0xf5]A[0x1b]jh[0x80][0xbc][0x1e][0xa3]*[0x8f][0xc9][0xf][0xfa][0x9][0xaa][0xb][0x9f][0xf3][0x6][0xdd]U[0x1e][0x89]o[0x6][0x9c][0xfb][0xdb][0xbf][0xf3][0xbd][0xe8][0x92][0xfc]u\[0x13][0xe5][0x81]XU[0xe5][0xe6][0x9f])[0xd6]A[0x9]<[0x15]w[0xb1][\n]"
2020-11-26 10:40:54 DEBUG wire:72 - http-outgoing-1 << "[0x4][0xe9][0x98][0x93][0x9f],[0xe3][0xc6]1[0xc7]i[0xd3].0[0xa8][0x94][0xed][0xc7]dy[0x94][0xf]o[0xbd]j[0xb2]f[0x8e][0x9b][0xc2][0xc2]2[0xb4][0xa9]u[0x87]H[0xdb][[0xe5]U[0x13]z[0x8e][0xf][0x82][0x15][0xf8]J[0xc7][0xfa][0x1b][0xc4]p[0xc8]W[0x1b]v[0xf3][0xe1][0x1a]v[0xc3][0xeb][0xf5]b[0xc8][0x17][0xe0]kp[0xed]G[0xb3][0xfe][0x90]I[0xaa]@[0xfd][0xd8][0xfc][0xe8]a9[0x17]L[0xd5]&>+$D[0xc6]l13J[0x16]([0xb1][0xbd][0xda]$w?&[0xeb]#[0xc9][0x0]~[0x9b][0xa6][0x89][0x8a][0x84]VM3[0xea][0x0]b[0x3];[0xfd][0x1a][0xf]T0[0xe6][\n]"
2020-11-26 10:40:54 DEBUG wire:72 - http-outgoing-1 << "[0x1c]D9N[0xb4]Q[0xf1][0x1c][0x17][0xa6]tr[0xa9][0x9b][0xba]v[0xc2][0xf7]6[JLI[0x18]yS[0xc4]r/[0x89][0x89][0xb]"[0x8b][0xd3][0xe5][0xe3]s[0xc3][\n]"
2020-11-26 10:40:54 DEBUG wire:72 - http-outgoing-1 << "[0xca][0x97]P[0x82]1[0x8b][0x89][\r][0x9][0x7][0x1f]!sO[0xe2][0xc3]+[0xa6]3[0xa8][0xf3][0x1d]l[0xc4]1YX[0x1c]^u[0x15][0x9a][0x96][0xb6]p[0xe3][0xcb][0xb8][0xcd][0xc5][0xf9]2[0xce][0xe][0x1b][0x8e] [0x9b][0x9b][0xea]"[0xb5][0xf]{[0x95][0x8e]7rg[0xb7][0xbc][0xf2][0xe1][0x80]([0xc2]1Yp[0xc9] [0xed]Q[0xe5][0xa5]m`[0x6][0xbe][0x1b][0x9f]xE[0xde][0xdb][0x9e][0xe9]C[0xdf]R[0xbb][0xd6][0xf1][0xb4][0xb5][0x9c][0xa3]Lxbn[0xae][0xf8]\[0xd4][0xba][0x10]p[0x1b][0x12][0x85][0xb1][0xc0]4ee[0xfb][0x9]O[0x10]n[0xb0][0xe1][0x17][0x8f][0xb6][0x4]F[0x1e]s[0xcd]}$[0x83][0xdd][0xab][0x7][0x1a]Zc[0x90]Avp[0xd0]5[0x1b]}[0x8f][0x18][0xf8]![0xb0]/,[0xc6][0xaa]WQ[0xde]T[0xc7]^[0xdb][0xbd]+y[0xee][0xe4][0x88](g[0x9]F[0xac][0xa7][0xcc]b[0x1c]!8[0x9a]+[0x16]@[0x89][0xc2]f[0xe7][0x5][0xb4])[0xfa][0xbb]n[0xa0]M[0xc1][0xdd][0x1c][0xaa][0x92][0xf5][0xcd][0x93][0xb9]uy[0xa4][0x3]*O3Bp[0x96][0x9c][0xd8][0xed][0xd3]B[0x9d][0x99][0x1c][0xc0]"z[0x7][0xb3]3[0xcd][0x13][0xc4][0x2][0xa5][0xb0][0xd9][0xbc][0xe0][0x1b]L27[0xae]D[0xf6][0xe8][0xa4]q[0x82][0xf2][0xb7][0x1e]1x[0xa7][0xf0][0xaa][0xbb]6 [0x86]$[0xc1][0x18][0x14]m:[0xbb]+[0xf3][0x86][0xe9]XDn]$s[0x8b]d[0xbd][0x9f][0xbf][0x10]K[0xce]u[0x17][0xf2][0xba]C7[0xa5]`[0x88][0xea][0xd6][0xea]R[0xe3])[0x1]"[0x95]w[0x9b][0xf1][0x17][0x9c]C2[0xd7]+?{[0x84]?m5h[0xac][0x98][0xc8]*[0x1][0x92][0xd6]%[0x8]U[0xe1]:[0xdf]O[0x93]6[0xec][0x10]([0x8][0xc9]c[0xeb][0x80]s[0xc9][0xf3][0x9]BH[0xbe][0xaf][0x87][0xc3][0x15]([0xe4]dgV[0x99][0x18][0x84][0xa0][0x82][0xb1]%L[0xc6][0xc0][0x83]4mI[0xb6][0xbc]@[0x6][0xbb][0xf8][0xc8]K[0xb6][0x1f][0xd1][0x85][0x92][0xef]][0x6][0x98][0x1e][0x89]r@[0xfa]8gED[0xc3]B$w[0xcd]St[0x9d]D.C[0xbc]W[0xe4][0xb1][0xba][0xb2][0x17][0xba]b[0xd7][0x2]][0xb7][0xdf][0xba][0xef][0x87][0xc2][0x1][0x9][0x9c][0xed][0xa4][0xff][0x11][0xe5]-[0x8e] [0x5][0xc0]G[0xcd]!)T'[0x85][0x83]yr[0xfd]X[0xd0][0x8b][0xaf]Vb[\r][0x93][0x1f]TC[0x14]=[0xd4][0x82][0xad]o[0x88]Ez[0xe4]73|[0x91]vZ[0xa4]3[0xcb][0xd5]*</Q#[0xcf]][0x13][0xf6][0xdc][0xf0][0x85][0xfd][0x15][0xf6][0x1c]#Q[0x96][0x1]ro[0xb2]H[0x92][0xad][0x8f][0xf4]{8j[0x90]l[0xcd][0xfc][0xac]v}8[0xf4][0x8][0xe4]@@[0x9e][0x8c]~[\r][0x13]L%[0xe0][0xe5][0x0]][0xe3]1[0x99][0xaf]6[0x89][\n]"
2020-11-26 10:40:54 DEBUG wire:72 - http-outgoing-1 << "[0xea][0xc6][0x92][0xb6]>D[b[0xdb][0xd3][0xa4]q[0xdb][0xae][0x9d]',ba[0xaa][0x3]"[0xf][0xc7]|[0xd4]C[0xe4][0x9d][0xec]U[0xa0]y[0x1b][0xdb]y[0xcc][0x93]y[0xcb]&+[0xe9]zMm<{:[0xc2][0x9e][0x6][0xa6])[0x1e][0xc]Ixj[\n]"
2020-11-26 10:40:54 DEBUG wire:72 - http-outgoing-1 << "[0xb0]tN[0xf9][0xd1][u[0xf1]Q|[0xd8][0x1e][0xe6][0xcd][0xe6][0xf8]x[0x1b]$XF[0xe7]8[0x1c][0xc]Z[0x80]>C[0xd4]~C[0xe3][[0xca]Y[0xea][0x6][0x8f][0xfd]c[0xb5][0xe4][0xf3][0x15]\D[0xaf][0x3]&[0x9c]a>[0xaa][0xbd]V[0x1b][0xc][0xb9]]AI[0xc][0xb8][0xea]x[0xbd][0x88][0x1e])[0xd0]P[0x15][0xae][0xe5]S1[0x3] 9BW[0xff][0xba]/o"_[0xed]E[0xb4][0x8f]H[0xeb];[0xb5]i[0xd8][0xe],|[0x97]o[0xc9][0xd5][0xfa][0x1d]hQ[0x16]{[0xb5][0x88]|[0xcc][0x7][0xdc][0xec]v[0xb4][0x14][0xb9][0xfd][0x92][0xc7][0xed][0x95][0xf6]I[0x9][0xae]c[0x4]&[0xde][0xcb][0xc3][7\[0x1][0xd1][0xdf][0x80][0xc7][0xae][0xe1]u!ZS,[0xeb][0xdc][0xe][0xdc][0x1b]t[0x9c][0xbd][0xee]p[0xbd][0x2][0x19]Zm[0xca][0xa3]-y{X[0x99][0x8b][0xf0][0xa9][0xca][0xb8][0xad][0xc9]v@[0xe5][0xc9]H[0xd2]2p[0xec][0x9e]qN[0x1f][0x1e][0xa3][0x12][0x13]O[0xe4][0x8e]w[0xc5]p^[0xd6]tS1i[0xea]W[0x16][0xa3][0xf1][0xf6]~<[0x12][0x9b][0xc7][0xd2]tbg[0x6]%o([0xd0][0xc0]7[0xbf][0xee][0x7][0x83]&[0x91][0x92]W[0xa9][0xc9]W[0xc2][0xf1]ZC[0x88][0xda][\r]E[0xf5]b[0xe0][0x8e][0x1d][0xb4]L[0xa7][0xd1]<+[0xec][0xa8][0x5][0xe][0xef]*3[0xbe][0x16][0xf9]|[0xb][0x8c]/[0xe0][0x80][0xb8][0xd6]yy8J[0xda]y[0xfc][0xa9]9P[0x85][0xa7][0x84][0xa3]V[0xe]}[0xbc]%[0xb6][0xd9]K[0x6]z[0xb0]x<[0xdf][0x98]^e~[0xc1][0xe7][0x8f][0x14]:/[0xbb][0xdb]([0x8f][0xf1][0x99][0x9a]7[0xfe]z[0xe5][0x1c][0xaa][0x8a]P[0xac][0xde][0xc1][0xa2][0xce][0xbe]'[0xaf][0xbd]'[[0xef]L[0xdf]s:[0x9b][0xca][0xb9][0xe2]m[0x8c]v[0x0][0x1e][0x1d]f[0xbb]r[0xa2][0xa9][0xce][0xe2]L0[\n]"
2020-11-26 10:40:54 DEBUG wire:72 - http-outgoing-1 << "[0x98][0xaf][0x85]fk[0x18][0xb]}[0xd8][0xac]S[0x7][0xa7][0xb2][0x96]s[0x5][0xd5][0xa0][0x87]I[0xee]zL[0xfa][0xb5][0x98]t>[0x7][0xc5]9[0xbf][0x9f][0xca]^[0xb2][0xba]u[0xee][0xda]5[0xad][0xdd]x[0xb]vc[0xaf][0xc5][0x80][0xcf][0xd5]4(lf[0xf2]Eu[0xeb][0xf6]HU[0x92][0x18]RW[0x17][0x92]Ig[0xce][0xf9][0x86]'[0xae]F[0x9f]PXMA~[0xb2][0x95][0xdc][0x87][0xca][0xbc][0xdf][0x8f][33[0xd4][0xd0][0xfc][0x88]_[0x8e]mF[0xca][0x8a][0xca]*1[0xb0][0x88][0xc7]m[0x5][0xa7]y[0xc1][0x99][0x95],m[\r][0x8e][0xce][0xe3][0xc9]Tb[0x7][0xba][0x6][0xfd]a87[0xdc][0xa8]Y[0xe5][0x95][0xa7][0xf8][0xe2][0xdb][0x10][0x7][0x80]h[0xaa][0x8f]O[0x8a]:[0xc][0xed][0xc2][0x98][\n]"
2020-11-26 10:40:54 DEBUG wire:72 - http-outgoing-1 << "[0xed][0x10][0x8][0xc3][0xc7]l[0x97][0xb9][0xc]!aN[0xd9][0x87]/^MY[0xee][0x8c]Ea[0xbd]![0x1d]C[0xe0]xx7[0xe2]DCQw[0xb7][0x94][0x91][0x1e]j[0xd8][0xd1]v0[0xb5][0x1c]4[0x85]*KM[0xc3][0xb1][0xc8] E2[0xde][0xd8][0xa4]LA[0x0][0xbe][0xed]B[0x89][0xf1]/[0xe8][0xb][0x8b]mvQ[0xab][0xf2]`8[0x88]g[0xe6]i[0xd6][0xff][0xf0][0x12][0xc5][0x96][0x1d]5[0x4][0xee]K[0xbe]xG[0xb5]o[0x83][0xca] [0xdc]U[0xd5]*.$[0xce]v[0x82][0xd3][0xd6][[0x9b][0xf9][0xcc]l[0xe3][0xd9][0xce]9up[[0xf2][0xde]q{[0xf9]}:[0xa9]|Vz[0xb2][0xb0][0xb4][0x8c]+[0xbe]M[0xdb]v[0xa6][0xc6][0xf5][0xe6][0x82][0x11]B[0xad][0xbe][0x1c][0xd7]R[0xac][0xfb] F[0xc6]([0x8d][0xf9]N[0x95][0x89]G[0x7][0xe3]/[0xdf][0x90][0xb9][0xf7][0xf2][0xb3][0x19]'[0xe1][0xe]8{k[0xdc][0x1e]~K[0xc3][0x11][0x9b]![0xe5]x[0x2][0xe2],6[0xac][0xec][0x80][0xff].[0x14][0xf2]k[0xf6][0xd6]P[0xf]^[0xd8]5[0xb9]IU[0xa5][0x1b]RH[0xc0][0xbf][0xbf][0x84]%[0xaf]K[0xb2]W[0xc8][0xb9][0x15][0xa2][0xef][0xe7][0xc8]8[0xa5]\[0xa1]M[0x9a][[0x97][0xc9][0x14]<[0xd0][0x8b]#[0x8d][[0x13][0x9f]M[0xf3][0xe4][0xc5][\n]"
2020-11-26 10:40:54 DEBUG wire:72 - http-outgoing-1 << "%[0x9c][0xdc]?@[0xbf][0xcf][0xb7]4[0xe2][0x9c]R[0xba]>[0xc2][0x92][0xc6]bj[0xf8][0x1c][0xcf]&C>[0x7]R[0xf0]d[0xe][0xb2][0xe5][0x13]g[0xc]b[0xa8][0xee]M@[0xdd][0xb7]H[0x1b][0xdf]d0[0xd6][0xe5]z[0xde][0xad][0xac][0xcc]P[0xcd][0xc1][0x16];[0xdc]v[0xe6];R[0x0]='L[0x4]r[0x17][0xe9]q<mJ[0xb9][0xca][0x95]i[0xfe]qv[0x94][0x13][0xdf][0x96][0xc9][0x85]:1[0xe0][0x91][0x82][0xc5]5[0xf4]&[0xd5]zAO[0xec]iE[0xad][0x8f][0x8f][0xeb][0x18]y[0xe3][0xcf][0x9e];[0xa4]0B[0x9a][0xbe][0x7][0xed][0x9c][0x89]x[0xa2][0xe2]0T[0xc9][0xbe][0x4][0xd1]u[0x10][0x2][0xc1]PP_W[0xf8][0xe4][0xe6][0x9f][0xa5]P[0xf1]5_0D[0xf5][\n]"
2020-11-26 10:40:54 DEBUG wire:72 - http-outgoing-1 << "[0x90]B[0xea][0xea][0x86]l[0x9f][0x8f]n[0xb3][0x8c][0xe6][0x95]{J[0xb8]b[0xea][0x98][0xe9]h<c[0x18]m[0xc9][0xb]?^[0xbf]a[0xaf][0xfb][0xe3][0x6][0xb][0xfa][0xc0][0xa9]L[0xfd][0xc9]O[0xa5][0xf0]MI[0xc]\[0xf4][0xdd][0xf3][0xf2][0xa9][0xd6][0x9a]Z[0x8a][0x81]}[0xec][0xc]AX9[0xbb][0x96] '[0x97]k[0x5][0xb8][0x9e][0xdc][0xfe][0xd3]J L[0xb4]%CX[0x9c]rV[0x9]W[0x90][0x9d]q[0xa9][0xc5][0x92][0x16][0x9c][0x7][0x93]%6Up[0xde]8[0xa1][0x10][0x1e][0xdd]-[0xf]oQ[0xf3][0x5][0xab][0x8d]A![0x15]f[0xdd][0x9b][0x2][0xf2]2v&V[0xd7][0xbb][0xbd][0xd8][0xc][0xc3]U1t[0xd5]4[0xdf][0xf3][0xcc]~<AzF[0x1c][0xe5]aJ[0xc7]Q[0xed]H=[0x7][0xba][0x1d][0xee][0xf3][0x8][0xe9][0xfb][0x8b][0xb6][0xaa][0x0][0x9d][0xf6][0x17][0xa0][0xd8][0xe1][0x5][0x8f][[0xf2][0x86][0x84]oEW[0xc8][0x17]h[0xd0][0x4][0x82]p[0x95]jFN[0xc6]([0xb6][0xd9]M[0xc1]F[0xf8]-[0x94][0x98]|S[0x97][0xc3]3[0xa7]51[0xf2]+z[0xa4][0xe3][0x8d]Quw[0xf0][0x94]`[0xc]w[0x84][0xd2]L[0xb1][0xbd][0x15][0xca]c[0xf4]M[0xd2][0xdc]o[0x17][0xc0][0x93][0xb9][0xd7][0xf8][0xec] X[0xea]X[0xc]%[0xe7]^[0xe4]'[0xed][0xca][0xeb]i<[0xcd][0xad][0x18]M[0xf0][0xdc];#[0xad][0xef][0xa8][0xf5][0x80][0xe8][\n]"
2020-11-26 10:40:54 DEBUG wire:72 - http-outgoing-1 << "[0xda][0x91][0xa5][0x13][0xcf][0xc9]\[0xef][0xef])[0xe4][0xbf][0xa7][0x90][0x1f]h[\n]"
2020-11-26 10:40:54 DEBUG wire:72 - http-outgoing-1 << "[0xb9])[0xd5][0x99]m[0xde][0xdb]e[0x90][0x8b]ng[0xd9][0xe3]V_[0xf8][0x4][0xc9][0xe3]e[0x7][0x95]<[0x9e][0x9e],[0x9e]r[0xba]I[0xf6][0xac]q[0xd1]mLH[0x16][0xdd][0xce][0x92][0x91]3e[0xaa][0x1f][0x8a][0xd3]L[0xb8]O[0x7]9w[0xf9][0xb7]?[0xd5]$[0x8f]t?[0xd4]I[0xe0]Nx[0xe7][0xf3]8[0xe7]$#[0xcf][0x1f][0xba][0xa3]Nr[0xc8]m[0xe6]:~m[0xf2][0xbd][0xf2]~Z}[0xff][0x8c][0xf4][0x94][0x9f][0xac][0xe2][0x16][0x89]^[0x85][0x9c][0xd3]3[0xc3]T)[0xa8]k[0xb]{[0xc4]`_U[0x85]m[0xeb][0x89][0xc3]^[0xe7][v[\n]"
2020-11-26 10:40:54 DEBUG wire:72 - http-outgoing-1 << "&U*;[0xda][0xd4][0xdd]%[0xa5][0xaf]=[0xde]8N[0xd5])P[0xf6][0xa3]-[0xca][0xce][0xa0][0x12][0x9d][0xc4][0x1a][0xf2][0x9]JfrZ[0xf9][0x2]![0xc]3G[0xe7][0x9][0xf4]M[0x8d][0xbc][0xe9]vucJ[0xdd]|u0n[0xb][0xfe][0xb4]{[0xd8][0xe8][0x1f]["[0xcb][0xb][0xb1][0xad][0xe9][0xd8][0xe6]r[0xf0].[0x9c][0xe5][0x11][0x8b]v+[0xd1]^[[0xa5]{[0x91]U[0xc3][0x9e]][0x85][0xf2]e|[0xf5][0xc8]G[0xdf][0x93][0xe1]v[0xb0][0xbf]:[0xdf][0xa2]W[0xc0]\[0xdc]/[0xdb]x[0x18]hV-I[0xfe]$Y[0xc1][0x5]m>[0xe3][0xe2]7O[0xc2]7[0x12]1x[0xb7]^[0xe3][0xb6][0x4][0xa3][0xda]Q[0xa5]J[\n]"
2020-11-26 10:40:54 DEBUG wire:72 - http-outgoing-1 << "[0x84][0xe4][0xc8][0x0][0xb8][0xd7]r[0xa4]"[0x94]s[0x89]6[0xdb][0x10][0x11][0xf6]2[0xa4][0xc0][0xf5][0xb]?[0xfc][0x80][0xb4][0x94]_4R[0xc3][0xe8] [0xf9][0x8f]k;qb[0x13][0xa2][0xe7]7V[0xc9]n[0xb][0x19][0xea]Q[0xa2][0xcf][0xf4][0x9f][0xba][0xf][0x8][0x3]w[0xe4][0xfe]~u[0xcf][0xb6]^[0xe9][0x15][0xaa][0x8d][0xac]<O[0xd6]e[0xce][0xcc][0xbd][0xc3]K[0xb1]H[0x1f][0xc4][\n]"
2020-11-26 10:40:54 DEBUG wire:72 - http-outgoing-1 << "[0xb3]:m[0x94][0x96][0xc8]HP[0x6][0xd3]0[0xc7][0xed]XS+[0x98][0xbb][0xcb][0xe][0x9d]gN$e[0xa5][0x91][0xce][0x9f][0x83]`F[0xbe][0xcc]~[0x1c][0xd1]P@[0x92][0xc8][0xe0]N,:[0xc7][0xd0][0xea][0x84][0xa3]r[0xfa][0xbb][0xf8]|j[0xd7]%[0xa8][0xa4][0xc1]b69[0x8]i[0x94][0x91][0xa4]w[0x83]J[0x5]yz3]X[0xda][0xd0][0xb1][0xc1][0xe7][0xf1][0xfd]\[0x8e]"[0xd2][0xc8][0x9f][0xdc]![0xf7][0x7]T[0x1e][0x0]3[0xc2]0[0x88][0x1e][0x92]-[0xd8][0xe0][0xe2][0xa1]-[0xb6][0xfe]][0xd1][0x1f][\n]"
2020-11-26 10:40:54 DEBUG wire:72 - http-outgoing-1 << "[0xd7][0xf3][0x11][0x11][0xe9][0xa5][0xce][0xcc][0x93][0xa6][0x94][0x5]:[0x13][0xd5][0x91]qg[0x9f][0x93][0xed][0x8][0xf2][0xdd][0xc1][0x9][0xc1][0x12][0xae][0xf0]5[0xe4];();0[0xa8]'[0xc4][0xf0][0xad]$[0xac][0x0][0xe0][0x8b]x{[0x97][0xdc][0xb8][0x88][0xe]p>[0xa6][0x93][0x87]W[0x91][0xb9][0xb4]c<[0x98]+[0xd7]n[0xc6][0xfe][0x19]'A[0xa8][0xa6][0xe8][0x8e][0x14][0x10][0x83]d[0xa5]G[0xee][0x18][0xd0][0x16]t6[0x99]ac[0x99]7[0x9a]-[0x7][0xae][0xe3]Id[0xc0] U[0xe4]=[0xbe][0xad][0x90]?_[0xbb]YX[0x8e]i[0xcf][0x9c]5+[0x91]p[0x8f]?[0xc6]g;[0x90]|r[0xdf][0xac][0xf2][0xde][0xae][0xaa][0xfb][0x9f]}[0xbe][0xda]+[0xd2][0xf]R[0x8]&[0x3][0x12][0xcd]X[[0xf7][0x13][0xd4]"[0xb8][0xeb][0xae][0x7][0x11][0xb7][0xb9][0x9]n%F1[0x94]{[0xb6][0xdb] [0xb8][0xbd]k[0x98]A[0xb6][0xbb][0xc2][0xbe]*[0xb7][0x87][0xe1][0x8e][0x88]o[0xac][0x83][0x8a][0xb8][0xba][0x85]S[0x1c][0x80][0xd8]Y'[0x8f]{m([0x18][0x92][0xbc]Tya[0x91][0x88][0xad][0xf3][0xf1][0xa7]K[0xdc]G[0xba][0xe7]R[0xb6][0x80]g[0xc3][0x93]R[0xa0]k[0xba]* [0x89]wH[0xeb][0xbb][0xf8][0xf0][\n]"
2020-11-26 10:40:54 DEBUG wire:72 - http-outgoing-1 << "Y~[0x9a][0xba][0xf4][0xf2][0xed][0xc6][0xa1].2[0xb4][0x19]_[0xb0][0xf5][0x83][0xff] [0xf9]\[0xbe]Z[0xaf];[0x14][0xf0]y[0xb9][0xd6][0x87];[0x85][0xf5][0x92][0xe8][\r][0xa2][0xca]'[0xf7]-[0x91][0xd5]m<[0xf7]+[0xb6][0xb9][0x9b]{N[0xd6]I[0xae][0x94][0x19][0xf4]^[0xaa]{[0x3][0xf4][0xeb][0xca][0x9b][0x5][0x87][0x81]'[0x9a][0x86][0xc0]J[0xff][0xda][0x8a][0xb5][0xae]i[0xca]UH[0x10]8[0xd3][0xe][0xf7][0x91]Y[0x7]\[0x85][0xd4]S,&[0xed][0x0]Ef[0x2][0x1d][0x4][0x83][0x9d][0xe0][0xca][0xa0]A[0x6]#[0xfd][0xa3]p[0xfc][0x86]3[0xda][0x9d][0xbb]r[0xfe][0xd2][0xf5][0x9b]|j[0xb1][0xba][0x3][0xa1][0xc0][0x10]Z[0x16][0x89][0xa8]-[0x9b]p[0x98]As+[0x1c]+[0xb4][0xf5]>[0xbe][0xdb][0xa2][0xae][0xb6][0x91][0x8e][0xd7]v[0x8b]*[0x9d][0xcb]s[0xe3]rc[0x13][0x80][0xc9][0xd4][0xcd]}q[0xd7][0x9][0xbe][0x13]/[0xb1][0xf0][0xfd][0xea][0x16]n[0x99][0xc1][0xa7][0xe9]P[0xbf]_[0xd2]a[0xe0]c0[0x8][0x83][0xb6][0x8f][0x88][0x8b]mv*[0xd1][0xf7]H![0x12]y[0xac][0xcf][0xf3][0xd8]f_[0xbc][0xbd][0xd7][0xbe]X[0x80][0xe][0xac][0xb2][0xd8]$Ov[0x92][0xf5][0xe7][0x14][0xd8][0x14]i[0x91][\n]"
2020-11-26 10:40:54 DEBUG wire:72 - http-outgoing-1 << "x[0xbe][0x8b]N[0xf0]D.,?%[0xad][0x9b])t4[0x8d][0xa5]}[0x92])_[0xe4]%[0x92][0x12][0xc9][0xca]EA[0x8c][0xde]H![0xd9]>[0xd9][0x8c]'[0xa9]F[0x1f]9,5[0xa8][0xae]B[0x12][0x85]CN;[0xee][0xba]f][0xa1][0xa6][0xf1][0xc3][0xa5][0xeb]|[0xf4]Qv[0xfb][0xe2][0xb3][0x93]p|[0xe0]^[0x13]T[0x88]c[0x96]2[0x17][0xab]![0xb4]et[0x1e][0xe3]U9;[0x82]jK^[0x1d][0xce][0x91]Z|[0xa7][0xbe][0xe0][0xb0][0xa0][0xd0]0[0x1e]C[0xab][0xc9]b.u[0x1]Ut@z[0xb1]M][0xec][0xd4][0xe]y[0xd8]|[0x1c][0xdb][0x1c]WWw[0xb5][0xfe][0xb0][0xb8][0xf9][0xc0]*[0xe9][0xb2][0xaf][0x88][0xd3][0xfe]Ji[0xf9][0x88][0x3][0x87][0x9d]]k[0xb8][0xe9][0xb][0xb8][0xea][0x8c]1#[0xa6]B[0xe7]9[0xd0][0x86]cr[0xf9][0x1b]B[0xf0]U[0xfa][0xbd][0xd8]V[0xa7][0x1d][0xd0][0xc2][0x85][0x9f]1[0xc3]NmlFw[0x88]`[0xd7][0x84][0xb9]([0xde]EI[0xc7]S[0x93]![0xc8][0x15]E[0x82][0xec]v[0xc0][0xa6]#T~[0xe0][0x98]q[0x2][0xd5][0xc9][0x13][0xfe][0x19][0x1e]W%[0x95]Xh}[0xfc]p[0xe5][0x9a][0xa9]0E[0xe6]l[0x9f][0xcb]b[0xfd][0xf5]k?[0x1c]=[0x8a][0x1a][0x3][0xdf]g.J[0x92][0xff][0x8a]X[0x85][0x14]6[0xd9]g9[0x14][0xc0][0xe0][0xd8][0xfd][0x16][0xfe]B[0x87][0x93][0xa1][0x83]G[0xc7][0xf1][0xad][0xfc][0x2][0x14][0xd4][0xa7][0xd6][0xe0][0xc4]s[0xb2]3$/[0xbf]P[0x17][[0xe8]\[0x1]O[0xb7]A[0xf7][0xb3][0xb5]q[0x8c]}[0xb0][0xcf][0xaa]{[0xcb][0xb1][0xa8][0xfd]Q[0x9f]c[0xe3]r[0xf7][0x94][0xd2][0xb7]Jf[0x9b][0xd1]w[0xc2][0x1d]X[0x9f][0x3]/[0xf1]DQ[0x9]7[0x13][0x5]N[0xa5]@[0xfc][0xe9][0x8a][0xb2]<[0xcc][0xe7][[0xbc][0xe4][0xa9][0xf7]9[0xe1]A[0xe6][0x86][0xa9][0xe0][0x9b]k7[0xdc]b[0xbd][0x14][0x94][0xb4][0xa9][0x8a][0x1c][0xb8][0x9f][0xfc][0x83]c\iN[0xd8][0x10]N>[0xed][0x18][0xc0]u[0x4]s[0xdd]0[0xb9][0xc0][0x96]#X[0xe9][\r]S[0xeb]4[0x8b][0xc2][0xae][0xf]V*[0xca][0xed][0xad][0xc5][0x96][0x9c]g[0xa6][0xb0][0xbd]x([0xa5][0xbf]H[0x8d][0xf3]=[0xfa][0xbf]Xt#>[0xdb]B[0xc5][0xd4]A0[0xd5]1[0xae][0xfd][0x15]<[0x1e]4([0xfd]RF[0xff][0xf]J[0x0]sc+{QuU;[0xa3][0xd8]v[0xa2][0xf4][0xf5][0x91][0x17][0xaf][0xe9]b[0x1c][0x8b][0x8c][0xc3]),[0xd3][0xdb][0xd0][0xcd][0x93]vy[0xf2][\r]z![0xf8][0xba][0xb9].[0x5][0xa9]U[0xad][0x19]J[0x93]K[0xbe][0xf6]Sl[0xb3][0xb][0x16][0xfa]-8[0xc7][0xc]Sp9[0x1]J[#[0xdd][0x1e][0xa7][0xf2][0x14]g?[0xd5]x[0x8f][0x1c][0x8b]m[0xbe][0xc2]__[0x1f][0xc][0xe5]yv],U[0x3][\n]"
2020-11-26 10:40:54 DEBUG wire:72 - http-outgoing-1 << "[0xa9]v[0x6][0xfa]d[0x4][0xef][0xeb][[0x8][0xbf]nw[0x9c]([0x89]7=[0xfe]u[0xdb]v[0xc1][0xcd][0xd4][0xb5]&[0x82][0xb7]#[0x94][q[0xcf][0xf0][0x4][0x99][0xb3]-[0x93][0x94][0x9] [0xfa]3>;[0x98][0x7][0xb0]R>[0xa0][0x8f][0xd3][0xc1][0x8c][\r]W[0xf2][0x17]SW([0xcf][0xf0]IX[0xe1][0xdc]e[0xd2][0x13][0xa5][0xdc][0x8e][0xbb][0x8b][0x9c][0x8d]p[0x8e][0xc0]A[0x1a][0xcb][0xbb][0xc6][0x86][0x12][0xa8][0xa6]+[0xbf][0x9b] K[0xeb][0xb1][0xad][0x1]G]fb}[0xda][0x16][0xf8][0xbe][0xb4][0xbc][0x92][0x8e][0xd4][0x1][0xf1]<[0xd7]i[0xbf];[0xb][0x14][0x0]T[0xcd][0xec]myv[0x6][0xa4][0xd1][0x11]n[0xf3].[0xee][0xc][0xe6][0xca][0x85]X[0xe4]'[0x16][0x99][0x3]?[0xbc]1[0xd1][0xda][0xe9][0x1a]V[0xc9][0xb5]E[0x3]N[0xda][0xe5]'[0xf2][0xf4] g[0xd6][0x13][0xb][0xb6][0xa7][0xab][0x5]:[0x91][0xe0][0xdc][0x97][0x81]>[0xbc][0xd6][0xf3][0xbc]9UL[0xf6]aM![0x9a][0x1e][0xe4]l4[0x15]!k[0xdb][0x90][0xf1]9[0xb2]v`[0xdb][0x85]P-[0x83]gr[0xf6][0xbf]Pv^[0x9a][0x9c]9[0x99][0xfd]"[0xef][0xa3][0xb1][0x1d]N[0x86][0xd3]<"[0xcc][0x9d][0xc1][0xd7]{&V[0xd2][0xbc]O[0xac][0x8f]}[0xb2][0x12]O[0x85][0xe6][0x1b]?_M[0xd7]`[0xf8][0xc6]55[0xbc][0xa2][0xb3][0x17]6o[0x98][0xb3]N^x[0xa4][0xf4][0xb5]#s[0xf1]m[0xe1]|w[0xf5][0xaa]f[0x1b];[0xd0][0xa4][0xa0][0x91][0xc1][0xb8]>[0x18][0xb6][0xe2][0xa9][0xef]Lvf![0xfd]fy[0x1]K[0xb1][0xc0]AK{[0xcf][0xa9],[0xa0][0xdc]`[0xcf]9,[0x1f][0x91]m<[0xc0][0xcc][0xdc]z'G[0x7][0xe1][0x94]S[0x16][0x17]ao[0xa1]l[0xc1][0xf9][0xa7]l[0xff][0x99][0xf4]w[0xfd][0xe8][0x97][0xbc][0xd4]`6[0xd6][0x1c]q[0xcc][0x80]:.[0xb1][0xcd][0xc7][0x7]t[0xee]X[0x5][0x9f][0xf][0xa5]}:[0xb6]3B[0xfa]G[0xe5][0xde]Y[0x13],[0x99][0xa9]AU[0xcf][0x9d]7@[0xc5][0xce]W[0xea][0x8b]&8[0xcc][0xb6]iE[0xee][0x81][0x13][0xb4][0x10][`u[0xfb]3K[0xf1][0xdd]x[0xfb] [0xb8][0x1]g[0x86]ik[0x8d][0xae][0x6][0x80]p[0xc0][0xfe][0xab][0xd1][0xde][0x86][0xcc][0xc]S[0xa6]^s[0x9c][0xf0][0x15]\[0xde][0x97][0xda][0xaa][0xea][0x90][0xc5][0xa4][0xc9][0x8][0xff][0xfd][0xda]*[0x1f][0xe4][0xc7][0xe4]($<[0x10][0xc5][0xfc][0xe7][0xf3]W[0xf9][0x1c][0x12][0xfe]pU[0xed]A[0xcf][0xe8][\n]"
2020-11-26 10:40:54 DEBUG wire:72 - http-outgoing-1 << ".[0xe7][0x8b][0xc6]/S/[0x95][0xce]-[0xb2][0xdb][0x4][0xa7][0x1f]F[0x16]`[0x80][0xfd][0x84][0xe1]l]"[0xeb][0x8d]P[0xdb][0xe1][0xc9]V[0xf2][0xbc][0xe3][0xcc]<[0xb5][0xde][0x8]a==[0x11]25[0xa5]7b[0x87][0x19][0xbf][0x80][0xbe][0xe9][0xd7][0x86]z[0xca]/rw[0x97][0x8f][0x89][0xae]L[0xf7],[0x1e][0xd8]t[0xe7]qQ[0x90][0xc1][0x1d]2[0xd0]KQ[0xa2][0x8b][0xae][0xe6]8e[0xb][0xc2]y[0xf7][0x95][0x1b]7[0xaf][\n]"
2020-11-26 10:40:54 DEBUG wire:72 - http-outgoing-1 << "G[0x85][0xb][0xd7][0xbf][0xb5]E[0xb5][0x1e][0xce][0xa4]^[0xdd][0xc2]3[0x13]!8[0xa8][0xf5][0x9d][0xd6][0xcd][0xa5][0xeb]7m[0x9b]OB[0x1]0[0xc][0xbf][0xa2][\r][0xa9]q[0xeb][0x95]|[0x15][0xb7][0xf5]D^:^X[0xa7]P[0x8f][0xf4]Y[0x1e][0xe5][0xa8][0xcd]`[0xa9]YS[0xb5][0x9f]}[0xcd][0xa8][0xfc][0xe7]8[0xf1][0xcb][0xb9]R[0xc4]L[0x13][0x99]oQ[0xfe][0xf1][0xe6][0xcd][0x1f][0xf9]TL[0xad]s[0xca][0xc4] _L[0xe][0xf6][0xcc]qk[0xb5]T[0x12][0x19]wb[0xf]l[0xca][0x97]s[0xe5][0x83]A[0x80][H[0xba][0x1f][0xd2][\n]"
2020-11-26 10:40:54 DEBUG wire:72 - http-outgoing-1 << "gpQ([0xd1][0x6]#[0xe8][0xd4][0xd5]^20H[0xa5][0x4]5[0xc3][0xb6]>bd[0x88]~[0xf][0xb7].x;D [0xb4][0x3]n[0x99][0xb1][0x87]EVXL[0xc]d[0xa9]q[0xaa][0xfe]V[0xac][0x97][0x1]h[0x90]F[0x86]/[0xfd][0xba][0xdd]c[\r]{[0x9e][0x87][0x86]+[0xbf][0xac]i[0x8d][0x8a]_[0xa3][0xdc][0xd4][0xee][0x8c][0xb7]h>Z[0xb6]|[0xda][0xae][0xc5][0xac][0x11]p[0xe7][0xc8][0x1a][0xb6][0x80]d[0xa9][0xed][0x1d][0xa5]o[0xc2]I[0x7][0xf1][0xd1][0xe][0xaa][0xb2][0xe9][0x1d]@ [0xd1][0xca][0x7]'pdT[0xbd][0xa6]"[0xe0][0xf9][0xa2]H![0xa0][0xac]3<X[0x8a]J[0xe7][0x3]"?[0x87][0xcf][0xf4][0x12][0xe7][0xf2]-?o"s[0x8b][0xf1][0xf6].[0xca]s[0xb1][0xed]5ue[0x86]OI[0xd0][0x95]n[0x85][0xff][0xc0][0x2][0xac][0xa0][0x8a][\r][0x9f][0xeb][0x13]G[\n]"
2020-11-26 10:40:54 DEBUG wire:72 - http-outgoing-1 << "[0x17]b[0xbe][0xc4][0xd1][0xcb][0x90]![0xa0][0xd5][0xf5]a[0x11]S`'`[0x81]'[0xc6][0x10][0x9c][0x8b]>[0xf3]/[0xe1]j[0x9d][0xe0][0x8d][0xbe]s[0xd7].s[0xe7][0x80]Z-!e\[0x91][0x18][0xc6][0xfd][0x10][0xa3][0xe7][0x80]su@[0x8][0xf9][0x4][0x17][0xc6][0xcc][0xe0][0xa7]0X[0x8f][0x8a][0xa4][0xf8][0xd3][0x15][0xf0][0x1d][0xae][0xb6]P[0xe6][0xb2][0xf5][0x9][0xff][0xf0][0xc3][0xd1]sT[0xcc]yCn[0x9f]W[0xab][0xef][0xd9][0xbd][0xae][0xae][0xe][0xb2][0xd5]/[0xca]w[0xd4]w[0xe]%2x*6[0x1a]6c[0xe4][0xe7][0x1f]![0x0]nb[0x97][0x15][0xfb]Z[0xe0]q[0xa7]LL@[0xd6]Q[0xb4][0x85]..[0xc9]"*Ta[0xd1][0x8b],[0xb0]n [0x18]z.[0xc2]Ai[0x97][0xcf][0xdf]@[0xd6][0xfa][0xf7][0xb1][0x9e][0x18][0xd0][0x1]P[0xd8][0xc9][0xcd][0xe0][0x86]d[0xa8][0x1d][0x10][0x95]9[0xa4][0x96][0xf1][0x1c]V<[0xad][0x18][\n]"
2020-11-26 10:40:54 DEBUG wire:72 - http-outgoing-1 << "`[0xa7]l[0xa4]h[0xb3][0x11]N#[0xe6][0xab]c[0xfc][0xc3][0xf9]s[0xca]@3[0x19][0x1c]5vo[0xbb]n[0xc] ;[0xeb][0xc6][0x16]|[0xe4][0xf6][0xb3][0xf3][0x2]AF[0xf4]?[0xb9]t[0xdf]%y[0xa8][0xc4][0x8][0xfe][0xe2]9[0x18][0x9a][0xf2][0x4][0xe9]^t{[0xc4][0x90]T-\[0xf0]y[0xef][0xfa]<a[0x98][A[0xf0][0xc2][0xb3][0x3]'`[0x9e][0xae]EpYN[0xa4][0x96]f[0xc7][0xef][0xda][0x8d]k?H![0xda][0x81]nl[0xcb][0xeb][0xd3]Z[0x98][0x4]G[0x95][0x1d](q[0x0][0xbb][0xfd]`[0xcc]@[0x1e][0xfd][0x1a][0xfd][0x17]O[0xb8]F[0xd5][0x6][0xf7][0xff]5[0xef][0x8][0xe3][0x0][0xce]ZO[0x99][0xd6]gC[0xb4][0xff][0xc1][0x98]K8[0x12]<[0xd5],[0xa9]|[0xa3][0xb3]+[0xde]8[\r]i^[0xd4]nb[0x2][0x12][0xb6][0xdf][0xc6][[0xf8][0x90][0xa4][0x1d][0xa4][0x88]E[0xda]T[0xdb][0xcc][0xc3][0xa9][0xcb]Y[0xe]ar[0xc9][0xd4]*[0xb1]>u[0xc9][0x1b]T[0xca]N[0xeb]2[0x18][0x0]c/`[0xcc][\n]"
2020-11-26 10:40:54 DEBUG wire:72 - http-outgoing-1 << "_[0xe7][0x96][0xf2]&[0x13][0xea][0x7]1[0x18][0xa5]\[0xc7]8[0x98]2b[0x18]c [[0xf6]|KUm[0xb8][0xb4][0xc3][0xf3][=[0xb9]&[0x81]D&j[0xb7]v[0xc4]_[0xf5][0xc8]3p[0xbe][0xbd][0x12]mS[0xde][0xe][0xc1][0xd1][0xed][0x9b]}[0xc9][0xb9][0xc7][0x1c][0x14]v[0xbd]dt[0x9][0xa4][0xe2]q@4[0xe5])W[0x86][0xd2][0x12]B[0xfb]a[0xcf][0x9d][0x9a][0xdf]A[0xa9][0xca][0x17][0xb0][0xaf]H[0xb2][0xb2][0xe]f5]Q[0x13][0x1a][0x8a]-[0x7]c[0x80])][0x3][0xfb][0x7][0x94][0x81][0xf7][0x16]M3[0x7][0x13][0x8c]`\*[0x98][0x1]t[0x4][0xd8][0xb5]iI[0xc8]w%![0xe]-[0x8d]N[0xf][\n]"
2020-11-26 10:40:54 DEBUG wire:86 - http-outgoing-1 << "[0xe]8M[0xe8][0x1f][0xe1][0xcf][0xd7][0xd2][0x94]U[0xa6]rB@+[[0xa0][0xf9][0xec][}[0xf6]bA_lj[0xeb][0xd2]fS[0x1b][0xb5][0xf][0xf8][0xde][0xc4].[0xa8]}[0xef][0x96][0xe4][0x96]~[0xd2]5a*[\r][0xec]t[0xde][0x3]F[0x6][0xcc][0xe0]OR[0xc0],w[0x1e][0xc][0xd1]y[0xa2][0xe0][0x95]h?[0xc4]_[0xb1][0xfc][0xa5]D[0xfc][0xf5]8Kt[0xa8][0xa4]@[0x9e][0xf3]H[0xf7][0xe9]%[0xbd][0xfa][0xf9][0xcf][0xa6][0xff]^[0xf6][0xba]$?[0xc0]L[0xaf]!#[0x82]e[0x5][0xd8]ZW+[0xdd]dc[0x5];[0x7][[0x1d][0xd3][0x7]0[0xf3][0x92][0xcb][0x95]k[0xc][0x9e][0x4][0xb5][0x8d]%[0x12]|[0xeb][0xf1][0xdd][0x13][0xbe][0xfb][0xe9][0xfc][0xaf][0xdb][0x13]Z[0x0]E_[0xb7][0xb2][0xfd]2W[0x1][0x92]F[0x86][0x3][0x1a][0x12][0x9e][0xb0]{[0xe6]S[0x3][0x1f][0xe9][0xca]r[0xe1][0x1f]=[0xd5][0xbf][0x84]}[0xa7][0xc9]@s|s[0xe6][0x8f][0x1][0xf6]C[0xe9]{IV>[0xca]}Ct[0x11]1[0xc5][0xd2][0xd8][0xec][0xca][0xd3][0x83][0x9a];[0xdc][0xb1])c[0x8e])[0xcc]4[0xd0]VQ[0xf8][0x7]A[0xc7][0x12].=[0xba]N[0xf4]z[0xfc][0xe9][0xde]Y[0xbe]D[0xab]{[0xbe]@u[0xd9]][0x9]*[0xf2]h[0x86]A[0xc7][0x1a][0x89][0xc]+[0xc3]K[0x90][0x9f][0x80][0x91]>[0xe3]-[0xb0]7[0xcd]X[0x8]R[0xcc][\r]Z2[0xbc][0xc3][0xb4][0x8]om@[0xac]7-m[0x99][0xa7][0x9][0x86]F[0x18][0xb2]s[0xfe]$P[0xe2][0x83][0x8a]c[0xcc][0xd8]IV[0xeb]r"[0x82]t[0x7][0x99][0xba][0xda][0xb][0xd6]D[0x1a]U[0xe8][0xcd][0xbf][0x1][0xca]?3[0x94]u[0x1c]-[0x8c][0x85]OPH[0xc8][0x98]g[0x8c]3U[0xe3]c3[0xc3][0xd9]o[0xfc]f[0xe8]fxU[0xee]i"[0x3][0xb6][0xe7][0x9a]Ps[0x1]\[0x99][0x99]"[0xe7][0xb2][0xec]U[0xcb][0x9d][0xdd][0xa4]m[0xc][0xdc]w[0xcb]O[0x8d][0xd1][0xd5][0x7]CS.[0xc1]?[0xff][0x9c][0xd2][0x0]e]B[0xf5][0xed][0xbb][0xa9][0xe7]h[0xf1][0x85][0x15][0xa2]O3F[\r][0xa9]U[0x16][0x9e][0xb1]=[0x8d]:[0xc5][0x8f][0xd7][0x92]=a)[0x98]s[0xd7].[0x83]c[0x96][0x99]7[0xa1][0x9a][0xa2][0xab][0xee]@[0xc0]'U[0xdf][0x8][0xc1][0xe9]T[0xb5][\r][0xb6][0xdf]Y[0xdd]&[0xed][0x11][0xda][0xee][0x86]xW[0xaa][0xbe][0xea][0xab][0x96]<[0x86]U3[0xf][0x18][0xe6]s[0x0] =[0x88]'[0xa0][0xb3]o[0x8a],v[0xe3]4[0xd3][0xe5][0xc8][0x9f][0x84][0x84][0xe0][0xe1]v[0xb8]'[0x9c]L[0xe0][0xc2]`[0x2][0xca][0x96][0x98][Z-j,[0xcc]#[0x8f][0xbc][0x7][0x1b]x[0xa8][0x7][0xb7][0x86][0xf0][0x0][0xee]\dLls[0x19][0xb0]a[0xb1]]tU[0xc7][0xdc]a[0xee][\r]"[0xc7]T[0xe6][0xc][0x9b][0xed]C[0x85]([0x9e][0xec][0x92][0xd8]Bb[0xdb][0x10][0xac]@[0x88][0xad][0xc4][0xa0]kl[0xa4]?[0xd7][0xd6][0xe6]M[0xb8][0xd4][0xf1]q&[0xbf][0x13][0xa1]qT[0xec][0xa8][0xbd][0x3][0xb6][0xb4][0xfd][0xbd][0x92][0xd8][0xef][0x95][0xc4][0xf2]\I[0xec][0xa7][0xcb][0xc5]?][0xd2]R[0xcd]mJ[0x88][0x85][0x1d][0x96][0x10]3u-[0x1c]P[0x99][0xb0][0xb0][0xfb][0xa0]*[0x84][0xfd]t[0x19]a[0x98]@[0xc2]X[0xb5](Cu[0xb0]b[0x97]/[0x1c][0x8]J[0xc5][0x14][0xaa][0xa0]e]'C![0xa7]D[0xff][0x87][0xae][0x0][0x18][0x7][0xc8][0xbf]E[0xc5][0xaf][0xe2]`[0xb8][0xea]6[0xd5][)1[0x1f]x[0x1a][0x8a][0xdd][0xde]j[0xe9][0xbe][0x3][0xaa][0x1e][0x8a][0xf2]^e[0x15][0xd6][0xe5][0xbd],[0x0][0xc6]*\[0xb1][0xcd]nug[0xe7][0xb0][0xd7][0xf2]2[0xcc]lc[0xc1][0xae][0xcf][0xbd][0x88][0x17][0x87][0x1b][0x10]K[0xe3]@~[0xf1][0xc8]dr[0x8f]4[0xb3][0x81][0xde]K:>[0x82]?[0xb4][0xb5];>[0xde]f[0xa7][0xd9]R[0x9d]"
2020-11-26 10:40:54 DEBUG wire:72 - http-outgoing-1 << "[0xb6][0xeb]#[0x99]yMZ[[0xf7][0xad]ZYb[0xc8][0xe3][0xaf]C[0x9d]Li[0xfa] [0x8f]EP[0x15]A[0xb5][0x4]sd[0xd1][[0xae][0xc]GI[[0x8f][0xe9][0xc4][0xd9]|[0x17][[0xe2]*+[0x92][\n]"
2020-11-26 10:40:54 DEBUG wire:72 - http-outgoing-1 << ")[0xdc]y[0xac][0x9d][0xfb]!wO[0xa8][0xef][0xdf][0xcb][0x1f]6[0xe4][0xae]y3[0xa4][0xdc][0xdd]Q[0xd5]W[0xa1][0xba][0xfc]dG|~[[0x99][0x18][0xc2][0xd4]0[0xd2][0xd3][\n]"
2020-11-26 10:40:54 DEBUG wire:72 - http-outgoing-1 << "[0x19]t[0x7][0x89];[0x87]7[0xc9][0x8][0xe6][0xcf][0xfa]B[0xc2]2S[0x17][0x9a][0xc0]z[0xe6][0xc1][0xd8][0xb2][0x13][0xa6][0xcc]jC[0x9e][0x1f]$[0xad]k?[0xf1][0xc4]1o6[0x93][0xb5]a[0xad]R[0xc5][0xf6][0x13]uw[0x90][\n]"
2020-11-26 10:40:54 DEBUG wire:72 - http-outgoing-1 << "[\n]"
2020-11-26 10:40:54 DEBUG wire:72 - http-outgoing-1 << "[0xb2][0xb1]h7[0x90][0x9b][0x3][0xa4][0x94][0xce]&H[0xe0]b[0xcd]`[0x6][0x9a][0x94][0xf4]<[0xd7][0x13][0xe2]`[0xd6]xc[0xbf][0xba][0xd8][0x86]@%[0xd2][0x82]8[0xcc][0x6]8[0xfa][0xb7][0xeb]#f[0x9f][0x91][0xb1]%[0xb4][0xba][0xf][0x14][0x17][0x9e]z[0x4],[0x12]([0xfe]lV~[0xb6][0x7][0x86]*+[0xb1][0x8e][0x94][0xb6][0xe3][0xb8][0xed][0x97][0xf2][0xf0].[0xa4][0xe7][0xef][0xb2][0xda][0x14],[0xf3][0x9c][0xb2]Y[0xf2][0xf8][0xd7][0xf4][0x96][0x1a][0xf9]:[0xe5][0xee][0x97][0xda][0xf1]now[0x95][0x99][0x15][0xf0][0x1d]w[0xf1]X][0xc3][0xeb]Z[0xe4][0x92][0xd1]C[0x98][0xe7][0xca]4<a[0x16]t[0xc8][0xe2]3[0x1f][0xc9][0xfa]#,'E[0xa2][0x11][0xe5]u7Yk"[0xf3]O[0xed][0xa8]F'$c[0x1c][0xad][0x8d]E[0xcb]<[0xa3][0xc3][0xe3][0xbd][0xdb][0xd8] [0x3][0x1d][0x1a]C2[0xe][0xb0][0xc1][0x2]:[0x87][0xaf][0xb1][0xac][0x14]d[0x9e][0x83][0x81][0x9e]'r[0x80][0xac][0xec][0xc0]v[0x5][0x97][0xd3][0x18][0xca]a,[0xf6]*[0xd1]Q2[0xb1][0xcb]W[0x17][0xdf]8[0xd9][0xf][0x92][0xed]xv[0xe6][0xb5][0x11]bP[0xc8][0xd3][0xfd]\[0xd3][0x94][0xde][0xe]H[0x1][0xad][\r][0x96][0xed]2[0x9]^[0xc7]%=x|:[0xf2][0xfa][0xc][0xd5][0x8]c{+d[0xae][0x97]*[0x18][0xca][0x9b]a[\r][0x0][0xbe] [0x9]V[0xc4]Nn[0x99]R[0xa6]8s[0xf2]c[0xd1]=[0xd8]C[0x9c][0xd8]U^O;[0xf9][0x86][0x85][0xa3]7[0xf3][0xee][0xef][0x8b]%e|[0x5]Ok7[0x9f][0x84][0x94]y[0xb4]b;}[0xf1][0xd9]Ali'[0xde]^@[0x1e][0x87][0x5][0x99]2{'[0xa3]p$c[0xef][0x1a]h[0xdc][0xb6]{[0xe]t[0xe8][0xe5]>[0x8]"[0xa5][0xab][0x90]][0xc7]]KJ[0xe7]K[0xba]T[0xd3][0x8b][0xd8][0xf6]8[0x1f]0[0x1d][0x13]rK?[0xf8][0x2][0xf6][0x9e][0xc6][0x1b][0xa7]a[0xb3]o[0xa0][0x3][0xc2][0xc8]x}[0xe8][0xd6][0xbc][0xc6][0x93]+[0x8e][0x5][\n]"
2020-11-26 10:40:54 DEBUG wire:72 - http-outgoing-1 << "[0xe5][0xce][0x17]TW[0x8c]m>[0xe3][0x1b][0xcc]k7[0x84][0xf2][0x8b]([0xea]8G[0xff]u7[0xa4][0xec]=i'[0xcb]OQ[0x11][0xdd]'j\%p?[0xbe][0x85][0x90][0xa5][0xe8][0x1c][0xb5]P8Kz}[0xec] s[0xeb][0x90][0xf7][0xe1]`[0xbe]QA[0xa8][0xbc][0xeb]r[0xf4][0x19][0xd6][0x2]L[0x87][0xa8][0xd6][0xce]V[0x8c][0xe][0xf]X[0xa3][0x92][0xf1][0x13][0x9d][0xcb][0xf2][0xc4][[0x7][\r] [0x92]c[0x1][0x8e][0x85][0xb2][0xe2][0xbc][0xec][0x1f][0x19][0x9d]R[0x6][0x9a][0xff][0xf6][0xde][0xf3][0xb9][0xad]#K[0x14][0xff][0xbc][0xaf][0xea][0xfd][0xf][0xfc][0xf9][0xd5][0x9b][0xda]W[0x96],[0x2][0xcc]3[0xb3][0xde][0x92]%[0x8d][0xad][0xb1]diD[0xd9][0xf3]vk[0xab]\[0x14][0x9]I[0x1c]Q[0x4][0x87][0xc1]ak?[0x80][0x1]$[0xc0][0x0]0g[0x8a]AL[\n]"
2020-11-26 10:40:54 DEBUG wire:72 - http-outgoing-1 << "[0x4][0x98][0x9][0x2][0xc]U[0xef]O[0x99]A[0xdf][0xf0][0xc9][0xff][0xc2][0xef][0x9c]>[0x8d][0x8b]{[0x91]n[0x83][0x4][0x14]f=[0xe5][0xa1]@[0xf0]v[0xdf][0xee][0xd3]'[0xf7][0x9]R[0x3]@[0xb9][0xc1]d[0xaa]<[0xb6][0x11][0xd9]U[0x16][0xc7][0xf2][0x18][0xa0][0xbf]z[0xab][0x1d][0xcc]i[0xfe][0xbc][0xb6][0xbe][0xfa][\n]"
2020-11-26 10:40:54 DEBUG wire:72 - http-outgoing-1 << "[0xb][0xd3][0xe6][0xb1][0xef][0x9][0xaf]>;[0xaf][0xf9][0xa3]`[0xaa]Su[0x84]Kb[0xb3]T-b[0xd2]2V[0xe0][0xbd][0xbb],[0xb2][0xae][0xf4]/I[0xa4]#[0xe9][0x8b]{[0xf1][0xe3]a[0x94][0xd6]K}[0x92][0x9c][0xbd]/[0xc2][0xfa][0xa2][0xca][0xa0]_[0x1f][\r][0xa1][0xa0][0xb7]o[0x16]-h;[0x8f][0x11]h[0x96]z[0xfd][0xc8][\n]"
2020-11-26 10:40:54 DEBUG wire:72 - http-outgoing-1 << "[0xa4][0x90]f[0xd7][0x8f][0x12]P[0xf2]iv[0xbc][0x87][\r][0x9b]W[0xe7]3[0xb1][0x99]l[0xa0][0x1d]X[0x4][0x96]MP[0xa2][0x1d]\[0xf6]<e[0xd2][0xe6]GgT[0xbf]O;[0x9f][0xd3][0xa7][0xf][0xe5][0xca][0xf7][0xd2][0x8][0xd1]C[0x86]3(K3&[0x9b]q [0xed][0x94][0x17][0x92][0xc][\n]"
2020-11-26 10:40:54 DEBUG wire:72 - http-outgoing-1 << ";"E[0xba][0xd8][0xd1]&[0xf][0xe4]K[0xa3][0x8b][0x1c][0x95][0x8e][0xde][0x2]%)[0x91][0x88][0xb2][0xb7][0x97][0x7]=[0xe9][0xeb]3[0xda][0x84]_[0x1f][0xf3][0xe2]9[0xcb][0xf][0xd3][0x86]FY`[0x91][0xce][0x19][0x9d]K[0xa7][0x92][0xe4][0x1e][0x1c][0xd4][0xfb][0x86][0x94][0xb9][0x5][0xc0]A9[0xf4][0xd8]z[0xa9][0xfa][0xfb]Xp[0x89]E',d[0x97]u@l[0x15][0x88][0x14][0x14][0x18][0xd9]7[0xe0][0xdc][0xfd]K[0xca][0xe2][0xb8][0xf4][0x92][0xb6][0xf7][0xb5]y[0xd8]n[0xb7][0x1a];A[0x88]]^[0xa4]VI[0x15]8 [0xf6]cQ[0xfd][0xb3][0x13][0xd5][0x19]r[0xaa][0x19][[0xc3][0xd4][0xbf][0xab][0xce]E[0xf4][0xb5][0x1d][0xbc][0xa1][0x8d][0xae][0xcb][0x9d]</[0x9c][0x80][0xb1]N;]r[0x3][0xe0]8[0x12]d&[0x7][0xe0][0xb9]]5zN[0xef][0x91][0xc3]a*[0x8c][0xcd]M:[0xfb][0xc5][0xb0][0xd3]W[0xc0][0xa8][0xb4][0xe5]e[0xb9][0xb9][0x9][0xea][0xa0][0xce][0xfb][0xcf]$[0x85][0xf9][0xb1][0xee][0x1d][0x12][0xc3][0xe4][0x10][0x10][0x13][0xca]@'[0x96][0x1d]P_[0xf7][0xdc][0xd5]ZW[0xd2]Z[0xf7][0xa3]E[0x81][0xb9]@[0xa5]1[0x19][0xd1][0xe7][0x1f][0xc0][0xd0][0x16][0xee][0x0][0x92]Z][0x9][0xf6][0x85][0x9e][0x9b][0x6]k[0x3][0x94],[0xb9][0xf3][0xde]9[0xd5]N[0xd7][0xf3][0x18][0xa0][0xaf][0x85][0x94][0xc9][0x19]e![0x9c][0xc7][0x18]6[0xb4][0xc]h[0xc2][0xbc] [0xcc][0xe4]8[0x9c][0xd9][0xed]g'%'[0x6][0xb1][0xca][0x83]I[0x86]][0xfc]Hd[0x82][0x80]9[0x1f][0x14]^[0xa8]X[0x8f][0xb2][0xd3][0xa7]xbv[0xbb]Y[0x9b]R[0xf7]W[0x92]c[0xa4][0xc0][0xbc]5[0xae][0xbc][0x1c][0xcd]o[0xc];[0xa3]{[0x16]-~[0xb2]<[0xde]6[0x1f]V^-[0xa3][0xa9]:&[0xc7][0x8b][0xe8]=[0xf1][0x8][0xd6]$[0x89]G<[0xfa]xHJF[0xe8][0xa3]+[0x86]][0xf][0xcb][0xb3][0xdb][0xd2]vP[0x8f][0x8d][0xc0]Ou[0xe6]Tv[0xc]-C[0xa4][0xe5][0x99][0xe3]9[0xf2][0xc7][0x8][0x99]R[0x1b][0xf4][\n]"
2020-11-26 10:40:54 DEBUG wire:72 - http-outgoing-1 << "[0xea][0x88]e[0xe9][0xfe][0x9e][0xe3][0x96][0x1][0x9f][0x9b][0x4][0xc5][0xf4][0xa5]5m0[0xeb][0x0]^<}[0xe9][0x4][0x84][0xf][0xef][0xa9]gw[0x8d]D[0xce]'[0x91]6,[0xe3]s0;I[0x85]q#[0xc5]<[0xa6][0x96][0x94][0xa1]E[0xb6][0xfc][0x6]9[0xbb][0x8c][0x3]P0[0x2][0xde][0x7]0[0x1f][0x9e][0x3][0xb6][0xc6][0x8c]`8[0x99][0xf4][0xd4]lo[0xb][0x1d][0xb2][0x1d]o[0xa2][0xd9][0x6][0xe].[0x86][0xf][0xae]R[0xaa]vHV?Mv[0x9d]2[0xa3][0xa3]&[0xbb]m[0x9d][0xee][0xa9][0xc9]>[0xf5][0xfb]p[0xd5]\[0x4][0xb0][0x12]7[0x11][0x1f][0xb1][0xcf]P@+w[0xcd]$[0x99][0xab]@4*Ow[0xd4][0x5][0xf]j1[0x96][0x8a]-[0xd9][0x84][0xe6][0xf2][[0xe0]([0xf7][0xee][0xdf][0xfa][0xe6][0xcb];[0xc2][0xd5] 3[0xc]@[0x1c]?[0x1d][0x2]3[0x99][0x5][0xba][0xe8][0xca][0xc6][0xda]f8[0xdb]0~[0xdb][0xa1]L[\r]h[0xa7]oi[\n]"
2020-11-26 10:40:54 DEBUG wire:72 - http-outgoing-1 << "[0xa9]a[0x85][0xf2][0x9c][0x16][0xb8][0x1a][0xa2]L[0xad][0x96][0xb3][0xd7]j L[0x2][0xd2][0x2][0xd8][0xec][0xd4][0xb]f[0xf8][0xce][0x4][0x8c]`[0x83]Q9[0xa3]X[0x0][0xd5]?[0x86]2^[0xea][0x1d][0x0]}[0xbc][0xb3][0xa3]UqKF[0xee][0x18][0xa4]\[0x98][0xb9][0xeb][0xa0][0xca][0x0]-[0xc5]!k[0xb3][0xaa][0xfb][0xb5]6[0xf][0xfc]{[0xc2]Q[[0x1c]4[0x90]) [0xf3][0xf][0xec][0x84][0x92]9t[0x19][0x10]aWn^[0xa1][0xc]5[0xfe][0x1d][0x8f][0x14][0x99][0x13]@[0xd9][0xea][0x6][0xa8][0x85]`[0xa8]j[0xfd]]([0xf8]l3[0xb8][0xc8]P[0xf8][0xf6]6Y[0x87]4[0xd0]N[0xbf][0x19][0xe9]AEe>[0x1a]?_P[0xfa]W[0xe5]Xk[0xcf][0xba]v[0xb4]`s[0xa1][0x9d]p[0xd9][0x9d]k[0x1b][0xa3]4@[0xf5][0x1f][0xdb]g[0xf7][0xe5]r[0x85][0x16][0xb8][0xc8][0x9c]L[0x1][0x9f][0xf][0xc6][0xbf][0x96][0xdd][\r][0xfc][0xdf][0xc6][0xc1]&[0xa3]J[0xc8][0x9c][0xa9][0xea][0xe1][0x91]S[0x7][0x9d] [0x8e][0xd4][0xd5][0xa8][0x8]L[0xcc]C[0xca][0xf][0x0][0xb][0x1f][0x91][0xa2][0x94]o[0xbf][0xfb][0xb3][0xb6][0x8f][0xce][0xac]<T[0x9][0xf5][0xf5][0x14][0xb][0xbe][0x14][0xcc][0xe2]|[0x81]mM[0xdb][0x1d]e6o[0xf3][0x5][0x9d][0xcd][0x5]&3[0x99]2P[0x4]X}vX[0x9b][\n]"
2020-11-26 10:40:54 DEBUG wire:72 - http-outgoing-1 << "[0xca]5j[0xa0]g[0xb5][0xd3]}6<"[0xa7][0x1b]`![0x95][0xe5]^[0xe4][0xac]\[0x1b][0x94]SA[0xc0]&[0x7]="[0xc3][0x88][0x14][0x97][0xa7][0xc]Q[0xc9][0x9c]`[0x11][0xbc][0xc7][0xbf][0xba]][0x8b]@[0x8d]2[0x95][0xbf][0xe2]'[0xd3]J[0xf7][0x12][0xf3]Eh[0xdd]%[0xb6]Z7o[0xfd])[0xd4]gn=K[0xde][0x95]s[0xe9]#[0xae]9[0xf2][0xc6]J[0x99][0x9d]`[0xea][0x91][0xd7][0xaf]v[0x86][0xa5]hW[0xe9][0x9f][0x0][0x1b]S[0x9b][0x99][0xc5]l2)}[0xab]3[0x8c]zf[0xef][0x91]2;)[0xa5]ma[0xcd][0x16][0xf9][0xf5][0xdc][0xff][0xe2][0x1][0xbd]An[0xf5][0x1c][0xfe][0xa2][0x86][0x9d][0xc][0xd1][0x80][0xd1][0xae]wob[0x3][0xa4]U[0xfe][0x1f][0x98][0xfc]R[0xe].>[0xcc]|[0xe6][0xbc][0x10][0xc3]d[0xca][0x97]EB_[0x99][0xb4][0xb9][0x1c][0xbe][0xe8][0xec][0xf2]$[0x87]3:[0xbb][0xce]V[0x1c]o[0xb4][0x14][0xf6]K[0x0][0x82]T[0xf][0xc4][0xea][0xed][0x1e]9[0xe1][0xc5][0x7][0x0][0x1b][0xd5][0xc7][0xa2]R[0xfa]M<[0xb2][0xc2]Vw[0x84][0x8a]c[0x84][0xce][0xdb][0x87]\M[0xce]3_[0x1f][0xb5]|[0x94][0xa4][0xcc][0xfc][0xaf]$[0xfe][0xb1][0x9c][0xf7][0x17])[0xa2]-[0xd3][0xae]}[0xea]P[0x9f][0xda][0x7]5*/[0xdd][0xab]o[0x4][0x19][0xcc][0xc2][0xb0][0xb6][0xbf])[0xac]S9[\r][0x8c]B[0x84][0xf8]8[0xa9]c[0xaf][0xad][0xad]5[0xbf]E[0xce]t.[0x8e][0xff]][0xca][0x8f])[0x15][0x93][0xf7][0xa1][0xde][\[0xe4]&!KIl[0x99]v[\n]"
2020-11-26 10:40:54 DEBUG wire:72 - http-outgoing-1 << "<W([0xf][0x16][0xa0][0xcf][0xa2][0x97]B[0x99][0xf0][0x81]%[0xe][0xba][0xa3][0x1c].[0xd0]K8[0xec][0x4][0xa2][0xca][0xb0]'}[0xfa][0x0]S`2[0xac]-oP[0xc8]\[0x81][0x93][0xd3]2[0x1e][0x89][0xb2]`[0x98][0x2][0x97][0xc9][0x1c][0x92][0xdb][0xe2][0xea],f[0x19][0x9c][0xae][0xd0][0xc5][0x80][0x9c][0x8f][0x1b][0x18][0xfc][0xc2][\n]"
2020-11-26 10:40:54 DEBUG wire:72 - http-outgoing-1 << "r`[0xc0][\r][0xf9][0x13]`[0x9e]Qmc[0xb4]0`[0x91][0xe9]2[0xdf][0xd3][0xaf][0x4][0xd6][0xf2][0xc1][0x90][0xa9]-T$[0x97][0x8e][0x94][0x85]e)8([0x93][[0xec][0xc4]C[0x3][0xe4][0xc4][0xd0][0xe2]8[0xef]v[0x1d]b[0x9e][0x13]9[0x90][0xf9]f[0x8d][0x1][0x97][0xac]3/sOK[0xb2][0x8b][0xd8][0x97]:[0xb7][0x8f][0x16][0xaf][0x14][0xbe][0x8f][0xcf][0xaa]][0xc7][0x94]j"[0x7]8[0xe]2[0xac][0xf8]5[0xec]c[0xc7][0x87]rH[0xe7][0xeb][0xd5]^v[0xa9][0xfe]>%t [0x7]l[0xfe][0x12][0xde][0xb6]t[j@<2[0x80]{[0x88][0x6][0x81]x[0xa5][0x96][0xa4][0x85][0xce][0x80][0xea][0xb4][0x83]#[0xbc]][0xbb][0xc]B[0x97]I[0x15][0xac]#g[0x85]>[0xde][0x89][0xee]`)[0xec][0x19][0xe][0xc3]C8[0xec][0xbc][n[0xc0][0xc2]0[0x86][0x88][0xf0][0xb4]6[0xa9][0x1]*[0xe8][0xfc][[0xc3][0xb0][0x1d]9g.[0xa5][0xf4][0xec]x[0xe3][0x91]-[0xec]}{:lE[0xaf][0x2][0x97][0xf][0x97]IT[0xe5][0xab]`[0xf3][0xdb][0x98]i[0xc3]o[0xd1][0xec][0x90][\n]"
2020-11-26 10:40:54 DEBUG wire:72 - http-outgoing-1 << "L[0xce][0xfd][0x81][0xaf][0xee]=,[0xbf])[0xf5][0xbc]6[0xb5][0xaa][0x8d][0x8f][0xe5]sA7[0xd1][0xa5][0xbe][0x8a]f[0x1a][0x90]7N[0xc9][0xe4][0xb1][0x8a]^$y0[0xf1][0xa3]5[0xec][0xb6][0xce]%[0x80][0xd4][0xa1]S~[0xf][0xa9][0x87][0xf1]H@[0x99]>SW[0xed][0xa2]9[0xbe][0xb9][0xfa][0xc4][0xdd][0x8c][0x1d]yg{[0xe8]yL%[0xe6]3\[0x18][0x18]R][0xd1]#[0xdd][0x18][0xb7][0xc5][0x8b][0xb8]P[0x9]+9[0xaf].[0x1f][0xc6][0x2][0xb3],[0xba].G[0x7][0xf4][0x9e][0xcd]ee`Qn[0xc0]\[0x14]h[0x1e]y[0xec]l[0x8f]$gZ[0xe6][0xd9][0xa0]clkZ[0x9a][0xc6][0xb2][0x0]N[0xe6]r[0xdd]7[0x8b]7l[0x1c]p[0x92]rm[0x81]m[0xc]`[0xa1][0x9c][0xfe]C[0xc5][0xd3])[0x7][0x4][0xfe][0x12][0xe2]!Xn[0xbd]{Z[0xed][0x99][0xb1][0xa3][0xa6][0xbe]![0xd6]?[0x97][0xcf]=[0xbc][0xe9]%[0xca][0xc8]+0[0xad][0x8d][0xf1]v#[0xfb]7[0xe1]Ql'tr[0x8c]c,[0xee][0x9c][0xfc]+{[0xcb][0xd8]^[0x7][0x3]Zx[0x82]|[0xcb]rK\[0x9d][0x15]7[0xc8]y[0x8c][0xf1][0xf5][0xa2]W[0x99][0x1c][0xd8][0xfc]6![0x8f][0x9b][0xe]B@3[0xf8][0xaf]([0xf3][0x1e]5[0xe6][0xcb]c[0x1][0xaa][0xff][0x15]p([0xdd]3[0xca]k[0xc0][0x5][0xf3][0x9][0xc5]([0xe8][0x89][0xc8]d[0x15]a[0x91][0xe9][0xc1]I[\n]"
2020-11-26 10:40:54 DEBUG wire:72 - http-outgoing-1 << "0[0x92][0xb5]1[0xc8][0xa8]5[0xc6][0xc8]][0xa0][0xfa]z[0xd5][0xae][0xc8][0x1f][0xfe]o[0x1e]|[0xfb][0xf6][0xad][0xda]<|[0x81][0xd4][0xf3]F[0xfa]i[0xac][0xf7][0xda]I[0xd3][[0xcf][0xb4][0x90][0x12][0xdd])[0x95][\n]"
2020-11-26 10:40:54 DEBUG wire:72 - http-outgoing-1 << "s[0xbf][0xf6][0x1][0xd8]C[0xa0][0xc7]IZ?[0x18]j[0x3]c[0xe4][0xb8][0xea]F[0xaf][0xfa]zJ[0x1d]x[0xb]B)[0xf][0xd0]k[0xe7]/[0xd0][0x10][0xc9]`[0x93][0xe5][0x8d][0x84]2[0xc9]#[0xcc]7[0x87][0xb9][0xcf]][0xc7][0xb4]D[0xa9][0x4]z[0xb5]wS[0xed]~C[0x3][0xf2][0xd0][0xc6][0xf3][0x0][0x82][0xfa][0xb2]S[0x1f][0xeb],[0x80][0xf1][0xe7][0x90]s[0xf][0xf0][0x96]l[0xc2][0x4][0xc8][0xc3]OH[0x3]N6[0x90][0x18][0xe5]},[0xea][0xe2][\n]"
2020-11-26 10:40:54 DEBUG wire:72 - http-outgoing-1 << "[0xd6][0x10][0x6][0xd2][0xcf]C[0x91][0xf2][0xbe][0x5]v[0x96][0x7][0xc8][0xb1][0x8d][0xb1][0xaf]7[0xd3][0x80][0xbc]!([0x15]XO[0xb1]hylh~[[0xdb][0x1d][0xcc][0x7][0xd8]3[0x18][0xb0]+[0xae][0x91]S[0xb9]e[0xfe]{[0x92][0x89]L[0x9f][0xdb]E[0xc7]E,[0x8a][0xba][0x97][0xff][0x8d][0x12][0xc][0xe6][0xb3][0xdc][0xc1]U[0x16][0x18][0xc8][0xe3][0xc0][0xb0][0x86][0xc3][0xd2]Q[0x86]7[0xe0][0x8f][0xdf]<i[0xff]][0xee][0x5]bi[0xcf][0xe5][0x17]l{[0xdc][0xfa][0xca][0xfc]*[0xdd][0xc1][0x9c][0xef][0xa8][0xda][0x1d][0xbe][0xe9][0xd7][0x92]w[0xff]8%[0xef](Z[0x9f]tL[0xbb][0x9a]w[0xed].,[0xb][0x97]O[0xd5];[0xeb][0xec][0xc5]*{[0x87][0xeb]*V[0xe1];[0xf3][0xe]$j[0xde][0x89][0xf2]g|E[0x8d][0xed][0xf5]u[0xf0]O}[0xf3][0xb5][0xc5][0xdf][0xff][0xb3][0xe9][0xe7][0xdf][0xd4]=o[0xf9]]s[0xc7][0xf3]G[0xae][0xd6]q|R[0xd2][0xea]j[0x2][0xd2]s?v75[0xb9][0xcc]U[0x16][0xcd][0xbc][0x88][0xf][0xa8]6[0xde][0x85][0xd6][0xff]N[0xca][0xe5][0xe5]>[0x86][0x8b][0xae][0xfc][0x83][0xa8][0xa2][0x87]{ho[0xcd]][0x9a][0xd0][0xbc][0xea][0x8f][0xa9][0x94]^6b#M@[0xa2][0xa2][0x9e]2[0xef][0xfb][0x10]*[0xea]e[0xa8]dV*[0x15][0xf9]}[0xff][0xe7][0xf6][0xa7][0xee]f[0xda][0xa0][0x1a][0xb][0xea][0xaf][0xb1][0x1][0xb1][0x8d][0xfe]Q[0xef]v?kt]ms[0xb5][0xb5]5[0xc2]X[0xcc][0x8a][0xb2][0xeb]1[0xd2][0xee]~[0xe6]Jy2[0xd7][0xc5][0xa5][0x84][0x1e][0xce][0x1f][0x17][0xab][0xdf]x[0xa9][0xf7][0xf5][0xdb][0xc7]m%[0xc6][0xdc]xZ[0xd7][0xfa][0xdc][0xce]g[0xcf][0x9b](|{[0x1b][0x83][0xa4][0xc1][0xdc][0x1f][0x9c][0x14]8P[0xb4][0x8c][0x9b][0x1a][0xc9][0xe3][0xe2][0x8b]G?7o[0xd7]#*[0xe5]Q[0x8f][0x8d][0xd9][0x1e]e[0xc0][0xcf][0x82][0x93][0xd8]n+8[0x1c][0x8f][0xae][0xda][0xe9][0x91]`<[0x6]_[0x9a][0x99][0xbc],[0x6][0xa8][0xe3][0x7][0xe4]eLk[0xb4]s[0xb9][0xf3]T[0xe][0x82][0xda][0x86][0xf]+[0xad][0xbd][0xda][0xc1]D) [0xc4][0xa8]][0xd4][0x1e][0x9d][0x94][0x19][0x8f][0xa5][0xee][0xa1]i[0x18][0x96][0x90]?Z3[0x83][0xa0]x'\-u[0xc2]Fik[0xd2][0xcb]E[0xec][0xc6]N[0x8c]mwj/[0xbd]v[0x9b][0xe2][0xd6][0xc0]}7j[0xba][0xa2][0xcf][0x1d][0x86][0x80]p0[0x9a]O;[0xf][0xc4]`[0x91][0x88][0xb6][0xd1][0x89]N[0xf9][0xf0]DZ[0xb][0xa0][0x8b][0x9e][0xb6]8[0xb3]{"[0xc4]Y&8S[0x9c][0x17][0x87][0xe]a[0x87]d[0xfa]3.[0xec]zKKc[0xc7][0xf3]b[0x1c]jU[0x1e]\[0xf6][0xd3]?[0x0][0x97][0x6][0x6][0x3][0xb][0x8e]<w[0xd7]?[0x93][0xaa][\n]"
2020-11-26 10:40:54 DEBUG wire:72 - http-outgoing-1 << "[0xff]ec[0xbb][0xcb]%[\n]"
2020-11-26 10:40:54 DEBUG wire:72 - http-outgoing-1 << "[0xa4][0xfb][0xa7]U[0xdb][0xaa][0x92][0xb5][0xba][0xa3][0xec]m2o[0x1e][0x99]B[0xd2][0xd4][0xe9][0xd9][0xc0][0xe2]K[0x1c]-[0xac]e[0xd2]s[0x9f]Y[0x1a][0x9b][0xc9][0xe3][0xe4][0xfe]x[0xd7][0xd5][0x9e][0xa8][0x85]V[0x8c][0xf3][0x93][0xcb][0x8f]2[0xc9][0x81][0x8b][0xb0][0xcb];[0x8d][0xcd][0x1d]?[0x91][0xaa][0xc1]B~ [0xe3][0x9f];[0xec][0xe4][0xf][0xe0][0x87][0xbb]8[0xcd][0x14]D[0x98][0x9e]Lv[0xb5][0xe9][0xbc][0xb5][0xd3][0x18][0x9b][0xe8]e[0x8b][0x1][0xa3][0x91][0x8e][0xe2][0xb3][0x8b][0xff]73WYP]D[0x1f]1#X[0xda][0x98][0x2]w[0x8b][0x97]k[0x7][0xab].[0xa3]S@[0xa8][0x92][0xc3][0x1][0xf5]M[0x98][0x9a][0x88][0xe5][0xb1][0xf9]?[0xd6][0xde][0xfb]F$[0x9f][0xcb][0xf8][0x84][0xcc]C[0xbf]mnl[0x8]J[0xbb][0x15]r[0xe2]f~[0xf0]N[0x88][0xa8],[0xc3][\n]"
2020-11-26 10:40:54 DEBUG wire:72 - http-outgoing-1 << "[0xdc][0x93]XFh[0xa6]q&[0xb4][0xdb][0x82]v[0x85][0x16][0xd1][0xe8]i[0xcb]C.[0xfe][0xd9][0xf5][0xa8][0xd6][0xd5][0xfa]Cc[0xbd]+[0xd3][0xa0][0xfc]o~d"g[0xfa]F[0xb4][0x17]C[0xea]p[0xaf][0xb6][0xbf]"[0xaa],_P[0x8e][0xf7]/a [0xac]-[0xe][0xd2][0x98][0xbb][0x86]x[0x92]n[0xae][0x9c][0xc5]{*[0x93][0xa2][0x91][0xbe]G[0x13][0xe7][0xb0]Y[0xef][0xad]'nv[0x16]B[0xde]d(:[0x97][0x1a][0x9c][0x1][0xba][0xe9]0"V[0x13][0x8][0xb3][0x95]n[0x82][0xf][0xce]"X[0xe2][0xaf][0x1d]C~u[0x9f][0x16][0xd1]}[0x8a]<[0xf2][0xf5]h[0xfc]t[0xec]SuqK[0xdb][0xe8][0xc5][0x94][0xfb][0xb9]}etK;[0x1f][0xd6][0x86][0xd7][0xec]<[0xaa]?=[0xcf][0xd3][0xa1]j[0xfb][0xbe]b[0xf9]Xa[0xa5][0xc5]r[0xb1][0x1a]{[0xa2]=[0xd0][0xd2][0xff]+ey[0xf4][0x1b]iv[0x1]i[0xb4]>s[0xb5][0xdb]7[0xc8][0xc8][0x0]N[0xca]r[0xb5][0xbc][0xee]#[0xf1][0xb2]f[0xdf][0xcc];[0xed]P[0x2][0x98][0x92]lQr[0xf1][0x3][0xf8] [0x9c][0xad][0xce][0xaa][0x8b][0xef][0xe0]cp[0xbc][0xda]{T?[0x90][0x1e]%[0x19]{C[0xc8]DO[0xa9][0xab]g[0xea][0xd9]*q[0x96][0xaf][0xef][0xdf]f[0xd1]q-[0xbc][0xc6][0xd6][0xbb][0xe2][0xa7][0xd6]R[0xfb]9[0xaa][0xdc]x[0xe2][0xc7][0x18].[0x8e][0xc1]h[0xa6][0xc9][0x0]*[0xa8][0xe4][0xfa][0xc7][0xc0][0x10]%[0xc][0xb]M[0xdb]M[0x6][0xba][\r]b[0xe5][0xea][0x90]:[0x87][0x1d][0xef][0xb1][0xa9]q[0xd7][0x89][0x1a][0xf2][0xb0]@o<[0x1a][0x2][0xf8][0xe2][0x97][0x3][0xe7][0x80]4[0xfa][0x9b]im[0xf2][0xb5][0xfb][0xf1]cW[0xab][0x9d]e~[0x16][0x2][0x81][0xcd][0xbc]o[0xe3]'S,x[0x14][0x8f]Di[0xc9][0xda]zg<[0xda][0xb]Z&l[0xbb][0x8][0xb6][0x0]vP[0x91][0x88][0xd0][0xc0]z[0x11][0x83][0x9d][0x4]8[0xd8][0x93][0xb2][0x1f][0xd3][0x8e][0xba][0xa9][0xf][0xbd]2[0xef][0xc1][0x14]R[0x1e]0[0xf6][0x9b][0xe7][\r]umO'[0xfe]a[0xf3][0x9b][0x18][0x16]z[0xb6][0xca]|[0x0][0x97]7vP[0xa5]F[0x97][0x18][0xc6]08I[0xce][0x8c][0xbf]{[0x6]Yh[0x1][0xfe]S[0x3][0xaf]x[0xf][0xf5][0xad][0xbf]{[0x86]h[0x11][0xf0][0xb0]r[0x10][0x0][0xb0]h[0xe1][0x98][0xdd][0xc4]x[0x8]|V[0x1a][0xca][0xb][0x95][0xf9][0xb0]'j[0xac][0x7][0xb4][0xe4]J`[0xef][0xb0]t[0xe6][0xb3][0xb]O[0x14]h[0xb3][0xd1][0xc3][0xe3][0x11]^a[0xbd][0x8e][0xe1][0x0][0xb6]([0xe5]h[0x88][0x9d][0x9f]cQ5[0xd6][0xa3][0xc6][0xfa][0xa8][0xb]{qNK&[0xac]J[0xb4][0xc][0xf5][0xf5]*o[0xcf]0[0xf0]'8[0x9d][0x84]g8[0xa6][0xf8][0xcf][0xf4][0xf1]u}w[0x15]N[0x11][0xb0][0x1e]@[0xaa][0xc] [0x82][0xd9][0x9e][0xf][0x9f]Od[0xb2][0xf1][0xa1][0xec][0xdc][0xab]/[0xc7][0xb4][0x83]m[0x16][0x1a][0xc4][0xa6][0x81][0xde]M[0xe5][0xa0]3[0xc9][0xe7][0xb2][0xcf]D[0x90][0xe4]+[0x13])[0xac][0xc1]~q[0xae][0xa1]e[0xc]q[0xa6]h[0x1e][0xde]@[0x1b] [0x8c][0x18]7[0xe1]S[0xfa][0xfb][0x95][0xc0][0x86][0x99]x)[0x1e][0xd5][0x8e][0xb0]B@[0xf6][0xaf][0xd9][0x99][0x97]y[0xc7]yc[0xcf]W[0xd4][0x83][0x1d][0xb3][0xe9]}@g<[0xf][0xc2][0xa6][0xf8]F[0xe2][0xb1][0xb7]E:3[0x99][0x4][0x18][0xf3][0xbe]f{[0xb4][0xe5]A`1[0xa4][0xf9][0xfd]r2{[0xbb][0xf6][0xde][0xbd][0x1b][0xd4]=Z[0x12][0xb8][0xa4][0x84][0x85][0x6][0xb1][0x6][0x80][0xdc][0xa1][0x8c]oV[0xfc][0xd9][0xf1][0x15][0x11]2OZ[0x18][0xb2][0xac][0x89][0x3][0xcd]6[0xea][0xc6][0xaf]z7h[0xb1]|[0xe9][0xf1]X[0xa0][0x94][0xf9][0xb6][0x1d][0x82]:[0xf8]|[0xc5][0x80]q[0xa9]T[0x9c]Y[0xfc]d[0x9b]yN[0x1c][0xa5][0xf1][0xe8][0xf9][0xa7][0x96][0xbd][0x99]0[0x1b][0xd8]x[0xb2][0x83]pvq[0xc2]Y[0xb2][0xe0]'[0xeb]][0xec][0xfc][0x0]Y[0xbe][0xff][0xc][0xf6]J_[0xb2][0xe0][0x88]vp[0x84][\r][0x99][0x8d]"86'[0x6][0xdc][0x12][0xa3][0xcc][0x82][0x11]Z[0x93]>v[0x86][0x89]J[0x91]-[0xc5][0xcf][0x9b]k[0x82][0xd8][\n]"
2020-11-26 10:40:54 DEBUG wire:72 - http-outgoing-1 << "[0x84][0xb5]~ [0x99][0xfe][0xf8][0xe9]9[0x1b][0xb1][0xcd][0xf0][0xe3]\[0x89][0xf9][0x80][0xdd]m[0xc5][0xa3][0x1b]l[0xac][0xf3][0x9a][0xf0]=L[0x87][0xd9][0xf0][0xba][0xee][0xe9][0xc2]t[0x9e][0xce][0xd9]b[0x9e][0x89]L[0xe4][0x9a]:~[0x0][0xe2][0xd4]l[0xfd][0xe0]V[0xb9],U<[0x1][0x10][0x80][0xb0]F[[0x0][0xf2][0xd1][0x89][0x99]"[0xcc][0xbb][0xc7]v[0xa7][0x10][0x81][0xc7]s[0x99]N[0xde]4[[0xb1][0xee]][0x3][0xb2]3Ofpw[0xca][0xfd][0x8e]G[0xfa][0xc9][0xf]"[0x11]r[0x9][0x90]5[0xed][0xcc][0x98]H[0xeb]{[\r][0x9c]F[0xdd]=[0xd3][0xce][0xe7][0x8a][0x4]t[0x19]u[0xca][0xb4]G[0xac][0xb3][0x1e][0xdc]F[0x96][0x13][0xc6][0x6][0xed][0x82][0xfe][0x83]][0x9a][0xa7][0xdb][0x96][\n]"
2020-11-26 10:40:54 DEBUG wire:72 - http-outgoing-1 << ""}[0x18][0xf0][0x8d]I[0x97]a[0xeb]n[0x17][0xf3]:2[0x10][0x1d][0xc1][0x11],[0x17][0xc7][[0xc4][0xe3]M[0xeb]|[0x14][5[0x9b][0xa5][0xbb][0xd4]V[0xce][0xbd]l[0xb5]O`[0xd1][0xe9][0x88][0xfa]f[0x86][0x9a][0xd0][0x16][0x7][0xd0]R[0xbd][0xab][0xd3]0[0x13]7[0xcb][0x91]S[0xb][0xef]+[0xd3][0x81]<[0xe1][0x84]e[0xa6]F[0xa6]Y[0xc8][0x8f][0xfd]~G[0x7]IZ[0xda][0xe2]5)([0xfe]1[0xdd][0xb3][0x14]?]B[0xfa]2[0x3][0xcd]b[0x16]f[0xd5](z[0x95][0x89][0xed][0x94][0xc5][0xe8]S!}e[0x1a][0x8f]kp[0xc4]tqQ[0xe0][0xbe]M2<$[0x13][0x94][0xc9][0xa1][0xce][[0xbe]-[0xe7][0x3]e!9[0xc9][0xc2][0xf0][0xee][0xe1][0xbd][0xdf][0xd8][0xeb]xt[0x8e][0xe6][0x93]@m[0xc1][0xb6]|[0xaf]P[0xc3][0xe0][0x83][0xe8][0xca][0xce]2=[0xe7]![0xc9][0xc9]d[0xb8]#[0xa8][0x1]z[0xd7]KX[0x9]M[0xa1]E^aO[0xf7][0xc4]F[0xd9][0x82][0x9d]c[0x9e]|[0xa9]0[0xb][0xf0][0xa6]x[0xc4][0x13][0x8f][0x9d][0x9a]g[0x17][0xb3][0x80]$|1[0x8c]U[0xc2]F[0xfa][0x8b]s[0x9e]RT[0xc3][0xd7][0x5][0xaa][0x19]z[0x8c][0xbc]1[0xc5]7[0xac][0x85][0xb6]a[0xe1]`[0xa9][0x1][0xd5][0xc0][0x7][0xf3][0x3][0x9c]s[0xed]k[0xe1][0x85][0xf8][0xf1][0x80][0xde]9f[0xaf][0xe6]d[0x9e][[0xe9][0xeb][0xd2][0xf6]7[0xf0]Cp[0x18][0xeb][0x91]E[0xd6][0xe1]Wa6[0x0][0x8c]e[0x9a][0xf4]e[0x9b][0x9a][0xcd][0xfb][0xd4]][0xca][0xb2][0x89](A0![0xaf][0xda][0xf5][0xdb][0x17][0x88]4S[0xb1]y[0xa2]x[0x4][0xb0]3[0xaa][0xfa][0x8f]5[0xff][0xae][0x4]B[0x1][[0x8c][0xae][0x0][0xa8][0xb4][0xa3]p* yi[0x1e][0x80]1[0xeb][0x9f][0x3] [0xb0][0xa1][0xbe]"a[0x80]L[0xec]w[0x10][0x93][0xb5]Ax[0xab][0xd1][0x1d]T[0xda][0xf][0xb6][0xb5][0xf3][0x11]3[0xba][0xd2][0x92][0xf3]9[0xec][0x84][[0x12][0xef][0x11][0x13][0xe4]7[0xab][0xc][0xcc][0xb1][0x1]{ae7[\r][0xf9][0x19][0xf3]@[0x8f][0x8c][0xb3]X[0xb8]y[0x81][0xa3]dd[0xd4]c3|[0xf5][0xa9]}[0xdd][0xe3]7([0x8c][0x1a][0xcb][0xcb][0xc1][0xc9][0x98][0x0]E[0x1d][0xd8][0x11][0xb1]#[0xb9][0xd1]%[0x15][0xea][0xc6][0x10]E[0xc6][0xe0][0x1b][0x89][[0x82]"<[0xee][0x91]|{[0x1a][0x13]w:0?[0xa4]w[0xe]l[0xf6]"[0xc5][0x1e]I[0xf5]HL[0x2][0x85][0x8b][0xde][0x10][0xc2]et[0x90][0x96][0x18]?[0xdb][0xd0][0xfb][0x86]d[0x8c][0x84][0x14][0xd8]r[0xeb][0x15];Ou[0xdb][0xb6][0xee]+a[0xa7];ll[0x88][0x86]([0x87]>m[0xff][0x98][0xf5][0xee]!Pa!sK[0xea][0xfe]R[0xfe][0x7][0x8b][0x95]}[0xc7]:-[0x7]Sh[0xd8][0xca][0x14]w4[0xb]0[0xee][0x92][0x0][0x85][0xf][0xab][0x90]r[0xd8][0xda][0xea]E[0x9][0x81]HC[0xd5][0xd8][0x98][0xb2][0xb0]H[0xee][0x6]}[0xfa]PH[0xd9][0xf3][0x19]e[0xe9]H;ZL[0xea][0xeb][0xd9][0xe1][0x9c][0xbe][0x1c][0xf2][0x11][0xa2][0x13][0xcb][0x1b][0xc9][0x7][0xc8]4ZX[0x82][0x9d][0xe7] [0xdc][0x95][0xc1]>6T[0x94]:[[0xd5]R[0xa5]l[0xd2]W[0x7][0x87][0xcf]|[0xa3][0xf1]H7[0xb5][0xe7][0xcd]g{D[0xe5][0x2]DkSX[\n]"
2020-11-26 10:40:54 DEBUG wire:72 - http-outgoing-1 << "U[0xce][0x5][0xc5][0xe7][0xa0]qpP[0xc2]j[0xc]-[0xc3]:[0xc]cQBCKjB$S[0xc1]H8[0x9f][0x3][0x95][0x88][0xcd]G[0xd3][0xb7]i[0x92][0xa9][0x85][0x8d]q[0x93][0xa9][0xb2][0x9f]DQ[0xda]^[0xef][0xc][[0xb3][0xa8]mt[0x8][0xd4][0xc2][0xda]V1[0xed][0x9f][0xd4][0x17][0xf7]`[0xca][0xf8][0xd9][0x0]LYb[0xec][0x1e](&[0x85][0xc2][0xf3][0x1]b[0xb6][0xa5]i=[0xb3][0xc9][0xde][0x11][0xd9][0xa7][0xe9][0x9c][0xd5][0xe][0xf7][0xb0]hQ[0xf8][0xcc]PH[0x4][0x96][0xf8][0xd1][0x82]g}[0xbd]`[0xd4][0xd9][0xc8]V}k\{[0x2]V[0x8a][0xd6][0xdf][0x95]2[0xb]jo[/1[0x19][0xd9][0xec][0x6][0xcb][\n]"
2020-11-26 10:40:54 DEBUG wire:72 - http-outgoing-1 << "[0xa3]y?[0xbc][\r][0xeb])u[0xbd]L]Nt\[0xf1][0xac][0xa1][0x8d]j[0x80][0xba][0xd0][0x18]!Q[0xe6]-[0x9d][0x15][0xab][0xcb]o[0xe1],@i[0xe3][0xaa]f[0x94][0xcd]o[0xa3]e[0xc8][0xb][0xe2][0xeb][0xde]![0x89][0xbb][0x91][0xf4])[0xb5][0xd3][0xb0]>[0xef]Qv[0x10][0x96][0xa2][0x87]6[0x8][0xac][0xd3][0xb0][0xf6][0xd2][0xcb]"[0xdd][0x17][0x9b]r[0xbb][0x1b][0xd3][0x18][0xf8][0x19]h[0xcb][0xf6][0xa5]X[0x13][0x18][0x90]z[0x9a][0x1c][0xdf]k[0xd8][0xea][0x86][0x85][0xeb][0x14]:[0xfc]T"[0x88][0x8]o7[0x87][0xba]Yp:[0x1e][0xe9][0xc3]d[0xd2][0xed] [0xb5][0x1e]b[0x93][0xf3][0xcc][0xbf]A[0xa5][0xab]lw[0xd9][0xf5]F[0xf7][0x1e])S[0x87]l{[0x16]at0[0xc7][0x86][0x80]h[0x6][0xb0][0x94][0xd5][0xcb][0x0]]C[0xda][0x12]PBc[0x8a][0xc7]^#[0x96][0xf7],^[0xf9][0xee][0xce][0xbd]/[0xd1][0x1f][0xc9][0xaf][0xf7][0x0][0xe4]D[0xf8]rU[0xe][0xaf]K1[0x95][0xa2][0xc7][0xee]j[0xf][0xe6][0xf3]/[0xee][0xc1]B$[0xea][0x8]p/[0x99][0x1a][0x9b][0xa1][0x95]SU[0xe],Sy<[0x81]TX[0xb4][0xf2]1UR[0x12][0xc][0xc]8[0x8c][0xe3]~ n[0xa6][0xfb][0xa2]lh[0xf]A?[0xf7][0x82][0x9d][0xf7]2`[0x84]RGFv}b[0x16][0x1][0xd9][0x4][0xa0]1R`[0xed][0x85][0xde][0x19]RO_[0xa1][0xed][0x98](a[0x96][0xe7][0xa4][0xbb][0xc7]`[\n]"
2020-11-26 10:40:54 DEBUG wire:72 - http-outgoing-1 << "[0xd0]\H[0xdf]/[0xf6][0xd8][0xd6]8Mg7[0x11]L[0xb1]:[0x84][0x8e][0xdd][0x17][0x3]T[0xdc][0x8d][0xf9][0xfa][0xb0][0x1c][0x1a][0x9d][0x87]y-[0xf9]F[0x9d]UJ5[0x4]G[0xcc][0xef][0xf6][0xaa];[0xb1][0xe4]-:o[0x16]Bd+'[0x11]~hr?[0x11][0x80][0xd8]Z[0xd3]_[0xaf][0xfe]r[0xe2]3[0xc7][0xc7][0xfe]r[0xe2][0xb7][0x5][0xe7][0xf9][0x1b][0xf4][0xd3][0x92][0x9]>[0xc][0xa0][0x5]2U[0x3][0xdb][0x16]+[0xde]FL[\n]"
2020-11-26 10:40:54 DEBUG wire:72 - http-outgoing-1 << "vC[0xd7]Q[0xc1]~|[0xf7][0xd8][0xd0][0xc5]a'[0xc3][0xd9][0xe9][0x8d][0x81]m[0xb5][0xff]0[0x1e][0x9][0xd0][0x92]%nmP[0xa9][0xf7][\r][0xeb][0x13][0xe7][0xf1][0xd3]1u[0xcf][0xf6]6TX[0xe][0xbb]g[0x98][0xa2]>8)[0xa7]*[0xab][0x1b][0x9d]lq[0x11]0\[0xef][0xb]"[0xab][0x89][0xf8][0xf1][0xd6][0xd4][0x92]b[0x90]7Ld[0x1c][0xd5][0x82][0xbe][0xb8][0x8a][0x12]?[0x1e]P[0xdf][0xcc][0x0]>[0xd1][0xaf][0x80][0x16]"[0xb6]B[0xfc]j[0x8b][0x16][0x19]&[[0x9d][0xbc][0xf0]d[0x9c][\r][0xdd][0xbc][0xf7][0xed][0xa7][0xa2]27[0xc7]-[0x98]'[0x1e][0x9b][0xce]g[0x1e][0x8a][0xd2]C&[0xbd][0xb7][0xa9][0xf4]p[0xe0]F[0x7][0x0][0xdf][0xb3][0xce]d;[0x11][0xd5][0x86][0xa7][0xd8][0xe8][0xec][0xb3][0x14][0xb8]{[0x88]L[0xf5]*[0xba][0xe0][0xe5][0xe8][0x97][0xd9][0xb1][0x96][0x1d][0xfd][0xc]nB4M[0x9f][0xa9]&[0x3][0xb0][0xce][0xb9]~,[0x1f][0xb1][0x12][0x96][0xe9]*E6[0x7][0x95][0xf7][0x88]t[0xe3]%[0xbe]wO[0x1f][0xb7]Uh[0xc4][0xed][0xcd][0xa1][0x17][0xf0]X[0xd0][0x1c][0xb2][0xfb][0x1d][0x0][0xb0] ([0xce])[0x8a][0x4][0xe0][\n]"
2020-11-26 10:40:54 DEBUG wire:72 - http-outgoing-1 << ")[0xff][0x8d][0xd9][0xe4][0xcc][0xd0][0xe2][0xde][0x6]&_U[0x8][Bj[0xc][0x2][0xdf][0xbb]'[0xc][0xc1][0x5][0x8f]>[0xd3][0xab]/[0x1f][0xe4]3A[0xfc][0xbc][[0x1f][0xf7][0xd8]O[0x90]/_[0xa9][0xb8][0xea][0x90][0xb0][0xab][0x8c]p/[0x12]O[0xba][0xc7][0xaf][0xaf]Lk[0x1b]=[0xf0]v[0xdb][0x85][0x9f]t[0xe2][0xcd][0xbc][0xc9][0x4][0x6][0xd9][0x90][0xf4][0xfe]e[0x87][0xd8][0xb0][0xf][0x10][0x84][0xd0][0x84]F[0x83])[0xa1][0x86][0xa6][0xe4][0xaa][0xf0][0xd2][[0x8d][0xf0] [0xba][0x9f][0xb7],[0xb8][0xd0][0xb9],2[0xad][0xca][0x8][0xe1]B/[0xe3]'KjlQ[0xdd]:[0x96][0x3][0xa1][0x81]jd[\r][0x84][0xd7]eL[0xff][0x4][0xb]P[0x6][0x86][0x94][0x11][0xc9][0x92][0xdd][0xc6] [0x90]r[0xd8]D[0xdc]?[0x0][0xa0]FE;[0xb4][0x9b]|e[0xa1][0xb]1[0xcb][0xa4]V[0x80]u[0xbc][0x8f]w[0xf2][0x2][0x8d][0xb8][0x83][0x15][0x18][0xa2][0x9c]UD[0x97][0x80][0x92][0x9c]S[0xf8][[0x90]mJ[0xc6][0x81][0xa4][0x0][0x1a]u[0xc8][0x8c]m[0xde][\n]"
2020-11-26 10:40:54 DEBUG wire:72 - http-outgoing-1 << "[0x95][0xfe]#[0xe3][0x7]Q[0x8e]v0[0xda][0x8c]d[0xc7]v[0xb7][0xba]4[0x9e][0xf]k[0xe3]X9[0xa3][0xbc][0xf4]H[0x4][0x1][0x8][0xf2][0xb6][0x6]3[0xcb][0xa1]u[0x83][0xbb]C([0x3]i7F[0xf6][0x5][0xa5][0xe5][0xe0][0xa0][0xed][0xaf][0x3][0xf5][0x93]0[0x7][0xc6]![0xa7]~][0xe4]L$[0xee]h[0xae][0xdf][0x12]M[0x8][0x0][0x81][0xc7]c[0xb8]es[0xa1]v[0x9][0x9a][0xe4][0xd6][0x80]2[0xbe][0xc6]zgx[0xf4][0xd8][0xdb][0xe4]v[0xf2]c[0x3]8[0x9a]_\[0xaa][0xb1][0xee][0xf8][0xb1][0xad]'[0xd2][0x1c][0xb0]'[0xa2]@=[0xb]jl?[0xaf][0xc3][0x92][0xa9][0xed][0x95][0xcc][0x19]e[0xc3][0x92]=[0x2]s[0xb0][0xb9][0xac][0xce][0xaf][0x85][0x17][0xaa][0xff][0x18][0x10][0x8e]lD[0xe4]&f8[0xe4]8?>;[0x81][0xae]8x$[0xe3]H[0x1]Tf#[0xfd]J[0xff][0x84]2~F1N[0x12][0xca][0x87][0x88][0x92][0x8d][0x89][0xb8]4[0xac][0xa7][0x1d]>[0xc1][0x16],[0xe2][0x2][J[0x87][0xa1][0x90][0xdb][0xc4])Q[0xed]5r[0xa5]*[0xa3][0xdb][0x80][0x95]r[0xd3]8J[0xe3][0x91][0xbe]O1[0x86]l[0xb2]/[0xc3]8)t[0x92][0x87][0x13]l[0x10][0x13][0xd7]OW$Z[0xef]p[0xe6][0x17][0x8f][0xc4]0J[0xc3]w[0x8]:Cq[0xe][0xb9]T[0xe6]n[0x91][0x8c][~[0xc5][0x2][0xb6][0x17][0xe6]o[0x2][0xd1]rUUN[0x84])[0xf3][0x8b][0xfa][0xd4]~[0x8a][0x91]$)[0xfd][0xb8]S[0x14][0xdf]'[0xe7][0xbb]4[0x9]Y[0x8a][0xb4]Q[0xc7][0xa7][0x81][0xc0][0x8a][0xd4][0x9a][0xae]L[0x8a][0xf1]'][0xa9][0xeb]Am[0x5]9[0x9e]dK+[0x2]^:[0xa1][0xdb][0x8c][0xc0]>[0x11][0xe1][0x5]e>[0x8c]|}eO"[0xca]H[0xdc].p[0xaf]E&o[0x89]MIm[0x19]%[0xc0][0xf4][0x86][0xe2])$eR[0x6][0x4][0xa9]ox[0xb][0x1a][0x9c]T"K[0x12][0x81]'[0x96][0xd5]K[0x8d]HD:p_[0xb]w[0xbd](;Ky[0x9e]<[0x9c][0xa3]0][0x3]G[0xb8]T>M[0x91][0xc0]&[0xe1][0xe3]2[0x9b]MB[0xf4][0x9e][0x8c][0xab][0xb1][0x80]%[0xf5][0xdd]F[0x9b][0xa3].&[0xc4][0xd0][0xe4][0x8c]'[0x2][0xbd]qd[0xca][0xc0]+[0xdb][0x11][0xaf]v[0xd4][0xd7]S[0xe6][0x98][0xa8][0xe2][0xc0]L*[0x16][0xc6][0xaa][0x8b]b[0xbc][0xf][0xd8][0xad][0xfb]s[0xda][0xc1][0x11]r[0xd2][0xf3]n [0xce][0xbf]{:Q[0xfb][0xea]_[0xc3][0xee]L[0xfc][0xb6][0x9f][0xf5][0xcf][0xe1][0x97][0xbb][0x8b][0xba]g[0x16][0xb]r[0xaf][0xf4][0xa2][0x80][0xec][0xb7][0xbd][0xc4][0x16]'[0xc4]3[0xbd]Y[0xf8]X[0x9][0xd8][0xfa][0x6][0xc5][0xa9]PB[0xb4][0xd4][0x88][0xa4][0x92]c[0xa6][0x9][0xee]MD[0x87][0x15][0xf]h[0xba]}[0x9f]B[0x9d][0x8a][0xe4]Q[0x91]+[0xda]L[0x8e][0xe4]|[0xb8]'[0x8d][0x10][0x17][0xf7]<>[0x92]:%IS+z[0x4][0xc8]F[0xdd]x)[0xfd]>3[0x4][0x8b][0x3]-[0x99]$![0xe1]8[0xa7][0xa0]x[0xd9][0x96]Z[0x8]_Nf[\n]"
2020-11-26 10:40:54 DEBUG wire:72 - http-outgoing-1 << ":,[0xed];[0xbd][0xf3][0x11]"rU[0xca]Cn[0x1e]A[0x86]Sq $[0x93][0x98]CySf[0xa3][0xd4]n[0xf5]"[0x1d]*[0x8f][0x11][0xc2][0xb7][0xf4]2[0xa0][0xcf][0xbc][0xd2]Wz[0xe2]'[0xdb][0xf9]0[0xc9]bKW[0xa7]\[0xa3][0xaa][0x4][0xcb]S[0x17]_[0xe9][0xd3][0x7]T[0xe][0x80][0xa4][0x86]$[0xff]J[0x93]0[0x0][\n]"
2020-11-26 10:40:54 DEBUG wire:72 - http-outgoing-1 << "[0xb6][0xda][0xf7][0x9b][0xa6][0x86][0xbf]v[0xb8]G[\n]"
2020-11-26 10:40:54 DEBUG wire:72 - http-outgoing-1 << "[0xba][0x1a][0xee][0xfb]M+[0xff][0xdd]v[0xd2][0x1]?[0xe6]T[0xe6]q[\n]"
2020-11-26 10:40:54 DEBUG wire:72 - http-outgoing-1 << "[0xea][0xc4][0xc]V_O[0x1f]QPh:[0xe4]t[0xc7][0x8d]N[0xe5][0xed][0xae]qyC[0xf9]*<[0xb8]~[0xdf][0x96]x[0xc8]T[0x9e][0xdb]gk[0xa7][0x0][0xcd][0xf8][0xe9][0xbc]y2I[0xe6]4:(8[0x3]h[0xe0][0x83]Q[0xe6]{#[0xc7]JS\[0xac][0xa0][0x1f][0x90]Y[0xfb]n\[0xee][0xe]9?2[0xdf]X[0xf2][0xe][0x87][0xbc][0xee][0xfc][0xda]R[0xfe][0xe2]'[0xf][0xf1]"[0x88][0x94]rRx[0x9f]q[0xf3][0x95]DV[0xc8][0xd8]iF\7[0x94][0x9a][0xa9][0xd0]0[0x96][0xd0][0x19][0xef]?[0xc0][0xd8][0x11][0xff][0xee][0xd5][0xa6][0x8e][0xe7][0xae][0xf6][0xd6][0xc6][0x92]zw[0x93][0xbb][0xd5]ng[0xc6]([0xec][0x8b][0xe4][0xd9]P[0xc6][0xd6][0xf5][0x19][0xdb]3[0xc1][0xc0][0x9]K[0xfa][0xba][0x94]OJ[0x1c][0x7]Oa[0xc9][0x7][0x88][0x5][0xb0][0x88]RTCP[0x7][0xcd]i[0xc4]<[0xb3][0xa7][0xd8]J[0xac]#[0x8f][0xcb]?J[0xf9][0x14][0xe9][0xc1][0x94]I[0x8b][0xa1]3<l[0x4][0xe6][0xd5]'[0xce][0xed]`[0xcd]s[0xb][0x85][0x8a][0x91]G:[0xa4][0xf9][0xd6]Qn[0xc4][0xd7][0xf7]ok[0x9e]ne)[0xa2][0x85][0xce][0xd2]<'[0xb9][0xcb][0xf3][0xc8][0xc0][0xc3]H[0x8c][0xa4][0xac][0x9c][0x93]im[0xd3][0x9a][0x8a][0x97][0xcf][0x91][0xb3][0xa1]Y[0xc9][0xc3][0xfe][0xb5]x[0xce][0xaf][0xc5]s[\n]"
2020-11-26 10:40:54 DEBUG wire:72 - http-outgoing-1 << "\<[0x87][0xb2]K[0xd5]X[0x10]x[0x9c]][0xa5][0x9c][0x96][0xe7][0xf9][0x15][0xca][0xb1][0xce]][0xac][0xaa]8-[0xcf][0x8b]U[0x14][0xc7][0xbc]~Z6[0xe0][0xd6][0xdd]~([0xb6]0[0x1f]U^[0xf4][0xd8][0xd4][0xc1][0x81][0xc5][0xd9][0x16][0xc0]I[0xcd][0xc7]X_<}[0x17][0xef][0xb6][0xe4]M[0xcb]s[0xf9][0x8a]7[0x96][0xb5]~[0x10]Enj*[0xf3]Zt"$[0xf0][0xc3][0xaf]n[0x93][0x9d][0x96][0xfe][0x81][0xca][0x8a]K[0xc5][0xf7][0xf0][0x81]_[0xaa]o[0xc2][0x4][\n]"
2020-11-26 10:40:54 DEBUG wire:72 - http-outgoing-1 << "[0xf4][0xef]Q~)[0xff][0x95][0xca]e[0xd8]j[0xfc]|[0x12][0x8a][0xee]V[0xc6][0xf][0xf5][0xb9]^q[0x8f][0x9c]MQ[0xe1][0xb9][0xab][0xb5][0xbe][0xf7]P[0xd2]B[0xe1][0xf3][0xdf][0xfd][0xee][0xbe][0xea][0xf7])[0xf3]o)[0xbe][0xc6][0x80][0xee]%[0xd5][0xcf][0xc][0xea]V[0x8d][0x1c][0xe8][0x8][0x1f][0xc2][0x13]@h[0x14]LJa[0xed][0xf6][0xd1][0x0][0xb8]{[0xda][0x4]p"-[0x14][0x16]5zs?[0x9f][0xad][0xa8]kv[0xa8][0xd1][0xfa]2io[0x85][0xd7][0xd8]%[0xb3][0x1]W[0xcf][0xe2][0xd1]U[0xaa]CB[0xbe]H"-[[0x90][0x1]+[0xeb][0xc7][0xc2][0x15][0xa0][0x8e][0x12]bZ[0xc6][0xa5]j[0xd0])=[0xd1]%h@[0x9f][0x8a][0x99][0x8f]B[0xe][0xc0][0xa2]([0x0][0xcf]W[0xa3][0x11][0xd6]b[0xcb][0xef]>[0x91]#[0x1e][0x1b]c[0xd1]1[0xc9][0xc][0xfe]([0xb6][0xe6]S[0xe7][0xa6]%[0x12][0x5][0xb5][0xfd][0x15][0x80]?[0xb5][0x85][0x95]{V[0xe9]_Kfd[0x14][0xba][0x10][0xb4][0x84][0x15][0xfb][0x85][0xc1][0xd1][0xf0]~[0xf8]E[0xf][0x6]?[0x9b][0xfb][0xa0]e[0xb7][0xd4][0xf8]&Y[0xb0][0xb][0x8][0x87][0xbc]![0xb6][0xc8]y6[0x7]Sc6[0x89][0x14][0xdc][0xf5][0xbe]>mK[0xb][0xad][0xb0]![[0xff])=[0xcb][0xbc]kpX[0xb6][0xcb][0x80][0xb3][0xef][0xda][0xa4]5[0xe0][0x8d]M[0xfa][0xf1][0x16]:(M"v_p[0x9f][0xe1][0x0][0x96][0x3][0xe1][0x7]a[0xb7][0x8d][[0xf][0xee]g`Y[0xd9]![0xb4][0xd2][0xa3]m[0xad][0xcb]a&[0x18][0xde][0xec][0xbc][[0xdc][0xc][0xf0][0xdc]@C[0xda][0xa9][0xf3][0x3][0xca][0xc2]9F[0xee][0xee]\4[0xf8]\.fA[0xd4][0xc5][0xef][0xeb][0x3]![0x89][0xcd]p#^e[0xc6][0xf6][0xba]A[0x0]d[0xc4]'q5a[0xa9][0xb9] [0xe7][0xa4][0xa7][0x11][0x8b][0x3]r[0x98][0x92][0xa5]D[0xb2]T[0xba]g2[0xc6][0x99][0x5][0xfb][0xe9][0xe8][0x94][0xc0]ke[0xf2][0xd4][0x96]Yqi)X[0xbf][0x94][0x94]e[0xc1][0x97][0xea][0xca][0x8][0xe5]z[0xe7][0xe3][0x15][0xb6]%3[0xbe][0x6][0xcb]5Q[0xc1][0xe8][0xca]Qs[0xd5][0xe1][0x94][0xca][0x89][0xa1][0xcb][0x3][0xb9][0x1c]ve[0xe0][0x4]l[0x16][0x82][0x9a][0xee][0x89]ig[0xb6][0xe9]_X{[0xaf]{[0x89][0xf9]"j[0xe0][0x95][0x4][0x2][0xa9][0x1b]a[0xac][0xc6]'[0x95])[0x12]?[0x99]e#[0xd3]r[0xcf][0xc2][0xa4][0xc9][0xc3][0xcb][0x7]%[0x11][0x8e][0xe][0xb9][0xf8]'^N[0x10]l[\r][0xad]k[0x97][0xd4][0x12][0xac][0x1a][0xc7][0xfb],[0xda][0xad][0xee]k[0x87]S[0x8][0x18]~[0x9f]d[0xbb][0xf1][0xd3]y[0x98]][0xdd][0x89][0xd1] {[0xbe]6[0x8d][0x92]<[0xe5][0xf1][0x82]bZ[0xa9]\[0xa9][0x1][0xae][0xb2][0xd1]U[0xa7][0xdc][0x81][0xc9][0x1d].a[0xa5][0x1c][0x82]%[0x85][0xb9][0x85][0xf6][0xb][0x9][\r]l[0xeb]#[0xa1]V[0xd4][0xd6][0xd5][0xd5][0xda][0xba][0x93]%[0x9e][0xb9][0xf][0xcf][0x8]N[0xc2]o[0xaf][0xec][0x9e][0xaf]5[0x9e]W[0xfd][0xc7][0x12][\n]"
2020-11-26 10:40:54 DEBUG wire:72 - http-outgoing-1 << "[0x1b]>O[0xaa][0x0][0xb6]40[0xf][0xc9][0x93][0x8e][0xb0]h[0x82][0x8c][0xeb]9:[0xaa]u[0x8e][0xab][0xa7]#T"[0x9e][0x8a][0x90][0xd8][0xf2][0x8d][0xd3][0x11]m[0xff][0xc8]|[0xb0][0x98]k[0xbf]9Q[0x86]~c[0x4][0xcc]l[0x1]D[0x1e][0xc0]h[0x8b]r[0xbc]L[0x5][0x8d][0xa6][0xb]2[0xf8][0xcf][0x12][0x12][0x91]/p[0xaa][0xa4]bv[0xf5][0xf5]I}[0xf9] [0x1f][0xe1][0xa5][0xc][0xcf][0xab][0xfb]+[0x92][0xcf][0xf2]rd[0x14][0xe2]aK[0xa0]`D[0xa2][0xf0][0x1a][0xc1][0x6][0xf4]R[0x91][0xfb][0xb4][0xea][0x1c][0xc5]Gu[0xfe][0xff][0xea][0xfc]/[0xb0][0xf3][0xff][0xc6][0xb5][0x1b][0x9f]~j[0xe7][0xf5][0xaf][0xcf][0xcf][0xe9]/[0xe6],[0x96][0xb7][0xbf][0xbe]X[0xce]~[0xab][[0xff][0xbf]`[0x13][0xf4][0xbb][0x8d][0x83][0xbf][0xde][0xde][0xbf][0xcf]![0xf2][0xf1]:[0xf6][0xd3][0x97][0xff]N[0xfd][0xfa][0xf5]I[0xb7]~>[0x90][0xfe]0[0xdc][0xfa][0xce][\n]"
2020-11-26 10:40:54 DEBUG wire:72 - http-outgoing-1 << "[[0xb7]>_3[0x1][0xf6][0xe3][0xf0][0xe4][0x1b][0xcb]%S[0x91]\[0x80][0x1f][0xb3][0x3][0x1f]3[0xfc]e\[0xaa][0xa7]#jl>[0x1e][0x1d]Q[0xe7][0xa6][0xa5]z[0xbd]=[0xae]kk[0xbf][0xf9][0x87]Z[0x9b][0xa7][0x9a][0x9f]46[0xff]d[0xf3][0xcc]_[0xdb][0xb1][0x14];[0xc0]ug[0xe9][0x82]~[0x83][\n]"
2020-11-26 10:40:54 DEBUG wire:72 - http-outgoing-1 << "[0xa9][0xb6]CO[0x1a][0x1e]Q[0xa5][0x17][0x9b][0xf5][0xb8]Z[0x80]k[0xb0][0xe0][0x10]z[0xe3][0x96]z[0x95][0xe8][0xb0][0xba]dW[0xc8][0xbb][0x9][0x9b]j[0xa9][0xe3][0x8b][0xa0][0xe6]h[0x1e]/)[0x88][0xf8]A&E[0x8a][0x8f][0xa5][0xce]_l[0xf5][0xd8][0xda][0xfc]+o[0xdf][0x91][0x8c][0x92]][0xaf][0x85][0xb7][0xb4]M[0xf][0xd5]T[0x94]Z"[0xfa]0='Jt[0x85][0xf5]E[0xb5][0xd0][0xae]D[0xaa][0xd8][0xc9]$[0x0][0x8d][0x8d][0xe][0xb2][0xad]i[0xd6]e[0xd7][0xa7][0xb5][0xad][0xf1]?][0xee][0xc7][0x94]:@[0xa5]A[0x8a][0xe1]i,[0x93][\n]"
2020-11-26 10:40:54 DEBUG wire:86 - http-outgoing-1 << "[0x14][0x86]Q[0xac]I[0x80][0x88]mM[0xa9]o[0xd7][0xe3][0x91]][0x11]<'[0x3]+"
2020-11-26 10:40:54 DEBUG wire:72 - http-outgoing-1 << "`_m[0xed][0x99][0xf6][0x92][0xed][0x85][0xab][0xb3]t[0xf8][0x8]3[0xe0][0x92][0xe7]!e[0xfc][0xd8]fL<:[0x88][0xed][0x19][0x7][0xfb][0xf4]Q[0x1f][0xc6][0xb7]{[0xd0]r[0xd1][0xbd][0x17][0xad][0x1]"[0x19]B-[0x8a][0xd6][0xa2][0xf7]U[\n]"
2020-11-26 10:40:54 DEBUG wire:72 - http-outgoing-1 << "[0x12][0xc2]c~:f^[0xae]Ts;z[0x14][0xcb][0xa3][0x84][0xa6][0xa4][0xf0][0xcd][0x8c][0xa0]9[0x2][0x84]52~52[\n]"
2020-11-26 10:40:54 DEBUG wire:72 - http-outgoing-1 << "ld[0xf0]v[0x8a] 6[0xc1][0xc2][0x6]d[0xfd][0x14]q6[0xb6]O-_[0xed]L[0xf][0xce][0xf8][0xf3]3?r[0xbe][0xad]XF[0x9]_g[0xb1][\r][0x13]Z[0xfb][0xdd]~([0xf6]$c[0x9d]ph[0xd4]?[0xb3][0xd7][0x9c][0xf9][0xe][0xcc][0x13][0x8c][0x96]J[0xda]&[0xde][0xad][0xa5][0xc2]_/[0x1f][0x84]d^[0xed][0x7]a[0xac]T[0xd5][0xe4][0xb3]f[\n]"
2020-11-26 10:40:54 DEBUG wire:72 - http-outgoing-1 << "A[0xfa]8L[0x96]&[0xb]SH[0x92][0x10]g[0xb][0xff](qHX[0xc8]I[0xa2][0xec][0xcb][0xd7]u[0x8f][0x9f][0xd5][0x81][0xfe][\r][0xe2][0xb]p[0x9b][0xf9][0x12]Ui[0xb3]:&[0xff][0xdd][0xed]~[0xe6]r[0xb5][0xb8]l[0x83][0xf6][0xd9]Y[0x88][0x9a][0x94]P[0xd2][0x9c]dYS>[0x82][0xcd]l*[0x13]^}v^[0x9][0x8c]*[0x8b]k[0xf1]H[0x80]bq[0xb2][0x84][0x9d]\8[0xe4][0x9e]z[0x2][0x97][0xdc][0xb8]{[0xf3][0xb][0x11]Hd[0x89]n[0xc9]2[0xea][0xab][0xba][0x6][0xb7][0xbb][0x5][0xf3]x[0xb9][0x82]'5[0xe6][0xc6][0xed]k7n[0xda]<s[0xeb][0xce][0xd7][0x84]\[0xc5][0x8b][0xef][0xaf][0x90][0xc2][0x89][0xfa][0xeb][\r]?4[0xb6][0xb9][[0xc1][0x9c][0x87][0x93]P[0xe7]F[0x94][0x80]m[0xe1][0x84][0xaf]\M[0xcf][0xd9][0xa0]W.[0x14][0xe3][0xa6][0xbb][0xfe][0x99][0xab][0xf5][0xd3][0xaf][0xab]k?[0xbd][0xe1]jyJF[0xb4]->[0x9d]x[0xc0][0xb4][0xbc]q[0xb7][0x96][0x8e]*[0x1e][0xe9][0x7]+X[0xef][0xde]TOw[0xad][0xcd][0xb6][0xed][0xb1]C[0xe][0xc]t5?kln[0xb3]9[0xb5][0xaf];[0x1e][0xb9]Z[0x9b]][0xed].[0xbb][0x7][0xef][0xfe]\[0xfb][0xa7];[0x15][0x9f]U][0xe3][0x1f][0xaa]?+[0xb5]y[0xfe]^[0x8b][0xab][0xb9][0xb6][0x1d]N[0x16][0xb3][0xb4][0xe6][0xfd][0x0]$J[0xb]([0x6]^[0x94]K[0x1][0xa4][0x16][0x98]>_[0x91][0xdd]Q=t5[0xb9]Z[0xdc][0xad][0xed][0xda][0xd1][0x9e][0xb2]p[0xae][0xd8][0x97][0xba]|P[0xf7][0xe8]Qc[0xfb][0xdd]?[0xe5][0xc3][0x88][0xf4][0xe9]s[0xbd]o[0x10][0xc0]rM[0xef][0x1b]a;;[0x6][0x80]2[0x95][0xde][0xb7][0x9] [0x91][0xd8][0xbc][0x10]s[0x89].[0xf7]6[0x87]W[0xfb][0xd4][0xd5][0xd4]D[0x6][0xaa][0xcd][0x93][0xff][0x8e][[0xff][0xe9][0xda][0xfd]V[0xf7]s[0x17]H[0xe0][0x8e]6[0xb][0xbd]e%[0x86][0xa1]nl[0xd8][0x13][0xdd][0xa0][0xf0]D[0x8a][0xc3][0xa1][0xdb][0xa2][0xe2]\[0xd5][0x8a][0x14]w[0x9]@}u[0x1d][0xf6][0xf2][0xd3][0xcf][0xda][0xfe]"[0xa8][0x2]l[0xa1]O[[0xb6][0xbd]J{[0xe0]jhl[0xab]`c[0x9b][0xcc]{[0xf0]wO[0xa7]>[0xd7]+R[0x82][0xec][0xf3][0xb5][0xee][0xd6][0xfd][0xe0]j&[0x8e][0x90][0x81][0x17]d[0x1d][0xc6]5ar[0xe1][0xe5][0x8b].rP[0xa0][0xb9]-[0xf7][0xb1][0xd9][0x19][0xc3][0x8d][0xeb][0xf][0xe3][0x11]L[0x18][0x8f][0xc7][0xec][0xba][0xd1][0xdf]u7?q[0xdf][0xfc][0x2]/^[0xfd]v[0x85][0xb4][0x1f][0xd4][0xfe][0xdb]77[0x84][0xa3]lxP[0xd9]Z#[0xe9]Z[0xc][0xd4]pJ[0x1][0xe5][0xf6][0xfd][0x92][0x1f]*mO[0x14][0xd9]#U,[0xb6][0xc5][0x9b][0xaf]n[0xdc]R[0xa3]+,r[0xaa][0x85]V[0xb5]p[0xa7]\P[0xeb][0x1d][0xd2]Z[0xe7]P[0xa5]{[0xe9]Q[0xe][0x6]0[0x1e],[0xb0][0xc1]|[0x87][0xf2]H [0xb7][0xdf][0x1b][0xae][0xe6][0xf6]{[0xb5]U[0x9f]U[0x96][0xfc]TY[0xce][[0x9f],[0xe9][0x9e]N`[0xfd]V=7[0x9b].D^.[0x8e][0x9e][0xb0][0xc4][0xef]n[0xdf][0x5][0x86][0xa2][0x9d][0x8d][0x80]L[0xb6][0xd3]6[0xe8][0xbd]t[0xdc][0xa2][0xec][0xad]ED[0xe6][0xa4][\n]"
2020-11-26 10:40:54 DEBUG wire:72 - http-outgoing-1 << "[0xd1]K1[0xa0],t[0xeb]3[0xc3]9[0x1a][0x99][0xfc][0xea][0x1d][0xfa][0xd5];T[0xe8][0xe6][0xed][0xbc]R[0x1a][0xf3][0xbf][0x6]<O[0xed][0xde]lr[0xf][0xe1][0xa3][0x99]}D[0xcf][0xdd]?4[0xba][0xda][0xf2][0xec][0xe0]nzi[0xf1][0xbc]B[0xb4][0xb2][0x8b][0xbb][0x85][0xfe]Wcs}SG[0x83][0xab][0xe4][0x87][0xc6][0xd6][0xf6][0x8e][0xba]&t5[0xb4][0xd7][0xb5]7[0xd6]_{[\n]"
2020-11-26 10:40:54 DEBUG wire:72 - http-outgoing-1 << "[0xaa][0x3][0xbe][0xcf][0xf8][0xc0]=[0xe][0xfc]7[0xfe][0x89][0xde][0x9c][0xfa]{[0xa9][0x93][0xec]{{c[0xba][0xe0]ov[0xd0][0x9b][0xa5][0xcc][0xf][0x9d]2SHN[0x99][0x89]b[0x83][0xed][0xf9]([0x88][0xa0]x4J[0xcd][0x5][0xe4]|[0xb7][0xad]n[0xc0][0xe9]<[0xc9]2[0xd7][0xdb][0x8a]E[0xa5]|[0x9d][0xc5][0xf6][0xdd][0xfe]W[0x8e][0xad]I9ri[0x95][0xb6]n\[0xdb][0xd7]|[0x8c]n][0xdb]M[0xbd][7/?[\n]"
2020-11-26 10:40:54 DEBUG wire:72 - http-outgoing-1 << "y7o[0xae][0xd5][0xbf]w[0xb7]/aW[0x1e][0xcb][0x17][0xe4][0xc7][0xb5][0xd9][0xf][0xdd][0xeb]+K[0xc][0x1f][0x9c][0xe7]7Kk`[0x89][0xc0][0x85][0x1f]][0x80][0x9b]m[0xf1][0xd8][0xb9]:[0xbf]h[0xb1]p[0xb2][0xda]F[0x1d][0xad][\r][0x8f]A[0xf5]o|[0xde][0xc1][0x86][0x82]h4J[0x8d]R[0xa6][0x96][0x0][0xa2][0xfa][0xab]3[0xfd][0xd5]a>o[0xd3];[0xc7][0xb4][0xa3]p<[0xba][0xaa]{[0xb0]=[0xba][0x16][0xee]U[0xdf][0xae][0x9b]3ud[0xee][0xe7]-I[0x87][0xf9]4[0xfd][0xb9]^^SQ[0xaa][0x8e][0x1f][0x0]J[0xe8][0xaf]v0,[0xc0]\[0x84]9{[0x9e][0xdd]|[0x97][0x1e]y[0x89].[0xea][0x1c]6c[0x91][0xfa][0x14]a:@@X[0xad][0xd8]f[0xab][0xdb]6[0x81][0x7][0x14]hm[0xc3][0xcf][0x8e][0x96][0xd5][0xe8][0xb9]eD[0xa1]s[0x3]%V[0xff][0xe0]^[0xed]o[0x9a][0x1f][0xb5][0xb5][0xfc][0x8e]~>t[0x83]8[0x86][0x93][0xd7]Ba[0xec][0xad]n[0xef]6N[0x19][0x8f][0xbe]8[0x9e](x[0xb7][0xf6]K[0xe9][0xa1]%t[0xd4]<i[0xfe]%&'r[0x6] ?[0xbc][0xd6][0xd5][0xda][0xf8]C[0xbd]+[0xc3][0xb2][0xb][\r]P[0x89][0xb4]S[0x16][0x1c][0xc4][0x16][0x94]s[0x11][0x8c]R[0x5][0x1d](4+[0x7]H[0xf3]8`][0xe8][0x1f]_T|[0xf6][0xe5]d[0xf9][0xb3][0xca][0xc0][0x98][0xe2][0x1f][0xa1]`[0x95][0xab]_[0xdf]|[0xd8][0xea]r[0xd9][0xa6]E<[0xbc][[0xe6][0xbc][0xc1]F[0x7]o[0xdc][0xbf][0xaf][0x1c][0x1d][0xa9]'[0x93][0xc5][0x1][0x9a]LC[0xe2][0xe4]Y[0x1a][0x8]T[0xfb][0xe0];y[0xc][0xb8]S[0xd7][0xd1]\[0xff][0x94][\r][0x87][0xb1]2[0x9f]TO[0xb6][0xe4][0xd8][0xa4][0xe0][0xc][0x86][0x81]21[0xbd]<[0x16]U6[0xed][0x1d][0xa4][0xc6][0xc][0xf1][0x93]%[0xa5]g[0x91]s[0x9f]5[0xe6][0x95]i[0xd7][0x99][0x89]A[0xca][0xdd][\r]:o[0x12][0xf7][0xb8]z[0xef][0xc1][0x17]X3[0xf9][0xac]Sp[0x9e]`[0xbf][0x12][0xc]j[0xe7][0xdb]lk[0x98][0x10][0x8e][0x9a]*IdI[0x96][0xdd]$[0x1c][0xba]z[0xfb][0xc6]}[0x0][0x1e]h[0xed][0x94]@q[0xd1]i[0xbe][0xb9][0xf9][0xb0][0x10][0xd3][0xdc][0xff][0xc3]W[0xf0][0x89][0xf6][0x88][0xd5];'[0xb1]@[0xb4][0xb1]GK[0x8e]G[0xbe][0xa0][0xae][0xb8][0xea][0x94]`[0x8d][0x9c]@[0xd4]@[0x98][0xad]t[0xcb][0xe1][0x14][\r][0xc0][0xd5][0x87][0xee][0xdc][0xba][0xa9]v[0x86][0xa5][0x6] [0xb7][0xf3][0xee][0x91][0xe0][0xa2]vpR[0xc3]H[0xf3][0xd1][0xfb][0x86][0x90][0xc3][0xc][0x8f]d[0x84][0xc4][0x7][0xee][0xc][0xfc][0xd5][0xd5][0xf0][0x81][0xbb][0x1a]Ln[0x6][0xd1][0xf6][0x99][0xf3][0x1e][0xd1][0xb3][0x83][0xdf]i[0xd9][0xf9][0x18]:[0x1a][0x1b][0xf2][0xf4][0xfc]eS[0xb1][0xfc][0xb][0x1d][0x8d][0x85]v.[0xe4][0xf6][0x14] L[0xec][0x1d][0x5][0xdf][0xde][0x16][0x9d]A?Z[0xaf]@[0xc2][0xb5][0x12]?[0x1e]06[0xf3]N[0xfd][0x0][0x8]hy7[0x80][0xb1][0xc6][0x8f][0xc0][0xe6]O[0xac][0xf5][0x3][0xab]/[0xe5][0xf8][0x95][0xa7]D<[0x1d]u[0xde][0xa3]5[0xf2][0xc1][0x14][0x9e][0x8f][g[0xff]xxw[0xb2][0x1c]Zr[0xfd][0xc2]E[0x8c][0x8a][0xfe]L4[0xc1][0xd6][0xb2]pyA[0xd3]u[0x8d]@[0xd2][0xf5]um[0xed][0x9f][0xd5]7_[0xfb][0xd7][0xba]F[0xe0]Ci[0x4][0x9d][0xc2]J-[0x95][0xe4]R_[0xfe]1[\n]"
2020-11-26 10:40:54 DEBUG wire:72 - http-outgoing-1 << "[0x80][0xeb][0xb7][0xdf][0xa1][0xf7][0xb7][0xf0]p[0xef]r[0x0]C~+[0xca]2[0xb][0xae]|p[0xe7][0xe3]p[0x6]g[0xc5]yY[0xef]/[0x1b][0xd9][0xfc][0x10][0xe2]~[0xd3]CS[0x1c][0xe][0xa9]n[0x18][0xca][0xfc][0xbe][0xba][0xbf][0xa4][0xed]/[0xb0][0xe0][0xa1]2[0x19][0xa6][0xc6][0xe3][0xfa][0xc2][0x8a][0x16][0x9e][0xc0]>[0x17][0xe6][0x9e][0x8a]9[0xaa][0x9e]c[0xea][0x95][0xde][0xbd][0x89][0xc9]T<[0x4][0xeb]Q[0xc7][0x13][[0xdf][0xd3][0xea][0xac][0xba]{[0xc6][0xa2][0xeb][0xf0][0x1][0xc6]ig[0x9b]j[0xa0]O[0xf7][0xcc][0xea][0x9d]c[0x18][0xd4][0x14][0xeb][0xa1][0xc8])[0xc5][0x13]Sc[0x89][0xda][Y[0xf3][0xe0][0xdc][0xad][0xed]d[0x9c]k[0xe7]s[0xda][0xf2] [0xce][0xcd][[0x88]iG[0x8b]Z[0xe4]u[0xa6][0xa0][0xe1][0x82]x[0x9a][0xb0][0xc8][0x8d]L[0x2][0x18][0xf7][0xf6][0xb0][0xad][0xf5][0xf8][0xf1]R<[0xb2][0xd5][0xf6]C+[0xef][0xec].S[0xd9][0x91]J[0xfb](+a[0x0][0x94]d[0xf3][0x90][0xe9]}6[0xde][0x7][0x83][0x98][0x97][0xaa]i[0xd3][0xf6]K[0xec][0xd3][0xe9][0xcc]0kp[0xb9]Z[0x92]`[0xc5]*[0xff]fOJ![0xab]=[0x2][0x10][0xa5][0xda]l[0x98][0x80][0xd8][0xf6][0xc3]s[0x81]m[0x9]D[0xb5][0x83][0xca]#Wk;%[0xa4]^[0x14][0x8a]X[0xe6]7[0xd6]m[0x3]D[0xcc][0xed]u[0xb5]>[0xb8][0xf1][0xcd]7[0x4]K[0x11]WVD[0xfc][0x93]i6[0xa4][0xce]E[0xb0]9[0xf2]Q[0x98][0x9d][0xf5][0xb0][0xd1]A5[0xb6]`[0xfc]jt[0x9e][0xa2][0x94]Kru[0xd9][0x6][0xce][0x81]6[0x12]z![0xd1]w[0x13][0xe6][0x8d]G[0x3]l[0xee][0x8c]u[0x7][0x9][0x96][0x84]H[0xca][0xd4][0xa1][0x99][0xc6][0xed]P[0x93][0xe][0x80][0x9d][0x85][0xb4][0xed]n*[0xa9][0xa6][0x86]<@?[0xc5]@F[0xb9][0xaa][0xad]t[0xa2][0xed][0xad].[0x17][0x1b]9[0x8d][0xc7]V[0xf9][0xb6][0xfc][0xda]K/[0xb][0xf6][0xcb]u[0xf2]z[0xe0]z[0xec]n}[0xee]j[0x95][0x3][0xa4][0x99]G[0xb2][0xa1]#[0xe0][\n]"
2020-11-26 10:40:54 DEBUG wire:72 - http-outgoing-1 << "[0xca]R$[0x9d]Y[0xda][0xc0][0xf1]gw[0x93][0xfb][0xbb]2b[0x91]f[0xfc],Zg[0x18][0xbc][0x9e][0x94]!m[0x9e][0xda]J[0xb1][0xcb][0xd8][0xe8][0x92][0x1f][0xae][0xa5][0xc8]lV[0xc0][0xdc][0xa8]ki[0xef]x.[0x7]D[0x82][0x97][0xb6][0xbc][0xc6]:S[0x4]t6[0xa8][0x13][0xe2][0xae][0xbc]`'Q[0xc2][0xbb][0xe2]1[0xc1]R[0xa9][\n]"
2020-11-26 10:40:54 DEBUG wire:72 - http-outgoing-1 << "~[0x84]w[0xc0][0xf5][0xb0]+&[0xef]w.-I[0xf8]M[0xc3]K[0xbd][0xaf]_[0xf1]l[0x80][0xca][0xc3][0xbc]GrH[0xa7][0x8c][0x87]E|4[0xbf][0xe8][0x11]~1[0x1b][0xc8]}ID[0xd0][0xfe][0xf8][0xb3]g[0xae][0xd6][0xba]6[0x16][0x1a]T|[0xc3]B[0xa0]sb[0xc6][0x96]5[0xbc][0x1]Pq[0xb0]N[0xe6][0xfe][0x87][0xc2]j3$[0xa8]g[0x5][0xc8][0x97][0xf7][0x1f]^-[0xa3],&[0xc9]{2[0x2][0xdc][0xd8][0xa1][0xbe][0xe2][0x13][0xf9][0xdf][0x81][0x15]u[0xc5][0xe]zn[0xf7][0x93];[0xae]o\[0xed]H[0xc][0x4]4[0xde][0xd7][0xb6][0x8]x[0x87][0xa5][0x96]%`[0xf5]C[0xe3]s[0xde]j3[0x82]A[0xc1][0x1c]b[0xc4][0xf7]l[0x3][0x2][0xa8][0xb4][0xa5][0x89][0x82]l[0xa3][0xbe][0xdd][0x8f][0x1a][0x9b][0xf8][0xde]i[0xe3][0xbc]G4[0xa0]:[0x91]8.[0x82]w[0xc2][0xb3][0x81]`[0xbb][0xab][0x19][0x94][0x17][0xb0][0x3]~d[0xde]5}j[0xd3][0xb2][0xf1][0x82][0xde]5[0xd6]H[0xe1][0x1a][0x15]Gx[0xd4][0xea][0xaa]{[0xc6][0xbc]{[0xfa]x[0x8][0xb]$[0xa4][0x88]^)[0x14][0x14][0xba][0xc8]hD_[0xb7][\r]P[0xf8][0xc6][0xe5][0xae]w?inlou7K[0xc9][0x87]gW[0x9f][0xbb][0xea][0x9a][0xdb]H[0xe5][0xc3][0xb6]j[0xe1][0x13][0xed][0xbc][0x8f][0xfb][0xfa][0xce][0xe4][0x4]Df[0xc][0x93][0xb9]c[0xa4][0xc2][0x98]T[0xb9]@}[0xbb][0x8e][0xfc][0xe1]d\][0x8d][0xe6][0x3][0x16][0xe6][0xad][0xbc]X[0xb0]ek[0xfd]K[0x80]U[0x4][0x90]_N[0x6][0x95][0xe0]0,[0x9a]&[0x0][0xd6]h[\n]"
2020-11-26 10:40:54 DEBUG wire:72 - http-outgoing-1 << "[0x8c][0x90][0xb3][0x98]D!;K[0xf5][0x89][0x2][0x17][0xf6][0x96][0xa9][0xa3][0xc9][0x11][0x8c][0x5][0xa7]E;[0xb0]<`w[0xfd][0xce][0x17][0xb7][0x1e]<[0x94]S[0x8b][0xb5][0xd3][0x18][0xbe] [0xba][0x81][0x81]S=[0x11]myS[0xe9][0xf6]b[0xb5][0x92][0xe3]}[0xfd][0xac]G[0xb][0xf7]&K)f])[0xd0][0xf2][0xea][0xac][0xe2][0xe9][0xc4]eru[0xf3]R[0xd8]U-U6R[0x94]p[0xf][0x1f][0xeb]s[0xbd]l[0xd8][0x87][0xaf][0x86][0xa3][0xde][0xdf]4[0xd6] [0x87]`[0xb0]w[0x89]^C[0xf1][0x88]_[0x8d][0xed][0x13][0x84][0xb0][0x86]h[0x82][0xce][0xb1]cg[0xdf][0x90][0x89][0x8f][0xdb]-[0x96][0x12][0xfe][0xd8][0xce][0xb]Xl[\n]"
2020-11-26 10:40:54 DEBUG wire:72 - http-outgoing-1 << "[0xb7]H]x[0x81]Q[0xce]!A[0xb1][0xd8]%[0xde][0x1b]I[0x81][0xa3][0xe5],s[0xda][0xfe][0xbc]r[0x91][0xc5]2[0xca]Q[0x3][0x11]AI`[0x95][0x82] ;[0xe9]BYe[0x5][0xd9]%[0xd1][0xac]T[0xa2]P[0x92]qr[0x94]PL[0xb5]p[0xf2][0xc4][0xb4]/[0xae]?[0x10][0xd6][0x15]i[0x1a][0xdf][0xdc]z [0x7][0x1f][0xf5],[0xa0][0xaf][0xcc][0x3][0x92]i[0xe7][0x9d][0xea]F[0x8c],e)T[0xa3][0xd5]:[0x81][0x8e][0xe9]S[0x19][0x8a][0xd9][0xf0][0xb1][0x12][0x1e][0xbf] [0xb4][0xaa][0xa4][0x94][\n]"
2020-11-26 10:40:54 DEBUG wire:72 - http-outgoing-1 << ":[0x16]b[0x1a][0x82][0x8b][0xf2][0xe5][0x8]^,[0xa5].[0x90][0x8a][0x8e][0x9b][0xa6][0xf8]6[0x1e][0xcb][0x10][0x8f][0x8c]a[0x83][0xf0][0x99][0x98][0x8f]g[0x9c]S[0xa0][0x8e]-[0x83][0xeb]{[0xad][0xf6][0x1c][0x8a]"F|[0xb2][0xfb]??t[0xb7][0xd6]?%[0x95][0x99][0xfc]a`[0x86][0xc2][0xcc][0x17][0x87][0x8d][0x4]q[0xb5][0xfc][0xdc][0x8e]o[0x85][0xf7]I[0x14][0xc0]/[0xb9][0xf1][0x1d]%[0x18]j[0x9e]nr[0x87][0x94][0xd8][\r][0xe1].[0x8a][0xbd][0x18][0xf3]MY[0xc]A[0xa9][0xee]k[0x84]nE6[0x1d]1[0x10]R[0x82][0xe2]J@'O[0xf8]gd\[0x95][0xc0][0xb1][0xc8][0xfa][0xf8][0xe6][0xce]}[0xb9][0x92][0xad][0xb5][0xb7][0xeb][0x9e]?[0xb8][0xff][0xcd][0xa7][0x9f][0x92][0xc6] [0xf7][0x9a][0x9b].W[0xcb][0x9d][0xba]G[0x4]a[0x8b]}[0x96]?[0xba][0xc8][0x4][0x0][0x96]|[\r][0xc7]I[0x91]O[0xe1][0x13]Py[0xe5]$[0x9][0xb5]Qds/[0xd8][0xe9][0xa8][0xb2][0xf5][0x12][0x9b][0xf7]M[0x1e][0xa3][0xa7][0xdb][0xa4][0xfb][0xd9][0xda]8[0xe6]9[0xf8]k[0xb5][0xf3][0xad]x[0xcc][0x16]D[0xda][0xcc][0xac]2[0xb0]H[0xa1]N[0xe4];[0xd1][0xc2][0xeb]I[0xd0][0x16][0x18][0x97]dz%[0x94]<l[0x5][0xed][0x97][0xdc]2[0xfa]TH[0xdd][0x1a][0x97][0xf3]-[0xde]jz[0xee][0xce][0x7][0x7][0xb9][0x1b][0xa6]\[0x8e][0xd6]j[0x1b][0xeb][0x9e][0xbb][0xda]\[0x82]T[0x9][0x3]e[0xc1][0x94][0x9][0x9d]*[0xaf][0x96][0xc9][0xc4][0x93][0xf2][0x81][0xd8]F[0xc8]7LrD[0xc5]F[0xce][0xbd][0xca]r[0xaf][0xf2][0xc2]6[0x9a][0x1b][0xcb][0xb7][0xf]NZF[0xa7]Y[0x14]vs[0xb4]ay[0x81][0xc6][0xe6]'4RNM[0xa0]{v[0x16][0xe9]R7[0xc0]8?[0x87][0xff][0xe2][0xb1]#}[0xa5][0x7][0xd8]T1[0x90][0xaa]R[0xae][0xdb][0xf8]b4[0x1e][\r][0xb4][0xb9][0xfe][0xea][0x84][0xff][0xa3][0x12][0xc0][0xdd][0xd8][0xea]yL[0xb][0x8f][0xc4]c[0xb1]d[0x1a]vvB[0x9][0x4][0xd8][0xcb]7 [0x8c][0xe3][0xd1]Y[0xfd]e@Y:[0xc1]i&[0xfb][0x94][0xf9][0xb7][0xe4][0x85][0x90][0x9b][0xe6][0x81][0xab][\r][0xac]ja([0xcd]o~y[0xff][[0xac][0x9c][0x1][0x82][0xfe][0xf8][0x10]oLB/[0xb4][0xa3][0x3][0xc9][0x5][0xa5][0xc9][0xc8]_Nf[0x81][0x9f][0x8a][0x9e][0xb7][0xd1][0xb1][0xae][0x8c]G^[0xd3]o[0xff][0xa7]8[0x90][0x97]*H[0x98]I5[0x80][0x95]R[0xb5][0x1f]8[0x7][0xfa][0xde][0xb8]B[0xf8][0xe5][0xc4]W][0xaa]w[0x8e]It[0xd8][0xcd]6[0xb5]`[0xc1]'Q[0xc0]V[0xba]3[0xac]f[0xab][0xaf]l[0xe1][0x99]eA[0x94][0xf3]Z[0x80]e[0xa5][0xbc][0xc0]8[0xa7][0xe2][0x9c][0x8d][0xcc]e[0xe][0xa9]+[0x80]3r[0x1c][0xb6][0xe4][0xfa]m6[0x18][0x3]lOT[0xe7][0x91][0x1a]D4[0x2][0xca][0x8d][0xba]uf[0x1e]x[0xa5][0x4][0xbb]W[0xef][0xcd][0xb1][0xcd][0x9d][0xf8][0xf1]p^SfC}[0xea][0x16][0xf1][0xcf][0x8e][0xb2][\n]"
2020-11-26 10:40:54 DEBUG wire:72 - http-outgoing-1 << "8[0xa9]"[0xe1][0xbc][0xcc]M[0x8f]v[0xba][0xe][0xb] [0xd5][0xcc][0xde][0x96]_[0xd7][0xce]z-[0x8e]p[0x9b]g[0xe9]f[0xf0][0xa2]X[0xa8][0xcc]D[0x15][0xef][0x6]%[0xf9]H[0xf7][0xe9][0xca]\[0xb5]G[0xe6][0x8a][0x6][0x9d][0xb4][[0x93][0xca][0xd2][0x88][0x9c].[0x84]WK[0x13][0xfb][0xd8]P[0x9e];[0x91][0xb0][0x81][0xd3]p[0x80]>[0x93][0xec]S[0xbb][0x8e]%UL[0xfe]b[0xa1][0x10]-[0x8d]H[0xe]Z[0x8c][0xb2][0xed][0x13]e[0xb0]O[0x99][0xd8].[0xda]u![0x96][0xfb][0x95]![0xce][0xe0]K[0xf5][0xf4][0x95][0xc5][0x99][0x93][0xab]sO[0xfc]T[0x12][0xe1][0x84]G[0x84][0xbb]3[0xe4]f[0xcf][0x86]J[0xc2][0xfb][0xc4][0xe7][0xb8]$*9$[0xa8][0xaa][0xf6][0xbb][0xbb][0xe9][0x1a][0x8c][0xdc][0xb9][0xa6][0x86]W[0xf8][0x87][0xf0][0xf2][0x86];[0xeb][0x94][0xf5].5[0xd0]G[0xc8]%w[0x85][0xf3][0xd5][0xdd][0xbb][0xc2]6[0xce]C[0x93][0xc2]A&[0xe3][0xba]8h%[0xd3][0x1d][0x9b][0x9d][0xae]`[0xbd][0xdd][0xad]u[0xca][0xb5][0x1][\n]"
2020-11-26 10:40:54 DEBUG wire:72 - http-outgoing-1 << "[0xd3][0xce]_`[0xc2][0x9f][0xc7][0xb6][0xbe]K<:[0x88]Uj[0xf9][0xc5][0x3]R[0xe6][0xf1][0x9e][0x12][0x1b][0xc1][0xde]a<.[0xc2][0xde]B9[0xc6]d[0x10]~[0xff][0xcc][0x82][0xfd]XO[0xb][0xc]f[0xae][0xf0]\[0x14][0x1][0x8d][0xbd][0xc4]#cI[0xb9]Q[0xe0]R\R>[0x94][0xbe]%[0xde][0xa6]~Z[0x19]Z[0xb1][0xac]%;4@[0xf5]<}[0x8b]P[0xf4][0xbf][0xd6]^b[0xbf]Q[0xbd]3[0xa4][0xc].[0xe3]7|[0xb7][0x88][0xea][0x13][0xb6]n*z[0x16]+nmM[0xb1][0xe5]q[0x18]-[0xe0]jZ[0x10][0x1d][0xd8][0xdf]<[0xf6]6d[0xf6]5e[0x9b][0xf5][0x82][0x4]_.[0xe5]}y[0xf2][0xa8][0xa1]=[0x3][0xd1]d][0xff]OO[0x1e][0xb9][0xdd]m[0xed][0x17]e[0x12]M[0x18][0xa1][0xfc][0xe5][0x17]w[0xe5][0x1c][0x12]-[0x1d][0x8f][0x9e][0x14][0x9b][0xa2][0xcb][0xa5][0x9c]/[0x2]_[0x16]_[0x89][0x84][0xa9][0xae]c[0xa0]F[0xbc][0x1f][0xe0][0xbf][0xe2]qz7[0xd9][0x8e][0xc7]H[0xa4][0xb2][0xc5][0xa9][0x1d][0xf][0x86][0xf5][0xc]F[0xd9][0xe2][0xa2]1[0x88][0xb7][0x8]|[0x89]s[0xc3][0xdb]F[0x7][0xcb]nJOW[0x8]B7^fx[0x16][0x8b]F[0xee]2.[\n]"
2020-11-26 10:40:54 DEBUG wire:72 - http-outgoing-1 << "6r[0xca][0x86][0x87]`K t[0x85][0xe3][0x94][0xb][0x84]/[0x1a][0xef][0xd4]>[0xbc][[0xf2]i[0xc9][0x8d][0x7][0xb0][0xdd]jp[\r][0xf3][0xf5][0xc2][0xc7][0xf1]H[0xc]6[0x83][0xc1]A[0xde]=1[0xcd][0xad][0x7][0xf]m[0x87][0xf3][0x8e]m[0x14]~[0x5][0x3][0xc1][0xb8]mv[0xb9][0xcb][0xff]"nz[0xa3]cp^[0xad]X[0xc6]-[0x19][0xe9][0xb3]5[0xcd][0x82][0xb6]$[0x94]Q[0xb3][0x6][0xb5][0x9f][0xbf][0xcd][0xac][0xfc]_[0x90][0xf0][0xcb][0xae][0x96]I[0x10][0xbe][0x85][0x90][0xe5][0x84][0xf2][0xbd][0x87][0xf][0xef][0xc9][0xa9][0x98]br@b[0xe4]/[0x16][0x7]{[0xf6][0xb8][0xb5]'[0xc0][0x89][0xcc]7[0xb1]E#[0xf9][0xb2][0xab]N[0x9][0x92][0xc7][0x0][0xb7]v[0xd7]O[0xed][0xe4][0xe][0x97][0x83]Pb[0xc]E[0xd0]i[0xe1]!6<[0x2]\[0x2][0xcc][0xb0][0xe3]C[0x8a][0xc]1[0xbe][0xa3][0xab][0xb][0xd9][0x9]i[0x11][0x14][0x93]C[0xc6][0x1e][0xf5]![0xe3]11/[0xd5][0xa5]NI[0xd5]?[0x13][0xea]eY4r#[0xd3][0x9b][0xb0][0x96][[0xc6][0xb5][0x17][0xba][0x1][0x83]L[0xa3][0xc0][0xce]m`[0xbf]f[0xbe])[0xbe][0x99][0xed][0x11]>Z.>me1[0x1f][0x84][0xd8]9[0xb1]M#`[0xa6][0xf8][0xc9][0xa9][0x1a][0x98][0xcb]g[0x2]}[0xda][0x7]*[0x9b]1[0x1][0x6][0x12][0x85][0xe][0xf2]YGV[0xd5]k1[0x8a][0x9e]/[0xd8][0x14]-[0x94]O[0xc6][0xfa]N[0xd1]p[0x8a][0x14][0xc5][0xa5]Q&[0xe5][0x82][0xbf]%)[0xbe][0x95][0x17][0x9d]luC[0xef][0xeb][0x7][0x9c][0x8b][0x9f]lc[0xd3]=)%[0xc1]P[0xfe][0xa5][0x15][0xfe][0xa2][0x5]Xa[0xe9]K9[0xd7]'[0x9d][0x14][0x9]b"I[0xbb][0xd5][0xdf][0xc6][0xc][0x1]s[0xc7][0xc][0xb4][0x13][0xc2]1[0xd6];C[0x8]!)[0xf4][0xb9][0x89][0xa4]u[0x2]7[0x2][0xd7][0xef][0xdf][0xb6][0x80]:[0xff]n[0x1f]2[0x91][0x18][0xe6][0xfb][0x10][0xb3][0xe7]@R:[0xd0][\n]"
2020-11-26 10:40:54 DEBUG wire:72 - http-outgoing-1 << "[0xe5][0x18][0x17][0xc5][0xcc][0xd0][0xab](X[0xf]X[0x92]>[0x15]B[0xdf]a[0xb8][0x7][0x90][0xcb][0xd6]'[0xfc][0xcd]7[0x9f]^[0x7]6[0xd7][0xdc][0xde][0xe8]n&>[0xaa][\r][0xec]h[0xe1][0x11].[0xfd]bE[0xa8][0x11]*[0xdf]a[0xd7]t[0x19]C[0xf5]l[0xe1][0xfc][0x1][0x97],[0xb7][0x1f]9[0x98][0xc7][0x1c]f[0x1d][0xc5]z@[0xb8] [0xd5],`[0xb4][0x15]*,[0xb]S[0x84][0x86]4[\r][0x6]C[0xaf]F% ][0xef]n[0xf9][0x99]m[0x7]/!OL[0xdb][0xc1][0xa5]P}[0x82][0xd1][0xc1][0x1c][0x8d][0x1d]/[0xf]e[0x9][0xae]e[0xee]VM[0xa5]AA[0xa4][0xa5]^[0xa4][0x8]j\[0xc4]<U[0xa9][0xa6][0xe0][0xdf]|q][0x1d][0xee]f#[0xd3][0xf9]t[0x12][0xc7][0x1c][0xec][0xd3][0x1d]K[0xfb]l)p[0xc3][0xb7][\r]um[0xc8]#[0x82][0x93][0xb7]~[0xaa]w5[0x1][0xc7]h[0xfb]kSq`*[0x13][0xa4]{[0xb3][0xb1][0xa9][0xae][0xdd][0xd5]Pr[0xc3][0xdd][0xfc][0x83][0xbb][0xa9][0x3]i[0xab][\r][0xbd][0xf0][0x9d][0xb3]l[0xd8][0x87]t[0xba][0x1d]%[0xb1][0x9c]H[0x1b][0xcd][0xbd][0xbf][0xfb][0xb5][0xf7][0xbf]q[0xb5][0xc3][0x4][0x86][0xb1][0xad][0xec],[0x89]0[0x89][0x5][0xdb][0xea][0xd8]w[0xeb][0xda][0x9e]][0xc5][0xdb]~4f[0xde][0x84][0x99]o[0x1b]~j[0x9d][0xe3][0xb0][0x14]Rm[0xe8][0xfe]_xG8[0x6][0xc8][0x81]=[0xab]|6E[0xfb][0x17][0xc7]\[0xa2][0x93][0x90]i[0xf6][0xe][0xfc][\r][0xa8]K[0xf7]`U*[0xb4][0x9b]8[0x83][0xc4][0xeb][0xb7][0xd9][0x1e][0xb9]M[0xc2][0x4])l[0x11][0x86][0x8a][0xcb]<"]9[0xa9][0x6]f[0x8c]eTB>[0xf5]+G[0xc0]e[0x97][0xc][0x1e][0x8c][0xb][0xe3][0xf]P[0xcc][0x8a][0xdc][0xe4][0x19][0xf9]M[0xb6][0xad][0x17][0xe3]0[0x1c]W[0x9d][0x12]neKF[0xc]G[0xc]B[0xcb][0xc1]?[0x80][0xaa][0x8d][0x1f][0xed][0xf6][0xf9][0x7]#[0xb9]&[0xb1][0x89]l[0xd0][0xf6][0xfa][0xf4][0xd7][0x83][0xca]r/[0xea][0xc0][0xb1]^uw[0x14][0xe8][\r]k<[0x19][0xb4][0xc7][0x1d][0x14]v[0xb3]du[0x9][0xa4][0xee][0xa3]H0[0x95][0xf0]L[0xb]ni[0x14][0x11][0x8a][0x8e][0xb5][0xb9][0x1e][0xb9][[0x9b]mymh[0x7][0xcd]j[0x90][0xa8][0x9][\r][0xc5][0x16][0x83])[0xc0][0x14]d`pX[0x1d][0xde][0xcf]04{0[0xc1][0x4][0xc5][0xa5][0xa2][0x19][0x0]'[0xc0]?[0x17][0xa7][0xb5][0x85]|[0xdf]y [0xf]X[0xe]:M[0xe0][0x9f][0x92]/[0x1f]|+[0x94]U[0xae]rb@+[0x17][0xd0]r[0xf6][0xad]A[0xbd]x[0xb7][0xef];[0x94]+[0xbd]E[0xa4]M[0xda][0x7][0xbe]o[0xee][0xc][0xd5][0xbe][0xbd]M[0xa5]'[0xc8][0xfa][0xe7]h&[0x1b][0xc0]f[0xa3]{[0xdc][0x91]ig[0xf8]O[0x92][0xc1]l[0xf9][0x8b][0x3]t[0x99](x5[0x16][0xc4][0xf8]+[0x9e][0xbf][0x94][0x88][0xbf][0x9e][0xe5][0x89][0xe][0x15][0xb0][0xc8][0xeb]M[0xae][0x9f][0xe0]#|[0xfa][0xee][0xcb]/[0xe1][0xe7][0xed][0xe6]zW[0xb][0xae][0x19]>cF[0x4][0xcf][\n]"
2020-11-26 10:40:54 DEBUG wire:72 - http-outgoing-1 << "[0xb0][0xb5][0xae]B[0x3][0xec](D[0x93][0xa3][0xad]N[0xe9][0x3][0x94]y)[0xe5][0xca]5[0x7]O[0xa2][0xda][0xc6][0x13][0x9][0xfe][0xd0][0xe4][0xfe][0xb1][0xe4][0xab]o[0xbf][0xf8][0xe5]dN[0x4]P[0x4][0x6][0xd4][0x93]W[0x17]e i`([0xd2][0x91][0xc8][0x84][0xdd]s[0x9f][0x1a][0xfa]HC[W[0xd3][0xd4][0xf0][0xd7][0xe][0xf7][0xef][0xd8]p[0xb7][0x1e]Y[0xfe]M+[0xff]E[\r][0xbc]b[0xa1]C%0[\n]"
2020-11-26 10:40:54 DEBUG wire:72 - http-outgoing-1 << "B[0xc4][0x12]Kcs[0xff][0xa9],[0x8d][0x8]wx[0xde][0xa6][0x8c]\g[0xcd]LQ[0xf8][0xc5][0x80]c[0xa9][0x94][0x1e][0xfd][0xb4][0xae][0xb9][0xa9]%[0xdd];+[0x97]h[0xf5][0xa3][0xbb][0xb5][0xc1][0xf9][0x83][0xab][0xbe][0xdd][0xdd]*[0xc][0x3][0xdf]6[0x8b][0x8e][0xab][0xe3][0x9b][0x98][0x9f]@[0x91]>[0xb3]=x7[0xcd]Q[0x8]S[0xcc]MZ2>[0xc3][0xb5][0x88][0xe6]'[0xad]u[0xcf]-[0xa2]-;[0x99]Ph[0x84]);[0xe7]J[0x9][0x0][0x1f]U[0x1c]s[0xc6][0x8e]m[0xfb][0xc8][0x8c],[0xc8]p[0x90]i[0xe1]![0xb4]&[0xd2][0xa0][0x2]_[0xfe][0x19][0xb7][0xfc][0x1d][0xdf][0xb2][0xb1][0xc7][0xc][0xc6]B[0x81]OR[0xc6][0x8f]c[0xce]3&J[0x15]xlE8[0xfb][0x8b][0xdf],[0xd3][0x8c][0x87][0x95][0xc1][0xce]d[0xf1][0xb4][0xec][0x8c][0xa8]s[0x16]][0x99][0xd9]"[0xe7]r[0xdc]U+[0xfe][0x1][0xd6];[0x83][0xee][0xbb][0xad])stuq`*[0xc5][0xf8][0xd7]^[0x0][0xc][0xcc][0xad]P[0x80]+>4r[0xb4][0xe4][0xc2][\n]"
2020-11-26 10:40:54 DEBUG wire:72 - http-outgoing-1 << "[0xc9][0xa7][0x19][0x7]C*[0xcc][0xc3]3N[0x96]H[0xa7][0xb8]w?9[0x13][0xb5][0xb][0xb9]~[0xff]6:f[0xb9]y[0xd3][0xfe][0xf8][0xb3][0xbb][0x8d][0xad][0xad]nWCm{+[0x98]eO~[0xb6]}O[0xf8][0x84][0xf5]Ea\m[0xdd][0xf][0xae][0x86][0xbb][0xee][0x6]W[0x93]Ij[0x16]`[0x87][0x85]<[0x0]L[0xf][0x92][0x9][0xe8][0xc],[0xb2][0x8d][0x1]"3[0x83][0x8f]\)I0[0x1e]i[0x87]{[0xc2][0xc9][0x84].[0xc][0xce][0xa0]l[0x81]y|H[0x9e]4[0xe0][0x84][0x18]X<[0xb1][0x8f]6[0xf0][0xe8] ][\r]Y[0xfb][0xd0][0xe4][0xc3]c[0xe2][0x91]-[0xdc][\r][0x8f][0xed][0x2][0xa9]N[0xb9][0xc3][0xd2][0x17]DyCY2l6[0xf8][0x16][0x98]([0x8]?ub-q[0x85][0xc4][0xaf]![0xcc][0xd5] [0xb3]s[0xc][0x90][0xb1][0xd1][0xe0]EG[/[0xe1]R[0xcf]'?[0xfe][0x9d][0x8][0x8d][0x3][0xb6][0xa3][\r][\r][0xdb][0xc2][0xf6][0x3][0xaf][0xf8][0xf8]k[0xfb][0x97][0x8f][0xa9]JX[0xf2][0xa3][0xe9][0x93][0xb9]B[0x8e][0xfb][0xa7][0xef][0xfc]OSQ0[0xf3][0x1f][0x1b][0x9b][0x9b]][0xad])%[0xb7][0xcc][0xa7][0x81]-[0x8d][0xf5][0x8e][0x1c][0x15][0xbe][0x92][0xf]e[0xaa][0xf2][0xf5][0xfb]$[0xa0]2US[0xfa][0xf1][0xc7][0x1f]M[0xa5][0xa0][0x9a]]?[0xb6][0xf1][0xd9]K[0xab][0x1c]5[0xd7][0x1c]5NGEy[0xb9][0xa3][0xb4]:[![0xc6]x$[0x1a][0x8f]y[0xe2][0xc7]>m[0xbd][0x93][0xaa][0x11][0xd5]`$[0xf5][0xbc][0xf][0xa3][0xbc]#Q[0x92]n[0xa2]`=[0xe7][0xa7],[0xe2][0xfb][0xe5]d[0xd1]T[0x1d])[0xef][0x85]U;J[0xaf]9*K+J[0x9d][0x8e][0xb2][0x8a][0xaa][0xaa]l+[0x3]E[0xe6][0xf6]C[0x10][0xaa][0x96][0x15]n[0xad][0x9b][0xbb]e[0x16]b![0x15][0xe5][0xd5][0xa5]5U[0x8e][0xaa]2g[0xb6][0x85][0xfc][0xcd]3[0xaf][0xce]/[0xfe][0xcd][0xb3]`}[0xf5] ^X[0xfa][0xcf][0x0]*[0x98][0xcd]?[0xef]gc[0xaf][0xe3][0xd1]9[0x16][0x9][0xb1][0xfe]W[0x97]\XUY[0xe9][0xb5][0xd2][0x9a][0xb2]Rgye[0xa5][0xa3]4+[0x80][0xb6][0x83][0xea][0xcc])[[0xef][0xc2]8%^[0xaa][0x3]Vj^#,[0x19][0x16][0x1e]?y}Y8[0x95]V^sT[0x95][0x96][0x95][0x95]W[0x96][0x95]W[0xd4]d[[0x8f][0x12][0xdc]R7[0xa6][0xd1][0xed]L[0xf5][0xac][0x82][0xfd][0xb4][0x18]a[0x11]c[0xca][0xee]9~X[0xe8]#[0xf9]\Q[0xfa][0xcb][0x89][0xf7][0xb2][0x90]r:ai[0xe5][0x15]NgUEYYe[0xd6][0xa5][0x81]|}1[0xa0]/[0xac]([0x1][0x1f]5[0xf7][0xa3][0xf3][0xc3][0xd0][0xc0][0x91][0xe9][0xe4][0xe1][0xad][0x9d][0x82]HJ_R[0x92]We[0xe4][0x15][0xbc]p[0xec][0xbc][0x90]W[0x89][\n]"
2020-11-26 10:40:54 DEBUG wire:72 - http-outgoing-1 << "[0x83][0xa9][0x1c][0xa4][0xa5][0xd5][0x8d][0xc5]:[0x93]e[0xc0],E[0xf6][0x8c][0xe1]lgB][0x8d]f`48[0xc7][0xd3][0x6][0x83][0xc5]`M[0xc1]l[0xec][0x4][0x1e]}[0xda][0x80][0xa5][0xc8][0x88]U''[0xa0]o?[0xf9][0xdc]x[[0xee])[0xb8][0x80]J[0x9f][0x83][0xfd]I[0xa2][0xc6][0x98][0x90]([0x9c]Z[0xd9][0xb9]W_[0x16][0x9e][0xc]P[0xdc][0xb4]e [0xde]Y[0xf2][0xc1][0xe9]+[0xbd]lq[0x11][0xfd]#[0xf3]~B[0x8][0xbc]O[0x9f]_4[0xe3][0xeb][0xdf]=][0x4][0x15]}fU[0x1d]x[0xab][0xbe][0x19][0xc0][0xef][0x13]u[0xf1]PqX[0x1a][0x8f][0xc7][0xd6][0xd8][0xea]d[0xfc]x[0x11][0x9d][0xab]C[0x1]`[0xe][0x18][0xba][0xc7][0xfb]q[0xa2][0xaa][0x1e][0x9d][0xd5]_[0xbd][0xd5]=[0xfd][0xe8][0x86][0x9d][0xc1]R_[0xa0]G[0x83])[0x18]?I[0xf8]e[0x86]}[0x18][0xc9][0xc7][0x5][0xb4][0x12][0xe][0xb2]cPt[0xd6][0xb4][0x83][0x9e]x[0xf4][0x9c]y[0xbb][0x95][0xfe][0x9][0xe6]][0xc3][0x10]2[0x9e]'J[0xe1]d[0xb4][0xb][0xf3]:qI[0xc1][0x11][0xc4] [0xdf]![0xb][0xcd][0x1a]m[0xd1][0xf9][0x83][0x9]n!([0x91]j@[0xe2][0xb3][0xc7][0x87][0xf1][0xc8]8[0x8b]Ea[,[0x18][0xc6]}[0xf0][0xa2]s`[0xa2][0x8a]*[0x13]<[0xee][0xc8][0x18][0x8]*[0x15][0xd0]o[0x9]"[0x17]j[0xb4][0xf3][0x9b]Xd[0xaf][0xd7][0xab][0xaf]O[0xb2][0xd0][0xa1]1[0x8d][0xcc][0x1c][0x80][0x90][0x86][0xb0]6[0x8b]=[0x13]r[0x9][0xe4][0xfc][0xde][0xa4]H[0xa4][0x9][0xb9]dEL8w[0xf3][0xe6]L[0x88][0x90]q[0xd2]6W[0x13]"~FE[0x88][0xfe][0xc6]_K:[0xc9][0x1f]A[0xdf][0xba]u[0xcb]P[0xfa][0xb2])P4[0xee][0x91][0xdb][0xac][0x14][0xfd][0xde][0xaa]P45[0x96][0x88][0x2][0xb9][0xb7]o[0xfe][0xcb]'[0x8e]O[0xf0][0xb7][0x86][0xba][0xf6]:[0xd2][0xe9]\[0xae]O[0x8c]w%YO[0xfa]8[0xa7]i[0xdc][0x8f].P9[0xbe]zx[0xf7][0xce]o[0xfe]X[0xfb])[0xf3][0xf][0xa9]o[0xc2][0xb9][0x7]W[0x99][0x6][0xd7]7[0xb9];[0x80]|[0x8d][0xde][0xcd][0xb9]G[0x96][0x99]F[0xb6][0xf0][0xc][0xe9]OD[0xcb][0xe8]O[0xad]>[0x8b]\[0x93]T[0x9b]&[0xa9]k[0xfc][0xc4]R[0xaa]4[0xd1]|"[0xd7][0xf8]J[0xd3][0xf8][0xe][0x18][0xff][0xed][0xed]k[0xdf][0xde]J[0xf4]x[0xcd]5[0xb0][0xdc]4[0xb0][0xdd][0x85]z[0x13]i[0x10][0xca][0x1]P[0xf4]D[0xee][0xb1][0x15][0xe6][0x9d]?[0xc7]Eo[0xb0][0xb1]N[0xb4]t[0xd1][0xc3]m[0x1e]i[0xd1] 3(z[0xfc]c[0xe2][0x9b][0x96]b[0xa9]'f[0xc6][0xa0][0xf7][\r][0x81][0x92][0xa2]x6[0x12]"[0xa4][0xb0][0x8a]H[0xc9]'[0xc0]Y>1[0xbf][0xd0][0xac][0x82][0xf0]j9f[0xe5]C[0xf6][0xe5][0xce][0x8a]k[0x8e][0xf2][\n]"
2020-11-26 10:40:54 DEBUG wire:72 - http-outgoing-1 << "GEey[0xa5][0xb3][0xa2]BJQ[0xcc][0xce][0xe1][0xd1]k[0xc8][0x17]hH[0xd1][0x16]C[0x88]f[0xd0][0xb8]32[0xc][0x13]Y[0xe7][0xe0]Bf[0x93][0xc0][0xdd]b[0xa9][0xd9][0x9b]fk[0xd5][0xbb][0x9b]K[0xea];Zs[0xa8][0xe0][0xe2][0xdd][0xc8][0x1a][0xc][0x1d][0x1c][0xd8][0x1a][0xb2][0x8][0xc1]K9k%N[0x9b]^[0xd2]7[0xd3][0x1b][0xed][0xdf][0x6][0xc][0xc5][0xfc]2+k)[0xde]k9+2[0xbf][0xd8]`J[0xc5]{'11[0xf3]K[0x89][0x9d][0x11][0x1f]*[0xf6]{[0xeb][0x1a][0xcd]o6[0xf3][0xc1][0xe2][0xbd][0xb9][0xc3][0xf2]N[0x13][0xef],[0xde]+[0x91][0xd7][0x9a]_j[0xe6][0xba]E[0x4][0xf1]s+p[0x93][0xfc]Z[0xe6][0x9d]Y[0xeb]Y[0x3][0x17][0xc8]N[0xd4]`+[0xd7][0xd6][0xb7][0xba][0x9b][0x9a][0xae]&[0x1a][0x11][0xfc]S[0xfa]CIu[0x99][0xff][0xa5].[0xdd][0xa5][0xf3];C[0xb3][0xe5]>[0x1f]^[0xf4][0xd7]4[0x82][0xf7]zM[0xf8]*[0x92][0xa5][0xc3][0xed]g[0xe3]N'[0xeb]l9<[0x1a][0x8f][0xac][0xeb][0xec]h2[0xed][0xf2][0x8e][0x5][0x4][0xc6][0xa2]@f&[0x9f][0xe1][0x9c][0xcd][0xf4][0xc8]?%O[0xec][0x13][0xee][0x88]2[0xfd][0xa5]%[0xc5]q[0x3]_[0x9]U[0x8b][0xff]c~[0x11][\n]"
2020-11-26 10:40:54 DEBUG wire:72 - http-outgoing-1 << "[0xdb][0x94]M[|6[0x92][0x9e][0x16][0xbe]![0xe1][0xfd]lhlki[0xaa][0xfb][0xf9][0xb7]%[0xcd][0xee]fW[0xc9][0xff][0xd7][0xf8][0xbc][0xc5][0xdd][0xda]^[0xd7][0xcc]k&[0xa7]o[0xc9]"[0xc1][0xda]@[0x84][0xb5]4[0xb6][0x98]D[0xd8]SW]S[0xfb][0xd3][0xc][0x85][0xb9][0xad]xbF[0xe0][0xcc][0x13]u[0xb4]4[0xb9][0xeb][0x1a][0xda][0xae]U[0x82][0xc8][0xaf]+s[0xb9][0x1e]?[0xae]~\^[0xf1][0xa8][0xa2][0xba][0xb2][0xae][0xac][0xa6][0xc1]YZ_[0xf9][0xa8][0xbe][0xba][0xae][0x8e][0x4][0x83][0xc0]^[0x0][0xe4][0xdf]=[0xc3][0x98]%09[0x95][0x90][0x82]#d[0xbd][0xb0][0xce]5[0x16]=B0[0xff]^[0xf8]s[0x93]m[0xbb][0x9][0xd6][0x96][0xd2][0xf3]m[0xcf][0xbe]'2{Z[0xfe][0xb9]v>[0x87][0xd5][0xe3]8[0xd9][0x18][0x4]S[0x9e][0xd3][0xd2][0xe3][0xe5][0xac][0xb9][0x91][0x96]XY[0xba]9[0x9d]'`[0xff][0xda][0x88]&_[0xc1][0xc0][0xea]r>~\_[0xd7][0xf0][0xd8][0xf5][0xe8][0xf1][0xe3][0xf2][0xb2][0xba][0xfa]GU[0xd5]U[0xd5][0xf5][0x8f][0xcb][0x1f]?v[0xd6][0xd4][0xd5]4[0x94][0xa5][0x83]U[0xf4]FI[0x80]U_[0x18]U^[0xcd][0xd0][0x97][0xa9]`%7[0xf9]G[0x1][0xd6][0xa6][0xc6]g[0xae][0x86]L[0xed]..[\n]"
2020-11-26 10:40:54 DEBUG wire:72 - http-outgoing-1 << "[0xd8][0x86][0xd2][0xaa]*[0x97][0xa3][0xea]Q[0x83][0xb3][0xac][0xae][0xdc]Q[0xe]jdMy[0xfd][0xe3][0x8a][0xfa][0xc7]N[0x97][0xab][0xa2][0xae][0xfa][0x91]-`[0x85][\r]y6[0x95][\n]"
2020-11-26 10:40:54 DEBUG wire:72 - http-outgoing-1 << "[0xd5][\n]"
2020-11-26 10:40:54 DEBUG wire:72 - http-outgoing-1 << "[0x1e]^[0xf5]Q@[0xb5][0x1e][0xc4]{![0xb1][0xb5][0xaa][0xcc][0xd5]PWS[0xfa][0xc8][0xe9]h(-w>[0xaa][0xae][0xab]l([0xad][0xa8]p:+[0xeb][0x1e][0xd5]UWTT[0xda][0x2][0x95]y[0xbd]lx#[0x9d][0xfc]1[0x2][0xf9]]B[0xd4][0xcc][0xac]3h[0xd9]O[0x9e][0xfc]h[0x12][0xad][0xc6][0xdd][0x7][0x80][0xbc]$[0xd1][0x0]![0x17][0xd8][0x81]k?[0xed][0xa8][0x93]i[0x8b]C[0x11][0x9e][0xb4][0xa9][0xbf]{[0xfa][0x95][0xc0][0x8a][0xd6][0xbf][0x13][0x8f][0xae][0xb2][0xe0][0xc0][0xdf]=[0x89]j[0xfd][0x19]m[0x94][0xc7][0x8d]M[0xb0]I[0xbe]W2Uj[0xc4]?[0x80][0xe9][0xe]g[0x19]`[0xa9][0x83][0xdc]SB[0xbc][0xfc][0xd8][0xd8][0xd0][0xfe][0xf4][0xb7]%[0xe]x[0xa6][0xe5][0xa7][0xdf][0x95]<u[0xa1][0xa7][0xea][0xb7]%5U[0xf0][0x1b]y[0xd5]-[0xf7]<h[0xcf][0xe7][0xdc]$ [0xfb][0xe]a7l;[0xc8][0xbc][0xe3][0xf1][0xd8][0xc][0xeb]9[0x87][0xdd][0xb4][0xd4][0x83][0xee][0xce][0x82][0xdb][0xb4][0xdb]|[0xf6][0x6][0x16] [0xfd][0xe3]t8*[0xc0][0x1c][0xab],-+[0xbd][0xcc][0xde][0x84][0xd3] [0x97][0x9]HK[0xc0][0x9f][0xd6][0x15]8[0xca][0x1d][0xd5][0xa5]eee5[0x2][0xd9][0xf3]?c=6[0x82]n[0xb8][0xb1]3[0xed]([0xac][0xce][0x8d]([0x81][\r][0xba][0xd1][0xcb][0xf3][0xbc][0xad]+B[0x13][0xb5][0xba][0x8a]Vt1[0x98][0xd4]5[0xe6]>n[0xfc]{[0xde]{5[0x17][0x6][0xb8]0>[0xc3][0xa1][0x97]UW[0x94][0xd6][0x94]W^f[0x1d]6[0xfb][0xeb][0xc8][0xb9]?[0xc4][0xe6][0xd1]q[0xf8][0xf][0xf3][0xb9]F[0xb7][0xf2]=+[0x87][0xf8][0xa7][0xb4][0xc6]Q[0xed],-//[0xab][0xbc][0xc0]^$m[0x2][0xa7][0x89]s[0x19][0xce]H[0xd5][0xac][0xf9]w[0xcd][0xce]H[0xb3]*[0x9d][0xda][0x14][0x87]K[0x1a][0x10][0xc][0xe4]h[0xca]l[0xd8]P[0xa3][0x16][0xce][M:[0xb0][0x8d]5D=i8[0xe5][0x9a]Uo[0xc][0x4]0[0x9c][0xc9][0xe2]^[0xdf][0xa4][0x94];K?U[0xbb][0xb7][0xf4])[0xf1][0x80][0xb6][0xde][0xab][0xce]M[0x92][0x9b]Z_[0xe9][0xd5][0x8e]F[0x12][0x3][[0xcc][0xfa][0xb7][0xc5][0x1b]&[0xb7][0x9f][0xf2][0x8b][0xec][0xa7],[0xf3]~[0xf4]7[0xd3][0x86][0x7]8e?[0x9f][0x90]C[0x1d][0x1b][0x9a][0x90][0xb7][0x9c]\[0xeb][0xb4]#[0xb6][0xba][0xc1][0x2]][0xc2]![0xef][0xdd][0xe1][0x19]c[0x97][0xdd]W[0xe5]E[0xf6]U[0x91]y_[0xea][0xfc]"][0x0][0xa4][0xef][0xb][0x4]=[0x1c][0x3]]![0xe1]c[0xa1][0x17][0xb4]%t[0xce][0xf7]/[0x8b]H[0xcd][0xd0][0xa0]2[0xb1][0xf9]-U_dKU[0x99][0xb7][0x4][0xc0]N[0x94][0xdd]I[0xdd][0x12][0x9d][0x3][0xfd][0x95][0xf9]'[0xd1][0xab][0xcc][0xb7][0xa4][0xed][0xf3][0xc0][0x99]H[0x17][0xc0]"[0x1e][0x89])[0x7][0x9d][0x97][0xdf][0x92][0xa3][0xf4]"{[0xaa][0xc9]BN[0xe7]o[0x12][0x81]*[0xa9]{"Z"[0xbe][0xf0]7[0xcf][0xbc]2[0xef][0xfb][0x9b]gA<L(h[0xea][0x99][0x3][0xf][0xb0][0x91][0xcd][0xe4][0x3][0x97][0xdf][0xe5][0xc5][0x98]F[0x16][0xae][0x11][0x8f][0xac][0xc5][0xcf][0x17][0xf4][0xd9][0xf9][0xf4]m:[0x9c][0xb0]E-[0xdc][0xc3]B[0xcb]p<[0x18][0xa9][0xc7]7W[0xe][0xdf]b6[0xc2][0xf8]a[0x82]<[0xb3][0xed][0xc8][0xa2]#^<:[0xa2][0xd5][0xd5][0xe6][0xee]h[0xad]w[0xb5]e[0xb9][0xdd][0xa4][0xc6]J[0xda]A[0x8f][0x12][0x1d][0xce][0x16]C[0x91][0xc9][0xe3]k[0xbd][0xf3][0xbc][0xe4][0xa5][0xa7][0xb9][0xc7][0x13]-[0xa5]@[0xb7][0x9f][0xfc]$[0xca][0xd9][0xf1]~<2[0xc4][0xce][0xa7][0x99]o[0x81][0x9d]w[0xe3][0x8d][0xdf][0xf0][0x8][0x1b][0xea][0x8e]G[0xfa][0xf0][0x96]yk[0x98][0xde][0xcf]|[0xbd][0xf1][0xe8][0x1b]C[0x97][0xe0][0x8e]tZ[\r][0xc6][0xf][0xf2][0xf2]k[0xb4]Dv[0xb4][0xb]l[0x93]E[0xba][0x1d][0xa5]0E[0xfc]tF[0xeb][0xef][0xe2][0xd7][0x88][0xfb]l[0xa1][0x8f]:!b3[0xe4][0xd1]-e[0xfc]L[0xef][0xb][0x96][0x97][0x96][0x8a][0xe7][0x94][0xb7][0xcb][0x19][0x9d][0xee][0x16][0xc8][0x1a]'F[0xc6]Gb#[0xee][0xac][0xf2][0xd2]d[0x98][0xc1][0x88][0xef][0x13]P[0xb8]`[0x87]G[0xa0]4[0xb6]:[0xfb]y[0x9a][0xf9][0x97][0xfa][0x1a]<9[0xee][0xb8]O[0xdc][0x10][0x11][0xe9][0x95][0xc2][0xc]<P[0xcc]nl[0xca][0xb8][0x1c][0x17][0xf6][0x83][0xed]n[0xff][0xec]g[0xc8]y[0x5]h?\[0xf6][0x1e][0xd0]~[0xa6]\[0x97]y[0xf6][0xa3]mn[0xf4][0xec]'hv[0xb5]?[0xaf]k}[0xe6]j[0xa7][0xc0][0x8c][0xd7][0xa3]`[0xeb]~[0xaa].n[0x11][0xfa][0x93][0xfa]I-q-[0xae][0x81]k[0xee]&[0x1b][0xac]n[0xaa][0xfb][0xd9][0x8a][0xcf]I[0xfd][0xef]Y[0xc7][0xf7][0xfc]^[0xcb]l[0x16][0xa7]u[0x8a][0xcc]9[0x17][0xef][0xfb][0x98][0xf8][0xd3]S[0xa7]=[0xf2][0xbb][x[0xd7][0xb7][0x1c][0xa8][0xaf][0x9d][0x8f]([0xf3][0x8b][0xd8][0x93]l[0xac][0x93][0xb6][0xcd][0xbc]o[0xd9][0x89]G[0xb][0x9f]Y[0xf8]Kr[0x1b]8g[0xb6][0x8d][0x18][0xbe]Z3[0xf7][0x96][0xf5][0xbd]J[0x92][0xf2][0xb5][0x8a]r'o[0xd4][0xf7][0xaf][0xf5][0xff][0xd9]R[0x9f][0xdb][0xed][0x2][0xdc][0xf5][0xfb]G[0xd8]p[0x8e][0xf3]Y[0xb3][0xc3][0x3]~w|BV[0x7][0x6][0xbb][0x2]O#[0xdc][0x16][0x9d]3|[0xdb][0x0][0x12][0xdd]3[0xfb][0xcb][0x89][0xf][0xfe][0xb8][0xfa][\n]"
2020-11-26 10:40:54 DEBUG wire:72 - http-outgoing-1 << "[0xf4][0xe6]_N[0xfc]Vk$uy[0xdf]r[0xf7][0xcd][0xb5][0xcf][0xae][0xdd]&[0x16][0x8e][0xf3][0x96]V[0x96]V\[0xab][0xa8]\U[0xed]lp[0xd4][0x97][0xd6][0xb8][0x12][0xae][0xc6][0x16][0xc3]Jvp[0x14][0xe4][0xf0]n[0xb1],[0xbe][0xed][0xe7][0xef]q[0xa9][0xd6][0xc5][0xc3][0x97]mO[0xdd]?[0x96][0xc0]WO:`[0xbf]u[0xcd][0xb9][0x17][0xf5][0xc0][0xed]nO[0xc8][0x14][0x18][0xb][0xc0]([0x13][0xe3][0xac][0x1e][0x1b][0xfe][0x13][0xce][[0x1e][0x18]t[0x8f]b[0x16][0x95][0xed][0xcf]E[0x8][0x85][0xb1]X[0xf8][0xc][0xdb][0x3]qd[0xea]C[0x2][0x92][0xaa][0xac][0xb2][0xa2][0xba][0x2][0xaf][0xc0]D[0xb5][0xf6][0x96][0xcc][0xae][0xb8]<p[0xa2]J4o,[0x14]N[0xf0]m[0x9e][0xbf][0xd1]=[0x8b]J`P[0x9].#[0xdb][0xa6][0x8]w)[0x1c]00[0x0][0xe3][0xc3]J[0xcb][0xae]U[0xb8][0x1e][0xbb][0x1a][0xca]\5[0xf5]u5[\r][0xae][0xf][0x1c][0x3][0xb2]o[0xfd][0xe2]'^[0xe9]([0xe8]iW[0x94][0x95][0x17][0xf4][0xb4]Ki[0x14][0xcd][0x18]?^[0xc4][0xe0][0x14]X[0xec][0xc9],[0xa6][0xab][0x9b]nj[0xe1][0x88].[0xc0][0x2]*J+[0x81][0x5][0xd4]?n[0xa8]+[0xfc][0xa8][0xbc][0xba][0xea]Cg[0x1]y@[0xe3][0xe2][0x18]Q^[0xe6]([0xab])(RT[0x96][0x16]V,[0x90]~EP[0xd0][0xe7][0xe][0x5]P8GD[0x15][0xac][0xe2][0xd3][0x1b][0xb5][0xb5]e[0xf9][0xa3][0x83][0xc3][0x81][0xe8][0xd0]P[0xef][0xac]|\[0xed][0xac]~[0xf4][0xa8][0xa6][0xf2][0x3]G[0x7])8\[0x2][0x11][0xaa]k*K[0xb][0x8a][0x8]e[0x15][0x85][0xe5][0xe][0xf7][0x9f][0xba][0xdb][0xdd][0x0][0xe2][0x16]u|G9[0xf0]b[0xa3][0x81][0xa3][0x1d]K[0xa3]_[0xe9][0xe3][0x7]qP[0xee]t[0x82]8[0xa8]y[0xfc][0xf8][0x91][0xe3]Q][0x5][0xc8][0x4][0x1]u[0xcb][0xf1][0x93][0xf3][0xe0][0x83]8[0xfe][0x1c][0xbb][0xbf][0xf8][0xa1]W[0x94][0x97]W[0x96]K[0x1c]zB[0xbf]L[0x89]t[0xc6][0xc4].[0xdf]\[0xfc]x][0xdd][0x19][0xca][0x16][0xec][0xfc][0xc8][0xed]~[0x96]t[0x6][0xd0][0x88][0x84][0xcd]K#[0xdf][0x9f][0x1b][0xc0][0xb4][0xfc][0x2]:[0x0][0xe2][0x91]1eo[0xd3][0x1a][\n]"
2020-11-26 10:40:54 DEBUG wire:86 - http-outgoing-1 << "[0xcc][0x9d][0x2][0x98]k:[0xba][0xcd]zgj*1E[0xd5][0xf4]"
2020-11-26 10:40:54 DEBUG wire:72 - http-outgoing-1 << "v[0xf8][0x8b][0xba][0x1f][0xc6][\n]"
2020-11-26 10:40:54 DEBUG wire:72 - http-outgoing-1 << "7At[0xef]:k[0x84][0x1][0xcf]z[0x7]qP[0xf7][0x12][0xd8][0xf7][0x80][0xb3][0xf0][\r][0xfa][0x10][0x86][0x87][0xd0]m[0xba][0xb5][0xae][0x8e]/[0xa2][0x1b][0x80][0xf][0xa1]y[0xb4][0x95]7`H[0x80][0xac]+W[0xfc][0x1e]zH[0xf7][0xf8]1)![0xe0][0x3]>[0x6][0xe8][0xa2],[0xc][0xdb][0xbb][0x4][0xf8][0x99]YM[0x9e][0x14][0x92]O8[\r]>[0x3]8t[0xb8][0x9e]tp[0x94][0xc6]a[0xe8][0x93][0xbf]&[0x8][0x96]<?h[0xca][0x84]V[0xcc][0xbb][0xfd][0xa4][0xc4][0xa6][0xa1]zI[0xae]C[0x85][0xa5][0xf1][0xf4][0x18]~[0x1a][0xa4]$"8o?TO&[0xb1]F[0xa1]x[0x85]9[0xe4][0xc6]v6[0xd1][0x83][0x9d]VM[0xed][0xb2][0xd2][0xd6]~[0xfb]!M[0x8d]a[0x8d]3+[0xca][0xd2]2[0xbc]C[0xce]E[0x86][0xa4]bn[0xeb][0x9e][0x8d]TD[0xf3][0xf9][0x14][0xcf][0x19][0xad][0xc1]p[0x13][0xf1][0xc6][0xf2]4[0xcf]{#[0x1c]K[0x8f][0xfa]B[0x11][0xe][0xb7][0xba][>[0x7]:[0xd1]&_W#[0x1]([0x83][0x9d]jl[0x8b][0x9d]`_mqQ@[0xae][0xe9][0xd5][\r][0xd5]?[0x87][0xa8][0xcf]c[0xdf][0x81][0xde][0xb4][0xce]As~[0x0][0xd2]Lt[0x18][0xfe][0x8b]G[0x86][0x94]I1C<[0xe2][0xc1][0xd8][0xb3][0x93]N G[0x9e][0xd0][0xde][0xcb][0xbc]>[0x9a][0x10]S[0x8b][0xb8]_U\[0x1f][0xf1]k[\n]"
2020-11-26 10:40:54 DEBUG wire:72 - http-outgoing-1 << " 9[0x8a][0xac]%[0xcf][0x88][0xba]1[0x2][0xd4][0xc4][0xf3][0x0]||[0xb6]q[0xf4][0x8a][0x8f][0xe][0x92]W\[0x9f][0xf7](;][0xc2][0xa1][0xcc]S[0x1][0xe2][0x91]5[0xd1],[0xc3][0x4],:=uk[0x8e]S[0xe5][0x98][0xba][0x87]5[0x1c][0xd5][0x81][0xb7]H[0x1a][0x11]?[0xf7][0x6][0xcd][0xc0][[0xa8][0xfb][0x14]Ox[0xc2][0xf5]+[0xc1]a[0xfd][0xcd][0xb4][0x95][0xa1][0x88][0xa6][0xf0][0xdc][0xa9][0x8b][0xce]?>N[0xdb][0xdf][0xd4][0xfb][0x82]H[0xdf][0xa6]`[0xad][0xa2][0xc2][0xf4][0xbf][0x7]4ssKA[0xb6][0xdf][0xb7][0xd7]%[0xd3][0x10][0x93]j[0x4][0xf]\I[0x7][0xa7][0xc9][0x11]O"[0x3][0xfe]N[0xaf]M[0xfd][0xbb][0xdd]k-l:[0xc3][0xdf]1[0xa3][0xb4][0xc4][0xfc][0x8b]#s[0x1c]%<[0x82][0xfd][0xde][0x9a]Aj[0x8d]Pi[0x14]N<[0xeb][0xbd]D[0xc2][0xad][0xd4]R[0xd7][0xd0][0xd0][0xd8][0xfc][0xe4]*[0xcc][0xf0][0xdb][0x92]2[0xbc][0xdb][0x5][0x19]{[0xb4][0xab][0xc][0xac])[0xf3][0xfe][0xdf]?[0xfa][0xdc]QZEq0[0xa0]q[0x18]i[0x1d][0x8f]>[0xa7]s[0xc6][0xf4]`j[0x9d][0xc6][0x6]'1[0x87][0x83][0xc4]he"[0xb0]H[0xc0][0x6][0x9e][0xe5]W [0xb9][0x3][0xdb][0xeb][0x9f][0xd6][0x1];l[0xba]&6O[0xe1][0xec][0xff][0xab][0x8e]\[0xbf][0xff][0xda][0xf6][0xf3][0xb3][0x9f]3[0xf8][0xe4][0x16][0xd7][0xd4][0xf9][0x1][0xf2][0xcc][0xe5][0xc][0xda][0xcc]q[0x9f]LJr6[0xbe](V[0x3]R[0xa7][0xdc][0x1c],K[0x90][0xa9]r[0xfe]o[0x1][0x19][0xc0]QD[0x86]@/[0xd2][0xef][0xd0],{[0xf9][0x6][0x13][0x99][0x96]'[0xe0][0x3][0xc0]B}u[0x8][0xd2][0x1f][0xbe]![0xe0][0xd5]Tc[\r][0x1b]'6Nl[0xf9]\[0x4][0xd6][0xa6]fV[0xc8][0xac][0xa8]2}E[0x15][0xd5][0x89][0x15][0x11][0xbb][0xd0][0xba][0x7][0xf1]:[0x14][0x17]%R[0xae]([0xbb][0xca][0xc8][0xbd]bG[0xfb][0xf0][0x9f][0xb1]4[0xcd][0xb][0xf4][0x8e][0xf9]S[0xb7][0xbf][0xb8]{[0xc9][0xd5]U[0xa4][0xaf][0xce][0xb8][[0x16]k[0xb4][0xdc]0[0xb7]$[0xf2][0xba][0xfa]'[0x8c][0xbc].Z[0x94]h[\r]o[0xba][0xf9]3cY[0x96]efO2[0xc1][0xdb][0x12]s[0xd4]*[0x5][0xab][0xf1][0xc8]+[0x1e]}[0xc5][0xb8][0x9b]2[0x92][0x1d][0x12][0x95][0x99][0x84]3[0xa0]V[0x89][0x88][0xea][0xa5]:[0x2]%[0xf0][0xbf]4[0xaa]L[0x89]kK[0x81][0x1d][0x87]hY[0xb5][0xb3][0xdc]Q[0x89][0xb1]%[0xce][0xb2]j[0xe][0xc9]dnq[0xc6]9E[0xee]E[0x89][0xf8][0x1f][0xb7]A7{4[0xe0][0xd9][0x11][0x1f]A[0xdf][0x0][0x1a][0xa0]#[0x1b]IV"[0xe3]R=9[0xae][0xcc][0xf4][[0xce][0xff][0xfd][0xde][0xc0][0xb3]q[0xe4][0xd1]z[0xe4][0xdc][0x88]E[0xb6][0x19][0xe3],[0x85]sVc[0xc1]d#[0xf6]\[0xaf][0x14][0xd7][0xa7][0xc6][0xaf]-[0x9][0xbc][0xf1][\r]+/[0xb0],[0x94][0xdc]z[0xe9][0xd5][0xfa][0xea]0:[0xe8][0x16][0xe7]-E[\n]"
2020-11-26 10:40:54 DEBUG wire:72 - http-outgoing-1 << "[0xb2][0xcf]@[0xa3]J[0x8c][0x80]K[0xd9]a\ [0xd0][0xa7][0x1c][0x87]F[0x86]iaN[\r]h[0x8][0xa5][0xd2][0xd4][0xa1]>[0x5][0xb6][0xcb][0xac][0xb3][0xd4]Q[0x1]P.u([0xf3][0xbe][0x4][0x8]-@[0xe4][0xf6] U[0xef][0xf4]n[0xf1][0xff][0xde][0xc0]B[0xb][0xe0]Y[0x0]\[0x8][0xc7][0xb0][0xc6][0x9][0x9c][0xf1][0x8b][0x1][\n]"
2020-11-26 10:40:54 DEBUG wire:72 - http-outgoing-1 << "[0x97][0xa4][0x7]n[0xb1][0xfe]M[0xf8][0x5][0x8b][0x98][0xcc][0xf6][0xd0]q[0xfc][0xdd][0xd3][0xc5][0x86][0x3][0xca][0xdc][0x19][0x9b][0xdf][0xc4][0xe2][0x1f][0xa1]C[0xba]i"[0xad]C[0x19][0xf0][0xc6]c1[0x8a]&[0x13]u[\r]#>[0xcc]*%z[0xde]_[0xd4][0xf6]_[0x82][0xa0][0x81]I`[0xe1]h~[0xf1]Y[0x92][0xa8][0xa5],[0xe][0xc7][0xa3][0x3][0x98][0xcf][0xd9][0xbd]Is[0xd1]H[0xc5][0x13]S[0xe7]F[0x8c][0x95]b[0xcc][0xc0][0xc4].[0xfc]G[0xd7]P[0xec]x[0x8f][0x5][0xb7]1[0x9d]z[0xb6][0x87][0x12]V[0xe0][0x5]%[0xe4][0x97]o[0xe8]x[0xf4][0xc8]]R[0x82][0x15]@[ZA[0x10][0x96][0xf0][>L;[0xf5][0xf5][0xb2]H7;[0x9][0x8a][0xf2][0x8a][0xfc]=[0x98][0xf6][0x19][0xec][0xff][0xa1][0xc3][0xf5][0xd9]_[0xda][0xf0][0x19][0xee][0xde][0xa1]R-0e[0xfa]q[0xb]f[0xc4][0xbf][0xba][0x1c]#p8+[0x1d][0xf0][0xb3][0xac][0xba][0xa6][0xda]yAF[0xa0]m[0xaf][0x14][0x9f][0x11]8[0xf2]!jAV[0x98][0x89][0xc6][0xb][0x8a][0xd0][0x91][0xbc]kf [0xee]k[0xc8]7[0x17][0x1c][0x4][0x81]C[0xa0][0x91][0xe5][\n]"
2020-11-26 10:40:54 DEBUG wire:72 - http-outgoing-1 << "4[0x9e]J-[0xe4]7[0xfe][0xe2][0xec][0xe1][0xa2]g[0x99][0xce][0x1e]*[0x91]=Tfe[0xf]Jx[0x2][0xc8][\r][0x4][0xaf][0xde]=[0xc2][0x8e]^h[0xa7]1LW[0x4][0x85][0x8f];*[0xf0][0xe8][0xf0][0xbc]g{D[0x8d][0x9]N][0xf1]H[0xe0][0xf6]CR[0x8c][0x9][0x13][0xae][0xd0][0xc1][0xde][0xb8]v[0xe3][0xd3]O[0xaf][0xd0][0xfd]7[0x10][0x1c]^[0xe3]#[0x11][0xf1]1[0x84][0x0][0x9f][0xe1]|k[0x89][0xb6][0x95][0xfc]>YdJb[0x8d][0x84]C[0xb4]g[0xb8]S[0x84][0xba][0x1a][0xc2]O[0xed][0xf0]%;>[0xd5]cX[0x84][0x98][0xca]KR9lQ[0x96]q[0xa7]Ky[0xcb]+[0x10]O[0x7][0x8a]K[0x9f][0x8e][0x1a]g[0x8d][0xa3][0x1c]~[0x96][0x96][0x96]^[0x90]<[0xd5][0xc0][0xc0];[0x90][0xd3][0x83]Shc[0xf1]C[0x95][0xa6][0xcf]xd[0xb]l?8a[0x83]e[0xbf]k[0x12]5[0xca][0x14]YJe[0xda]RfrX,[0xaa]l.[0x93][0x19][|[0xe2][0xbc][0xe8]I[0xa6][0x13]'[0x8a][0xc0][0xd2][0xb2][0xac][0xc4][0x9][0xcc][0x96][0xd3][0xdf][0xed][0x87][0xf1]X[0x0][0x8d]zNmT[0x8f][0x1b][0x8e][0xd9][0xe8][0xe2]H[0xe7][0x8d][0xd4][0xc3][0xe5][0xb2]q[0x9e]8*:@[0xe2][0x98]"Q[0x80]t[0xc5]![0xf3][0xa4]d[0xa4]*N[0xba][0xf7][0xee]aq[0xd0][0xfb]7[0xe1][0xc7][0xcd][0x9b]7[0x9][0x9c][0xbf][0x9c][0xcc][0xb1][0xf0][0xb1][0xf1][0x12]:[0x1a][0xb4][0x2][0xb9]Yo[0xd4][0xe2][0xc7][0xbe][0xea][0xe3][0x9b][0x89][0x92]x[0xbc]z[0x84]w[0x8d][0xa0][0x1]3[0xa8][0xbd][0x8b]j[0xac][0xdb][0x10][0xb6][0xe8]N8[0xb]Q[0x95]/[0xea][0xf4][0x1b][0x8f]`[0xf3]e[0x8a]`[0x14][0xc2][0x9e]/[0xb0][0xb8][0xf4]\[0xe1]D[0xc5][0xbb][0xc2]Y^[0xf6][0x81][0xd3][0xf3][0xdc][0xa9]z[0x16][0x90][0xa5]dG[0xd9][0xc7][0xa6]q[0x1b][0x1c][0xe7]c[0xa2][0xda][0x9a][0xdc]T[0xb]D[0x88][0xf5][0x1d][0xe7]7[0xe1][0xe4][0xe0][0xfc][0xea][0xdd][0xcf][0xdd][\r]n[0xb3]6k[0xbc][0x14]),[0xd8][0x85][0xf5]`[0xcf][0xfb][0xb8][0x83]l[0x16][0x3][0x8c][0x82][0x11][0xe1][0xfe][0x1b][0xf6][0xc5]Of@]F[0xc2]6[0xf]O[0xa8][0xed][0xa4]O[0x93][0xff][0x5]H[0x1d][0xab][0xd4][0xf6]oRIwlU[0x19][0xdc][0xe6][0xe1][0x9]\9FB_~[0xb][0x12][0x1c][0x99]G"[0xc0][0x8d][0xfe]DMA[0xf8][0xa5]E?[0xb5]~[0xc2][0xcb][0xa7][0x91]i[0x15][0x8][0x1f]_3[0xf7]?[0xff][0x7][0xbd][0x1d][0x17][0xc9][0xd1][0xd1]l"P[0xd3]nZ[0x83][0x99]|y[0x1d][0xaa]A[0xda][0x1d]=/[0xde]F5[0xd2]y[0xe5]] q[0xf2]C[0xc5]#[0xdb],[0x8c][0x5]RPe[0x10][0x1e]7`[0x14]Tz[0x87][0xa3]sq[0xb9][0x81][0xb3][0x6][0xb5]ogMi[0xcd][0x85][0xb9][0x1]p[0xc7][0xe2]s[0x3]^[0xe3]p[0x1b][0xb4]'y[0xd5][0x9b][0xb][\n]"
2020-11-26 10:40:54 DEBUG wire:72 - http-outgoing-1 << "rQ[0xbd]s[0xa1]>[0xb9][0xad][0x1c][0xbc][0x6]v[0xcf][0x86]fI[0x6][0xc9]r[0x5]c[0x9f][0xf0]S[0x9f][0x8a]Q[0xa0][0xad][0xec][0x14][0x97][0xb0][0xc9][\r][\n]"
2020-11-26 10:40:54 DEBUG wire:72 - http-outgoing-1 << "6e11[\r][\n]"
2020-11-26 10:40:54 DEBUG wire:72 - http-outgoing-1 << "/x[0x86]Yl[0xf2][0xaa][0xec]69[0x19][0xe4][0xe2][0xc2][0xf0][0x80]m[0xa1]\[0x6])[0x1c]?_[0xa6]*nt`W[0x84][0xfa]M[0x1a][0xb4]P[0xb5][0xa9][0xf][0x93][0xb9][0xd6][0xaf]A[0xcf]WJ[0xcc]5fy[0x88]s[0x0][0xd9][0x1][\r][0xdf][0xf2][0x13]}^[0x11][0x96]12[0x87][0x12]R[0xd6]QK[0xe7]R[0xdc][0xac][0xab]_I[0xb1][0xf0][0x5]k[0xe2][0xac]@[0x18]C[0x89][0x8a]sWJ[0xcc][0xe][0x5]\[0x86][0xdf]|[0xf8]Wr[0x9c]'[0xbe]zu6[0x1e]yM[0xde][0x7]c[0x9e][0xa2][0xd3]|Y)[0xb7][0xb8]KKk[0xca][0x9d]e[0x17]%[0xfa][0x8d][0xd9]w`q;[0xcb][0xc0]~[0xeb]_Q[0xd7][0xf0]x[0xf0][0xb2][0xe7]t^[0xf3]x[0xdf]55[0x9b][0x96]Q[0xd7][0xd2]B[0x98][0x95][0x9f][0xac][0xa7][0xb4]C[0xb6][0xba][0xaf],[0x88]"[0x1b]dY[0xab]~{{[0xe3]2T}[0xc1]CJ[0xa7][0xea]j[0xa4][0xea]r{SZ[;[0x7][\n]"
2020-11-26 10:40:54 DEBUG wire:72 - http-outgoing-1 << "W[0xc6][0xcf][0xb1][0xf5];'r[0x94][0xe0]T[0xc1][0xa5][0xaf]O[0x9f][0xc3][0xa6][0x91]@V[0xf0][0xa5][0x9][0xa8][0x86][0x81]m[0x9c]0[0xd6][0x96][0x1f][0xf3][0xea][0x13][0xe7]f2Fg[0x1a][0xf][0xea][0xa6]_[0xe1][0x19]x[0x0][0xdf][0xb9][0xf1][0x92][0xf5][0xee]Q[0x93][0x10][0x92][0xb1]8<[0x12]Q|A[0xed][0xcc][0xcb][0xfa]_[0x81]y[0x8d]U[0x88]|;l[0xed][0x94]&'6[0xf0][0xa5][0x1b][0xe4].[0xb1][0x1][0x97][0xab][0xb5][0xc8]r[0xb6][0x14][0xad]h[0xd0][0xbe][0xcb]/.gG6[0x8b]Or%[0x8][0xc7]-[0xd0][0xac]N[0xf5][0x19][0x9]B[0xbb][0x80]g[0xac][0xb0][0xb4]i[0x98]T[0xf9]9[0xb6][0xc8]#[0xfa][0xc8][0xed]n[0xcf]o[0x4]w[0xa1][0x16][0x95]d/x[0xc8]YT[0xf5][0x8a][0xec][0x82]xh[\n]"
2020-11-26 10:40:54 DEBUG wire:72 - http-outgoing-1 << "[0xe9][0x88][0xd3]h[0x8a]5}[0x85]li3&\[0xd1]N[0xd7][0xf5][0xc5]=[0xf4]^[0x81][0xd4][0xe2][0xe2][0x10][0xd5][0xe2]N[0x10][0xca][0x81]^C*[0xa6][0xfb][0xbd]I,[0xc2][0x18]x[0xf4]3[0xa2][0xba]xtT[0xeb][0x1c][0x87][0x99]R[0xdc][0xd0][0xe4][0xc2][0x0][0xe5][0xf7][0x8f][0xce][[0xb7][0x88][0xc4][0x85]s[0xad][0x96][0x83][0xfe]?[0xe8][0x9f][0xbb][0xdf][0xdd][0xf8][0x8f][0xe7]??[0xaa]kol[0xfb][0xf][0xee][0xe1][0xfe][0xf][0x98][0x9d]lh[0x1a]D>k[0xd0][0xe8][0x1f]`[0xe7][0xd5][0xff][0xb8][0xfb][0xa7][0xff][0xa8]u7[0xb5][0xaa]o[0xdf][0xc6]# [0x9a][0x8f]A [0x3][0x88][0x80][0xdf]|[0x86][0x83][0x6][0xc5] T[0xf0]O[0x96][0xb0][0xb9]C$L[0xa5]S[0xa8]@1i[0xee]W[0x90][0x13]-[0x6][0x0][0x6][0xb4][0xf2][0x14][0xc9][0x9d][0xdc][0x11]/3Mc[0x8a],[0xc2][0x9d]\[0x84];[0xcb][0xab]*[0xaa][0xcb]?d+[0xfe][0xa6][0xeb][0x87]{-m%wy[0xbb]"i[0xdd][0xfd][0xc6][0xd7][0xd7][0xdf][0xb9][0x15]Ou#y<J<[0xba][0x1a][0x8f]M[0xcb]r[0x6][0xec][0xb2]X[0xdb]^W[0xff],[0x1e][0x1d]!J[0x92]V[0xf6][0xa9][0xef][\r][0xb7]6e[0xc7]h}[0xaf][0xf1]jjpR;[0x1f]Vc[0xfb][0x1f][0x87][0xdb][0xa0][\n]"
2020-11-26 10:40:54 DEBUG wire:72 - http-outgoing-1 << "yQuv^[0xc4]u}[0x8a][0x88]B[0x87];[0xdf][0x99][0xa8][0x1d][0x98][0xf0][0xfb][0x91]>[0xd0][0xd4][0xd8][0xdc][0xf1][0x13][0xfd][0x1d]x[0xcc][0x9f]][0x8f]@[0xa5]P[0xcf]V[0x13]~[0xb3]N[0xe3][0x8][0xb0]b[0xeb][0xe9]<[0x96][0x6][0x8c]l[0x1][0xb]c[0x83]Q[0x81][0x89][0xcf]9&[0xa2]-[0x91][0x2]I[0xf4][0xff][0xb9][0xeb][0x9f][0xb9]Z?}[0xd6][0xf1][0xc8][0xd5][0xda][0xec]jw[0xb5][0xd1][0xec][0xe6]y[\r]fc[0xac][0x93]|[0xf3]z[0xf7]i[0xd2][0x3][0xc8]o[0xc][0x1]J[0xb8][0x88][0xd8][0x9a]v[0x1a]S[0x16][0xce][0xd8][0xf9][0x9b][0xf8][0xf1]0o[0xda]x[0xc6][0x96][0xba][0x94][0xed]qe{[0xe][0x9f][0xf]NQ[0xad]_[0xc][Z[0x18]U[0x17][0x86][0x8b][0xec][0xce]w[0xa0][0xf3][0xd5][0x1][0xba]HY[0xcd]E[0x15][0x11][0xdf][0xf4];[0xbd]m+[0x91][0xe6][0x1b]-[0x8d][0xcd][0xcf]hi[0x4][0xbb]w[0xcb]BD/#~sjN[0x98]-[0xaa][0xbe]p[0xc1][0xb3]H[0xa7]Qt[0xa0]:[0xb2]_[0xa6][0xa3]N[0xc0]]ZHM![0xae][0xad][0x8f][0x9f][0x91][0xfa][0xf0][0xdc][0xdd][0xd0][0xd1][0xe4][0x82][0xbd]j][0xbb]I[0x9f][ [0x8c]m/Ow[0x0][0x12][0xff]LD[0xf8]2Z[0xbc][0xe9][0xae]0q[0xf7]l[0xba]e3[0xe8][0xdf]|[0xcf][0x81][0xe]}[0xfe][0xc][0xcc] [0xae][0xd2]z[0xbd],t[0xac]L[0x87][0xb9][0xb4][0xf7][0xc4]O1[0x92]9~[0xda][0xb][0xdf]h[0xa1]W[0x14][0xa2][0x8c][0xc4]v[0xc6]U[0x1f][0x91][\n]"
2020-11-26 10:40:54 DEBUG wire:72 - http-outgoing-1 << "[0xfd][0x16]~U[0xfa][0xba][0xe2][0xc7][0x8b][0xec][0xcc]GuR[0xc1]B@L[0xe2][0xce][0xc7][0x13]e+[0x86][0xd9].[0xeb][0x9d][0xcc];[0x80][0xaa]&_\[0x91][0x8d][0x85]j[0xee][0x94][0xab].[0xbd][0xf8][0x95][0x1b][0xb][0xee][0x16][0x9f]FEl[0xc3][0xd9]Y2[0x82]N[0xc2]/[0xc7][0xed]<[0xc3][0x1a]{[0xe7]Dz[0xc6][[0x1f]N[0xf4][0x82]B'+s[0xbf][0xd3]=SF[0x16]pQ[0xa9][0xf9][0x82][0xa7][0x96]E[0xe2]f7[0xd8][0xb]}[0xb9]M[0xd7]mz[0xdf][0x88][0xf6]b[0xe8][\n]"
2020-11-26 10:40:54 DEBUG wire:72 - http-outgoing-1 << "9[0xbd][0xb1][0xc5][0xa6][0xc9]z[0xa7]7[0xa2][0xdc]5[0x9b]rkV[0xf2][0x19]][0x82]k[0xa1]Uu~Q[0x8d][0xf5]j}[0xfb]W[0xcc][0x19]&W[0x94][0xbd]M[0xa0]Q[0xb6]x[0xcc][0xbc]1"hd[0x18]T[0xac][0xa0][0xfb][0x94][0xf5][0xcf][0x81][0x1]A[0xe][0x1][0xea][0xfd][0x8c][[0xe4][0xdf][0xdb]R[0xac][0xe8][0xdc][0x92])[0x90][0xd2]r[0xba][0xc6][0x8][0xe3][0x9b][0x8b]\[0xc2][0x95]![0x85]W[0x94][0x95]9[0xab]J[0xab]2[0x90]x[0xd6][0xb9]SH[0xdd][0x8c]<[0xca]B o[0xe4]1#[0x91]$[0xe9][0xe7][0xf8][0x9f]0[0xc9]y$[0xa6][0x4]]g[0x9b][0xa0][0xe4][0xbb][0xe]W[0x89]9[0xe]<[0xaf][0xb9]R[0xb8][0x85][0xf1][0xf5][0x5][0xb9][0x86][0xfd]r[0xb1][0xac]X[0xa6]f$[0x89][0xd6][0x1][0xf6][0xf2]?[0xfb][0xdc]%X[0xc7][0x8b][0xc7][0x97][0x81][0x6]Zr[0xfb]nIBf[0xe6]7i[0x12][0xf3][0x93][0xdf]H [*[0x8b]2[0x1e],[0x0][0xb6][0xe5][0xe5][0xb0]0[0x6][0x2][0xeb][0xaa]6L[0x5][0xf3][0xe5][0x0][0x8a]r[0xff][0x10];>G[0xe6]C[0x1a]X2[0xe4][0xae][0x13][0xff][0xc4][0xb1]2[0xc5]{[0x8f][0xa3][0x86][0x2][0xea][0xc6][0x8][0xdd]:`[0xd1]t[0xfe][0x80][0xd9][0xa7][0x8f][0xfa][0x9][0xf9]"i[0xda][0x84][0xd5][0x80][0xd3][0x86][0x8e][0xf1][0xce][0x81][0xd6][0x8e][0xf0][0xfe]Q[0xd4][0x18]6[0x5][0xe3][0x89]([0x80][0xfe]M[0xf4][0xc][0xf0][0x8]_[0xa1][0xde]$[0x92][0x13][0xe0][0x1][0xa5][0xcb]O[0x19][0x2][0xd6][0xa8][0xbb][0xce]o[0xdc][\r][0xae][0xbf][0xb4][0x95]0[0xef][0xa6][0xb2][0xe4][0x13]l4[0xd8]o[0xac][0x80]*[0xeb]P[E[0xc]$[0xe0][0x99]B[0xf0]J[0xe4]kv[0xe7]m[0xe2]|[0xc6]W[0x85][0xe1]l[0xdc]3Q[0xe1],[0xab][0xca][0xa8][0xbb]d[0x9d]:[0x7]c[0xd3]Gw>[0x8][0xc6][0x16][0x8f][0x82]V9/cVd[0x9b][0x1]9[0xdb][0xaf][0x8c]-7cK[0x4][0xbd][0xbf]_[0xf6]vY[0x9c][0xbb]0{[0xc3][0xfb][0xd3][0x14][0xd7][0x7]p[0x5]B=[0xc1][0xbd]([0xf3]:q[0x1a][0xc4][0xde][0x94][0x17][0x9d][0xf0][0xb0][0xb9]>[0xbf][0xc1][0xff][0xd0][0x8c][0x1][0xa3]'q[0x17][0xe][0xbf][0x2][0x16]be[0xa7][0xa3][0x1d]b[0x19][0xfc]Nd[0xf0][0xcf][0xae]G,[0xe4][0x7]^c[0xba]([0x19]d^[0x1f][0xa8]k[0x14]z[0x8c]-77[0x86][0xb0][0xe1][0xe1]1vU@[0x8e]C[0xf9]V[0xd1][\r][0xc3][0x3]*[0xea][0xaa][0xf]z[0x95][0x81][0xb7][0xb0]m[0xac][0xaa][0xca][0x17][0x6][0xef]R[0x17][0xd7][0xe0]ta[0xb5][0xbc]4%nG[0xf3]c<H[0xca][0x97][0xf1][0x93])e&j|[0x9][0xe7][0xc0]F[0xf0]?[0xc4][0x8c]-[0xff][0xfb][0xe6]n[0xe5][0xce][0xd2]JGU[0xb9][0xb3][0x2][0xac][0xb3]LW[0xa7]Y[0xe7][0xce][0xa9][0xb7][0xe5][0xef][0xf2]7[0xa3]Z[0xa1][0xc8]=)W[0xd2][0xee][0xeb]>l>E[0xf6][0x86]y[0xd5][0x97]`L[0xe6][0xc9]P"[0xef][0x4][0xa9][0xa3][0xfc][0xfb]fH[0x97][0xc5][0x92],&b[0xe6][0xf0]hc :~[0x12][0x9e][0x19]A[0xdb]d[0xb7]q[0x87]k[0xd2]93wF[0xd7]A[0xca][0xe2][0xb0][0xe8][0xfb][0xca]Y[0x9][0xdd][0x14][0x19][0xd1]Px[0xcb][0xc2][0xfd]?[0xca][0xf8]9[0x8b][0xce][0xeb][0xdd][0x9b][0xfa][0xd4]&*K[0xfc][0xe1]Dw[0x16][0xa1][0x11]q[0xab][0x13]#3[0xb9][0xdd][0x9]_[0xb7]=u5a[0xf7]YJ[0xac]&[0xc3][0xd3]x[0x9a];[0x86]E\[0x5][0xff][0xbb]q[0xef][0x8c][0x1d]@[0xb7][0xfc]F[0xb8][0xa7][0x8][0xfb][0xf0][0xbd][0xd5]f0[0x85][0xcd][0x1c]P[0x82]Z[0x9c]I[0xbb]3[0xe9]Y[0xc9][[0xe7][0xf7][0xa9]Y[0x95]s[0xcd][\n]"
2020-11-26 10:40:54 DEBUG wire:72 - http-outgoing-1 << "[0xe3]6[0xb][0xa5]Y[0xe1][0xa1]}[0x8][0xac][0x87]R[0xf5].[0xa3]N<[0x0]@[0xb5][0xb][0xa3][0xf1]c[0xe0]Y[0xff]=[0x8d][0xc6][0xcb][0xe2][[0x16][0xad]*s[0xb8][0x99]1[0x10][0x98][0x18][0xf2]:[0xa1]7[0xa5][0x19][0x8d][0x84]|[0xa4][0x10][0xa5][0xe8]V[0x6][0xd7]([0xb9]Q[+\_[0xb5][0xbc][0xa5]J[0x9][0xe5]K[0x11][0x17][0xd2][0x96][0x87][0xd4][0xf1]E2[0xdb][0xc][0x8e][0x94]@I[0x8a][0xfa]L[0xe4][0x83][0xa3]I[0xf7][0xc7][0xda][0x12]#$[\r]}[0xd7]\Q3x#[0xf9][0xc6]i![0xe8]7[0xe7][0xe1][0xac][0x6]o[0x4]U[0xc]][0xd1]\[0xc1]*[0xa9][0xbd][0xbd][0x4][0x8e][0xd8][0xf0][0xb9][0x93][0xa4][0x2][0x8e][0xa5]/[0x1f]`KI[0x1e][0xde]*[0xec]Ct[0xbd][0xf])[0xb]]b[0x87][0xfc][0xa6][0xfa][0xbd]kS[0x15]\[0x9b][0xaa](/[0xad]qfJ[0xfd][0xca]:w.mj'[0xff]HF3[0x8a][0x15][0x8a][0xc0][0xf9][0xfd][0x95][0x19][0xd9]>l~Tv[0x93][\n]"
2020-11-26 10:40:54 DEBUG wire:72 - http-outgoing-1 << "[0xb6][0xaa][0xf3]'[0xea]B~v[0xa9]u"[0xd1][0xc4]/t[0xc8]v[0xbc][0xe6][0xc8][0xac]KLI[0xb7]G[0xa0][0x98][0xc5][0xcf][0x97][0xb5][0x17]Cl[0xd8][0x87]w@[0xfb][0xc7][0x84][0xf7]jl_[0xe9]_%[0xb0]HF[0xe5]Y^Q[0x4]U[0xed][0x92]([0x98]9[0xa8][0xd6]Qj[0xcb][0xe5][0x84]W[0x9f][0x83][0x82][0x90][0x8e][0x8d][0xe][0x9a][0x1d][0xfa][0xe8][0x8f][0xe2][0xfc][0xec][0xe][0xaa]K[0xca][0xd8][0x10][0x9a][0x99][0x94]#3[0xdc][0x3][0xc6][0x9d][0x8]`[0x11][0xf1]u[0x83]&[0xf7][0xbf][0xa1][0x88][0x89]t[0xc6][0x84][0x8e][0xc5][0xc2][0xc7]_>[0xfc][0x1a][0xff][0xfc][0xa7]v[0xe4]1sg[0xec]tE[0x9d][0x18][0x4][0xf6]C[0xcf][0xa4][0xe5][0xc5][0x88]YIM4[0xe6][0x89]GW[0x95][0xa1][0x15]e>[0xca]]iau|[0x87][0xcd][0x0][0xea]|x[0xe3][0xfe][0xb5][0xdb][0xf7][0xd9]PP[0xb][0x85][0x94]%[0x1f][0x99][0x80][0xe6][0xfb]B[0xba]0[0x0]V,[\n]"
2020-11-26 10:40:54 DEBUG wire:72 - http-outgoing-1 << ":[0xf7]{[0xd8][0xd1][0x6]f[0x8][0x84]v[0xf1]{[0x9e]A[0x87][0xd7]~[0xfd][0x9b]0D;|[0x89]z!_[0xf][0xde])[0xf4]E-[0xd7][0x2][0xd9]0[0xa0]h[0xc][0x10][0xec][0xc9]2GUi90[0xc2]B[0xa9]t[0x17][0x9] 3#_[0xa1][0x18][\n]"
2020-11-26 10:40:54 DEBUG wire:72 - http-outgoing-1 << "[0xaf][0xaf][0xf0]!s<[0xac][0x80][0x1d]=[0xc7][0xa8][0xb5][0x89][0xed]xl[0xec][0x2][0xac][0xc3]:_I[0xb2]Wa[0xa2][0x1c][0x1e]u[0xca][0xe1][0x15][0xfb].<[0xed][0xd7]u[0x8f][0x9f][0xd5]]b[0xfc]W[0x8f][0xea][0xda]\[0xef][0x9b]#^[0x16])[0xb3][0x18][0xaf][0xf6]z[0x1f][0x19][0xa6][0x80][0x8b]f[0x8f]>2[0x8b]d_[0xc9]3}*d[0xa4][0xd7][0xc3][0x93]%[0xf7][0x9b][0xea][0xda][0x1f][0xbb][[0x9f][0x97]|}[0xff]v[0xc9][0x17][0xb7][0x5]L[0x84] [0xbb][0xae][0xb6]u[0xb4]`[0x81]b[0xf4][0x94][\r]w[0xdf][0xbf][0xfb]@[0x94][0xbd][0xdc][0xee][0xc6][0xa6][0x11][0xbe]^[0xe4][0xbd][0xa6]![0x18][0x8b][0xc][0x8b][0xa0]2[0x3]s[0xa7][0xac][0xd7]+$d[0xff][0x92][0xb2]{[0xc][0xc]/~6[0x7]l[0x97]M[0xf4][0xf2]f[0xa5]<.b<[0xa6]{[0x96]X[0xa0][0xeb][0xc6][0x3]LM[0x84][0xa9][0xe2][0x11][0xf]E[0xb9]&T=[0xdf][0xad][0xda]/~9[0xf1][0x9b]K[0x1a]a[0x94][0x12][0xd7]I[\r][0xaf][0xdc][0x17][0xb7][0x93][0x11][0x16][0xfc][0x6][0xe3][0xab][0xba][0x6][0xb7][0xbb][0x5][0x1e][0xac]m[0xa9]k}[0x6][0xff][0xfe][0x1][0xcc]f[0xfc][0xf7][0xeb][0x9f][0xe1][0x3][0x6]@[0xb5]v4[0xf2][\n]"
2020-11-26 10:40:54 DEBUG wire:72 - http-outgoing-1 << "[0x1][0x9][0xf0][0x88][0xbc]&+[0xf][0xbf]<[0xb3][0xbc][0x86]+[0x8d]5[0xe5][0xa5][0xd5]U[0x99][\n]"
2020-11-26 10:40:54 DEBUG wire:72 - http-outgoing-1 << "[0x87]d[0x9d];[0x97][0xd2][0xd8][0xbd][0xf4]A0M#[0x8f]-[0x9f]td[0xd3]$[0xef][0x9c][0x87][0xfa]^[0xb1][0x90]_]=c[0x83][0x97][0xb9][0xf0][0xd5][0x86]^[0xb2][0xa1][0x0],[0x8d][0xcd]m[0x1][0xf6]} Z[0xdc]%q"Kj[0x94][0xfd][\r][0x0]iq[0xe6][0xc0][0xc]C[0x97]3B[0xa4]R[0x82][0xa3][0xc8]Mod-[0x99][0xf3][0x95][0xcc][0xf9][0x89][0xe6]*$d[0xa4][0x1a]A[0x1d]7[0xe0][0xff][0xf7]x%[0xfc][0xc6][0x1f]\W[0xf1][0xb7][0xda][0x1f][0x1b][0x1f][0xb7][0xa7][0xb8][0xdb][0xae][0xb0][0xc8]:[0xd6]V[0xa3]zgt![0x89]:T[0xbf][0x19][0x11][0xb8][0xef][0xbe][0xdf]|[0xa6][0xf4][0x8d][0xea][0xdb][0xd1];[0xfb][0xe8][0xf3][0x9f][0x1b][0x9b]k[0x9f]"+[0x12]N}[0xa3][0xf6][0x81][0xb9][0xea][0x1][0x9b][0xec][0xc1][0xb2]H'[0x13][0xc8]:y[0xac][0x7][0xb2]QP[0xe4]<[0xb][0x9a][0xa7][0x9b][0xe2];[0xde][0xb3][0xfe]V[0xc6][0xf5][0xb7][0xb2]2g[0xe1][0xf4][0xb7][0xad][0xf][0xc3]~[0xa5][0xdb][0x98]K[0x10]5[0xc5][0x9][0xaa][0xaf][0xa2][0xac]wN2[0x81][0xd1]2[0xc9]G[0xaf][0xf][0x1a]r[0xb8][0xac][0xb2][0xf4][0xff]m[0xab][0xe3]1[0xd6][0x1d],[0x80][0x96][0x19]Za[0xe7]oT[0xff]+[0xe5][0xa0][0xf3][0xc3]`[0x94][0x97][0xc5][0xd8],N[0xbd][0xcc][0xc1]k[0xc6]@C[0xb9][0x83][0xb1][0xa2][0x96][0xa6][0x91][0x86]A[0xec][0x8f]+0T[0xd9][0x91]R[0xce][0xc][0xad][0xc6][0xec][0x97]0[0x14]@[0xb0]d3[0xeb]Gf}[0x88][0xfc]x[0xe9]6[0xad]9|U][0x8f][0xc1]j(\[0x1c]s[0xb9]C/`o"z<a[0x85]'UB[0xd0]EMa[0xb5][0x80]-D1[0x8a]'[0xa6]woj/[0xbd]l[0xb5]O[0xa4][0xa2][0xc]N&z[0x15]v[0x1a][0xf][0x8b]`[0xdc][0xa1]7[\n]"
2020-11-26 10:40:54 DEBUG wire:72 - http-outgoing-1 << "[0xf0][0xf8][0xed]qmg[0x19][0x9d]%[0xe7][0xdd][0xf8][0xb7][0xb2][0x1b]l~[0x1b][0xad][0xf0][0xb9][0x11][0xe5]`[0xc0][0x18]Id[\r]F[0xbe][0xe2];"[0x94]4[0x92]Q[0x85]2i[0x8a]]y[0x8f][0x9c][0xd5]Y[0xe]Z^[0xb5][0xb3][0xdc][0x89][0x1d][0x1f][0xb][0xc5]Z{=[0x1f][0x4]k[0xc5]h$[0x1e][0x3])][0x14]*[0xeb]L\Uhq[0xb6]|<[0x8e]F[0xcc][0x86][0x8e][0x5][0xb5][0x83][0x1e]-[0x14][0xbe][0xcc]5[0xad]o[0x7])`cQ[0xf1]IT[0xe5]3[0xf]/[0x2][0x3][0xbc]$^eI[0xb7][0xcd][0x9c]/c[0xc][0xa4][0xab]Y[0x91]:c[0xc4]_[0xf0][0x8]\T[0xd1][0x16][0x17]So:[0xc2][0xc7][0x6][0xe2][0x89][0x18][0xa4][0x85]>[0xf4][0x89][0x9d]uc$H[0xb4][0x17][0xb8]b[0xca]-)[0xfc][0x8a]7[0x1e][0xf0][0xcf][0xbd][0x1b][0x14][0xbb][0x8f][0x1] [0xd6][0xeb][0xd7][0x1c]U[0xab]D[0xac].[0xcf]na[0xc3][0x11]e[0x1c]9[0xa5]%[0xfd]e?[0xa6][0x1d]u[0xd3][0x97][0xc9][0xf0]}[0xde][0xf5][0x8f][0xfc][0xbc]$BS6[0x2][0xf3]0[0xdf]v[0xfc]d[\n]"
2020-11-26 10:40:54 DEBUG wire:72 - http-outgoing-1 << "[0xf7][0xce]'[0x7][0xfe][0xaf][0xf5][0xed]c[0xd0]J[0xb8][0xe7]=[0xf2],G)j[0x83][0xe]l5Z0m[0xf0][0xe4][0xc3]0L[0xe3][0x91]~[0xf4][0xd0][0xfa]=[0x97]r[0xe3][0xf7]+[0x7]G[0xfa][0xd8][0xa1][0xb6]|[0x99][0xab]^[0xba][\r][0xd0][0xbb]B[0xca]x[0xbe][0x94][0xff][0x8e]Y]<[0xd6][0xaf]L[0xad])[0x83]}[0xa0];h[0xe1]N[0xe6][0x8b][0x98][0xdc]N[0x1f][0x84][0xe6]vI[0xec][0xba][0xb0][0xe6]&[0x8a]{X[0xbd]L&k[0xf6][0xc8][0xe0]l[0x86]J[0x96]pU}[0xf5]E][0x9b][0xb][0xfe]}[0x86]~Q[0xf8][0x97]g[0xf9][0xf2][0xbf]w<wq[0xd5][0x8d][0xd7][0xba][0xbc]!j][\n]"
2020-11-26 10:40:54 DEBUG wire:72 - http-outgoing-1 << "[0xd5]0[0xa5][0x86][0x18]7[0x97][0xc9][0xa3][0x6][0x16][0xa6][0x81][0xdc][0xbc][0xce]s[0x12]I[0xf9][0xaf]Id[0xa3]([0x12][0xd2][0xd6][0x84]6[0xc8]u-[0xd0][0xf1][0xcc]e~P[0x81]2[0xca][0xc][0x5][0xfb][0xff]x[0xfd][0xbb][0xeb]%[0xb7]n[0xe1][0xb7][0xfc][0xcf]F[0x9a]3[0xec][0x12][0xb4]I[0xd4][0xe]'O[0xf3][0xd5][0xb5]D[0xb2]B[0x96][0xea][0xbf][0x19][0xaa]h[0xb][0x16][0x93],[0x92][0xfd][0xb9][0xa3][0x12]M[0x1d]^b<[0x1e]Y[0xc3][0x92][0xe5][0xa6][0xa2][0xe0][0x84][0x15][0xdc]+[0xba][0xa6][0x4]6[0xcc][0xd5][0x88][0x13]e[0xc8][0xcd][0x1d]?[0xb1]X>[\r][0x8c]G[0xa3][0x8a][0x88][0xa6][0xe5]5[0xdf][0xff][0xe7][0xff][0xc8][0xb5][0x9c][0xc][0x1d][0x94]E[0xe5]j[0x1e]-[0xc0]'[0xa3][0x82][0xea][0xc9][0xfe][0xa1]Fc_[0xe7][0xe7][0x89][0x82][0xcd]|@[0x96][\n]"
2020-11-26 10:40:54 DEBUG wire:72 - http-outgoing-1 << "[0xd8][0xbc][0xe4][0xb1][0xe9]5O[0xcb]?[0xf9]\TV[0x7][0x85][0x9a]oI[0xbc][0x87]k[0xc3][0xa2][0xe1]H[0x8b][0xa5][0xbc]4[\n]"
2020-11-26 10:40:54 DEBUG wire:72 - http-outgoing-1 << "[0x1d]r[0x84]r[0xd9][0x84][\n]"
2020-11-26 10:40:54 DEBUG wire:72 - http-outgoing-1 << "[0xf8][0xf1]9|[0x80][0xef][0x93]}[0x83][0xad][0x15]\x[0xd1]f[0xfb][0x1a][0xd2]UF[\r]i[0xa3][0xb6]s[0xa6][0x5][0xa3][0xe4][0x8d][0xed][0x83]6[0xaf][0x85]'~9[0xf1][0xc5][0xa3][0xe3][0xf0][0x99]7[[0x13][0xab][0xa5]uj[0xdb][0xdd][0xca][0xe2][0x9a][0xb1]Znw[0xea][0xfe]}[0x16][0x9a]-1[0x96]J-[0x84][0xf4][0x95]iB[0xc4][0x12]C[0xfa][0xea][0xb3]A[0xac][0x0]p2[0xae][0xc6][0x2][0xc9][0xc7][0xb9]u5[0x8b]%[0xef]O[0x87]p[0xdf][0xc1][0x11][0xb6]3[0xa1]m[0xf4]0[0xdf]ha[0xb7]HlG[0x9f]Y[0xc1][0x96]B[0xb1][0x1e]-[0xdc][0x8f][0xc5][0xf1]1[0xf2][0xaa][0xc7][0xd8]%[0xa5][0x18]*[0xdd]^[0xc5][0xc3]i5v[0xc4]<'[0xda][0x6]v[0x1f][0xd5][0xce][0xe7][0xc4]Q[0x4]'A[0x85]Q[0xd7]^[0xe0]jy[0x9a][0x90]r:[0xcf][0xfa][0xe7][\n]"
2020-11-26 10:40:54 DEBUG wire:72 - http-outgoing-1 << "| [0xde]Mj"OgB[0x91][0xf8][0xd4]P[0xde]X[0xed][0x8d][[0xf7][0xb0][0xfd][0xed]R[0x84]w [0xe0]&[0xdc][0xd6][0xb4][0xb2][0xfc][0x92][0xea]y[0x8b][0xd9][0x13]U[0xbc][\r][0x12][0xce]D[0x12]%[0x89][0xf][0xce]T[0xe2][0xd0]<[0xdd][0xf0][0x2][0xda]y5[0x86][0xf8][0x6][0xc2]Z[0x97][0xd1][0xc8]"C[0x1]~[0xd8]cu[0x82]4[0xc]pd[0xac]W[0x9f][\r]D[0xd5][0x96]n[0xc0])[0xeb]u[0x9a][0x8a][0x87][0x3][0xc][0x92][0x82][0x85][0xf3][0x6]Ls[0xde]_[0x2][0x16]"[0xd6]-$[0xc]=[0xc4][0xb3][0xeb][0xa8][0x1a][0xaa][0xf5][0xcf][0xc9][0xde][0x3][0xe6][0x9][0x13][0xbd][0x1b]2M[0xc5]uL8[0x17][0xb5][0xeb][0xc4]n*[0x4]Zt7[0xeb]T[0x94][0xd0][0x81][0x19][0x18][0x93][0xc7]@[0x2][0xc][0x93]O{r,,[0xb4][0x1b]?[0xf6]S[[0x9d]L[0xb][0xe3]_[0xa9][[0xe3][0xda][0xd9][0xab][0xd4]I2[0xf4]j[0x91]C[0x8a][0xb2]T[0xa4][0x10][0xad]Y[0x82][0xfd][0x9][0x8a]0[0xd3]l[0x2]3[0xec]I[0x81][0xd2][0xc3][0xd3][0xd1][0xa7]&q[0xf6])[0xab]*K[0x1e]=o[0xf2]AU0:[0x81][0x98][0xe3][0xb1]C[0x90]Y[0xc4]~[0xc8][0xf2][0xe0]9[0xa0],[0xd0][0xab][0xc6][0xba][0x93][0x0]h[0xc9][0xdc][0xb9][0xa1][0x82]wn[0x10]:[0xc2]Fg<[0xfa]&~2+9[0x8a][0xd2],[0x4][0xf3][0xde][0x9d][0xd1][0xcf]fL[0x3]?[0x17][0xe6][0x5][0x18]F[0xe1]cue[0xdb][0xb2]B/[0x98]Do[0x12][0xf][0xd3]A[0x18][0xc2]&[0x99]>H[0xff]f[0x94][0xc3][0xd6]_[0xd2][0x9]1[0xbd][0x13][0x86][0xb3][0xd0][0x9d]0[0xac][0xed].[0xc0]*[0x11]8}:d _z[0xbf][0xb][0xee][0x1][0xe5][\r]GB[0xbb][0x98]H/[0xa0][0xc2][0xcd]<[0x92]m[0xe4][0xe9]*T[0xdb][0x8b][0xbf][0xfc][0xf4][0x9e][0xdb]^[0xb4][0x19],[0x1f][0xb0][0x16][0xd8]Op[0x12][0xc]`Lv[0x8][0xf4][0xc5]#C[0xda][0xe1]^[0xd9]/'^[0x82][0x82]YS2[0x3][0xc9][0xc2][0xd2][0xf3]k"a~;[0x8f][0x19][0x8b][0xc7][0xd6]P[0x9]5][0xf0][0x98][0xf1][0x92]L{X[0x1][0x8][0xb9][0x8b][0xbf][0xb5][0xd2][0xfc][0xd6][0xc]-j[0xf6]&[0x84][0xf4][0xe7][0xa5]+`[0x8f][0xba]'([0xde]?{[0xa6]v[0x1d][0xa7][0xbf][0xf9][0xbd]w[0xa3][0xe0]j[0xb1][0xc5][0x8c][0xcf][0xdf][0x84]w[0xd4]T8[0x1d][0xce]R[0xf8]Y^[0x9d][0xd5][0x84][0x97]1[0xdf]y[0x6]Q[0xcc][0xd2][0xe6]@D[0xfb][\n]"
2020-11-26 10:40:54 DEBUG wire:72 - http-outgoing-1 << "t[0xc9]dY[0xd9][0xbe]([0x93])w[0xa1]7[0x9]3,[0xdd]6[0xe3]W[0x94][0x9f][0xa6][0xa7][0x85][0xa7]^7r[0x1b][0x88]l#[0xad]s[0x1c][0xc8][0xe5][0xbb]{[0xf7][0xc9][0x8f][0xcc]m[0x86][0xe4][0xf7]X[\n]"
2020-11-26 10:40:54 DEBUG wire:72 - http-outgoing-1 << "[0x96][0xfb][0xc2][0xb5][0xfd]c[0xe3][0x1][0xbd]s[0xc]4'0[0xb9]x5[0xa8][0x1]e[0xc2][0xab]L[0x8c]`[0x9d][0xb6][0xc5][0xa8][0xde]7B[0xe5]p[0xc][0xaf][0xb4][0xe1][0x8f]N[0x94]m[0xe6]EY-[0xf5]"R"[0xdc][0xac][0x96][0x94]%[0x7][0xdf][0xea][0xf9][0xb9],[0xba]8KK[0x1d][0xce][0x1a]Gu[0xa9][0xc3][0x91]=~K[0x16]]R[0xf2];[0x8a][0x88].y[0xbf])+[0xba][0x98]/A[0x80]a[0xe2][0xad]1[0x85][\n]"
2020-11-26 10:40:54 DEBUG wire:72 - http-outgoing-1 << "~[0xf7][0x5][0xfe]@[0x9f][0xa1][0xe1]'[0x4][0x83][[0xef][0xeb]S[0xc7]7[0xd1][0xa3]hD[0x18][0x1a])[0x1a][0x94][0x89]v[0xaf][0xb5][0xe][0xa8][0x1a][0xad][0xf8]?[0xdd][0xa9]u[0xb5][0xfe][0x80]U[0xf9]:[0xef][0xfe]\[0xfb][0xd7]&T$x&-u[0x1f]6[0x2][0xb1][0xf1][0x95]<4[0xfb][0xff][0xde][0xbd]c[0x4]Us[0xb7]$>v[0xe3][0x1a][0xfe][0xe9][0x8b]k[0xb5]"kes[0x99][0x9d][0x4][0xe9][0xfa][0xc5][0xa8][0xfb][0x5][0xcf][0x18][0x98][0x9]O[0xd2]3[0xb4][0x9c]?[0xd6][0xde][0xc7]zd[0xf0].\R{kG;z[0x1a][0xbe]j[0xc4][0xf2]@u[0xed].[0xba][0xba]~g[0xe8][0xe6][0xa8]([0xaf]rV8[0xca][0xca][0xab]r\7Ks[0xa7]Wo[0xdf][0x15]w[0xca][0xf7]MY[0xd1][0xcd][0x92][0x86][0x14]z[0xa1][0xf8][0xa6][\r][0x8e]D^kqRplx^[0x80]?M[0xae]v[0x8c]kH`[0xd5][0xdd][0x9f][0xdb]8&[0xc1][0xcf]6[0x8e]])[0xe1][\r]<ZV [0xa4][0x11][0x9e][0xf][0xba]![0x1d][0xbd][0xe3][0x9a][0xd3][0xf0]/![0xaa][0x1d]tj[0xcb][0x9][0xbf][0x0][0xf][0xfd]O^[0xb][0xe][0xa3]3][0xe0][0x19][0xe7][0x95][0x89]@[0xac]~[0xf2],i[0x93][0xaf]u[0xef][3[0xa7][0xfb][0xbb]g[0x80][0xa7]mD[0xcf][0xe3][0xa7][0xdb]T[0x9d][0x84][0x82]#[0x90][0xff][0xf1][0xec]$[0xc3]qdt[0xa3]y[0x97][0x98]W[0x6][0x98][0xe7][0x80][0x9f][0x95][0x97][0xc6]<[0xb6]1[0xff][0x8e]0/[0xef]7e[0xc5]<D[0xac][[0xb7][0x8c][0xb]}[\n]"
2020-11-26 10:40:54 DEBUG wire:72 - http-outgoing-1 << "[0x93]6J[0x99][0xb2][0xa1]Nl[0x8e]z[0xbc]/[0x1c]@t[0xac][0xa6][0xdc][0xb8][0x8c][0x95][0x83][0xf1]O[0x89](/[0xe2]$[0x89]^Di5[0x81]A[0xc4][0x99]J$"+[0xa4]Wl[0xf9]I("[0x96][0xce]o[0xa6]$[0xe1][0x8a]K [0xef][0x11][0xde] [0x1b]w[0xd3]V[0x82]1[0xaa]g&[0xea][0xa6]&[0xca],Q[0x5][0x95]7[0xd3][0xec][0xf8][0x90][0x18][0xb5][0x11][0x1a][0xc1]s,[0x83][0x88][0xff][0xa6]%[0xf1]JI([0x93][0xd9][0xf1][0xb9][0xb2]7[0x87][0xb]&mqa[0x5][0xaf][0xb6]C/[0xb4][0xa3][0x83]w/[0x9f][0x1d][0xd5]x[0x83][0xec](wTW\^[0x9d]K[0xf1][0x95][0x17][0x13]m[0xf3]}SV[0xb4]M[0xe9][0xcf]G[\r][0xfc]R[0x1c][0xec][0x88][0x14][0x9c][0x5][0x9a][0x93][0xce]1>,1J[0x99]_[0xc4][0x82][0x99]<[0xef]H|[0xc9][0x1b]^P!{#[0xdd][0xc9][0xd2][0xb][0x3]d[0xe8][0x8b][0x1][0x16][0x9d]`;][0x89][0xde][0x19]][0xac][0x13][0x8d]*[0xe1][0xf0][0x1f][0x9c]T[0x2][0xfc][0x8a]0[0xb0][0xa9][\r][\r]'[0x95]=^[0x84][0xdf]@jj][0x8c][0x1e]zSyL[0xda]4[0xd5][0xfa][0xc6]_[0xb9]W[0x96]~[0xa5][0x19][0x94][0xc9]c[0xc]}[0x0][0xd6][0xc9])[0xd5][0x8][[0x15][0xc9][0x2][0xfc][0x82][0x92].+S[0xaf])[0x83]C[0xfa][0xba][0x8f].+[0xdf])[0xaa]V[0x82][0xc5]Q^ZS^]~y[0xd9][0xae]u/[0xbf]#T[0xcd][0xfb]MYQ[0x95][\n]"
2020-11-26 10:40:54 DEBUG wire:72 - http-outgoing-1 << "H[0x99][0xcd][0xe][0xc2][0x2]BR<[0xa5]C?[0xb][0xf6][0xf6][\r][0x97][0xe8][0xbc][0xc3]<[0xfc][0xfb]msc[0xfb][0xcf]e[\r][0xd8][0xce][0xf1]^-[0xb2][0xc3]D&[0x9c]!x[0xe3][0xc7][0x83][0xfa][0xd9][0xa2]:8[0xf][0xff]][0xc1][0xce]i[0xfe][0xb1][0xf8][0xf1]0|[0x88][0x9f].[0xb1][0xf5]c[0xd4]P[0x8f]D[0xc5]V*[0x19][0x9d][0x12][0x5][0x83][0xac][0xef]x[0x0]o[0x8b][0xfa]'[0xb4][0xe8][0x1b][0xf2]@S[0x97][0xd6]+[0xa2]V[0xd5]y[0x1f]/F[0xb7]E[0xac][0x93]4G6w[0xa6][0xfa][0xfb][0xd0][0x5][0x8d][0x85]_bJ?[0x95][0x89][0x4][0xdb][0x19][0xaf][0x1d][0x8e]A[0x90]D[0xd5][0x90][0xe7][0x8a][0xb9][0x0]$[0x9b][0xc4][0x1a][0xd5][0xef][0x14][0xeb][0x0][0xdf]J[0xab][0x10][0xf7][0xb2]4w[0xca][0x7][0xeb]R*[0x11][0x16][0x93]A[0xe6][0xfb][0xa6][0xac]X'[0xa4][0xa0][0xa9] [0x8f][0x91][0xa8][0x9]j[0x1f][0xe6]j~[0xf6][0x17]T[0xf9]ANb[0x83][0x82][0xed] [0xf2][0xc9]h[0x10][0x8d][0x9b][0xe][0x17][0xbf]|[0xac][0xab][0xc7][0x18][0xd9][0xf4][0x0]y[0xd1][0xe1][0xdc][0xb3][0x0][0x96][0xae][0x12][0xf1]*3[0xdb])[0x89]G[0x86][0xac][0x5][0xde]CN[0x15][0xa3]`[0x19]&[0x11][0xc]NR[0xb7][0xaf]$2[0x97]<[0x1b]x[0xab][0xbe][0x19][0xa0]0XL[0xab][0xe7][0xd2][0x1a]=[0x99][0xfd][0xcb][0xd4][0xab][0xd8][0xa8]z[0x86][0xec][0xb9]{K[>[0x2]&[\n]"
2020-11-26 10:40:54 DEBUG wire:72 - http-outgoing-1 << "H[0x8][0x92][0x18][0xd9]aB<[0xc7]O[0x96]t[0xcf][0xa8][0x1a][0x9b]Q[0xc2]A[0xaa][0x97]H[0xf3][0xbf][#[0xda][0xe9]tV9[0xe0]g[0xc5][0xe5][0x8d][0xe8][0x8f][0x11][0x7]-E[0xf2][0xfa][0xa2][0xc0]d[0x8c]nVz[0xdf][0x8][0x96][0xb3]#[0xa6]HQ[0x82]\-[0xac][0xbd]w[0xdd]\[0x8c][0x1]{[0xe9][0xc][0x7][0xe8]2[0x9e][0xda][0xd4][0xe8]s[0x18][0xa3][0xad]LM[0xc5]#[0x3][0xc9]n9[0xa6][0xfc][0xe7][0xa4][0xde][0xc8][0x13][0x95][0x14]?*i[0x6][0x86][0x1a]2[0x1b]p[0x7]X[0x92]aT[0x3][0x87]R[0xde][0xae]h[0xe1]X[0xfc][0x18][0xef]>[0xd5][0xf9][0x1][0x9e][0xb5][0xbc][0x1][\n]"
2020-11-26 10:40:54 DEBUG wire:72 - http-outgoing-1 << "![0xea][0x13] [0xb9][0x89][0x92][0x12][0xd2][0x97]:[0xd4]cGJ,[0xc4][0xb]2<8[0xc0]&{[0x8c]~v[0xf0][0x10][0xe9][0x8b][0xef][0x16][0xdf]**[0x9d]5[0x8e][0xaa][0x8a][0xca][0x8a][0xec][0x15][0xaa][0xa4][0xad][0xe8][0xee][0x91]weE[0xe7][0xfb][0xa6][0xac][0xf8]FN[0xe6][0x84][0xad][0x90][0x1a][0x19]A[0x7]h[0xea]c[0x94][0xb4][0xac]k1[0xef][0xdd][0xc8][0x3][0xc5][0xf]_[0xa1]{[0x4]3Gwb)[0xfd]B[0x9]SP[0x13][0xdb][0xdb]$[0x93][0x15]cJx[0xf9]3T8[0xd1]F9[0x10][0xaa][0x9a][0xe1][0xb1][0x99];[0x13]xJ[0x9][0xf0][0x83]1m[0x8][0xeb][0xa9][0xe1][0xf2]@[0xb][0x5][0xa3][0x87][0xb2][0xaa][0xcc]+4[0x12]UM[0xf8]d$[0xe][0xa8][0xb1]16[0xec][0x3][0xbc][0xd6]g[0xbc][0xe6][0xab]y[0x91][0xc3] [0x12][\n]"
2020-11-26 10:40:54 DEBUG wire:72 - http-outgoing-1 << "<[0xda][0xc1]QB[0x93]|[0x87][0x92][0xb7][\n]"
2020-11-26 10:40:54 DEBUG wire:72 - http-outgoing-1 << "C\[0xc1]<[0xc1][0xd6]K[0x97]v[0x1d][0xce][0x1d][0xbf]+[0xd7]a[0xbe]o[0xca][0x8a][0x85]Tt[0x1][0x8b][0x17]$be[0xae][0xdf][0xb8]O[0x17]PZh[0x15][0xa3][0xa5][0xcc]5[0xfa][0xac][0xe1]BF%<Qr[0xd8][0xd4],+[0xd9][0xd1]7[0xe1][0xde]S|[0xe7]l~[0x1b][0xaf]qyT[0xf8][0xad][0x7][0xf7][0x93]Q[0xd4][0xdc]9-&1&[0xe7][0xce][0x16][0xe3][0xf6][0x12][0xb6][0xa8],-+[0x3]sh?[0x8d]nj[0xe1][0x15]S[0x9a]g[0xaf][0xe2][0x1b]N[0x9][0x9f]62k[0x12]^[0xc3][0xfa][0xba][0xa6][0xba][0xf4][0xa2]5$[0xfa][0x13]a[0xe6][0x14][0xe4]d[0x89]375[0x5][0x94][0xc5][0xcb]w[[0xc1][0xb4][0xb4][0xda]Q[0xe9]([0x87][0x9f][0x85][0xab]F[0x93]Ro^[0x12][0xbb].[0x1b][0x4]w[0xa1][0xb7]f[0xc5]k[0xfc][0x9f][0xba][0xe1]W[0xfc][0xe7][0x98][0xad][0x19][0xc2]([0x14]L[0xb9][0x8a][0xc5][0x10][0xdf]|s[0xca]$"[0x15][0xe0][0x1b]HC[0x14][0x90][0xa6][0x8][0x16]T[0xcc]@[0xd6][0xfa][0x86][0xd9][0xf6]N[0xba]>&[0xdc]+[0xd6]h_s-[0x8f][0xa4][0xa2][0x90][0x12]-[0xcb]1[0x8d]+[0xaa][0x9][0xb5][0x95][0xbb]%[0xb7]w0[0xb4]'[0x1a]xX[0xd7][0xf4][0xac][0xb1][0xf9][0xc9][0xcd][0xba]vDW[0x9c](8`[0xf4][0xf8]0t[0x87][0x94][0xea]$[0x16]R[0x19]M[0xd6][0x1d]I^[0xfa]S"#[0x15][0x2]N[0xd0][0x86]`[0xda][0x9][0xf][0xa6][0xa1][0x83][0xbc][0xc7][0x90][0xdd][0xb2]j[0x87][0xa3][0xb4][0x6]~[0x16].[0x81]+[0xa5]0[0xea];[0xc2][0xe2][0xb][0xbd]5'[0x16][0x9b][0x1b][0xb0][0xa5][0x94][0x91]0[0xd7][0x85][0x16]1[0xe2][0xb7]n[0xc1][0x87][0xbb]?[0xd7][0xfe][0xe9][0xce][0x15][0x83][0x9b][0x89][0xa6]k[0xc9]4[0x9d]h[0xc0]([0xe5][0xc1][0xb6][0x86][0xd5][0x8d][0x11]x[0x82]TUB7^[0xb6][0xbd][0x9b][0x94][0x5][0xc5][0xef]1[0x9a]?[0xd2]n[0xc][0xac]I[0xfa]O[0x13]V>[0xa1][0x1b]M[0xf2][0xe0][0xf][0xb7]o[0x8a][0x94][0xec][0x3]P[0x3]6[0xcc]^vl[0xc7][0xa6].[0xee]a[0xe2]5%a'[0x8a][0xdd][0x11]*[0xa7][0xf0][0xf2]+TC[0x82]b[0xdb]9[0x99]5[0xfb][0x8d]P4`[0xd7][0xba])ezL[0xe9][0xeb][0x12]^[0xa8][0xf][0xa4][0xaa]D[\r]g[0xcd]5YzM][0x4][0xa9]/[0xe6][0x93],p|r[0x1][0x90][0x1a][0x8b]\[0xa6][0x95]x2[0xbb]C3[0x16][0x89]"[0x1e][0x9a],[0xfe][0x4][0xa7][0xfd][0x97]?u[0xb8]ZNw[\r][0x18]>GT[0x82][0xb7]W[0x99][0xf7][0x10][0xb3]r[0xe7][0xb7]Y[0xe2][0xc6][0x91][0x8c]#[0xed][0xac][0x9b][0xf7]&A[0xb7][0xbc]aX[0xb1][0xed]^[0xe1][0xc4][0x4][0x15][0x99]k[0xb4][0x82][0xb5]s[0xff]9N[0xc8][0x9d][0xf9][0xe6]r[0xc0][0x86][0x95][0xf],[0x98][0xca]=[0xe9][0xf0][0x18]h[0xbd][0x9c][0x14],[0x9b][0x99][0xed][0xd1]zf[0x15][0xff][0x0])[0xe8][0xef][\r]=[0x1d]5[0xe5]5N[0xa7][0xc3][0x1]?[0xb3][0xdf]%[0xe5][0x8b][0x9e][0xfa][0x8c][0xef]=[0xa0][0xe7][0x85][0xde][0x9a][0x13]=[0x93][0xdd]f[\r]u[0xd4]T[0xe6][0xd5]Z[0x95][0xba]3[0x19]>o2[0xd7][0x8c][0xc4][0xc2][0xe4]e[0x95][0xb5][0xe7]-[0xa0][0x88][0x16]:C[0xa1][0xbd]:[0xb][0x13][0xa6]d$[0x10][0x8f]M[0xc9][0x86]L[0x84][0xdc]su[0xd5][0xac][0xa5][0x8a][0x1c][0xc7][0x93][0x9]e,`[0xbe][0xf9][0xa4]:[0x14][0xc6]E-[0xd8]_[0xc6][0xb5][0x82]pc,FA[0x18]Pv%[0x96][0xc4][0xc]I[0x16][0x1c]R[0xde]F[0xb5][0xb0][0xf][0xf9]m`[0x83][0x97][0xd7][0xe6][0xdf][0xcf]o[0xeb]c[0x9d][0xca][0x84]W[0x9f][0x9d][0xd7]Wz4[0x10]B[0xfc][0xf2][0x95][0x9d][0x4][0xc5][0xfb][0x13]a[0xf7]v7[0xa4][0xef][0x14][0xcb]+[0xaa][0xd0][0xb3][\n]"
2020-11-26 10:40:54 DEBUG wire:72 - http-outgoing-1 << "?[0xb]W[0xda][0xe7][0x1f]E?fC[0x9d][0x6][0xa7]5[0xa3]]z[0xa0][0x91][0x81][0xcd]B[0xf6][0x87][0xfc][0xfa][0xf4].RBW[0x8]4][0xae][0xaf][0x1e]P[0xe5][0x14][0xb4][0xeb][0x12][0xf7]Gt[0xf3]i*[0x99]'n[0x91][0x84]?[0x97][0xf8][0xa7][0xe1][0xec][0x10][0x14][0xc6][0xaf][0xb2],jr[0xa7][0xd9][0xdf]K[0x1a][0xc6][0xf5][0x16]n[0xa5][0xf1]qf[0xf7][0x5]V[0xa6]"[0x17][0xc7][0xf1]a[0xca][0x8d][0xab]Y[0xf5]EM[0xc5]T[0x9c][0xcb][0xea][0x9c]M[0xb6][0xc7]F[0x97][0xae])[0xc0][0xf9][0xbd][0xe2]q[0x95][0xd3][0xc1][0xfd][0x14][0x8e][0xd2][0xc2])[0x13][0xfa]T[0xec]}p[0xeb][0x8b][0xbc]5'[0x1e][0xd3][0x14][0x86]5[0x96]R[0xc9][0xd3]|[0xf5][0x8f]eqy[0xc6]>[0xc9][0xe5][0x1b][0xf][0xee][\n]"
2020-11-26 10:40:54 DEBUG wire:86 - http-outgoing-1 << "[0xbd][0x9a][0x17][0xd2]xx[0x7][0x19][0xa3][0xd5][0xc7]A8l[0xc6][0x96]d[0x1f][0x82]D[0xdf]DC7[0xa7][0x8c]s[0xb6][0xda][0x83][0xec]7[0xd1]"
2020-11-26 10:40:54 DEBUG wire:72 - http-outgoing-1 << "[0xfe][0xcc][0xcc][0xc1][0x13][0xc9]Q[0x89][0xa4][0xa9]6[0xe1]x[0xb8]u[0xe7]k3?'?[0x1b][0xbd][0xda][0xa8][0xfc][0x3][0x86]([0xb][0xcd][0x12][0x9b][0xce]~[0x8d][0xff][0xe]qR4-[0xaf]t[0xd6][0xe4][0xb8]1[0xc8][0x17]'/v[0x93]yY[0x9c][0xbc][0xd0][s[0xe2][0xa4][0xd9][0xb4]W[0xd7]^[0xb0][0xa3][0x17][0xca][0xde]6[0xdb][0xdd][0xd3][0xba][0x96][0xe3]1lQ[0xa7][0xcf][0xc]'[0xab]2S[0xd9][0x18][0xba]([0x8d][0xf6]~[0xdb][0xd4][0xde]Zw[0xf5][0xd6]][0x8c][0x99][0xa3][0xcf][0xf7][0xaf][0xd7][0xde]5[0x9a]v[0xa5][0xdf][0x8c]&[0xbb]i[0xbb]\([0xd5]M[0xea]&b[0xab][0xb9][0xa5][0x97][0xb5][0x8e]M[\n]"
2020-11-26 10:40:54 DEBUG wire:72 - http-outgoing-1 << "[0x9b][0x8f]G[0xfa][0xb3]V[0xd9][0xee]U[0x8f];[0x95][0x85].ef]9|eh[0xc6]j[0xd7]1h[0x19]f[0x13][0xc]o[0xb5]&[0x8f]Q+8[0x9f][0xc3][0x10][0xab][0xc4][0xf5][0x99][0xd1][0xf9][0xb][0x6][0x82]:[0xae][0xf6][0xf0]z[\r]s[0xfb][0xf4]+[0x98][0x99]0[0xf]|[0xf9]^[0xb9]lE[0x5]F[0xf6][0x81][0xb6]P[0xc0][0xda][0xce][0xec]t[0xeb]}[0x98]l[0x17]ykN[0x8c][0xc6][0xa2][0xc8][0x83][0xdd])[0x8d]j[0xa9][0xac][0x7]*[0xc][0x89][0x8a][0xcf][0xa0][0xec]R[0xf7]Z[0x83][0x97]&[0xdd]d[0xc0]![0xb9][0xf8]N~[0x93][0x92][0x1a]OJ)[0xff]2[0xa1]6[0xc0][0xc][0xe7]X)c>[0xe1][0xcb][0xe2][0xfc][0x9b][0xf2][0xb8][0xac][0x81]{[0xdc][0xf2][0x9f][0xdf][0xa3][0xc7]t[0xef][0x90][0x8e]i[0xa3]X[0xfb][0xcf][0xec][0x10][0xb3]<[0x3][0xc]6|[0xa2]m[0xf4][0xaa][0xaf][0xa7]P[0xb5][0x8].)[0x7]G[0xe9][0xa2][0xa0]0tR'[0xaa][0x82][0x99];[0xd6]b[0xd1]%[0xb9][0x15]^[0xbd][0xf3]:oY7[0x90])`[0xf5]][0xa2]9([0xc5][0xc0][0xb8][0xcb]+[0xaa][\n]"
2020-11-26 10:40:54 DEBUG wire:72 - http-outgoing-1 << "[0xe8]4N)-[0xf8][0xae][0xd0][0xfc]"o[0xcd][0x89][0xe6][0xd8][0x95][0x13][0x15][0x80][0xa1]=L[0xda][0xe1][0xc1]&[0xbc][0x19][0x9b][0xd6][0xb5]+z[0x1b][0xf1]{bQ)[0x81]Wn[0xc8][0x16][0x0][0x9f]([0xb1]0[0xc7][0xe6][0xf6][0xd1][0xad]p[0xfe]&Yh[0x81]{[0xb4][0x94][0x17][0x9d][0xe8][0xf3][0xe8]YT[0x16][0xc7][0xa8]5[0x9a]2[0xb1][0xf][0x8]k[0xae][0xe5]`[0xf0][0xe1]xd[0xdc]`[0xc5]TB:[0x19][0xca][0xe2][0x9f]D[0x7][0xf0]i[0x8c]E'[0x10][0x91]O[0xc6][0xe0]?[0xc][0xe9]:[0x9f]Krc[0xa3][0xf1][0xe2][0xf0][e:[0xa0][0xce][0x9c][0x8a]k[0xe6][0xe0][0x14]&[0xd1]r[0xb2][0xc6][0xe0][0x17]^[0xbc][0xe1][0xfd]bgi[0x99][0xb3][0xca][0xe1](-[0xcb]q1[0x9c]/v[0xfe][0xa3]8[0x83]S"[0x9][\r][0xd9]o[0x8e][0xc4]#[0x83][0x88]"[0x0][0xe1][0x81][0xda][0xef][0xb0]x%[0xeb][0xdd]S[0xb7]&[0x95]%,O)2[0x8c]_[0x82]54E.[0x2]#rO[0x18]S<n[0xf0][0xc1][0x8d]o[0xbe]AoC[0xed]M[0xf8][0xf9]o[0xf7][0xee][0xdc][0x13]%[0xe2][0xe6]34[0xf]MQ-x[0x9e][0x1][0x16]$[0xc8]F[0x1d][0xe6]p?[0xea][0x1d]H[0x1e][0xb]~[0x8f][0x9d]1[0xe8][0xcf][0x6][0x3][0xb][0x90][0x89][0x1f]?[0x99][0xc6][0xa6][0xe4][0x1e]?|[0xe0])[0x11]<[0xaf][0x8c][0x9f][0x1f][0xa5][0xa3][0xa9][0x81][0xbe][0xdf][0x97][0xfd]o$[0xc5]X[0x0][0xd3]&W[0xf7])-[0x1f]%[0xe3]A[0xf][0x82][0x91][0x2][0xd1][0x8a][0x9d][0x99]od[0x9c][0x96][0xbf][0xcb][0x1c]}[0xc2][0xdb][0x94][0xec]|[\n]"
2020-11-26 10:40:54 DEBUG wire:72 - http-outgoing-1 << "v[0x2][0xe1]/[0x2]B=[0x1b][0xc0][0xb2][0xe0][0xfd][0x9f][0xab][0xfe]c[0xcd][0x8f].[0x2]ew[0x11][0xd3][0xf8][0xb8][0xd4].[0xf7][0xfb][0xda]#[0xf7]O[0x15][0xdf]7[0xd6][0xbb][0x9b][0x1d][0x89][0xdc]f[0x9b][0xf4]o[0xdf][0x2]f}[0x9b]j[0x2]$s[0xd4]y[0x8]D[0xa2][0xe7]d[0xa7]5[0x8][0x16][0x17][\n]"
2020-11-26 10:40:54 DEBUG wire:72 - http-outgoing-1 << "[0x2]e[0x3][0xd7]JmOx87[0xf][0xa8]M[0x94][0x95]Pcc[0xca][0x8b][0x9e][0xc2]/zu[0x8][0x17]m[0xc1][0x15][0xb1]h[0xab][0xbb][0xa1]S[0xc8][0x1]OL;[0x1b][0x1][0x9d][0x9]5'Z16F[0x8f][0x8e][0xf2][0xd4]{[0xec]\[0xae]m[0xf4][0x80]jV[0xf0][0x85][0xaa]1x[0xfd][0x84]q7[0x9a][0x4]m[0xff][0x14][0xb][0xc]$A[0xcb][0xb9][0xe][0xde][0xfb][0xf0]_[0xf9][0xfa]([0x83][0x15][0x9d]6[0xeb][0x99][0xf2][0xff]/[0x98]uo|[0xaa][0xf8][0x10][0xf2][0xef][0x1d][0xa5]y'[0xe0][0x83][0x1][0xcf]|[0x87][0xd8]x[0xc7][0xb3][0x81]$[0xc5]Wm[0xa9][0xcb]/[0x8a]sQ,[0xc4]y7rE[0xbb][0x1c]|[0xa2][0xcb]l[0xe9][0xfc]"[0x93][0x14][0xde][0xb1]7a7[0x95][0x12][0x18][0x5]|[0xe3].[0xed]>[0xf8][0x80][0xc1][0x1a]}QPgs[0xa5][0xf6][0xa3]&c[0xb7][0xc2][0xac][0x15][0x5][0xe8][0xad][/A?[0x11][0x89][0xcd][0x5]N[0xc9]7>U[0x16]:9_P[0xd3][0xf3]'N[0xc2][0x82][0xb][0xa6][0xe7]+[0xe1] [0xd6]&[0xe2][0x9b][0xe7][0xbc][0x88]kaJlY[0xe9][0x9][0x2][0xf1]([0xfe]1[0xe6][0xeb]5[0xe7][0xca][0xeb][0xd3][0x87]J[0xe8]@[0xa8][0x9f][0xbc]h[\r][0xe][0x3][0x9d][0x8d][0x81][0xa9][0x11][0xeb][0xa1]J[0x17][0xd6][0xe4][0xfa]%e&J[0xdb][0xd5]gV[0xf8]Kx[0x19][0x13][0xa2]J[0xf4][0xd4]S[\r][0x91],i[0xfc][0x98][0xcf][0xfe][0xdb][0x12]Gie[0xcb]O[0xbf][0xfb][0xb1][0xb1][0xa1][0xfd][0xe9]oK[0xaa]KyR?a[0x1e][0xa6][0xdf][0xec][0xbc][0xc0]i[0x95][0x99][0x1]6[0xd4][0x7][0xdc]^[0xef][0x1c]+T[0xc6][0xbe][0xe9]s[0x6],H[0x81][0xed]O[0xdf][0xc3]a[0xd7][0xb5]}R[0xd2][0xde][0xd8][0x8e][[0xa0][0xad][0xdf]~(Z[0x12][0x0]Q[0x9d]y[0xc9][0x16]{[0xc8][0x9f][0xcb]D[0xb8]?}[0xff][0xb4][0xc1][0xa0][[0xc0][0x83][0xac]8[0x0][0x8f]>m@[0xe0]X[0xce][0xdf][0xf8][0xf6][0x93][0xcf][0xf9];[0x8c][0x8a][0x15][0xd7]o[0x9b][0xdf][0x9f]{[0xd6][0xd6][0xc6]'O3L[0xcb][0xbf][0xfe][0xe4]s[0x3]=[0x9][0x81][0xc8]M[0xf9]j[0x7][0xb][0xf2]rZ[0xe7][0xc1]"aT[\n]"
2020-11-26 10:40:54 DEBUG wire:72 - http-outgoing-1 << "'f[0xae][0xc1][0xef][0xd7][0xd4]X[0xf7]5[0xe5]`[0xe0][0x1a] [0x9][0xb7]#[0xa2][0xe6][0xb0][0x16],[0x5][0x82][0xc5][0x1c][0xa2][0xc4][0x9b]D[0xb]g[0x8e][0x14][0xa8][0x8c]m[0xef][0xa0]A[0xcf]s[0x93]2[0x90][0xe3]?[0xa5][0x1][0x90][0x1f][0x80][0xb9]DB[0xda][0x1f][0x91]s[0x1a][0x9a]W~[0xac]71<[0x91]4[0x9f][0x98][0xc4][0x9c][0xf2][0xe][0x92]EX2[0xde]5[0xf8]`[0xc9][0x8e][0xc7]?[\n]"
2020-11-26 10:40:54 DEBUG wire:72 - http-outgoing-1 << "[0xa3][0x8c]C*[0xe3][0x1f][0x87][0x3][0xca]`[0x1f][0x18][0xff]i[0x4]DGe7[0xd6][\r][0x0]2[0xff][0xd1][0x94]ro[0xc1][0xdc][0xc][0x1b]w^n[0xe3]N[0xbb][0x8d][0xf3]-[0x13]u[0x8b][0x92]=[0xc4][0xdc][0x84][0xd8]AB5[0x1f]p[0xda][0x16][0xf1][0x86]d[0x9]7[0xcf][0x86]G[0xd0][0xb1][0xcd][0x9f][0xa5]9[0xc0][0xce]@=04[0xab]/[0x1c]b9[0x86][0x9e][0x1d].`S&[0x0][0xd3][0x82][0x8b][0x5],[0x1a][0xa4]F[0x97][0xf4][0xf1][0x19]Q4[0xc1][0xff]F[0x89]xI[0xc7]W[0xe7]vy[0xe9][0x82][0x8c][0x10]4[0xeb][0xa6][0xb8][0xe3][0x8e]&s5[0xe][0xdc][0xe3][0xd9]k[0x16][\r]*[0x91]a0na[0x89][0xe2]8[0xa8]*D,[0xc0][0x1d][0xef]Q[0xe6][0xdb][0xa6][0x1b][0xfb][0xf4][0xf5]q[0xee][0xa9]L[0xf8][0x94][0x17][0xf3]f[0x8])[0x87]>}f[0x95][0xc]jm[0x12]l[0x99][0x9d][0x94]%[0xf2][0xd1][0x14][0xac][0x82][0xe8]q2[0x81][0xe0][0xc1]+[0xdc][0x90][0x0][0xb1][0xaf][0x17][0xf4]K[0x83][0x0][0xd9][0xdc][0x92][0xb2]0[0xc][0xcc][0x19][0xbe][0x91][0xde]i[0xd9]'[0xa9][0xb0]$[0xb]J[0x9f][\n]"
2020-11-26 10:40:54 DEBUG wire:72 - http-outgoing-1 << "[0xb1]s/[0x88]F[0xb1]VP[0xc1][0xbd][0x3][0xd6]2[0x10])[0xb]%[\n]"
2020-11-26 10:40:54 DEBUG wire:72 - http-outgoing-1 << "[0x10][0x1b][0xa1][0x8][0x86]Dh[0x98][0xf9]4[0x95][0xc5]5[0xe5]$[0xa8]-[0xaf][0xa9]'[0xd1][0xb4]9[0xbe][0xb8][0xad][0xf4][0xaf]i[0xcb][0x9b][0xe2][0xd2]z[0xc4][0xa7][0x6][0xb6]-[0x83][0xfb][0xc1][0xde]I[0x94]([0x11]j[0xac][0x1d]Q[0x98]?[0xa6]1[0x8d]zWs&[0xa6][0xd1][0xd8][0xdc][0xec]jM[0xd2]M[0x8a][0xfd]][0x92]Zo[0xc4]L[0x13][0xff]d*w[0xe1]nn{[0xea][0xfe][0xd1]R[0x97]$[0xab]t[0xc7][0xe5][0xc0][0x1f][0x5][0x9f][0xa9]kj[0xff][0x97]O[0x12]B[0x84]([0x84][0xb2]S>)1[0xcf][0xd6]b![0x91][0x84])[0x8e]O[0x1b][0xce]o[0xe4]J[0xe1]c[0xe0][0xbe]l[0x15]=[0xe8][0x82][0x14][0xcf][0xe7]0o)[0xda][0xcb][0xd6][0xbb][0xb0]Fa@[0xb8][0x8e][0xb0][0x1a]^[0xc4][0x83]2[0x16][0xe9][0xb9][0xdb]0[0xa0])1^[0x99][0xdb][0x8f][0x9f][0x9d][0xa3]7([0x91]/[0x87]i([0xe1][0x9e][0xf8][0xc9]6;[0x1d][0x83][0xf9][0xcd][0xb][0xc0][0xb1]<[0xf][0x9f]4ra[0xdc]F|Jp8~6[0xa7][0x8f][0xfa]pU[0x9e][\r]cI[0xc4][0x0]y[0xb9][0xac][0x5]}v^|[0xc9][0x89][0xc6][0xb0][0xcb][0x13][0xdb][0xb6]V[0x1f][0xb1][0x16]A[0xb1][0x3][0xb0]3[0x3][0x80][0xe1]M[0xfa][0xca]4[0x8b][0x8e][0xa5]B[0xf7][0xe1][0x9d][0xdb][0xd7]E[0x85][0x0][0x10]aBO[0xe2][0x1b]@[0xd8]y[0xbd][0xda][0xe1][0x9e][0x88]a[0x18][0x1b][0xe2]q[0xc8][0xdd][0xd8][0xd4][0xe3]d[0x16][0xa9][0xf1][0x98][0x7]f[0xc4][0xa2][0xf0]$[0xb6][0xf0]XX&[0xbf]5O[0xc4]E[0xfe][0xa1][0x1d][0x85][0xd9]Y[0xf]E8c[0x84][0x1b][0xff][0x12]&WW[0xa3][0xf1][0xd3]s[0x11]Y[0xcf][0xdf][0xa8]w[0x9f]bD[[0xe0][0x88][0x9d]M[0xc1]K1^[0x8d][0xb3][0x3]^{[0xda][0x3][0x16][0x13][0xe5][0x4][0x89][0xc4]][0x9e]I[0x84][\n]"
2020-11-26 10:40:54 DEBUG wire:72 - http-outgoing-1 << "[0xe][0x83]fD[0x94]H[0xc6][0xb2][0xb2][0xbd][0xcf][0x8e][0xf7][\n]"
2020-11-26 10:40:54 DEBUG wire:72 - http-outgoing-1 << "[\n]"
2020-11-26 10:40:54 DEBUG wire:72 - http-outgoing-1 << "[0xcd][0xb2][0xc][0xd0]$[0xc2][0x4][0xbc][0x0]f[0x97][0x3][0xa0][0x18][0xb4]a*[0xf4]F[0xad][0xea][0xf0][0xfc]a[0xf3][0xc4]J[0xc0][0xd8][]4[0x90]W[0xf1]{[0x10]|[0xc4].[0xf9]5[0x8f][0xf2][0xd2][0x3]c[0x11][0x82][0xdb][0xbd][0x19][0xf9][0xe][0xb9][0xaa]R[0x98][0xe][0x5][0xb8][0x88][0x84][0xab][0x84]7S[0x8d][0xcd][0xc4][0xa3]>[0xbd]o[0x8]>[0x3]_F[0xef]}[0xa2]h-[0x98][0xce]x0s[0xfb][0x18][0xe]>[0x81][0xb1]8[0xf0]Y[0xeb][0x9c]U{[0x8][0xa9]9[[0x9f][0xdb]W[0xa6][0x3][0xca][0xf4]YA[0x81][n[0x5].[0xa7][0x8]X70e2[0xcc][0xa9][0xe5]B*[0x88][0x11]Q[0x9]I[0xce]=[0xca]~[0x2][0x85][0xa6][0xf6]i[0xc][0x0][0x15][0xe][0x87]`[0x96]([0xa0][0xfb][0x1a]5[0xb1][0xa1][0x9]5z[0x9e][0xa4]F[0xff]+0M0Q[0xf1][0xcd][0x0]0[0x1e][0x1a][0x8b][0xe][0x8c][0xb3]nv[0x12][0xe5][0xb4][0xbd][0xa2][0xee][0xaf][0xa0]@[0xe2][0xc5][0xb2]h[0x14]Lk:`[0x8a]ICB1[0xad]<[0xd1]&[0x2][0xd3][0x8b]XdR9[0x8]j[0x1b]>[0x80][0xac]vv[0x6][0x12][0xd4][0xf9]Y[0xc5][0x8f]h*[0xbd]].( +2`)i[0x99][0xa0][0x1c][0x3][0xd7][0xc9][0x8d][0xa5][0xf4]$[0xd5][0xfb][0x4]qOAM[0xf4]%e[0xdc][0x81][0xc1]*[0xb2]E[0x13]<"[0x1e]{[0x8b]\y[0xb5][0xf]v[0xaf]/[0xbc]`[0x91]H[0xf2]6[0x94][0xde]{[0xd0][0xa3]D[0x87]aH[0x5][[0x15]%6[0xb1][0x1d][0xee][0xe]f[0x1f]b>f[0xfc]t[0x6]T[0x1d][0xe1][0x9a][0xe1][0xa6],2tN[0x10]`[0xa7][0x1][0xdb][0x1]u[0x88][\r][0xf][\n]"
2020-11-26 10:40:54 DEBUG wire:72 - http-outgoing-1 << "][0x9a][0xb3] [0xcc]t[0xe1][0xcb])([0xe8]*[0xad][0xa0]#[0xd5]|sY[0x19]X[0xa4][0xea][0x87][0x4][0xa5][0xc]8H[0xec][0xc7]X =[0x9d]R[0xb9][0xc3][\n]"
2020-11-26 10:40:54 DEBUG wire:72 - http-outgoing-1 << "g[0xf3][0xb4]tw[0x86]E[0x8][0xa2][0xeb][0xda][0xf9]4[0xb],[0x8a][0x99]HY[0xdc][0x9d][0x2]C[0xc2][0x98]U[\r][0x84][0xd9][\n]"
2020-11-26 10:40:54 DEBUG wire:72 - http-outgoing-1 << "[0x96]b[0xa5]R[0x8c][0x82][0xf9][0xfa][0xc7]t[0xcf][0x12][0x80][0x3][0x13][0xe3]|[0xaf][0xd8][0xcc][0xe6][0xdf]<[0xf3][0x89]U,0o[0xe4]o[0x9e][0x5]|2[0x12][0xc2][0xea]C49O[0xde]0Wu$6[\n]"
2020-11-26 10:40:54 DEBUG wire:72 - http-outgoing-1 << "[0xcb][0x10]_[0xfa][0x86]Y[0xff][0xa2][0x1a][0xe8]+([0x88][0xab]L [0x16][0x92]U[0x8]?[0xea]C[0xcd][0xed][0xe6][0xe8]:u[0xb7][0xa6]`[0xe5][0xdc][0x8][0xb]Z[0x94])[0xe8]O[0xb0][0xd1][0x84]MH[0xd3][0x18][0x11]v[0xd4]"[0x0][0xa4][\r][0xc6]N[0x8d][0x87][0xc8][0x87]E[0xc3][0x11]:[0xa7]+[0xb0]g[0x8c][0x2]Y[0x9b][0xc2]|[0x97]^[0x10][0x83][0xe3][0x8a][0x3][0x99][0xef][0xbc][0x1f]x[0x1f][0xd7][0x10]L[0xc6] [0xd7][0x13][0xb0][0xcc][0x13]g[0xaf][0xe8][0x9e][0x9e]:$[0xb9][0x84]_[0xbe][0xc][0xe8]3[0xaf][0x10]1[0xfc]C[0xfa]J[0x8f]>[0xbd]k[0x88]{[0xb3]J[0xa7][0xc]v[0xaa][0xb1]-us[0x8f]BO[0xb4][0xb3]1sTu! ^[0x9d][0x81][0xb1][0x9a]W@[0xc5]<3 5y[0xe6][0x93]j[0x11][0xf7][0x94][0x90]@Q[0x96][0x96][0x81][0xb1][0xe1][0x9f][0xb8][0xe1][0x8a]jQ[0xec][0xc8][0x8a][0xe3][0xa0][0x18][0xb0][0xce]Y[0xe4][0x16][0xa1]Yt[0xc6]a[0x88]Yx[0x1d][0x9d])N3[0xbf]I[0xf2][0xca]x[0x83]y=[0x94][0xcf]I[0x8e][0xf1][0xfd][0xee][0x99]:[0xd7][0x8f]9[0xbf][0xbb]g[0x86]S[0x94]$[0x12][0x80]O[0xd9]Z#"[0xc4]Q[0xfc]O[0xd4][0x93][0xe]}[0xcd][0x9]_[0xf][0xb][0xbe]TWFXPh[0xb]9[0xa1]l-[0xf3][0xe6][0xce][0xa6][0xf2]Z[0xd4]][0xf4][0xa9]Y4n[0xee][\n]"
2020-11-26 10:40:54 DEBUG wire:72 - http-outgoing-1 << "F[0x82][0xa8]~m[0x82][0xaf]Y{$eW[0xfe][0xc4]3[0xbe][0xc7][0x99][0xf9]=[0xf1][0xd3]y[0xe4][0xc0][0xe1][0x9][0xd2][0xf9].[0xf9][0x92][0xb2],/[0xe1]R[0x95][0xcc][0xdf]D%[0xdb]\[0xef]Ix[0xc0][0x9e][0xd7][0xb5]>il[0xbe][0xca][0xdd].[0xbf]-qTTr[0xaf][0x97][0xdd]"[0xca]sA[0xd4],x/[0xb9][0xd9][0x8a],[0xef]![0xb1][0xc0]5x[0x92]l[0x97]|Oe[0xe6][0xf7][0xa4]K[0x88]K[0xbe][0xa7]*[0xcb]~Vg[0x13][0xd5]n[0x90]Y^[0xf2]%[0xd5]Y6[0x93]F[0xe0][0xb9]H/K[0x91]D[0xb0]_[0xf9][0xe5]vrXN[0xde][0x7][0xcf]f[0xd2][0xd8][0xb1][\n]"
2020-11-26 10:40:54 DEBUG wire:72 - http-outgoing-1 << "[0xe4][0xff][0xdf][0xde][0x97]vGq$[0x8b]~[0xe6][0x9e][0xf3][0xfe]CM[0xd9]X[0xd2][0x91][0xd4]Ku[0xb7]V[0x10][0xc7][0xc6][0x9e];[0xdc]7w[0xc6][0xf7][0xda][0xf3]><_[0x1f][0x9d]^J[0xea][0x82][0xde][0xe8][0xea][0x6]I[0xc][0xef][0x88]]l[0x12][0x98][0x1d][0x9][0x3][0xb6]Y[0x8c][0x8d]X[0x8c][0x8d][0x90]@[0xfc][0x97][0x19]Uw[0xeb][0x93][0xff][0xc2][0x8b][0xc8][0xcc][0xca][0xca][0xaa][0xae][0xaa]^$[0xd9][0x9e]s[0xcc]"uWeFFFFFDFFF.[0xf2][0xe5]#[0xa2]b[0xaa]u[0xc6][0x95])M/d[0xe2][0x93]CR.[0x9f]S[0x87][0x5][0xc1][0xd8][0x9a][0xf][0xd5]e[0x1].l[0x89][0xfa],[0xc0][0xc9][0xf1]SL[0x8]J[0xfd][0x9b]6[0x7]!wL[0xfa]e[0x4][0xf5][0xcf][0x8d][0x89]@[0x1][0x11][0xb7][0xb5]7k[0x8b]X[0x3]f[0x9e]P[0xe1][0x11]s[0xc4][0x9c]x[0xc8][0xef][0xe9][0xa1][0x91][0x98]uI2[0x9b]B@[0xa9][0xb3][0x4][0xe8][0x86][0x97][0xa9][0xf4]i[0xf3][0xc2][0xb][0xda][0xfc][0xfa][0xfc]K4[0x9f][0xe7]Wi[0xb9][0xf6][0xda][0x8e][0xb8][0x19]z[0x84][0xc4]f[0xbb][0xf6]}$[0xd6]s[0x87][0xaf][0xb6][0xf5]v[0xc5]E[0xe][0x9d][0xd9]$?9[0x6][0xf0][0xb1][0x86]y:)[0xfa][0x8e]e'%%[0xda]kR\[0xe][0xd0][0xe]0g=[0x11]`[0xf6]Q[0xa6]2[0x8d][0xec][0x93] [0xa5])[0x12][0xf4]p[0x83]'[0xb1][0x85][0x8d][0x17][0x98].rc[0x84]D#[0xfb]O[0xff][0xcd]l[0xcd][0xcb]+[0xd5]+[0xf7][0x18]2[0xf6][0x87][0xed][0xf5]Z43[0xa9] [0xa5][0xc7]D(d[0x93][0xd6][0xc2][0xb][0xe6]x[[0xb8][0x8d][0x8b][0xb]RhS:k7[0xbe][0xa8][0x81]^][0x9c]6fO[0xda][0xe8][0xcf][0xb6]s[0x85][0x17][0x9b][0xd2][0xfa][0xa0]K[0xeb]L[0xa1]|s[0xbe]:[0x9d][0xb5].>[0xa2]k[0xc4][0xf6][0x88][0x1e][0xe]y[0xb6]G[0xcf][0xb3][0x98][0xed][0x11][0xd3][0x98]>b[0x8e]e:8+[0x17][0x8d][0xb][0xe7]aq[0x8e][0xcb][0x90][0x93]_8[0x91]h[0xe4][0xf1]t[0xdf][0xb4][0xd2]J[0xc9][0xa9]t[0xdd][0x86][0x15][\r][0x0]7[0x16]f\[0xb6][0xa8]l[0xe2][0xd8]{[0xef]j[0x83][0x9b]W[0x14][0x93][0xca][0xb3]S[0xbd]t[0xf1][0xb6][0xf6][0x6]O[0xc3][0xed][0xf9][0x94][0xde]C[0xc0][0xf1][0xdb][0xa4]},[0xd4][0xc1]5b4[0xa3]S[0x8f][0x84][0x8f][0x92][0x80][0xe8]'[0xc6][0x99];[0xc6][0x89]{[0x1c][0x19][0xa0][0xcc][0xf3][0xd5][0xda][0xd9]g[0xd4][0x80][0xc2][0x15]!Y[0x9f][0xd8][0x16][0x8e]+3[0x98][0x1f]j[0xe6][0xc2][0xfa][0x95][0xb7][0xc4][\r]0][0xf9][0xfe].w[0x89]T[0x9e].[0xad][0xbd]:[0xe1][0xd8][0xcf][0xf2][0xdc][0xb6]![0x83]3*&>[0x16][0xbd][0xcb].[0xac][0xcf]r 7[0xd2][0xff][0x4][0xae][0xb5][0x91]e[0xf7][0xd8][0x91][0x9c]V4G[0xba]G[0x9a][0xf1][0xa4][0xc3][0xb0][0xc7][0x0]v[0xa1][0xd6][0xe][0xb6]y.[0x6][0x98][0xf1][0xb2]d[0xc7][0x19][0xd3][0xcd][0xdd]X5[0x16][0x96]i5[0xbc]t[0xe5][0xc7]#ls[0x81][0xbc]U[0xa2][0xf0][0xd2]8q[0xbe][0xf6][0xe2][0x95][0xf8][0xd2][0xf6][0xd3]n [0x89][0xe1]V[0xf5]4[0x4][0x8c]G[0x13][0xe3][0xf2][0x88]#,[0xcb]9[0x85][0x9b][0xa7][0x9c]b[0xcb][0x89][0xcf][0x9f]rZ[0xd2][0x8e]a[0xc0][0xdd]wO[0xc0][0xf6][0xaf][0x1d]?[0xdd]<-[0xc5]Z[\r]hI[0x9b][0xa1][0xc9][0xed][0xd1]S[0xbf][0xfc][0xc0][0x96][0xbb][0x9e]<[0x7][0xdd][0x84][0x19][0xec][0x85][0xad][0x1b]z[0x9a]d[0xfd][0xe6]*[0xac][0xf3][0x99]`[0xf1][0xa0][0xf6][0xf2]6=[0x88]M[0xb3][0xb3][0xfc][0xba][0xe4][0x8d][0xb8][0x92]7b[0x91][0xf7][0xc8]9[0xe4][0x1e][0xb2][0xbc]h[0x81]I[0x85]Z[\r][0x8][0xbb][0xb6]|[0xe][0xef][0x1]}s[0x3]laQ[0x3][0xe2][0xd8],[0xde]e[0x8e]d[0xaa][0x89][0xa8][0xed][0x3][0xd3][0xff][0xcc]<m[0x80][0x86]!0[0xc2]>:R[0xbd][0xf3][0x82][0x6]wT/[0xfd][0xb4][0xfe][0xd5][0xcc][0xaf]K[0xd8][0xa8]+a[0xa3][0xe][0x19][0xc0][0xf][0xa1][0x81][0xd0]j[0x9e][0xbc]b[0xad]F2[0x80]^[0xb9][0xb4][0xf4][0x98][0xf2][0xfa][0x9e]OiL[0xc]cR"S[0x81][0x1f]kK[0x8f]p[0xf3]`[0xf9];47[0x8f][0xdc][0xdc]r[0x19][0xd0][0x9e][0x6]E[0xb5][0x97]S[0xf][0xea]Zn,[0xef]P[0xa4][0x95]/[0x1e][0x1b][0x8b]_U[0x16][0xa6]+W[0x9f][0xf2]E[0x4][0xfa][0xce][0x8f][0xfc][0xda]z[0x95][0xa0]DQ[0xd9]D[0x15][0x8a]^[0xb1][0xd9][0xeb][0xf0][0xf]U[0xe1][0xe3][0xb][0x95][0xcb][0xaf][0x8c][0xb9][0xeb][0xc6][0xc5]7[0xb5][0xb7][0x17]j[0xd3],[0xe6][0x9c][0xb9][0xc6]ar-[0x9d]b[0x1][0xe1]O/[0xd6]~|j[0xbc]~R{[0xf9][0x4][0x8b]][0xbc]F[0xd2][0x8a][0x1d]i[0xac][0x1f]M[0xb2][0x8f][0x1e][0xd0]R[0xce][0x8d]X[0xff][0xcb]([0xb0]&TR[0xf3]A[0xf2][0x13]C[0xb4][0x2]x[0x1f]E[0xdd][0x15][0x14]fSP,[0x9b]/[0x82]UI[0xd7][0x9e]##[0xc2]u[0x14]"JP[0x8e][0xde][0xc0]ar[0x2][0x9f]S [0x18][0xbe]<N[0xfd][0xf7][0x88]$[0xd5][0xe4][0xa8][0xbb][0xa1]J*^[0x8a]sL[0xf][0x0][0x9e]i[0x15][0x6]![0x90][0xcc]g[0x83][0xfd][0xe1][0xf0]X"[0xcd]~}[0xbc];[0x90]-D[0x99]i[0xeb][0xa2][0xb6][0x81][0xdc][0xeb][0xb7][0xbe][0x95][0xd9]p[0x8e]i[0x19][0x9c][0xfa]8[0x9a],U[0xf][0xfb][0x15][0xea][0xb][0xf7][0x87][0x94]X_[0x9f][0x10][0xca][0xc2]C[0xb5]([0xd7]bI[0xe3][0x9b]9[0xe3][0xf1][0xd7],[0xd6][0xb]d[0xd8][0xd2][0xb1][0xb5][0xd7]7Y4[0xdd][0xfc][0x97][0x95][0xcb][0xab]t[0x88][0xd8][0x1c]2[0xf3][0xe][0x99]!V[0xe][0xaa]0[0x96]i[0xbe][0xe7][0x7][0x8b][0x7]'[0x82][0x93][0x13]z![0xec][0xec]t[0xe5][0xcc][0xb5][0xda][0xe2]bu[0xf9][0x91][0xf1][0xe6]J[0xf5][0xf4])[0xd9][0x95]}M[0xe6][0xb0][0xc7][0xad]8z[0x9][0x90][0xaa]W[0xbf][0xe3][0x90]H[0xe6]m[0xf3]l[0x10]][0xf4][0xcd]\[0x87][0x2]x[0xd7][0xd6][0xd2][0x99][0x9f]_[0x9f][0xfe][0xe7][0xf4]Y[0xbc][0x94][0xe3][0xfa][0x1d]{[0xcf][0x1b][0xf6][0x5]Q[0xcb][0xa5][0x83][0xd9][0x9]}*[0x9d]pv[0xc7]X][0xc4][0xf3][0xcb]o[0x9e]A[0xf3][0x95][0xaf][0xee]W[0x8e][0xfd][0xb0][0xb6]t[0xba][0xfa][0xdd][0x1d]h[0xac]a[0xd7]"[0xfe][0x3][0xf8][\n]"
2020-11-26 10:40:54 DEBUG wire:72 - http-outgoing-1 << "w[0xb][0x8c]KG[0xaa][0xa7][0xcf][0xd1][0xee]9[0xe0][0xb7][0xd8][0x8d][0xa9][0xc9]d[0xa2][0x98]U[0x9c][0x1d][0xa8][0x9d]z[0x81]!9[0x8b][0xdf][0xc0]\Gw51[0xa0]af7[0xc7][0x88][0xfd]Q[0xe0][0xc5][0x1][?[0x0]`[0xe5][0xca][0xf7]<L[0xcc][0x15]8[0xd9][0x1e][0xbe][0xb3][0xb6][0xf2]=X[0xdc][0xc6][0xd3][0x93][0xb8]%|[0x1][0xec][0x97][0xef][0xd6]o[0xdd]m[0xb1]W[0x94]j[0xa0][0x82][0xc8][0xe9][0xf][0xfe][0xcd][0x96][0x85][0xc9]L[0xc1][0x84]][0x97]$[0xef][0x19][0xc8][0xee]>D[0xaa]/~[\r][0xa0][0x4][0xf6][0xf4][0xa7][0xc2]@4[0x12][0x1d][0x88][0xfa][0x8c]&[0x87]+[0x8c][0xa6]o[0xae][0xa8]V[0x7]7[0x95][0x8]&[0xa7][0xe8]a[0xef]\z[0xaa]T[0xf0][0x17]5X[0xac][0xad][0x8e]B7[0xc3][0xb1]~[0xbf][0x8e][0xf6][0xd7]w[0xd4][0xb8]u[0xd3]X[0x9c]aa[0xc9]3[0xb7][0x8c][0xb7]x[0x88][0xc9][0x1a][0xa9];[0xf7][0xaa]w[0x96][0xc1]p%[0x97]5[0xb6][0xdc][0xef]T0][0xce][0xa7][0xf2][0xb9]q[0x92]+<^.[0x95][0xb3][0xb9][0xe0][0xf6][0x8f][0xfa][0xb7][0xbf][0xdf][0xbf]}[0xe0][0x83][0xed][0x1f][0xc5][0xb6][0xbf][0xff][0xe1][0xf6][0xf7]#[0xf8]a[0xe0][0x8f][0xdb][0x7][0xc3][0xf8][0xe1][0x83][0x81][0xed][0x3][0xf0]$[0xba][0xfd][0x83][0xdd][0xdb][0x7][0xdf]'[0xaf][0xa0][0xd8][0x0][0xa9][0x5][0xaf]>@[0xe2][0xed][0xd2][0xb][0xbe][0xf4][0x1b][0xa8]>8[/_[0x1b]Ny_[0xda][0xb9][0xc3]lVf7[0xa9]nQ][0xd6][0xe9][[0xa1] [0xbe]'7Y[0xb9]hA4<[0xe8][0xad][0xcf]D[0x17][0xa0]1[0xd3][0xa4][0xa6][0xc6]O[0x4]r[0x98][0xde][0x1d][0xe5]r][0x14][0xd1][0xcd][0xef][0x8d][0x97][0x86][0xf1]?jh~[0xd7]4[0x9e][0xfa][0x17][0xef][0x9a]f[0x96][0xb][0xd7]EM`A[0xef][0xf6][\r][0x87]C[0xc1]p,[0x16][0xb][\r][0xf6][0xc5][0x6][0x15][0xf]T[0xcc]~C[0x95]0r[0xf3][0x89][0x87]x}([0xc9]![0xb8][0xe7][0xd3][0xf5]G[0xf][0x8d]W[0xcf]i[0x8][0x94][0xf1][0xe4][0xb][0xe3][0xc8])4[0x9a][0xdf].V[0xe7][0x1e]c[0xd4][0xc9][0xd7]'@[0xc5]T[0x97][0xdf][0xca][0xc][0xfb]P[0x98][0xe1][0xbc][0x11]`[0x84][0x18]|F4[0xdb][[0x9c][0xb2]A[0x9c][0xb3][0x91]h_$[0x1a][0x1b]l[0xd0][[0x91][0x17]a[0x91][0xc6]x[0x90]%[0x80]ag[0xbc][0xbe]8G[0xef][0xcc]4n[0x9d][0xc2][0x90][0xa4][0xe5][0x7][0xb1][0xd0]v[0xde]S[0x85][0xf5][0xb4]]@m[0xf6][0xb2]?<[0x18][0xc][0xf]*[0xe1]X4[0x1a][0xe][\r]4[0xe8][0xa4]#h[0xe4][0xf4]SXH[0x83]0[0x1a]Do[0xf8][0xc2][0xc];[0x8c]r[0xff][0xe8][0x1a][0x18][0x14]w^[0xe0]~7[0x8d][0xe][0xb9][0xb9]JB[0xb1]n[0xf3][0xbe]FX_7[0x8][0xaf][0xed].[0x87][0x83][0x8a][0x12][\r]E[0xf1][0xb0]y[0xa4][0x95][0x81]][Z5[0xce]|[0xe9]j[0x1a][0xd2]D[0xfe][0xc6][0xa9]ev[0xd2][0xd0][0x9e][0x8][0x83][0xf5][0x88][0xd6][0xe1]d[0x88][0xba][0xc]y[0xdb]M[0xd0][0xc2][0xed][0x92]$[0x12][\n]"
2020-11-26 10:40:54 DEBUG wire:72 - http-outgoing-1 << "[0x86][0x6]#!%[\n]"
2020-11-26 10:40:54 DEBUG wire:72 - http-outgoing-1 << "vq[0xa8][0x1]E0'[0xcc][0x8d]7t\j[0xab][0xf][0x8d][0x99][0xef]0[0xa4][0x84][0xf0]'E[0xe2][0x1f][0xd3][0xb7]0[0xcb][0xc0][0xc2]m[0xcc][0xa9][0xf0][0xfa][0xd1]{[0xf1]la[0xd8][0xb8][0x87]G[0xbe][0x8c][s"[0x1f][0xc4][0x18][0x1][0xea]![0xbe][0x97]I[0xed]/[0xe7][0x87]E[0xa8][0xef][0x15][0xc9]#_[0xc8][0xed]v?4[0x88][0x82]-[0x1a][0x1b][0x18][0x18][0x88][0x86]c-q[0xc4]l[0xe5][0xfa][0xa5][0xda][0x83][0xa3][0x95][0xab][0xaf]j3[0xb7]k[0xab][0xab]x[0x85]6[0x18][0xce]W[0xee][0xe1][0xdd][0xed]xY[0xd7][0xb9][0xda][0x8f]x`[0xb][0x17][0x9d]f[0xd6]Hv[0x10][0x91]8J91[0xfa]\[0xb9]a[0xa3][0xe0][0xdf][0x3][0x9a]1}[0xd0]p[0xa9]b[0xe9].[0xa7]z[\n]"
2020-11-26 10:40:54 DEBUG wire:72 - http-outgoing-1 << "[0xea][0x93]{5=]nU[0xfb][0x80][0x0]kN[0xf3][0x98][0x83][0x11][0x1e][0x4]-[0x13][0x9][0x82][0xa6][0x1][0xbb][0xb8]?[0xdc][0x17][0x8a]6[0x18][0xc][0xcc]H[0xb7][0xb6]t[0xb6][0xf6][0xe6][0x8d][0xb1]x[0xba][0x86]"[0x96][0xc5]A[0xc1]z[0xf0][0xd4][0xdc][0xfa][0x89][0xf3][0xd5]7[0x8b]u[0xea][0xe4]?>[0xfc][0xdf][\r]+[0x19][0xf3][0xab][0x95][0xab][0xa7]@[0xbb][0xf8]L+[0x81][0x87]"[0xe1]X0[0x1c][0x8d]F[0x94][0xa8][0x12][0x8d][0xf5]5[0x92]*[0xe8][0x3]^[0xbe][0xff][0xe7][0xf]>Y[[0xbe]H[0xaf]K[0xa0][\r][0xd5][0xa9][0x3][0xaf][0x82]C[0xe2][0x8b][0xca][0xf4][0xec][0xda][0xab][0x19]x[0xe7]3[0x5],[\n]"
2020-11-26 10:40:54 DEBUG wire:72 - http-outgoing-1 << "[0x87][0x6]Q[0xe6][0xf][0xc0][0xd2]c[0x10][0xc][0xef]P#v[0xa7][0xb9][0xae][0x19][0xb9]0V[0x7])[0xe6][0xc0][0xd6][0x14][0xe8][0xae]e[!$[0x8c][0x8]'c_[0x8][0x8][0x19][0xe9][0xb][0xf]4[0xb2]2h[0x8b][0xd5][0x99][0xef]k7[0xbe]c[0xe1]^D[0x8c][0x18]'o[0x18]'[0xee]}4[0xa1]&3[0xd0]8[\n]"
2020-11-26 10:40:54 DEBUG wire:72 - http-outgoing-1 << "[0xca]W[0xe4]&[0x17]X/[0xcc][0xaf][0xd6][0xee]>[0x14][0xc5]P[0xd4][0x86]}[[0xb0][0x9a]`[0x10][0xe0][0x8b] [0xa8][0xd9][0x81]H[0x8][0xaf][0x92]j[0xa4]jI[0xa2]9[0xe0]K[0x9a][0xbf][0x8][0xf]~_z[0xb4][0xb6]<o[0x9c][[0x6][0xe9][0xe8]&C[0x1b]Uh[0x86][0x85]#[0xd4][0xbe][0xb][\r]*[0xa1][0x81]H[0xa3][0x99]g[0xbc][0xc6][0xc0]uL[0xc3][0xf4]l[0x9a]r[0xe6][0xda][0xca][0xd9][0xea][0xca][0xf9][0x9f]_[0xdf]\[[0x99][0x6]~[0xac][0x1c];a[0x9c][0xfc][0x11][0x98][0x1][0xf3]7[\n]"
2020-11-26 10:40:54 DEBUG wire:72 - http-outgoing-1 << "[0x85]w[0xd5][0x89][0xbc][0xf6]AmX[0xb0][0xc5][0xf5]}H[0x80]V[0x5][0x9b][0xb1][0xb4]T{p[0x84][0x86][0xf7]5-[0xdc]P[0xd3]([0xfd][0xc1]p([0xdc][0x7][0xf6][0x7][0xfc][0xef]o[0xa4]i[0x96][0x96]i[0xff][0x99][0xf5]w[0xfd][0x9]_H[0xd1][0xeb][0xe8]o[0x1e][0xa7][0xb1][0xda]"C[0x98]2[0xae][0x95][0xca]M0[0x7][0xc5][0x1c][0xf0]V[0x6][0x7][0xc3][0xb1][0x86]:[0xd2]l[0x1c][0xb4]3[0xcf][0x0][0xc7][0xe2]x[0xef][0x1f][0x1][0x92][0x9a][0xdb]77i[0xaa][0xad]][0xf5]vp[0xab][0x10][0x9a][0xef]Clp[0x0][0x95]K#[0x6][0xa7][0xf6][0x8][0x89]`D[0xf7][0x82][0x99][0xfe][0x89][0x93][0x8f][[0x1e][0xbb][0xea][0x4]a[0xb]u[0x9b][0xc7]{0:0[0xa0]D[0xfb][0x1b][0x89]D[0x7][0xe5]8[0xcd]p[0xa1]D[0xd0][0xaa][0xcc][0xde][0xab][0x9c][0xc6][0x8c][0x86]f[0xa2][0x9f]zQ[0xd8][0x6][0x8c][0xa6][0xfb][0x11]Q[0x94][0xbe]A[0xb4][0xb9]6[0xd0][0xf][0xb6][0xdf][0x8c][0xd7]jc[0xb0][0x11][0x89][0xc9][0xd9]U'[0x13][[0x86][0xd0]|[0x1f][0xa2][0x91]HL[0x19][0xe8]k$$9[0x6][0xf4][0x10]P[0xed][0xa7]3[0x98][0x98][0x89]l3[0xd2]=#[0x1a][0x15]L[0xcf][0xa1][0xe3][0xdb][0xc5]W[0x98][0xca][0xeb]4[0x9e][0x2]0o{[0xbd]]'/)0/0tbc7[0xa7][0x1f][0xf8][0xc8]G[0xb2][0x8d][0xe4][0xe2][0xf7]hf[0xd3]GO[0xa6][0xf3][0xf9]L[0xbd][0x8b][0x83][0x4][0xff][0xfe][0x1d][0xbd]p[0xf].[0xd2][0x1c]}[0xbf][0xda]n[0xf]u[0x15]P[0x8c]`[0xfd],[0xe2][0xb4][0xa9][0xdb]>[0xe7]1[0xcc][0xe1][0xce]K[0x9c][0xd2][0xb7]g[0x8d][0xa5][0xa3],[0xf0][0x81]<[0x11]My[0xbc][0xa1]f[0xf1][0xa7][0xf5]k[0xf]1[0xd6][0x98][0xbf]"[0xe8][0xf1][0xc0][0xe4]=[0x9f][0x92]|[0xdf][0xdf][0xa2][0xf3]}[0xfe][0x5][0x6][0xaa][0xaf][0xbe]m[0xbc][0x15]D[0x7][0x3]c%[0xfc][0x1c]S[0xac][0x94][0xed][0x6]u[0xe7][0x81]=[0xc7][0xae][0xa6]'[0x9d](,[:[0xb][0xcc]^s[0xe1][0x1c][0x9f]d[0xb8][0xff][0xbe][0xfc][0xdc]es[0x99]v[0x9b]D:[0xac][0x1f]{[0x83][0xfe]9[0x9a][0xaa][0x8e][0xcb]E[0xe2][0xcf][0xc0]C[0xc]H[0x80][0xa7][0x8c][0x9a][0xd7][0xee][0xf3][0xaf]l\OOc[0xe4]=![0x1f]k[0xf1][0xe9]Ij:[0x90]Cj[0xd3]l[0x8a][0x13]4Z[\n]"
2020-11-26 10:40:54 DEBUG wire:72 - http-outgoing-1 << "[0x9a]o[0xae][0xdf]J][0xbf]Y[0x8a][0x1d][0x92]t[0xcc][0xb3][0xdf][0x84][0x13][0x8c][0xb9]G[0x80]{u[0xfe]E[0xed][0xc2]=[0xd2][0xbf][0xf3][0x95][0xb]_[0x1a]g[0xee]T[0xe7]o[0xff][0xfc][0x1a]&[0xed][0xca][0xfa][0xb1][0x87][0xf0][0x16]%[0xec][0x8b]Uz[0xd0][0x1f][0xa5][0xc1][0xcc]I[0xda]][0x9a][0xb0][0x0][0xcf][0x11][0x90][0xbb][0x84]9[0x2]l[\n]"
2020-11-26 10:40:54 DEBUG wire:72 - http-outgoing-1 << "[0x92][0xa3][0x7]x[0x13][0x2][0xf3][0x7]ln[0xbf]#u[0xfd]f[0x19]x[0xce][0xcc][0xd3][0xc4];[0x8e]~s[0xac][0xad][0x92][0xb][0xf][0xa1]";KA]w[0xb7]_[0x99][0xc1][0x8c][0x8f]i[0xc0];[0x18]z[0xc6][0xe2]9[0xb4][0xaf]I[0x9f][0xac][0xd3][0x90][0x4][0x2]+L"[0x86][0xb7]`h[0xa3][0xf5]][0xf4][0x8][0xb4]e]$[0xc][0x89]GGH_k[0x8b][0xab][0xb0]x$[0xc9][0x97]f[0xcd][0xb1]t[0x81][0x3][0xcf]A[0x16][0x90][E[0xbf][0xc3]<`[0x17][0xce]Q[0x91]A#+h[0x99][0xa6][0x8f]![0xd8][0xc3][0x8f][0xb][0xf6])?[0xb1]_[0x98][0xf0]bd[0xb6][0xf9]z4[0x9f][0x93]%[0xdc][0xb8][0xc0][0x94]`[0xb9]d[0xa6][0x9c]RMrd[0xc7][0x83][0x9]U[0xdb][0xab][0xe5][0xc6][0xe9][0x16][0xf1][0x88]q[0xee][0xda][0xda][0xf2][0xf7]L[\r][0xfd][0xdd][0xe][0xd6][0x13]DI[0x8b][0xe7][0x0][0x6][0xdb]e6[0xe3][0x9e][0xf7][0x82]E^[0xc0][0x94]<[0xdf]V^[0xdc]k[0x11][0xa2][0x9e][0x8e][0xe7][0xc6][0xd3]q[0x8d]a[0x85][0xfb][0x92]?[0xbe]l[0x11][0xc6]x[0x19]`L[0xa5][0xf3]e[0xb3]k[0xaf][0xde][0x1a]/[0xbf]l[0x19][0x11]57[0x5][0xff][0x19][0xc][0x9a][0xe2][0xb0]E[0x18][0x7][0xcb][0xd0][0x1b][0x13][0xc0][0xe3][0xfb][0x95]g[0xa7][[0x4][0x80][0x8][0x88]=Y?v[0xb1][0xf5][0x9e]Lh[0x1c][0x89][0xda][0xbd][0xb7][0xb0]ro[0xb1]~[0x12][0x87][0x4][0xc6][0xc5][0xc4][0xe1][0xca][0xdb][0xca][0xf3][0x1b]-[0xc2][0x0]&[0xb1]([0xf1][0xe3][0xac]q[0xfe]Z[0xcb]H[0xe4]s[0xe3][0xfb]-v[0xc5],g[0xcb]'[[0x4][0x92]#[0xdc][0xca]9[0xfe]|[0x1b][0x1c][0x9f][0xb6][0xb3]V[0xe5][0xd6][0xe3]vX[0xb]&^|*[0x8d]l[0xca][0xe0]To[0xff][0x80][0x7][0x14][0x96][0x8f][0xb7]L[0x16]`[0x90][0x14][0xc7]f[0xe6][0x2][0xa8][0xde]V{[0xa4][0x8e][0xa9][0xe6]t3.[0xcc][0xd4][0x8e][0xb6]:eKqm[0xb2][0xcc]G[0xd7][0xf8][0xe6][0x91]1{[0xbb]u[0x16][0xcd][0xf2][0xa9]f[0xcc][0xde][0x7][0x1][0xda][0xc6]t[0x9d][0xe4][0xf4][0xe4][0x82]p[0x92][0x8a][0xa2][0xca][0xf3][0x99][0xf5][0xeb][0xe6][0xec][0xe5][0xa2][0xb5][0xe0]mMa\[0x15][0xb5]6y[0xfb]^[0xfa][0x5][0x1a][0xa0]z[0x85][0x86]=[0x10][0x9d]a[0x8f][0x8f]a9[0xad][0xe7]W[0xc5]s%B[0x93][0x13][0xfb][0x9][0x92][0x96]60[0x17]'[0x98]|X'[0x97]r[0xc][\r]7+[0xc8][0xb9]iK[0xa4][0xb0]D[0x82]gw[0xa8]Y0o[0xe1][0x87])[0xe4][0xe3][0xed]7[0xe6]+[0xf2][0xad][0x86][0x98][0xec][0xdf]@CvM[0xc0][0x87]'[0xed]h[0xc9][0xd4][0x10][0x1b]h[0xc9][0xa1]/[0xcc][0xa6][0xc6][0xa7][0x9c][0x9d]bzdC[0x9d][0x12][0xb5][\n]"
2020-11-26 10:40:54 DEBUG wire:72 - http-outgoing-1 << "[0xef][0x94][0xb3]%S[0xdb]l[0xa0]%A[0xf7][0x98][0xcd][0x1c]t[0xd2][0xce][0xd4]I[0x1b]h[0xc6][0xa1][0xa1][0xcc][0xa6][0xa6][0x9c]=25[0xd7][0x6][0x9a][0xb2][0xf4][0x18][0x9f]8qG+[0xa6]~[0xdb]@+vm[0xc7]#Cug[0x98][0x16][0xdc]@K[0x82]N4[0x9b][0xd9][0x9b]s[0x8e][0x10][0xd3][0x95][0x1b][0xea][0x90]Ms[0xf2][0x1e][0xed]w[0xf6][0x88]i[0xd4][\r]4e[0xd3][0xaf]<[0xc0][0xa2]N6[0x9c][0xdf][0xb0][0x10]J[0xbb]N[0xd8]t[0xdd]4b[0xda]yC[0x13][0xd6][0xa9][0xab][0xf9][0xa4][0xdd][0xeb]lNP[0xe2][0x1b][0x1a]/A[0xa5][0xf3][0xd1]J9[0xbb][0xc6]T[0xfd]F[0x88]h)~N[0xc1]1[0xe7]X1[0x83]`#[\n]"
2020-11-26 10:40:54 DEBUG wire:72 - http-outgoing-1 << "C4[0xf][0xb8][0xc2][0x98][0xac]S[0x18][0xd4]l[0xd8][0x98]|[0xc8]:%[0xeb]D[0xd6][0xd9][0xe]3.6([0xc3][0xbd]M[\r]k[0x84][0x98][0xcd][0x11][0x17][0x16]v[0x1e]gI=[0xc][0x10][0x1e]\[0xca][0xaa][0xf3][0x10]Sn7[0xa4][0xa6]F[0xf3][0xe6][0xd6][0x87][0xed]iI+[0x99][0xbe]E[0xaa][0xf3][0x99][0xbb][0xec][0xf5]4[0xde][0x8f]D<f[0x8e][0xcd][0x8d][0x82]Ub[0x1f]w79[0xf7][0xd9][0x91]D[0xc2]F[0xfb].z=[0xc2]TfR[0x96][0x8a]j[0x6]&{~,[0x9f][0xc9][0xe4][0xf][0xd6][0xef][0xb7][0xd0]{[0xf4][0x90][0x1c][0x92][0x13]h[0x81][0xec][0xce][0x89]`[0xe9][0x93]f[0xc0][0xd2][0x9d][0xbd]n[0xf1][0xa2];[0xd7]6[0xc0][0x8e][0x10][0xc3][0xe3]v[0xc5][0xb5]f[0xa0]c[0xde][0x98][0x97][0xf7][0xd8]uz$[0x15][0xb3]+[0xf0][0x83]jB[0xc4][0x1e][0xbe]6[0x3][0xfc]O[0x9f][0xfe][0xe7][0x9f]I[0x9c][0xc3]|[0xd2]Mo[0x97]p[0x7]n[0xb]m[0xd0][0xcb][0x89][0xbd]j[0xb2][0x14],#[0xfe][0xc0][0x9c])u[0xc2]k[0x87][0xeb]o{[0x82][0xfb][0x88][0xa6][0xbd]m[0x1]p[0xb2]!\r3[0xa2][0xe4][\n]"
2020-11-26 10:40:54 DEBUG wire:72 - http-outgoing-1 << "2[0x99][0xc9][0x97]S")[0xc8][0x83]f[0x88][0xc1][0xaf]iq[0x85];[0x91]-[0x89]P[0xe1]k301r[0xe2][0xd1][0x17]ko.uWo?[0xa6][0xd1][0x82][0xe8]}[0xfb][0xe2]1[0x86][0xee]_[0xb8][0xd7][0x2]Q[\n]"
2020-11-26 10:40:54 DEBUG wire:72 - http-outgoing-1 << "Y[0x8b]*[0xee]D[0xc1][0xb4][0xae][0x97][0x8e][0xd0][0xeb][0xcb]\[0x1][0x97]T[0xdd][0xd6][0x7][0xfc][0xde]L'h0[0x10][0xc9][0xb0]p[0xa5][0x5][0x8c]3Z[0xae]<[0xd1][0x8][0xe9]?c[0xa1][0xb5][0xe5][0x8b][0xf4][0xe6][0x89]n [0xb]fb!|N[0xc6][0xb7][0xb9][0xa6][0xb2][0xf9][0x3][0x9a][0xaa]7j[0xab]r[0xf6]|[0xe5][0xe2]q[0xe3][0xf4][0xa3][0xda][0xea]Ek<[0xf0][0xc0][0xf5][0x9b][0x5][0xba][0x97]Q`{[0xbb]4[0x4][0x94][0x9][0xaf][0x85][0xa7][0xc6][0xad][0xe9][0xb5][0xa5]is[0xe4][0xfa]9[0xcc][0x8b][0x0][0x92]le[0xb9]r[0xeb][0x82]q{[0x16]L[0xbe][0xda][0xcb]'[0xeb][0xa7].VO]Y_[0xbd][0x81]!V'[0xbe][0xaf][0xdc]{[0x8d]~[0xc8]g[0xcc][0xcb][0xe6][0x4][0xb7]|[0xce][0xdc][0xcc]#[0xb2][0xd1]X:[0xca][0xe1]~[0xfa][0xc1][0x87]@[0x90][0xf5][0xf9][0x93]4[0x1d][0x92][0xb2][0xdb]X~[0x10][0xf1][0x4][0xb4]t[0xda][0x9]h[0xfd][0xee][0xf2][0xda][0xab][0xd3][0x0][0x8][0xbe][0xc2]g@mp[0xd0][0x98]{[0xb9][0xbe]rq[0xfd][0xdb][0xef][0xe9][0x85][[0xc6][0xc5][0xeb]?[0xbf][0x9e]a[0x9]V[0xee][0xbd]~[0xbf]r[0xe7][0xec][0xcf][0xaf]O[0xf3][0x6][0xaa][0x97][0xac]=[0xb9][0xf5][0xf3][0xeb][0x9b][0xd1]P[0xa8][0xb7]/<[0xd0][0xb][0xbf]Cf|[0xab][0x99][0xe8][0x95]od[0xf9][0x8b]~[0xb2][\n]"
2020-11-26 10:40:54 DEBUG wire:72 - http-outgoing-1 << "[0xfb][\r][0x89][0xfe][0xad][0x14][0x9c]~[0xc]d[0x8e][0x12][0xa1][0x7][0x8c]Roe[0xe5]![0xac][0x1a]Q@[0x9c][[0xee][0xa5]Cm\9[0x89][0xb7][0x1a][0x9f][[0x86]a[0xab]<[0xff][0x1]Fnmi[0x1][0xaf]y[0xb8]p~[0xfd][0xe8][0x12][0xf1][0xe7][0xb2]C[0x14][0xfc]Rm0&[0xb6]b[0xd8][0xe8][0x92][0xf6]74l[0xbf][0x8a][0xc6][0xde]T[0xde][0xd8]z[0xd5][0xb7]ej[0xfa]w[0x9d][0xba][0xe5]:[0xf5]7[0xa7]R[0xcb]Z[0xaa][0xa1]B[0xa5][0xb7]C[0xc2][0x10][0xd4][0x1e][0x9c][0xa6][0xc4][0xb7][0x98][0xa8][0x9]YH[0x85][0xc][0xaa][0xbe][0x1f][0xef][0x13]A[0x87][0xa2][0xb0]6[0xf3][0xc8][0xf8][0xe6][0xc5][0xfa][0x95]S[0xf0][0x1][0x93]r[0xbe]|[0x12][0x1e][0x0][0xed][0xb5][0xb6]tj[0xfd][0xfe][\r]z[0xc3]{e[0xe9][0xc9][0x96][0xa8]*[0xe2][[0xfb]][0xe6][0xfd]+.$6IB[0xfd]b[0x2][0xaa][0x19]K[0x81][0xb0]#[0xcc][0xe]4[0x19][0x9e][0xa3]aX[0x9d][0xbb]c\8[\r]3"[0x86]3[0x2][0xcd][0x88][0xc5][0xd3]8#[0x8e][0xcf][0x19][0xf3][0x8f][0xb7]bFP[0x1f][0xf0][0xef]3[0xe2]_qF[0xfc][0xbe][0xb4][0xfe][0xd5][0xb5]u[0xeb][0xe6][0xc5]o[0xce][\n]"
2020-11-26 10:40:54 DEBUG wire:72 - http-outgoing-1 << "([0xe6][0x13][0xf9]R[0xc3]u5M[0x9f]O[0xae]*[0xc3][0xf4]*[0xf4][0xec][0x10][0xf7]U5![0xeb][0xa8][0xa0]AY[0xb7]x[0xb][0x85][0x1a][0xc8][0xba]+7[0xd6]0_[0xf4]9[0xb2][0x8]z\}[0xbe][0xc8][0x16]G'[0xbe][0x7]a[0x17][0x81][0x5]k[0xb8]_\[0x13]o[0xa6][0xd4]#[R[0xbf]K[0xbd]E[0xa9][0xb7]Ev[0xc0]/+7~[0xa9]I[0xf7][0xea][0xaa]q[0xee]Zu[0xe1][0x8]ex[0xf4][0x1c][0xad][0x1c]_[0xbf]q[0x14][0xfd][0xf][0xb7][0xbe]X_[0xbd][0x81][0xd9][0xf3][0xbf]8[0x7][0x9f]+$[0xd8]q[0xfd][0xc8]%L[0x1a][0xf5][0xec][0x94][0xf1][0x8d]-[0xf8][0x94][0xfa]"H[0x0][0xec][0xfc][0x16][0x19]"t[0xeb][0xf6][0xf7])[0xb9][0x85]Sr[0xab][0x94][0xfb]fM[0xf5]-[0x9b][0x92][0x8d]'[\n]"
2020-11-26 10:40:54 DEBUG wire:72 - http-outgoing-1 << "[0xe5]>[0x98][0x1f][0xb0]$[0xad]~[0xbb][0xc][0xcb]Od[0xc3][0xf3][0xb3]x[0x90][0x96]N[0x8b][0xa5][0xd9][0xca][0x89][0x19]x[0x8b]3[0xe6][0xc2]EX[0xcb][0xc6]B[0xd5]g?[0xc0][0x83][0xca][0x99]+[0xd4]I[0xa7]l[0x91][0xb2][0xa2][0xe1][0x6][0xbf][0xcf][0x8c][0xdf][0xfe][0xcc][0xf8]uuJ[0x1b][0x13][0xae][0xf1][0xc4][0xa0][0xcc][0x7][0xe6]+[0xea][0x9d]s[0xcb][0xb5][0xf3][0xa7]++[0xdf][0x1a]'[0x1e][0xa3][0xd3]&[0xd2][0x87][0x9b][0xe][0xd5][0x95][0xeb][0xeb][0x97][0xef][0x83]V[0xc0]-[0x86]Hot[0x8b]f[0x1][\r][0x85][0xf9]-[0xcf][0x82][0xad]t%o[0xc1][0xc][0xfb][0x15][0x99][\n]"
2020-11-26 10:40:54 DEBUG wire:72 - http-outgoing-1 << "[0xcd][0x92][0xf3]h[0x96][0xd0]A[0xc5]E[0xc1][0xf3][0x1f][0xd6][0x97]/[0xe1][0x86][0x16][0xd9][\r][0xa9].[0x5]+[0x2][0xbe]9[0x2]_[0xa9][0x88][0x95][0x80][0xbf]*[0xf7]^o[0xc9][0x92][0x80][0xc4]@[0xfd][0x86][0xf8][0xeb][0xd7][0xde][0xc5]z[0xf6][0xc][0x88][0x8f][0xa6]#![0xc][0x8e][0xd1][0xec]I<X[0x1]B[0xe0][0x1c][0x8c][0xd7]c([0x0][0x3][0xa4][0xa0][0x9b][0xea][0xc6]"^[\r]B[0x16]ot[0x97]k[0xcb][0x84][0x0][0x89][0x1e][0xfb]}[0x90][0xb8][0xd9]B[0xe9][0x1]S[0xe8][0xd6]#[0xe3][0xd6]-[0x1c][0x9b]{o+O[0x97][0xa8][0xcd][0x12][0xc1][0xc1]Y[0xbf]q<[0xc][0xbf]pw[0xf9][0xe7][0xd7]3[0xec]5[0xcd][0x9a]6[0xff][0x98][0xa6]3[0xc5]}[0xec][0xe5]s[0x95][0x85][0xdb]X[0x90]lj[0x9f]&[0xa5][0xb7]f[0xb7][0xf8][0xfc]o=P[0xe8]w9[0xfe]k[[0xe3][0x94]Gp[0xb5]:[0xff][0xb0]v[0xe6][0x99]1[0xf7][0x94]h[0x86][0xd3][0xeb]K[0x18][0x85][0xd1][0x87]\[0xfa][0xec]v[0xed][0xec][0x1c][0x9e][0x9b]Z[0xfc][0x9][0x8]b<[0xbe]F[0xae];[0x9e]1n/[0x3][0xa4][0xad][0xb2][0xc4]i[0xa4][0xe7]o[0x9a]w[0xff][0xc5][0xbc].[0xbf][0xc4]|[0xd8][0xc2][0xe9][0xfc][0xb][0xce][0x9][0xca]{0'@[0x7][0x83][0xc0][0x7][0x8b][0x1c][0x15]3q[0x6][0x1]7FaN[0xe0][0x15]hw[0xaf][0x85][0x7][0xfa][0xd1]([0x9f][0x9f][0xaf][0xfc][0xf0][0xb4]r[0xed][0xa7][0xb5][0x95][0xaf]AQo[0xc5]d[0xe0]q[0xc8][0xbf][0xa1][0xf9][0xd0][0x4][0x1d]9[0xda]`{R?t[0xed][0xe9][0x8c]q[0xee][0x1a][0x8][0x96][0x8][0xee][0xb9][0x85][0xdf][0x1]C[0x6][0xd3]d[0xce][0xcf]W[0xe7][0xcf][0xe0][0xe][0xdd][0xc2]r[0xc][0xf5][0xe8][0xb5][0x87][fz[0x92]([0xeb][0xdf][0x12][0x19][0xd7][0x88][0xed][0xae]l[0xc8]P[0xa2][0xe6]:u[0x11][0x13][0xc8][0x3]w-L[0xd3][0xe0]A[0xb2][0xa3][0x8b][0xe9][0xcf]o[0xcf]b[0xe][0xc2][0x1b]'[0xb6][0x8a][0x9d]h4[0xfd]o[0x88][0x9d][0xb6][0xd6][0xc2]j[0xc2][0x9c] [0x4][0x81]A[0xa9]^[0xfc][0x9][0xa3]Q[0xce]-[0xaf]_{[0x83][0xcb][0x95][0xf9]7[0xb5][0x17]Kt[0xc5][0x12][0x6][0xf3][0xf7]}c[0xf9][0x1][0x9d][0xfc][[0xb5]~[0xa1][0xe7][0xf]~CC[0xf3]k[0x8f][0xc][0xa1][0x7][0x86][0x7][0xdd][0x9a]CC[0xf]V[0x95][0x18][0xd3]z[0x19]Cl[0xe7][0xbe][0x6]mF[0xb6]"[0x1e][0xd0][0xf9]B[0x93][0xda][0xd2]3[0xf1]}t[0xa5][0xb2]e[0xe3]D[0xce]o[0xfc][0x96][0xc6][0xa9][0x9][0xc5]v[0x1f]o5[0x87][0x5];E[0x1e][0x89]:}[0xab]r}[0x16][0xbb]0{[0xbf]z[0x15]]v[0x98][\n]"
2020-11-26 10:40:54 DEBUG wire:72 - http-outgoing-1 << "y[0xee]e[0xed][0xeb]+h6[0x10][0xdd][0x6][0x8b]BZ[0x1]CO[0x16]o[0x81]t[0x8a][0x0]a[0xb7]h[0xf1]GO[0xab][0xfc]k[0xd1][0x95][0xe2][0x8c][0xfe][0x8f]/[0xcc][0xa8]p[0xba]<9[\r][0x18][0x14][0xc9]I[0x96]!s[0x95][0xb3][0xe7][0x8d][0xf3]W[0xa9][0x9f][0xaa]][0xd1][0xce]R[0xec][0xd8]R[0xeb]4s[0x86][0x7][0xaf]sO[0xa6]C[0xf3][0x12][\n]"
2020-11-26 10:40:54 DEBUG wire:86 - http-outgoing-1 << "[0xc7]{[0xea]S[0xba]$[0xf2][0x13][0x1e]7U[0xe8][0x19]-[0xa5][0x8e][0x96][0xca][0x92][0xfd]r[0x1c]{[0xd2][0x9d][0x94][0xf8]f[0xdb][0x8e]?[0xf4][0xf6][0xd2][0xcb][0x11]jO[0x8f]U/?[0x94]z{[0xc5][0x8a][0xa4]+[0xe4][0xa3][0xf0]0n[0xc2]*[0x14][0xd5][0x3]r[0xfd]1[0xa9][0x3]y-[0xd5][0x19][0xea][0x92][0xc5][0x8b][0x3]l[0xf5]r[0xea]D[0xa9][0xe9]z[0xce]K,l[0xdf]hM[0xab]p0[0xf8]n[0xa7][0x1c] G[0xa7][0xa5]xO[0xc0]Ly!!g[0xc8]][0x81]dFK[0xee][0xeb][0x1c]+[0xe7][0x92]%-[0x9f][0xeb][0xec]:$T[0xdc][0x86]5[0x5][0x12]w[0x5][0xf0][0x16][0xfb][0xce][0xae]a[0xa1][0xcc]a[0xdb]7[0xac][0xc0]"
2020-11-26 10:40:54 DEBUG wire:72 - http-outgoing-1 << "[0xce]8[0xb7][\n]"
2020-11-26 10:40:54 DEBUG wire:72 - http-outgoing-1 << ":[\r][0x3][0xe5][0x9][0x1a][0x18][0xd9][0xd6][0xad][0x86][0x17][0xc][0xba]'n[0x1a][0xcb][0xe7]KjQq[0xc9][0xc8]D[0xdf][0x88][0xb9][0x81]|.![0xac][0xaf][0x97][0xc9][0x8f][0xe7][0x5][0xe][0xc5][0xfb]P[0xae]]CW[0xe3][0xe3][0xb]T[0xe6][0xdb][0x92][0xa6][0xd4]%[0x1d]r7[0xf7][0xac]SX[0xf6][0xf9][0x9f][0xdd][0xe7]s[0xbd]Y:+[0x1c][0xb2]7/X[0x11][0xf][0xd9][0xc3],v[0x1c][0xb2] 7[0x8f][0x99]Y[0xb2][0xb6]y#[0xa6]3[0xcc]`[0xbc][0xca][0xea]x[0xb9]U[0xcc][0x12][0x13][0xe3][0xe2][0xf9][0xff][0x85][0x87][0xd5][0xe5][0xb7]u[0xa8][0x19][0xe7]o[0xe2]][0x98]O_6[0x8b][0x14][0xc3])951I[0xf][0xac][0x8d][0x1f]LeZ[0xc0][0x8a]T[0xb4][0xd0][0x2][0x9c]`[0xd8]xVfvs[0xd7]M[0x96]l~[0xe9][0xd2][0xda][0xdb]Ex[0xb8]~[0xe3][0xab]V[0x89][0xb6][0xaf][0x9c][0xd2]r[0xe3][0x93]-Sm_JD[0xcf]xz[0xd1]8[0xce][0xa9][0x86]Cy[0xe2][0xe5][0xda][0xd2][0x91][0xf5]g[0xaf][[0xa4][0x17][0xb9][0x14][0xa7]U\[0xb0][0x8a][0x85][0xcb][0x9e]O[0xd9]ES4I5[0xb9]h[0x8a][0x93][0xaa]et&'[0x12][0xad][0xa2][0x83]UDt[0xe8][0xdd]N4+0[0xbd][0x14][0x16][0x9]t[0xe3]+P#[0xeb]G[0xef][0xdb]0j[0x9c]B[0xa8]~[0x8e]O[0xee][0xcf][0xec][0x15][0xe6]x[0xde]q[0xc8][0x94]([0x18]\[0x1c]]:bZ[0x4][0xdc][0xa2]0[0xe6][0xce]V[0x8e][0x9d]X[0xbf][0xb4]Z[0x99][0xbd]'<[0xa6][0x9]a+[0xb3][0xf]k[0xe7]/p[0xfd]I[0xe1][0x2]Z[0xa8][0x87]$[0x11] UD[0xce]&=l[\n]"
2020-11-26 10:40:54 DEBUG wire:72 - http-outgoing-1 << ".<[0xea]m[0x7]:[0xfd][0xb1][0x1c]e#[0xff][\r]q[0x1f]@t[0xf1][0xca]<8[0xde][0xa0]L[0xc7][0x9b][0xf]$[0xee]ac[0xd7][0xd0][0xce][0xb9]Cb[0xce]*[0x1f]@[0xa2][JL[0xf5][0xe9][\n]"
2020-11-26 10:40:54 DEBUG wire:72 - http-outgoing-1 << "[0xae][0xac][0xf9][0x3][0xfb][0xdb][0x1e][0xba]r[0xf6][0xe9][0x9b]}aN[0xed][0xb7]`[0x1d]$[0xd3][0xb0][0xb1]h[0xe]=4[0x8d][0xb8][0xa6][0xa1][0xc3]R[0xc6][0x1b]4][0xb4][0x88]][0x96]G[0xa0][0x2]{[0xdc]h[0x88][0xec][\r][0xd1][0xb1][0xf7]n[0x8b][0xbe][0x17]:[0xd2][0xe6][0xe1]b[0xef][0x9c][0x91][0xe2]qb[0xd2][0x8c][0xe3][0x88]q[0xb3]=)k[0xde][0x8d][0xd8]G[0xb7][0xcd][0xd1][0x9e],[0xfb][0xd0][0xc9][0xc1][0xd5]ul[0xde]D[0x1b][0xc8][0xf1][0xde][\r][0xd4]s[0xbb][0xdb][0xc]h[0xa2][0x99][0xa4]w[0x1b]$[0xd4][0xda][0x4].|i[0x2][0xaa][0xcf][0x8][0xf3][0xb8]hX[0x92]X[0x87]\Y+.A[0xd3]4\[0xda][0x14][0xac][0x8d]9[0xd8][0x97][0xb9][0xd8][0xf1]D1[0xae][0xd9][0xe2]2[0xe7][0xb3]&Z#[0xa1][0xce][0xde][\r][0x92] g[0x16][0xda][0xcc][0x9a][0xf1][0x89]{n[0x9e][0xba][0xe4]8[0xb1][0xf][0x89][0x85][0x83][0xc4]6*[0x93][0xa3][0xc4][0x9c][0xd6]>[0xc7][0x8d][0x9b]F[0x85][0xc4][0x82][0xfa]`[0xe2][0x1d][0x5][0xca][0xd1]hT[0xa4][0xa5][0xbd][0xa2][0x86][0x87][0xc2]x[0x12]z[0x8f][0xb3]a&Z[0xfe][0xef]}p[0xb2][0x84][0x9c]^P[0x93]Z<[0x13][0xa4][0x7][0x6][0x9a][0x98][0x11][0x8c][0xd5][0x9d]s[0xa1][0xe1][0xb9][0xc1][0xfa]&ih[0xbf]@[0xbf][0xd5][0x13][0xd3][0x2]A[0xb3]C4X[0xb8][0xd9]1[0xb2]#Qo[0xbc][0x15][0xe2][0x81][0xfd][0xfb]I[0xab]Y}[0xbc][0x98][0xda][0xf5]v[0x86][0x89][0x1f][0xad][0xac][0xe5]v*J[0xb8][0xbf]OQ[0x6][0xc3]1[0xf2][0xe8][0x13][0xad][0xa4][0xee][0x14]cr[0xc9][0xd3][0xff]Ts[0xe5][0x9d][0x93][0xaa][0xde]x[0x17]n[0xee], [0x84]S[0xf7][0x87][0x95][0xff][0xfa]/[0xb]6[0x18]y[0x14][0xfd][0x84][0x83]2[0x8d][0xd7]+[0x8][0x16][0x8c]i[0xb2][0x14][0xa1][0x1][0xc2][0xee]gJ@[0xca][0xfb]+[0xae][0x11][0x9c][0xcb]OV[0x8d];G=[0x7]h[0xbf]V[0x9e]T'[0xb4]R>7[0xee]nm[0x1c][0xd4]r[0xfd][0xd0][0xb5][0xea][0xca]mO[0x18]:[0xc9][0x10][0xa3][0xa6][0xbc][0xfa][0x82][0xee][0xb2][0xe5][0xb][0xb4]'[0x9e]@[0xc2][0x85]B[0xc9][0xc3][0x9e][0xfb][0xf8]S[0xbc][0xf6][0xfb][0xd6][[0xd7][0xba][0x89][0x84][0x1e]H[0xa7]C[0xe1][0x90]{[0xe5][0xdd][0xbb][0xff][0xf2]~}=s[0xc][0xf4][0xfc]X[0xa9][0xc0][0xcf]fcL[0xf9][0xc6][[0xbc][0xa7][0xca][0x93][0xf1][0x1c][0x82][0x80][0xc9][0xee][0xc2][0x1e][0xb][0xf][0xf1][0xfe][0xf0];[0x97][0xab][0xdf][0xe2][0xd5][0x4][0x9e]P[0xa0][0xf7]c[0xf1][0x9c][0x8e][0x2][0xa3][0x1e][0x8][0xbc][0xf4][0xac][0x88]k[0xfc][0xb0][0x12][0x9][0xe4][0xd4]R}ExQ[0xb9]s[0xca]x{[0x8d][0xca][0x7][0xaf]n@[0xe1][0xf1]2,^[0x2][0xfb][0xf2]y[0xf4][0x9][0xe6][0xbc][0x6][0xf2][0xea]Sv[0xa8][0xfe][0xe9]\[0xed][0xc9][0xe3][0xea][0x83][0xf3][0xde]hi[0xfb][0xd4]R<[0xb3][0xcf][0x83][0xb6]g[0x9f]A}[0xf4]D[0xc3]O[0xa1][0x85][0xe6][0xc]t#[0xea][0x81][0x92][0xf9][0xda][0xbb][0xbe]F[0x12][0x82]i[0x83][0x83][0x1e][0x10][0xd8][0x9a]zi[0xc6][0x13]D[0x19]S[0x6]Q[0xee][0xae][0xaf]^[0xae][0xce]_gz[0xe9][0xe5]=[0xe3][0xc4][0xcb]6[0xcd][0xbf]f[0xed][0xbc][0xfc][0xd8][0x98][0x96]T[0xfb][0x6]<:C_[0xd3][0x15][0x1c]][0x1]{3[0xff]x<[0x9f]*[0xd3][0xa1]N[0x8e][0xc5]][0x80][0xed][0xfe][0xa3][0xcb][0xd4]a[0x95][0xc7][0xd2][0xe3][0x93][0xae][0xc]_;[0xbd]\[0x9b]>[0xd6][0xa0][0x17][0xfb]T"-\[0xaa][0xb3][0xe4][0xc]M[0xaf][0x9][0xd2][0x5][0xb7][0xf9][0x92].4[0x80]0u0[0x19]Oy[0xd0]p[0xf7][0xfb][0x1f]6[0x93]#[0xc0][0xc3][0xba]ht[0xb8][0xc4][0x15]jl<_[0xca]{[0xf1]'[0x89][0x17]D[0xa7][0xc6][0x1d][0xcf][0x9]L[0xba][0x14][0x9f]Jk^[0x13][0xf7][0xd6]Q[0x10][0x2][0xbe][0xb5]1[0xcd][0xdc][0xa4][0x96]C9[0xe2]3[0xae][0xde][0xf3]=~p[0xa2][0xe0][0xd5][0xfa][0xf]W[0x8c][0xd5][0xb3][0xd0]z[0xf5][0xbb][0x1b][0x9e][0x0][0x80]![0xa6][0xe2][0x1a][0xe9][0xc2][0x6][0xc4]h[0xb8] [0xa1][0x15]S[0x1e][0x1e][0x86]W[0xf7][0xd7]_[0x9d][0xf6][0xa3][0x2]X(I/[0xe1]Gs[0xc4]TI[0xde][0x97][0xb5][0xa5][0xc7]k+[0xee][0xab][0xf7]d [0x1][0x12][0x87]d[0x81]CZz[0xae]ZG[0xe8][0xb][0x1f][0x1][0xaa][0x82]}[0xe0][0xae][0xf]0[0x81][0xfa][0xec][0xc9][0xca][0xdc][0x5][0xbc][0xd3][0xbb][0x91][0xe0][0xb][0xe4][0x8b][0xe3]n[0xa6][0xc1][0xd2]c[0xe3][0xfc],[0xcd]b[0xee]G[0x92][0xc9][0xb2][\n]"
2020-11-26 10:40:54 DEBUG wire:72 - http-outgoing-1 << "@z[0xbd][0xb5]{[0xf5][0xf9]7[0x0][0xc2]K[0xbb][0xeb][0xd6][0xf0][0xaa][0xe3][0x9e],[0xde]htM([0x85]xA-[0x16][0xe2][0xba][0xee][0x1][0xa8][0xb6][0xb8][0x8c]7[0x1a][0xdd][0xbe][0xb7]~[0xca]E5[0x99]P@[0xd1][0x16][0xca][0xa8][0xfa][0xdd][0xd9][0xe4][0xaf][0xef]{[0xd9];&[0x80]X[0xc][0xf8][0xdd][0x8d][0x14][0x8b][0xd3]8.[0xde][0xc6][\n]"
2020-11-26 10:40:54 DEBUG wire:72 - http-outgoing-1 << "%h[0xc9]][0xf4]UW[0xdf][0x18]'.[0xbb][0x8e][0x85][0xce][0x99]"[0x17][0xd5][0x12][0xee]h[0xef][0xf9][0xc0][0xcb][0xa7][0xc4]-[0xce][0xf8][0xe4][0xc1]x)[0x99]vm[0x1d][0xf8][0x1]I[0xb7]p[0xdb][0x98]9[0xe3][0x8b][0xc3]T:[0x9e]G[0xdd]N[\r]F[0xb7][0xe9].[0x88]p_H[0xda]X[0x1c][0xe6][0x8a][0x17]STg[0x9e][0x81][0xc8][0xac][0xdd]}[0xe8][0xc7][0x9d]%5[0x93][0x89])!/L[0x9e][0x1d]5[0xbe][0xbd]Y}|[0xd5][0x98][0xf9][0xc2][0x1b][0x8d]Hh|[0x9f][0x7][0x80][0xf5][0xef][0xae][0xfb][0x9]==?[0xa1][0xe7]=L[0x9c][0xb5][0x95][0xaf]a[0x1d]S9;[0x8f][0xb7][0x89][0x13][0xb7][0xaf]7[0x6]iMO[0xe7][0xb][0xcc][0x86]t[0x9b][0x1f]W`A4[0xdb][0x88]+[0xd3][0xbe][0xe4][0xc4][\r]BNw[0x0][0xf9][0x9c][0xaa][0x7][0xe2]n[0x86][0xc9]_[0xff][0xf2][0xd1]'~R[[0x8d][0xeb][0xaa][0x87][0xfb][0x94]f[0xd5][0xc2]@Ro[0xb9][0xf][0xc6]3[0xc9][0xc][0xeb].[0xa5][0x80][0xfa]([0x16][0x9c][0x1c][0x10]l|[0xc2][0x9d][0xdc][0xf][0xe5]\@[0x8a][0xae]ma[0x1][0xd9]`][0x95][0x8d][0x17][0x98][0xf][0xb5]TTU[0xf7]]o[\n]"
2020-11-26 10:40:54 DEBUG wire:72 - http-outgoing-1 << "[0x99]^[0xb0][0xd6][0xd4]b[\r][0x81][0xc6]"[0x1e][0x7]T?F[0xd5]@}[0x1e][0xd6][0xf5]l[0xcd][0x81][0xc]y[0x80]tx][[0x4][0xab]D=[0xc0][0x9a]fk[0x8b][0xf0][0xfa]b[0x1e][0xf0][0xb8]/[0xb2][0xad][0xde][0xa3]_[0xd2]}[0x8c]D[0xff]c[c[0xa5]xaL[0x9c][0x8f]ma[0xab][0xf4]{[0x9d]O[0xae][0xf7]4[0xd2]%F[0x8b][\r][0xc][0xf6]5[0x91];[0xa1]v[0xea][0x11]f[0xb2]k[0x11][0xb2][0xd2]F[0x9e][0xc0][0x16][0xdb][0xe8][0x1f][0xf4]h##x.[e[0xe6]d[0xbe]\[0xd4][0xd5]`2[0xec]9[0xf7][0x1c][0xf6][0xbb][0x17]l[0x14][0x9a][0x89]<H[0x13]:[0x1a]{^[0xbb]Z|S[0xbb][0xfe][0xb2]E[0xba][0xd5][0xd7][0xe4]f_2[0xed][0xbc]I[0xc8][0xda][0xf1][0xa3][0x1]B#[0xc6][0x89][0x1f][0xd6][0x96]g[0xa9]?[0x8b][0x87][0xfd][0x88][0x17][0x86]2wd<[0x91]/[0x97][0x4]g[0xe4].[0xf2][0xe0][0x9d]B|\[0x1d]h,][0xc9]5([0xe8][0xa7]{[0xfb][0xa3]-[0xda][0xad][0x19][0xf0][0xe1]P[0xe3][0xc4][0xad]K+[0xb5][0xb][0xf7][0xf0][0x16][0xb9]3[0xae]G&[0xec]+[0xb1]pH[0x89][0xfa][0x9e][0xf7][0xc7][0x2]|[0x8]jg[0x8e][0xb6][0x8c][0xb2][0x12]i[0xc2][0xf]x[0xd1]xv[0x5][0xcc]?s|9|[0xf3][0x6][0xcd][0x81]P4[0xac][0x0][0xb2][0xa1]h,40[0x18][0xb][0xf3]+[0xc3][0x1b]A~[0xf2][0xca][0xf8][0xe6]*[0xdd]@n>[\n]"
2020-11-26 10:40:54 DEBUG wire:72 - http-outgoing-1 << "7[0x91][0x87][0xe5][0x14][0xee][0xcd][0xf9]&B[0xf8][0x2][0xd6]1[0x97][0x85]x-G[0xb8][0xd9][0x8][0xf5]![0xd0]-l[0x17]nj[0xda][0x11]i[0x9c]8_{[0xf1]J[0xe0][0xfe][0x6][0x10][0xc6]a5[0xba][0xb7][0xec][0xba][0xf2][0xc1]]}[0xee]ii[0x4][0x87]\[0x8e][0xeb][0xd2]o[0x12]"[0x0][0xf6]n[0xf5][0xbb];n`[0xd0][0xa9][0xe8][0xbb][0x7]K[0x1]T[0xbf]Y5[0xce]-[0xfb][0x91][0xcf]v[0x1b]e[0xfd]d4Y[0xa3]?[0x14][0xe]E[0x82][0xe1][0xfe]h8[0x1a]R"[0x91][0xbe][0xfe]fY[0xe3][0xf1]} [0xeb][0xda][0xca][0xcb][0xca][0x9d][0xd7][0xee]LM[0x83][0x99]t{8v[0xa3][0xd9]M[0xc3][0x8][0xe9][0x95]l[0x8d][0xa9][0x13],[0xc1][0xdb]x[0xaa]7[0xd2][0x1f][0x8e]D[0x95][0xde]po8[0xd0]T3ko[0xe6][0x8c][0xc5][0xb7]4[0x8e][0xce][0x8e]<&[0xf1][0xcf][0xa9][0x99][0xe0][0x18][0xd4]k[0x96][0x12][0xaf][0xa7][0xab]s[0x8f]+[0xd7]~Z[0xbf][0xf6][0xa2]~@[0xac][0xf0][0x5]f[0xf1]a[0xf0][0x6][0x89][0xcf][0xb0][0xdd][0xff]u[0xe2][0xfb][0xb5][0xd7][0xd7][0x8c][0xb9][0x97][0xb2]G[0x9c][0x89]z0[0x1b][0xd8][ wP[0x91][0x81][0x14]+[0xd7]q[0x80][0xd5][0x86]C[0x7]4h&[0x9d]u6[0xe3][0xa8][0xdf]|KL[0xf9]._j[0xd0][0xa4]^[0xd8][0xd7][0xa0]M[0xe][0xc9]AWJQ[0x1e][0x5]w ^[0x94]F[0xd3][0xd9][0x92][0xb4][0x93][0xfe][0xfa][0xfb][0xdf][0xa5][0xcf]>[0x1f][0xfe]_[0xff]&[0x84][0xdb]I[0x87][0xfe][0xd7][0xbf]I[0x12][0x16]Lg[0xa1]X*[0x9f],g[0xd5][0x1c][0x88].[0xe0][0xa1][0x92][0xfa]QF[0xc5]o[0x9d]2[0x5])c[0xac][0x9d][0x4]%[0x3][0x80]6[0x94][0xe6][0x9a][0x17][0x9e]$[0xe2][0x1a][0xf3]I[0xc0][0x97][0xbd][0xfa][0xae]P2[0x11][0xe9][0x8f][0xc5][0x15]u [0x12][0x1d]P[0xc2][0x89][0xfe][0xa8]:66[0x16][0xef]K[0xf6][0x87]U[0xb5]/[0xd4]/[0xf][0x9b][\r][0xeb]b[0xbb][0xc0]E[0xac]Q[0xfd][0x83][0xc9]O[0xe3][0xe3][0x89]gU[0xab][0xf9][0xcf]B[0x9f][0xf]KXO[0xf][0x14][0xe2]E([0xf4][0x97]|J[\r]h9]-[0x96]>P[0xc7][0xf2]E[0xb5]3[0x9d][0xed][0x91]t[0xc4][0xf3]p[0x17][0x9][0x14]l9([0xd0]M[0xd1]c[0xdc][0xa9]Y[0xa7][0xe0]4[0x2][0xa6]Hx[0x8d][0x19]m[0x93][0xcf][0xf6][0x16][0xd5][0x94]l[0x9f][0xa2]L[0x1f]L[0xa5][0xb5]I[0x95][0xd2]([0x9f]U[0x1b]O[0xa2]3w[0x8c][0x13][0xf7]L[0xdb]!>[0xf2][0xf7]F[0xcd]8[0xb6][0xeb][[0x9f][0xb6][0x95]3[0xf7][0x8c][0xb][0xe7]+?[0x1e]az[0xa1][0xc5][0x16][0xb9][0xfc][0xc]+[0xa1][0xbe]`h[0x0][0xef][0x8a][0x8f][0xc0][0xc7]fU+[0xed][0xaa][0xf1][0xf5][0xd3][0xca][0xf5][0xd9][\r]4?[0x10][0xc2][0xe6][0xa1][0xf1][0x81]h$[0x14][0xe9][0x1f]l[0xb6][0xf7][0xc4]1[0xba][0x9][0xcd]o[0x92]a[0xc1][0x2][0xab][0xdd][0xf9][0xcd][0x7][0x11][0x97][0x5][0xec]nvV[0xe1][0xef][0xce][0x9a]Y[0xab][0x9e][0x8b][0xcf][0xe7][0xc1][0x8a]q[0xe6][0xa1]WU[0x87][0xa1][0xa3][0x95]T\&[0xb0][0xdf][0x81][0x9][0xd7],[0xab][0xc4][0xe9][0x8c]a[0xe7][0xf3][0xab][0xee]0[0xb9][0x9d][0xe2][0xea][0xe5][0x1f]jO^[0xd2][0xfd]b[0x81][0xdc][0xe8][0x97]pX[0x4][0xd4][0xd9]0[0x1a][0xf6]:>E[0x1c][0xe][0xe][0x13][0x6] [0xd9][0x81][0x80][0xed]WR[0x93]io([0xd4][0x1d][0xd0][0x10][0xe][0x89][0x93]k[0x0][0xc9]\[0xb4]7[0x4]F[0x9d][0xde][0xfe][0xd0]h[0xd8]VCPe[0xcd][0x1f][0xcc][0xdf][0xf6]4[0x4]A[0xdc][0x5][0xbe]@ln[0x83][0x86][0x94][0xf2][0x87]E[0x1c][0x5][\r][0x81][0xc0]22[0x1b]/[0xee]SK[0xf8][0xcd][0x1b][0x18]w[0x11][0xf8][0x11];[0xeb][0x8f][0x90][0xcd][0xb][0xf0][0xe3][0xf1][0xda][0xe2][0x13]W04[0xa2][0xc7]g[0xf4][0xdf]<[0x3][0xf3][0x80].[0xf1]}[0xc0][0xc4]5?L[0xac](:[0x1f][0x10]d[0xcb][0xcd][0x87]&[0xfe];o[0xf5][0xf4]I[0x17]|[0xb8][0xf0]O[0x1f][0xb3][0x1b][0x9c]}[0xba][0x94]K[0x15][0xf3]Z[0xca][0x87]4[0x8b][0xa7][0x8d][0xf3][0x97]([\n]"
2020-11-26 10:40:54 DEBUG wire:72 - http-outgoing-1 << ">pR>[0xd4]e[0xb1]>4[0xca][0xc7][0x1b][0x84][0x96][0xd7][0xfd][0x7]{[0xcf]_?a[0xce][0x12][0xd2]+[0x8f])[0xb5][0xd7][0x87]",[0xde][0x88][0xb8][0xfb],L[0xac]s([0xf5]fL/3c[0xc0][0x9e][0xa4]y[0x5]\S[0xdf][0x1]B[0xb5][0xa3]w[0xd7]V`[0xe4]N[0xaf][0xdf][0xb8][0x80]Y*[0xe7][0x96][0xa4][0xea][0xe9][0x99][0xca][0xad]c[0xf4]:[0xe1][0xdd][0xf9][0xc2]$[0xb9]MGRB[0xa1][0xbe]^4^[0xdf][0xcb]%[0xf4][0xc2][0xb0][0xf4]~&#[0xfd]7[0xbe][0xd1][0xa5][0xff]V[0xc1](;[0xa0][0xa6]\[0xbd][0xcc][0x9][0x15]}[0xcc]YM[0x3][0x83]/[0x80][0xe8][0x9e][0x6][0xd2]Z[0x2]t[0xf7][0xec][0xfe][0xd8][0xf8][0xe6]T[0xb8]/[0x14][0xea][0x1f][0x18][0xc0][0x9c][0x1f][0xbd][0xe1]p[0xe3][0x15][0xb8][0x19][0x7]>95[0x15][\n]"
2020-11-26 10:40:54 DEBUG wire:72 - http-outgoing-1 << "S[0xa3][0xba][0x8e][0x94][0xc4][0xb9]Q9[0xfd][0xa0]z[0xe2]A[0xd3][0x0][0xa7][0xa6]R[0x13]^[0x0][0x8d][0xaf][0xbe]4[0xa6]_[0x3][0xaf][0xac][0xbd][0xbd]K[0xdd]&0[0xad]I\[0xd8][0x92]1[0xf7][0xa4][0xf6][0xe4][0x8]i[0x85][0x1a][0xa6]Ri[0xb2][0xa0][0xee][0x94]K[0xea]D)h[0x1d][0xea][0x91]G[0xd0]4N[0xe6][0xa6][0xa6]F[0xb][0xc5]|)[0x9f][0xcc]g[0xc0]L[0xee][0xec]d&[0xb7],[0xed][0x14][0x8c][0xe6]L>[0x19]Gs>`[0x16][0xed][0x92]vI`[0xab]0[0xeb]\[0x96][0x86][0xd8]7[0xfc][0xd2]5[0xcc][0xeb][0x1d],[0x82][0xd0][0xee],[0xe7]T=[0x19]/[0x80][0x99][0xbd]=[0xb2][0x9b][0xdc][0xb][0xa9][0xa5]vv[0x90][0xa6][0xf5]R[0xbc]4[0x8a][0x97][0xfd][0x8e]F[0xfb][0xc2][0xfd][0xf0][0xa7]c{[0xe4]#(EN[0x8c][0xd1][0x8f][0xac][0x13][0xb8][0x8e][0xe9][0x90][0xa5]n[0x7][0xca][0xdd][0x92][0xac]+J[0x0][0x1f][0xd2][0xa0]3[0x0][0x18][0x80][0x89][0xbe]=[0xf2]G-[0xb5]=[0xf2]![0x3][0xbb]][0xe9][0xc3]CC[0xf0][0xa0][0xa0]%[0xc3][0x1d][0x94]$[0x1d][0xe][0x92][0xf0][0xb6][0xc9]7[0xf8]"wu[\r]s[0xf3][0xde]q[0xd0][0xec][0xf7]5[0x90][0xdb][0x1a][0xc8]"[0x8b][0xfd][0xc4][0x15]A[0xc1][0xde][0x9d][0xbd]:n[0xec][0x16][0xf2][0xc5]R@[0xd7]3[0x81][0xfd]iX[0xd5][0x92][0xae][0x81]=[0x1b][\n]"
2020-11-26 10:40:54 DEBUG wire:72 - http-outgoing-1 << "[0x84][0xb1]{[0xa9][0xf0][0x80][0x92][0x88][0x8c])[0x3]1%6[0xa6][0xa4][0x12][0x3][0x91]xr,[0x1e][0x1f][0xeb]S[0xfb][0x6][0xfb]R[0x89]8v[0xcf][0xc1]k[0x1d];[0x4]~[0x91];[0x80]?[0xb0][0xd9]n[0x9]X[0x7][0x98]N[0xd6][0xf3]Sh[0xdd][0xfe][0x8f][0x89]o[0x87][0xf7]B[0xe][0xe6][0xa8]9[0xeb][0x92][0x93][0x13][0x93][0x7]`)][0x9a][0xc4][0x10][0xc9][0x94][0xa6][0x17]2[0xf1][0xc9]!)[0x1][0xd3]b[0xdf][0xf0]A-UJ[0xf]I[0xe1]H[0xb4]01[0xc][0xaa]|\[0xcb][\r][0x81][0xdc]*LH[0xf1]r)?\'x[0xec].[0xe5][0x3][0x81][0xc9]r.N[\r][0xd2]$[0x10]X[0x1b][0xd3]`[0xaa][0xa9][0xbb]R[0xf9]l[0x1c],R[0x9b]`xo[0xac][0x98][0xcf][0xee][0xcc][0xc4][0x13]j[0xe6][0xbd]$[0x8c][0xc9][0xce][0xc1]P([0x12][0x12][0x8f][0xa6][0x98]P[0xe3][0xfb]'[0xa7][0xb2]jJ[0x8b][0xb][0xd0]I=[0x9d][0xfe][0x1a][0xd5][0xb3][0xa3][0xa4]29[0xb9]b[0x1d][0xeb]s=[0xb9]F6[0xd2][0xd0]":n[0xbc]~U}t[0xcd][0xd4][0x0];[0x8]=h[0xc5]@6[0xae][0xef][0x1b]U[0xf][0xc4]3e"([0xe][0x99]T[0x9][0x85][0xb6][0xf][0xa7]U[0x94][0xd8][0xec]K![0xf][0x6]<[0x94][0x18][0x92][0xc6][0xb4][0x9]55[0x8c][0xd7][0xb6][0xe]I[0xa1][0xe1]R[0xbe][0x80][0xbf][0xa6]z[0x89][0xe7][0x8a][0x14][0x1e][0xe6][0x94][0xce][0xe5]s[0xea][0xf0]a[0xd7][0x96]$[0xfa] 1~[0xc8][0x82][0x1c]O[0xe8][0xf9]L[0xb9][0xa4][0xe]{b[0xe1]h5[0x11]O[0xee][0x1b]/[0xe6][0xcb][0xb9][0xd4][0x90]T[0x1c]O[0xc4];[0x95]X[0xac][0xc7][0xfc][0x1f][0xe8][0xef][0xf2]l[0xdb][0xfa]<[\n]"
2020-11-26 10:40:54 DEBUG wire:72 - http-outgoing-1 << "B[0xcc][0x7][0x85][0xbe]>[0xe0][0x8][0x8e]C,[0xa2][0xc0]7[0xb1][0xd5]w`[0xde][0xe]'[0xf2][0xc5][0x14]h[0xd1]b<[0xa5][0x95][0xf5]!)[0x82]U[0xf2][0x7][0xd4]".[0xb0][0x87][0xa4][0xb4][0x96]J[0xa9]9[0x86]z[0xc]:A[0x90]'[0x1f][0x8a][0xf1][0x9c][0xe][0x13]3;$[0x91][0x8f][0x19][0xe0][0xa0][0xce]^x[0xd3]#[0xe1][0xcf].[0x0]<[0xd1][0xab][0xa7][0xe3])[0x4][0x13][0x82][0xbf]J[0x1f][0xb0]'[0xe9]h8[0x12][0xee][0x9]G#[0xe4] [0x12]k[0xb6][0xa7]R[0x0]e6  t[0x19][0xf8][0x1c][0xde][0x1f][0xf0][0x1e]([0xf][0x10][0x12][0xb0][0xef]![0xc7][0xa4]j[0x12][0x4][0x11][0x19][0x99][0xbc][0xae][0xba]Q[0xbe]h[0x8e]7P[0x91][0x90][0x8a]|r[0xd0][0x18][0xc9][0x97],[0x17][0xf5]|qH*[0xe4]5X[0xaa][0x14][[0xc6][0xbf][0xe0][0xd6]:[0x1d][0xa6]H8[0xc6][G[0xa2][0xf]'[0xc6]`9[0xd4][0xab]kS*<A[0x89][0x1]J[0xc][0xdb]~[0xa7]?[0xdc][0x1f][0xe9][0x8f][0xb6][0xd4]6X[[0x87]L[0x8e]R[0x6][0x7][0x0][0x98][0xc9]l[0xe1]~Q[0x16][\r]0Y[0x84][0x8c][0xce]z[0xcf]*[0xc1][0x8b]w[0xc6][0xc2][0xf8]W[0x2][0xb4][0xb5]T[0xab][0xcd][0xe3][0xe4][0xd3][0xf8]d[0x8f][0xf5]G[0x4][0x1e]'[0xf3][0xcc][0xe4][0xde]^[0x18]Y"[0xe][0xb][0xf1][0x14][0x9e]@D6T[0xa0]t[[0xed][\r][\r][0xf5][0xc2]bw[0x9f][0x6]tL[0x16]A[0xaa]&@[0xb9][0x98]8("[0x6][0xf0]y[0xb3][0x1a][0xe8]-[0xa5][0xcb][0xd9][0x84][0xad][0x19]''9gt,[0x19][0x8f][0x8d]%[0x19][0x6][0xae] [0x8b]P|[0xb3][0x10]/g[0xa4][0x8c]f[0x13][0xbb][0xc]?xY[0xca]g[0x9]P[0xe9][0x1d]u[0xc][0xff]J[0xa9][0xb8][0x9e][0x6][0xd9][0xcb][0x6][0xc3]*2[0xc0][0xd9][0xc6][0xfe][0xac]-d[0x86]`iP[0xea]M[0xa6][0xb5]L[0xea][0x10][0xc5][0x85][\n]"
2020-11-26 10:40:54 DEBUG wire:72 - http-outgoing-1 << "[0xf2][0xb6][0x80]I[0xe9][0xc8]!q[0xea][0xc4][0x84][0xa9]3[0x18][0xc2][0xbf][0xf5][0xbd][0xe9]k[0x17]sh[0x8c][0x1c]L?[0xc4]hA[0xe7]r[0xfb][0x94][0x90][0xb4]\[0xa1]\[0xfa][0x8c][0x1a][0x9d][0xc8]/[0xf9][0x8e][0xcf][0xf]5[0xa7][0xdc][0xfc][0xe1][0x12]e~H[0xe4][0xba]r1[0xd3][0xe9]t[0xf7][0xe7][0xf2][0xc9][0xb4][0x9a][0xdc][0xa7][0xa6][0xc8]Z[0xa2][0xb][0x1a][0xec]-[0xaa][0x5]0=%[0xec][0x98][0x94]T[0x89][0xd4][0xe3][0x92][0x4][0xa5]$GN[0xcb]e[0xb4][0x9c][0xda]K[0xa5][0xb2][0x97][0xec][0xea][0x1b][0xc3][0xbf]|[0x0]([0xb9][0x88][0xb8][0xb3][0x13][0x90][0xc][0x1a][0x15][0xb6]L[0xd6]n[0x1a]9[0x87]X[0x17][0xc1][0xd4]#D[0x91][0x1a]R[0xa5][0x19][0x9a]4[0x89]^[0xa2][0xc][0x1c][0xc7][0xc5][0xa0][0x12][0xed][0x17]U}[0xc8])[0x17][0x94]p_j,[0xea][0x14][0x1f][0x3]\[0xa2]0[0x8e]pL[0xdf](N[0xdf][0xfe][0xb1][0xb8]2[0x16]c[0xb2]Z[0x18][\r][0x14][0xa5]|4[0xd0][0x92]0e8d[0xc9]~[0x87][0x8a]mO[0xeb])\[0xe3]D[0xa3]v[0xf3][0xe4][0x80][0xa6]k[0x89][0x8c][0xda][0xa4][0xd1][0xe6][0x80]JFX![0x6][0x5][0x17][0x82][0xfd]([0x12][0xdb]6/[0x4][0x90][0xe2]+X[0xfe])>[0xea]z[0xc0][0xd4][0xd6][0xbd][0xc4][0xf8]j[0xbd][0xa9][0x82]([0xa5][0x8]8sX[0xd8][0xb0][0x93][0xd7][0x7]Y[0x1f][0x13][0xf9]L[0xca]R[0x89]1[0xb4][0xca][0x88]yF[0x14])[0x99]x[0x9c][0xda]J{[0xe8]P9&[0xb2][0x8a](9[0xe3][0xe4][0x8f][0x93]3Zk[0x86]N[0xcb]C[0xdc][0xda][0x88][0x92]ND[0xa0][0x19][0xda][0xd6][0x83][0xb0][0xa2][0x88][0xec]B[0x8d][0xd9]vZB5[0x7] [0xe2]@[0x14][0x1c]4[0xcb][0xc6][0x1f][0x10]5[0xa8]Ro`G@F[0xc5][0x9d][0xd3][0x8e][0xd8][0x84]&[0xee]!)[0x8c]Z[0x92]L[0x9a]P[d [0xd2][0xa9][0xde][0x9c][0xe5][0xc2]@\#[0xf2][0xb9][0xe9][0xc6][0xe4][0xc4][0x8e]7[0x99]4[0x93][0x91]B[0x81][0x98]N[0x16][0xf3][0x92][0xd4][0x9b][0xcd]O[0xf5][0xfa][0xbd]g[0x86][0x86]_[0x91][0xbc][0xfb][[0xb6][0x1c]j[0xb7][0xe7]6[0xe6][0xb7]i[0x88]P[0x2][0xff][0xe][0xa3][0xc3][0xa5]7[0x9e][0xd1][0xc6][0xa1]Q&b[0x5][0x83]0[0xdc][0xfa][0x94][0xb3][0x8c][0x8d]4[0xb2][0x16][0xa1]=[0x9d][0xbf][0xb1][\r][0xc3]*[0x1c]rL[0xdd][0xc3]tal-{E[0xf][0xa8][0xa3][0x11][0x97][0xe4].l[0x9d][0x8a][0xcb]m[0xd7][0xad]`[0x87]R[0xb1][\r][0xbb]%[0x84]a[0xb][0x10]+%[0x8c]W[0x8e][\n]"
2020-11-26 10:40:54 DEBUG wire:72 - http-outgoing-1 << "[0x9b][0xfc][0xb][[0x1b][0xff][0xb4]Va[0xc4]x[0xf9][0xbc][0xb2]pz[0x87][0xe9][0x9b][0x93][0xb]j[0xbe][0x90]Q1[0x90][\n]"
2020-11-26 10:40:54 DEBUG wire:72 - http-outgoing-1 << "[0x13],[0xd1][0xb][0x8][0xd1]e[0xff][0xdc][0x98];[0x8a][0x17]8[0x10]o[0x0]u[0x88][0xf9]7L[0x16]g[0xb4]=[0x13]g|b[0xb5]n[0xdb]-wtM[0xd8][0x14]w[0x10]R[0xcb]Y/p[0xdd]K[0x90]N[0x16]`[0x1e][0xd5]][0xc0].[0xa4][0xfc][0x10]2[0x1e][0xa5]##[0xe1][0x0][0xbb][0xbe][0xf5][0xcd][0x9d][0xea][0xcd][0xe3][0x95][0xe9][0x7][0xc6][0xcc]w?[0xbf][0xbe]me[0xd0][0x8a][0x88][0x15][\n]"
2020-11-26 10:40:54 DEBUG wire:72 - http-outgoing-1 << "[0xc2][0x17][0xe8].[0x1a] [0xcc][0xaf]J[0xc][0x10]Y[0xca][0xc5][0xb3][0xf0][0x5]T[0x9e],![0xb1][0xc9][0xa9][0xde][0x97][0xcc][0xe9][0xa4]N[0xe4][0xe2]9{v'j[0xa4][0x0][0xee][0xd6]k([0xbf][0x83][0xba]gZo[0xcb][0xb8][0xf7][0x83][0xd5][0xd6][0x1][0xdf][0xa6][0xe0]-[0x94][0xae]oI[0x18]N[0xfc]"[0xd2][0xab][0x9e]x[0x8a][0x8d]x[0xc6][0xab][0x17][0xeb][0xab][0xc7]7L[0xbc][0xd2][0xc1]<[0xef][0x90][0x12]2[0x9e][0x1f]Y[[0xb9][0xb7][0xb6]t[0x96]v[0xc][0x3][0x9]=[0xfb]E_[\n]"
2020-11-26 10:40:54 DEBUG wire:72 - http-outgoing-1 << "uZ"[0xa4][0xbd][0xdd]^%[0x6]`x[0xa3][0x8a]_[0xa3][\n]"
2020-11-26 10:40:54 DEBUG wire:72 - http-outgoing-1 << "6J+[0xb4][0xdf]"[0xd6][0x6]sCl4[0xe2][0xd7]([0xbc][0x14][0xea][0xb4][0xdd]n[0x84]S[0xeb][0xc]o7[0xea][0xd7].[0xbc][0x14][0xea]l[0x90][0x81]"v[0x6]"[0x7][0x9c]6[0xce]@i[0x12][0xb][0xce]:[0xb8][0xfe][0xdd]u<[0xf4]4wFd[0xa3][0x89][0x8c]7[0x17][0x91]w[0x8e]Z[0xad][0x91][0xd7][0xd6][0xfe][0xda][0xd2][0xa5][0xea][0x83][0x8b]f[0xb3][0xde]|D[0xde][0xd1][0xc2][0x1b]h[0xad][0xb2][0xf0][0xbd][0xd0][0x9a]7[0x3][0x91]w[0xb4][0xf0][0x6]Z[0xe3]g[0xb7]LB[0x9d]1[[0xf6]f![0xf2][0xae][0xbe][0xe2][0x6][0x19])j1Re[0xe1]vea^[0x1]id\[0x98]E[0x99][0xbe]0S[0xbb][0xfa][0xa8]r[0xfd][0x89][0xf1][0xcd]M[0xe3][0xe9][0xc5][\r][0xb3][0xd7]X[0xbe]\[0xe4][0x14][0x8][0x87][0xf6][0xf5]*[0xa1]}[0xb4][0xdb][0xfb][0xf]zs[0x15]y[0xc7]J[0xb7]Dq[sP[0x19][0xe6];o[0xce][0x9b][0x9b][0xc8];V[0xba][0xfd][0xe6][0xa0][0xb2]8[0xac][0xfb][0xf]z3[0x14]y[0xc7][0xcb]op4c[0xd6]h[0x1a][0xab]3[0xc6][0xd5][0x85][0xca][0xf7]_[0x81][0xc1][0xb1][0xb6]r[0x15][0xec][0xf][0xbc]Q[0xed][0xc7]#?[0xbf]>[0x7][0xb6][\n]"
2020-11-26 10:40:54 DEBUG wire:72 - http-outgoing-1 << "[0xbd][0xdd][0xb8][0xfa]|[0xb5]z[0xef]Kxb<y[0xe5]H[0xa8][0xc2]NW[0xaf][0xce][0xc0][0xf8]W[0x8f]=[0xae][0xdd]}[0xb9][0xf1][0xf1][0x7][0xc3]\[0x98][0xdd][0xe7][0xab][0xdf][0xdf]7.[0xcc]P[\n]"
2020-11-26 10:40:54 DEBUG wire:72 - http-outgoing-1 << "[0xed][0xf5][0x91]+[0xe4][0x1d]/[0xdf][0xda][0xa0][0xd8][0x9b][0x9c][0xae][0xcd]|oo[0xd5][0x9b][0x11][0xf6]R[0xb1]bUi[0xbf]a[0xa0][0xa2][0xbd]Uon [0xef]x[0xf9][\r]rC[0x9f][0xc5][\r]k[0xaf].[0xac]-[0xcf][0xc2][0xa8][0xaf]O[0xdf][0x81][0x81]_[0xff][0xea][0xea]?[0xa7][0x8f] g[0xbc][0xbe][0x6][0x94]5.[0x9c][0xc3][0xf9]>s[0xa1][0xf2][0xe5][0x2]r[0xc3][0xe2][0xdd][0xea][0xea][0xac][0xf1][0xc5][0xb9][0xca][0xb5][0x9f][0x8c][0xa7]7+W[0xe6]*[0xc7]o[0x1b][0xcb][0xf7][0x1]/([0xbc]~[0xf9][0xc6][0x86]YA[0xd7]&[0xbc]8!9[0xe5][0xcd][0x9][0xe4]]{[0x9c]`o[0xd1][0xc9][0x8][0xc9])oF [0xef][0xda]f[0x4][0xb1]][0x7][0x1f]$[0xa7][0xbc][0xf9][0x80][0xbc][0xdb],>[0xe8][0x17]d[0xfc][0xb1][0x1f][0x8c]#7[0xff]1[0xbd]`[0x9c]<a,[0xbe][0xfa][0xc7][0xf4]-4[0x1f][0x8][[0xd4][0xa6]O[0xa0]lXz[0x1]J[0x0][0x8f][0x91][0xce]>[0xc5][0xa3]N/[0x9f]A[0x81][0xb5][0xa5]G`[0xe0]S9[0xe1][0x9e][0xf3][0x9][0xe4][0x4][0xb0][0xc8][0x89][0x17][0xb5][0x9f][0xbe][0xde]8s[0xa8][0x7][0xd4][0x9c][0x17]{[0xe4][0x8a][0xde][0xec]A[0xde][0xb5][0xc9][0x1e][0x8e]6[0x9d][0xc][0x92]+z3[0x8]y[0xd7]>[0x83][0xd8]Zv[0xb0]H[0xae][0xe8][0xcd]"[0xe4][0xdd]f[0xb1][0xc8][0x80]Mq[0x0][0x97][0xac]-[0x9f][0xac]=[0xf8][0x9a]G*[0xa2][0xb4][0x10][0x82][0xce][0xaa][0x8f]O[0x83]R[0xc0][0xd4][0xd4]$:[\n]"
2020-11-26 10:40:54 DEBUG wire:72 - http-outgoing-1 << "[0xf9][0x6][0x18]k[0xe1]a[0xed][0xed][0x8d][0xb5][0xe5][0xf9][0xf5][0xaf]N[0x1a][0xb7]oW^>[0xab]M_[0xa1][0xe7]|6[0xcc][0x13][0xc4][0x1][0xe4][0xc5][0x13][0x99][0xbd][0xde]<A[0xde][0xb5][0xc7][0x13][0xce]6[0x9d]<[0x91][0xd9][0xeb][0xcd][0x13][0xe4]][0xdb]<ao[0xd9][0xc1][0x13][0x99][0xbd][0xde]<A[0xde]m[0x16]O[0xc]2[0x9e][0xa8][0xbd][0xf9][0xbe]v[0xf7][0x1c][0xb7][0xf][0xf0][0xf3][0xd2]M:[0xe4]k+[0xb3]k[0xcb]g[0xc1]n[0xa9][0x9c]>k[0xbc][0xfd][0xe][0xb8][0xa4][0xf6]f[0xa5]rk[0xd5][0x98][0x9b][0xc1][0xb3][0xe0]W[0x1f][0x81][0xf0][0xa8][0xbe][0xbe][0x8a][0xe7]"^[0xde][{[0xb3][0xb0]a>[0xc8]i9O[0x1b]b*[0xed][0xcd][0x6][0xe4]]{l[0xe0]h[0xd2][0xc9][0x5]Sio. [0xef][0xda][0xe6][0x2][[0xc3][0xe]&[0x98]J{3[0x1]y[0xb7]YL[0x10][0xe][0xd9]V[0x9a][0xeb][0xd3]+[0xb5][0xd5][0x8b][0x15]P[0x1b]+/0[0x85][0xe3][0x99]y[0xc1](`B`[0xcf][0xa7][0x94]E[0xd6][0xaf][0xbc][0xad][0xbd]]0[0x5][0xc0][0xb9][0xea][0xe5][0x87][0xa0]w[0xf0][0x9c][0xff][0x9d]#[0xa0]w*[0x97]_[0x19]s[0xb0]V[0xbc]Z[0xbd]rn[0xd7][0x6][0xd7][0xad][0xde][0xea]"[0xb3]W[0xf7]Y[[0xb0][0xb7][0xed][0xf1]E[0xc9]Wa h?[0xf1]@[0xde][0xb6][0xcd][0x1a]%o[0x95][0x81][0xa0][0xfd][0x4][0x4]y[0xdb][0x16]w[0x88]iv[0xb7][0xed][0xa0][0x9b]v[0xc]9[0xfa][0x85][0xb9][0xd0][0xca][0x89][0xac]V[0x92]m[0x9e][0xc8]RN[0x1e][0xa9][0xcd][0xbe]4[0xe6][0xae][0xd2][0xd8][0xf0][0xea][0xca]%05w[0x4]i=[0xee][0x8b][0xc][0xa2]3[0xd2][0xfa][0xd6][0xca]A _[0xef]/[0x1f][0x8][0x87][0x8b]Ti[0xc3][0xfd][0xab][0xd0]l[0xc5]u[0xcd][0xe2]+[0xbb]WX[0xec]*[0xfa]~O-[0xb3][0xcb][0x7][0xc8])[0xd2][0xb5][0xa5]e[0xb4][0xc7]Hn[0x5][0xea]+[0xa1]y1[0xcd][0xac]$lB4[0xe9]#V[0xda]t[0x12]+v/q9c[0x81] [0xe7][0xa6][0xc9][0x88]b|s[0xef][0xf8][0x98][0xc5]T|[0x84][0x84][0xbc][0xcb][0xae][0xfc]`f^'!x[0xa3]$[0x95]<I_S]~k|[0xf1][0xb0][0xf6][0xe4][0xab]:[0x16]@[0xf4][0x1c][0x81][0x82][0xb8][0x11][0xea][0xb8]8[0x80],[0xa3][0xe2][0x7][0xe2][0x4]+[0xb7][0x9c][0x14]>w28c[0x81]=[0x9]K`[0x90][0xc1][0xe][0x8e][0xc0]p[0x9a][0x97]5[0x14][0xac][0x4][0xd4][0x8e][0xa4][0xfd]&f[0xfb][0xb5]x.U[0x8e][0xe7]<[0xb1][0xf3][0xb8][0xdd][0xa4]i[0xcc][0xb0][0xbe][0x85][0x18][0xb9][0xf5]D[0xb8][0xf1][0xa4]1[0x82][0x18][0xbf]R[0xde][[0xf6][0xc4][0xcf][0xe7][0x92][0xb5][0xa6]q[0xa4]0,,[0x85][0xeb][0xd7][0x1a]#H[0xcf][0xbd]x[0xd3][0xcf][0xf5][0x8]7[0xbf][0xaf][0xc9][0xff]2%O[0x8c]Y[0xb2]l[0xb]e[0x96][0x10]Y4|[0x9b]A[0xbe][0xac][0xb5][0x88]x[0x13]7@y"][0xd6][0x4][0x84]m[0xf7]D5F[0xb4][0x8]<[0x8a]i[0xaf]<[0xd1][0xf5][0xbc]V[0xae]i[0xf4][0x8][0x4][0xb]A[0xfb]}s[0x8d]1L[0xb6]H[0xc9]d[0xfb][0x84]L[\n]"
2020-11-26 10:40:54 DEBUG wire:72 - http-outgoing-1 << "h[0x92][0xa3]G[0xcd][0xe0]7[0xa1][0xe5][0xb2][0xaa]Vju[0xc0]Y[0x16]Y[0xbf]T[0x3][0x9e]xB][0x1]S[0x97][0xd4]'[0xd5][0xf9][0x17][0xa0]a[0xcc]D[0xb3]M[0xd0]8[0x1d][0x7][0xe5][0xd5][0xf2]d[0xcb][0xb6][0xdd][0x83]BV[0xe8][0x80]x[0xa8][0xaa][0x19]lI2[0x93][0x16]q%u[0xda]F[0x97][0xd4][0x16]0[0xb6]g}[0xde][0x91]([0x6]G[0xc4][0xe4]*[0xcd]tBOk[0xad]S[0x9c][0x9e]+k[0xbb][0x1b][0xb4][0xba][0xc8]:B[0xea][0x19][0xd2][0xb]G[0xfa][0x99]f:2[0x95][0x86]5Jn[0xbc][0xc5][0x9e][0x90]simw[0x84][0xd4][0x16][0xfb][0xe1]w[0x8c][0xad][0x9]][0x8][0x2]P[0x87])[0xd0]j'[0x9a][0xc8]O[0xed]'[0xb5]S[0xe2]Px%[0xa8][0xf6][0xc6][0xbf][0x95][0xab]s[0xc4]c[0x19][0xf5][0x17][0xf9][0xbc][0x1b][0x88][0xef][0x8d]Ot[0x9a][0xd7][0xfa][0x94][0x8b][0x99]![0x9e][0xb8]"[0x9e][0xcf]j[0xb9]q[0xf1]h[0x15][0xf9][0x14]L[0xaa][0xc0][0xbe][0xe3]r[0xf][0xab][0xa3][0x97][0x93]IU[0xd7][0x87]8[0xec]T[0xbc][0x14][0xb7].[\n]"
2020-11-26 10:40:54 DEBUG wire:72 - http-outgoing-1 << "z[0xb7]S~[0x87]EDt[0x5]0[0x84][0x85][0xbe]7[0xaf][0x5][0xa2]Q&[0xdb][0xe]w[0xd1][0xdf][0xc][0xab][0xce][0x8e]w[0xe8]B[0xa2][0xa3][0xfe][\n]"
2020-11-26 10:40:54 DEBUG wire:72 - http-outgoing-1 << ""[0xc9][0x4][0x8d][0x90]M[0xe3][0xb4][0x8b][0x8c]AgG[0x7][0x7][0x8c][0x87]f&[0xca][0xea]>U[0xda])[0x1d]BcnH[0xa6]6[0x9c][0xdc]#[0x99]&[0xda][0x90]l[0xb7][0x9e][0xe0][0x15]3[0x8e][0x86][0xac][0xc4][0xff][0xf0][0x90][0xda][0x6]C[0xb2][0x8b]I[0x0]o[0xcb][0xda][0x10][0xbf][0x88][0x0][0xbe][0x9a]zu[0xc8][0x96][0xda][0x1f]^$[0x87]h"~[0xf8]hj[0x8e]![0xb9][0x81][0x8][0xc7]jTB[0xf][0xc9][0xa2][0xb0][0x84][0xe7]D2[\r][0xc9]>i[0xe8][0xa1][0x10][0x95]5C[0xb2]_[0xa6])([0xc6]f[0xf2][0x90]_[0x9a]w$[0x8e]9[[0x86]<[0xb3][0xae][0xcb][0x87][0xcd][0x1]`[0xbf][0xcc][0x81][0xa3][0x83][0xf1][0xa1][0x9a][0xe9]$[0x1f]z[\n]"
2020-11-26 10:40:54 DEBUG wire:72 - http-outgoing-1 << "[0xf1][0xa2][0xc5]$8X[0x19]5[0x7]C[0x5][0x8f][0x3][0xf0]i[0xbc][0x94][0xe6][0x17]G[0xc1][0xb2][0xb0][0x13][0xb][0xec][0xdd][0x19][0x1a][0x96][0xf6][0xee][0x80][0xb7][0xf0][0xab][0xbb][[0xb8][0x8b]*[0xa5]f[0xd4][0x92]J[[0xf8][0xc] |[0xb6][0xf7][0xf3][0xcf][0xcd][0x97][0x87][0xcd][0xf]E[0xb5]T.24[0x1c][0xdc][0xe7]@[0xf2][0x13][0xbc]![0x8b]|[0xb2][0xda][0x0]$$[0x82][0x5][0x1e][0xa0][0x97]4VR[0xc0][0xc1][0xce][0x8d][0xf1]BA[0xcd][0xa5]:%|*wc[0x9d]nY[0xe0][0xd3].[0xc9][0xba][0x17][0xeb][0xb0][0x85][0x8b][0xc0][0xba]x"[0xe][0xa7][0x1][0x8d][0xcb][0x81]i[0xa0][0xab]E-[0x9e][0xd1][0xa6][0xd4][0xf7][0x8b][0xc5][0xf8][0xa4]u[0xcb][0x96]6[0xd6])[0x95][0x18][0xc9][0xf0][0xd8]aH[0xb2][0x90][0x8a]g[0xd4]b[0xa9]S[0xc6][0x83][0xf4][0xf3]_V[0x1f]_6N<\?[0xf6][0x90]f[0xd8]1.[0xcc][0xa2]K[0xff][0xe4][0xf9][0xfa][0x95][0xf9][0xff][0x93]-[0xec]([0xd5][0x9c][0xf4]2g`@[0x8d]'[0xd3][0x9d][0xa5][0x1e][0xc9]ezn[0xd3][0xf][0x82][0xc0][0x80][0xb7]iM[0xf][0xa0][0xe3]Bx[0xb5][\r][0x4][0x89]*u[0xc0][0xd2][0xae]c[0xc8]r>@WHa[0xea][0xda][0xd8][0xd9]a[0xdc][0xfb][0xa1]C[0xa0]0%[0xc][0xc]/[0x90][0xe6][0xb3][0xe][0x9c][0xd2][0x1d]=[0x1d]tj[0xc2][0x7]6q[0xe1]S[0x12][0xfe]3[0x86][0xee][0xf8]|X[0xa8]n[0x8a][0x3][0x17]N[0x14][0x8a][0x1d][0xb6]>&[0x8a]j|[0xdf][0xb0][0x3][0xe9][0xd2][0xc1][0xbc][0x1f][0xd2]B[0x1c][0xcd]F[0x91][0x87]ot[0xee]oI70$[0xc1][0xaf]#[0x8e]X[0x8e][0xcd][0xeb]LO[0x87])[0xb7][0xa2]_[0xb8][0xf7][0xea][0xcb]T[0xa6][0xf3][0xcb][0xde]![0x9c]F[0xa4][0xbd][0x0]CS[0xb2][0xbd][0xb6]u[0xd8]uT[0x9a]D[0xdf])([\n]"
2020-11-26 10:40:54 DEBUG wire:72 - http-outgoing-1 << "[0x18]8oJ[\n]"
2020-11-26 10:40:54 DEBUG wire:72 - http-outgoing-1 << "[0xc1][0x18]w[0x11][0x14][0xf6][0xce]7[0xa2][0x83][0xae]Ml[0x88][0xc]\[0xd6][0xfb][0x10][0x82][0x97][0xd9]|R[0xd8][0xc][0xb3][0x86][0xc4][0x10][0xf0].k>[0x8][0x97][0xb5][0xcd][0xc7][0x94].[0xf8]7>^[0xb8][0x13][0xb8][0xa1][0x11][0xa3][0xba][0xde][0xa7][0xf7][0xb4][0xc0][0xe6]S[0xc0]Z[0xd0][0xb4]2P[0xa6][\r][0xe4][0x83][0xb0]Yd[0xf3]Q[0x16][0x97][0xee][0x1b][0x1e]:[0xb2]a[0xb7][0xa1][0xa1]cB[0xd2][0x87][0x14][0xae][\n]"
2020-11-26 10:40:54 DEBUG wire:72 - http-outgoing-1 << "m3(!,[0xe2]Z[0x19]=&[0xe4][0xfd][0x84][0x3]S[0x3][0x9b]/[0x1a],[0xff]e+[0x18]S[0xfd][0xe4][0x83]0S`[0x9b][0x8e][0xaf][0xe5][0xce][0xdc]0[0xa7][0xe1][0xa6][0xe0][0x86][0x18][0x8d],[0x1a]|h@[0xde]o>[0x9][0xb8][0xdf][0xa6][0x95][0x1]3[0x17]R>[0xe8][0x9a]E6[0x1f]c[0xd1];[0xda][\n]"
2020-11-26 10:40:54 DEBUG wire:72 - http-outgoing-1 << "[0xd2][0xa6]i[0xe3][0x83][0xb4][0xbb][0xf5][0xb3][0x19]H[0x8b][[0xf][0x1b][0xe6][0xb5][0xd2][0x6][0xd5]Q[0xd2][0xcf][0x82][0xda][0x2][0xdb][0xa9][0xd5][0x91]B[0xb3][0xd5][0x7]Eb[0xd5]n:[0x96][0xe6][0xb6]U[0xfb][0xa3][0xc3][0x97][0x8b][0xbc][0xa6]s[0xcd]:[0xcc][0x17][0x92][0xe][0xef][0xce][0xb6][0xac][\n]"
2020-11-26 10:40:54 DEBUG wire:72 - http-outgoing-1 << "[0x92](5$[0x93][0xa3][0x1e][0xa6][0xff][0xe6][0x9f][0xd3][0xd3][0xf0][0xf][0x9d]2C[0xee][0xb][0xce][0xce].[0xb3]h[[0xfe][0xa1]F[0xe]"2$[0xf8][0xc8]6[0x18][0xb8][0xb5]j[0xf7][0x14]ms.FE"[0xe1]U[0xd4][0xce]][0xdf][0xfa][0xab][0xae][0xeb]K[0x85][0xeb]o[0xad][0xb6][0x8]L?[0x1c][0xb6][0x8][0x8a][0xf5][0xc7][0xe2][0xa5][0xf4]h[0x1]~[0x88]'[0xa1]p[0x8b][0xdb][0xfb][0xb2]l[0xac][0xe6]<[0xe1][0xe4]D[0xce][0xa5][0x8c][0xf3][0xa8]U[0xb8][0x9d]J[0x8a][0xb3][0x83][0x9c]o\+[0xd3][0xbd]c[0xbf][0xae][0xa0][0x10][0xe8]b[0xb9]mt[0xd7][0x8e][0xb9]6[0x87]ib[0xf0][0x83]-O[0xc][0xc9][0x8e][0xc2]\Q[0xf6][0xec]([0xce][0x93]_[0x7][0x0][0xa6]y;w+[0xc7][0xc2]H=[0xa4][0x3][0x8f][0x1][0xf0]?l%[0xee][0xee];[0xf7][0xd1][0x9],[0x9]`[0x95][0x8a][0xf9][0xc][0xdd]@'[0x9f]X[0x9a]XY"[0x87])1[0xb8]=[0xb4][0xdd][0xda]T[0xd7][0xf3][0xe5]bR5[0x8b][0xd0][\r]r[0x2])[0x98]-X[0xe1][0xfe];[0xf2][0xc4][0xaf]L[0xe6][0x1][0x94][0xb3][0x1c][0xd5]j6[0xa1][0xa6]|[0x1b][0x8][0xd2][0xaa][0xdc][0x1d]L[0x80]{:[0x84]y[\n]"
2020-11-26 10:40:54 DEBUG wire:72 - http-outgoing-1 << "&$[0xfd][0xfa][0xfd][0xab][0xeb]w\{[0xf3][0xb6]z[0xf9]![0xbb][0xe1]A[0xcc]zU[0x97][0xe2][0x89][0xee]oOLM[0xec][0xcf][0xd2]Nw[0xf0]+5[0xd4][0x4],^K[0x81][0xfe]l>_[0xa4][0xc9][0xa4]y5=H[0x9e][0xee][0xc9]i%[0xcc]K[0x14]'[0xd2]`OjgB[0x19][0x83][0x9e][0xf4][0x87]z[0xfb][0x94][0xa8][0xda][0x1b][0xe][0xab][0x3][0xbd][0x83][0xe1][0xfe][0xb1][0xde][0xc1][0xb1][0xc4]@*[0x11]M%[0xa3][0x91][0xe4]{x[0xc4][0x13]e[0xdb][0xce][0xb1]xFW[0xdf]3/_[0xdb][0xf9][0xff][0xb4][0xfb]/[0x1d]R\[0x9f][0xcc][0x1][0x16][0xe4]W[0xc7][0x88][0xc0][[0xa4]{[0xbb]?[0xf9][0x84][0xdf][[0x91][0xdb]GS[0x9][0x91][0xe8][0x2]=[0xad][0x92][0xb][0xe0][0xac][0xd4]^I]7[0x93][0xb][0xe1][0xe7][0xe0][0xd4]D[0x0]~[0xed]B[0x16][0x9][0xf5]G[0xc2]22[0x1]R[0x87][0x9d]^[0xc]LM[0x1c][0xa2]i@[0xcc]S[0x97][0xf0][0x4]f[0xcf]D:U[0xd0][0x92][0x11]2[\[0xce]I[0xe3]c[0x96]=[0xa4][0x17][0xf][0x80]K[0xd0][0xb2][0x98][0xc3])[0x9e]+[0x91]w[0xf4][0xf0]eXqy[0xc5]S[0xfb][0xc][0xe2][0x1f][0xf2][0xc8]<[0xbb][0xdb][0xe7]R[0xdc]~[0x8e][0x1c][0x9e][0x98]8[0xe2][0x19]O[[0x1]z[0xc6][0xd6][0x82]G[0xb2]_[0xd0][\n]"
2020-11-26 10:40:54 DEBUG wire:72 - http-outgoing-1 << "[0xd6]iM[^([0xf3]v[0xe9][0x3][0x1]=[0x9f][0xa6][0x9][0xb5][0x92]Zir[0xaf][0x9e][0xcf][0xed][0xd2][0xd4][0x9d][0xe5][0xd2]X[0xef][0x80]l[0x1b][0xc][0xfe][0x9][0xe0][0xa2][0x8e]E.[0xd7][\n]"
2020-11-26 10:40:54 DEBUG wire:72 - http-outgoing-1 << "[0xa0]I[0xa9]@[0xdf][\r][0xb5]?[0xf9][0xcb]grR+[0xc8]D[0xe3][0x6][0x83][0xe1]p$[0x10][0x8d][0x6][0x6][0x7][0x3][0xe1]XT[0xa2]w[0xa3][0xd0][0x17][0xb1][0xfe]@XQ[0x2][0xb1]h <0 [0x19][0xaf][0xde][0x1a]/[0xbf][0xa4]o[0xa2][0xa1][0x80][0x12][0xea][0xb][0x84][0xa3][0x83][0x81][0x81][0x88][0x84]a[0x89]?[0xbe]do[0x2][0xe1][0xf0][0x0]T[0x1b] [0xd0]*/[0x9f][0x19][0xb]?[0xac]-=[0xae]>_$[0xef][0x15]|[0x9]`[0xa1][0xc1][0x88][0xf9][0xda]xr[0xae][0xb2]|[0x81][0xbf]V[0x6][0x3][0xfd][0xb1]@8[0x14][0x91][0xd6][0x8f]]4[[0x8c][\r][0x4]b}[0x81][0xbe][0x80][0x12][0x9]I[0x95][0x1f]g[0x8d][0xf3][0xd7][0x18][0xee]J@[0xe9][0xf]([0x0].[0x1c][0x8b]H`"[0xd5][0x8e][0xde]co[0xc2][0x1][0xc0]r0[0x10][0x1][0xcc]/[0xcd][0x18]O/WV[0x1e][0xb2]nE[0x2][0x91][0x80][0x12][0x1e][0xc]D[0x15][0x9][0x0][0x99][0xdd]U[0xa0][0xab]J[0x14]3z[0x85][0xa5][0xf5]+o+[0xcf]o[0xb0][0xc7]P8[0x16][0xb]D#[0x81]0[0xc0][0xaa]<[0xbe]_yvz[0xfd][0xd4][0xc5][0xda][0x97][0xe7]+KO[0xea][0x8a]Dcf[0x91]+o[0x8d][0xdb][0xb3][0xc6][0xfc][0xe3]z(}[0xac][0x8][0xdf]J[0xa0]x[0x85][0xc2]@[0xd4](t[0x91][0x10]V[0xaa][0xcc]\X?[0xf6][0x86][0xf][0x11][0xbe]"([0xaf][0x9f]:o,[0x9f][0xa4][0xcf][0x7][0x10]j[0x8]I[0x1d][0x88][0x85]%c[0xf6][0xfe][0xfa][0xb5][0x87]x[0xa1][0xf4][0x9d][0xbb][0xe4]}[0x1f][0xbc][0xea][0xb][0x0][0xb9][0x81]h[0xcf]g[0xd6][0xaf][0xff]@3[0xa8][0xc3];0[0x4]L[0xce][0xd8][0xb9]S[0x92][0xed]C-cn8[0xdb]k[0xdb]x[0xbb][0xbc][0x16][0x7][0xbd][0xee][0xb5]m[0xcc]][0xdf][0xf2]![0xaf]{+[0x8c]{}[0xb3][0xb6][0xc1]wy[0xcd]9[0xa0][0xfe][0x9d][0xc0][0x3][0xf5][0x18]Y[0x8c][0xe0][0xf2]N[0xe4][0x6][0xdf][0xd7][0xd1][0x98][0xed][0xbe]z[0xac][0xec][0x1c][0xe0][0xd2]#[0x8b][\r][0xea]_[0xda]x[0xa1][0xee][0xb5][0xc5][\n]"
2020-11-26 10:40:54 DEBUG wire:72 - http-outgoing-1 << "2[0xb5]0[0xc8]"[0x86][0xea][0x97][0xae]@[0xbc]T*v[0xca] r[0xe4][0x1e][0x99][0xed]H[0xc0][0xfb]D>5[0x9]/[0xc1]([0x91]iDY[0x8f][0x1c][0xb0]E[0x98][0xf5]8[0xad][0x16][0xb6][0xb]BSe[0x1a]'O[0xac][0x1f]{H[0xc3][0xcf]0,[0xef][0xd9]\[0xed][0xf2][0x1b][0x6][0x9d][0xda]*[0x87]UP4[0xa4][0xa6][0xae][0x96]>[0xd5][0xb2]j[0xbe]\[0xaa][0xb3][0x84][0xd0]x[0xda][0xaf]e[0xf3][0xa3]S[0x13]v[0xab][0xec]p[0xf][0xf4]7[0x14][0xe2][0xe8][0x9a]:A[0xe9]1?[0x11][0x93][0x13][0xcf][0xc8][0xbb][0x2][0x15][\n]"
2020-11-26 10:40:54 DEBUG wire:72 - http-outgoing-1 << "[0xd9][0xa0]6(+[0xd8]\[0xcc][0xe2]j[0x9b]\[0xd8]-=[0xb5][0x8f][0x80][0xdc][\r]:[0xfd][0x83][0xfc][0x84]i[0xcd][0xf9][0x10][0x84]T[0xc3][0xe2][0xbb][0x89][0xe5]hZ}=[0x8a]I[0xb][0x1]-[0x1f]0d[0xeb][0xb][0xde][0xe1][0x1a],W[0xce]d[0x86][0xf9]SBm[0xb4]1[\n]"
2020-11-26 10:40:54 DEBUG wire:72 - http-outgoing-1 << "[0xe5][0x82]{:[0xc6][0xf]&[0xf7][0xa4]:;[0xc4]r[0xe6]n[0xb0][0xf8],@tZ[0x0][0xf3]{ [0xf3][0xc3]X[0x15]&[0xe4]a[0x93][0xa6][0xad][0x93][0xcb][0x8f]^>[\r][0xa3]]#{[0x97][0xa2][0x89]k[0xb0]`oL[0xc0][0xd0]w[0x4][0xdc][0x87][0x80]R[0xf][0x8c][0x7][0x0][0x86][0xb0][0xcc][0xa7]&[0x95][0x1][0xe2][0x1e][0xcc]%[0x81][0xeb][0xad]z[0x90][0xdb][0xa0]b[0xf7]N[0x85][0xd7]B[0x19][\r][0x8f]Fz[0x95]P[0xd7]![0x12]%[0xca]+[0x13][0x80]f[\n]"
2020-11-26 10:40:54 DEBUG wire:86 - http-outgoing-1 << "[0xbc][0x6][0xbd]B[0xa8][0xb2][0xd5]+[0xe0][0x93]0_0X,c[0xf2][0xc][0xbc][0x8d][0x99][0xcf][0x1a][0xf0][0xce][0xd6]p[0x89]5X[0x14][0x15][0x8a][0xcb]a[[0xd6]K[0xf3][0xd6][0xed][0xf3]G[0x8c]o[0x1e][0xd0]`^*e[0xc0][0x2][0x95][0xe0][0xa5][0xb0]([0x1][0x99]ALq[0x16]?[0xb][0xd6][0xa9][0xf9]&[0xa3][0x8d][0x9a][0xf1][0xea]<[0xe][0xc5]2[0xa4][0x87][0x86]=bj[0xcd][0xa5][\r][0x8b]?[0x85]n$[0xe2][0xa9]q[0x15][0x8d]03[0x80][0x9b][0xa6][0xa7]0kcX[0xb6].[0x8f][0xd0][0xbc][0xc0],[0xda][0x98][0x95]+8"t[0xb]#"
2020-11-26 10:40:54 DEBUG wire:72 - http-outgoing-1 << "[0xdb][0xd8]Z"[0xce]V[0x12],([0xdc][0x8e]v[0xfb]h[0xb7][0x80][0x19][0xb9][0x18][0xa7][0xf6][0xe4][0x8a]q[0xe1]{;f[0x94][0xe5]|[0xf0][0x1b][0xf8]%[0xf0][0xa3]I[0xeb][0xd7]^_[0xaf][0x1c][0xbb][0xd3]"~[0x83][0xbf][0x8][0xfd][0x9e]>[[[0xba]Y[0xbb][0xfa][0xa8][0xf6][0xe3][0xf1][0x16][0xf1][0x8b]:[0xf1]k[0xfa]R[0xb]gXT[0xeb]T[0xfd][0xee][0xac]q[0xfe][0x7]z[0xf9]Ec[0xac][0xc9][\r][0x1]6[0xd4]c[0x12][0xfc][0x18]O[0xc9]V[0xf6]mZ[0xa8]![0x6][0x8e][0xf2]$R[0xab][0xf6][0xe4][0x96]53[0x1c][0x5]pe-d[0xf8]f[0x95][0xa2]!X[0xe1][0x86][0x7]`[0xc1][0x87][0xe9]`[0xea]*[0x5][0xc5]Z[0xec][0x11][0xf4][0x85]=1[0x83][0xec]E[0xf1][0x1][0xbd][0xe9][0xa3][0xa1][0xf9][0x98][0xa2][0x89][0x12][0xd4][0x8d]m[0xe][0xe4][0xb5]T'[0x88]*s[0xe4][0x9a][0xa3]8[0xc6][0xe9][0xbe][0xbd]l[0xcc][0xb9]~[0xf7]'[0xb0][0x94]8[0xc1][0xd9][0xfc][0xb7][0x1c][0x9]M[0xc5][0xc9][0xe1][0x2]z[0xff][0xde][0xb1]DZ[0xbc]*,955[0x11]O[0xd5]q[0x6][0xf7][0xbb][0xb0]U4[0xc][0x98]=9[0xaf]W[0xae]o[0xd2][0x88][0x6][0x8d]LY[0x91][0x9a][0x4][![0xe3][0xb4]@?f[0xb7]I[0xb6][0xc9]d[0x1e];`[0x8b][0xea][0x8][0xe6][0xb2][0xb2]2O[0xf5]5[0x91]p[0xd6][0x9e]p[0x8d][0xe6][0xe7]e[0x8b]}L[0x1d]J[0x13][0xd1][0xd9]s[0xf4][0xe2][0x9f][0xba]Tr[0xf6][0xa5][0xbb]=[0xf9]l/f[0xd8]"I[0xc2]H[0xfe][0xd9][0xc8]`O[0xdf]`Ox0[0xd2][0x3]Vv[0x97][0x89][0x10](-[0x92]3[0xd0]%;[0x1e]yG[0x90][0xe2]/[0xb1]k2g1F[0x5]1E[0x98]d&([0x1d][0xf0][0xa5][0x88][0x12][0xee]S[0xc7][0xa2]$Y`[0x87][0xdf]`[0x91][0xde][0xc3][0xb0][0x86]q[0xa8]:[0xc4][0xdc][0x81]4[0xa7][0x15][0xcd]<[0xe9][0xd5][0x15][0x8a][0xad][0xc5][0x84][0xf5]8[0x93][0xde]q[0xa4][0x95]H[0xbf][0x1f][0xd6]Mc[0xab][0xd4]a[0xb][0xeb]4[0x1c][0xb][0x84]([0xe6][0xed][0xea][0x13]3;[0xc6][0xf0][0xaf]=[0x15][0x1d]A[0xc1][0x9e][0xeb]1L;[0x85]'[0xee]g.[0xae][0xad]|O[0xf5][0xef][0xda][0xf2]7[0xb5][0xa7]3?[0xbf]>[0xc2]Y[0xd8][0x9e]<[0x9d]91[0xf7][0x12]_[0xd5]^[0xdd][0xdf][0xe1][0x92][0xcb][0x1f]D[0xf3][0xc][0x8d]j[0xf5][0xa0][0xf4]!f8[0xee]B[0x9b][0x8]M)j(b[0xa9],[0xf4]#]W[0xe6]?[0xf1]igWw[0xd8],[0x96][0x8a]O[0xd6][0x15][0xa2][0x9f]x[0x89][0x92][0xe]s[0xbb][0xe4]lR[0xc6][0x89][0x1a][0xc4]4[0xf4][0xb4][0xa5]nI&[0xdf][0x10] |[0x96]d[0xf2]3[0x1c][0x19][0x82]u[0xb5][0xb]zj.[0xd5][0x1e]DE[0x19][\n]"
2020-11-26 10:40:54 DEBUG wire:72 - http-outgoing-1 << "[0xd5]A$[0xbe][0x88]w;[0xf][0xc2][0x8][0xe7][0xf][0xc2]b[0x8b]$[0x96]u[0xda][0x94][0xc1] 6|[0xf0]O$[0x18][0xcf]^[0xf4][0xd3]|[0x81][0x99][0xd8][0xc1] [0x18][0xc5][0x7][0xff]42[0x8]v![0xd4][\n]"
2020-11-26 10:40:54 DEBUG wire:72 - http-outgoing-1 << "[0x6][0xa9][0x99][0xcc]h>[0xc2][0xd0][0xe6][0xaf][0xc4][0xa5][D\[0xba][0x91][0xb7]d[0xf5])[0x9][0xd5][0x5]Z[0xb6][0x2][0xa2][0xc9][0xa2][0x14][[\r][0xaf][\n]"
2020-11-26 10:40:54 DEBUG wire:72 - http-outgoing-1 << "[0xa4] [0xa1][0x9a][0xb9]#[0xe2]m[0x8b]{-[0x8f][0xc5][0xd5]qk[0x8b]c[0xcf][0xb5]q[0xdd][0xd2][0xd8]seL6t[0xe0]_[0x6][0x16][0x5]E[0xbc][0xaf][0x81]_[0xcc][0xa0][0xc3]:&I[0x2]N[0x81][0xf0][0xf4]5[0x85][0xa5][0x8d]I[0xec]{[0x80]H[0x82][0xbf][0x8e]u[0xca][0xbb][0xe4].[0xe9][0xf][0xb0][0x96][\n]"
2020-11-26 10:40:54 DEBUG wire:72 - http-outgoing-1 << "[0x9b][0xf1][0x8c][0xc8]" [0xaa])@,[0x8a][0xa9]{[0xf7][0x8][0xc5][0xe9][0xf2]Bl[0x16]K[0x81][0x8a][0xd4]KE[0x10][0x3][0x9d]P[0xb9][0x87][0xd7]%[0x81][0x9c][0xac]J0[0x8]jZ[0xcf][0xc3]B$[0x93][0x1f]7[0x11][0xb3][0x96][0xc4][0xf4][0x1][0xbd][0x19][0xc0][0x6][0xb4][0x93][0xad][0xa6][0xc8][0xf0]b[0xc9]8[\r][0xae][0x5][0xd2][0xc4][0x81]$B|-[0xc6][0xd6]j;C[0xc3][0xda][0xe],2[0xac][0xf1][0xb0]ZR[0x8b][0xe2][0xcb]j[0xa9][0xfb];5[0xd3])[0x83][0x9a]_vE[0x12][0xeb][0xd0][0x8d]3 %[0x5][0x0][0xb]([0xbb]1[0xfb][0xf7][0xbf]Kno[0xb8][0xbd][0xd2][0xa0][0x80][0xcc][0x83][0xd7]=[0x10][0xeb][0x89][t[0xb2][0xbc]9[0x1c]#k([0xdf][0xe1]Ci[0xae]w[0x89][0xff][0xe1]`[0x1e]z[0x1d][0xaf][0x1b][0xc9]w[0xac][0xb0]X|[0x99]6[0xb]Y[0x3][0x9]5{[0xe2]u[0xa3]H[0x8b][0xd7][0x97][0xe][0xf5]@y1[0x8e]7[0xee][0xc1]g|1[0xee][0xdb][0xe1]n[0xf9]][0xb9][0x9b][0xb3]D7A[0xd1][\n]"
2020-11-26 10:40:54 DEBUG wire:72 - http-outgoing-1 << "[0xb3][0x17][0xc8][0xd0][0x10][0xce].[0x1f]8l[0x91].[0x82][0xdb]d[0xcc]7[0x8e]s[0x1d][0xb6][0x94][0x13][0xcc][0x19]q[0x98][0x88][0x1][0xe7]f[0x91][0x12][\n]"
2020-11-26 10:40:54 DEBUG wire:72 - http-outgoing-1 << "[0xf][0x86][0xfa][0x94][0xb0]m[0x1f]l[0xc4]y[0x15][0x7][0xe6][0xff]D[0x1e]I[0xd8][0xbc][0xb][0xf6][0xab]H:[0xd8]n[0x19][0xbd][0x8a][0x84][0x96][0x7][0xcc]>[0xb6].[0x8a][0xa1][0x9a][0xa4][0xfe]b[0x98][0x0]X~[0x1a][0x0][0x18][0xea] [0xf7][0x88][0xd0][0xea]([0x83]l[0xd5]aV[0xd0]}[0xb7][0xe][0x86]Q[0xa2][0xc0]n;[0xe1][0xdb]qSS[0x81]D[\n]"
2020-11-26 10:40:54 DEBUG wire:72 - http-outgoing-1 << "os[0xd1][0x92][0xf4][0xfa][\n]"
2020-11-26 10:40:54 DEBUG wire:72 - http-outgoing-1 << "-[0xb7][0x8f][0x1e][0xa8][0x8][0x16][0xca]z[0x1a][0xec][0x85][0xe][0x2][0xfd]0[0xfe]`dv[0xc2][0xc1]-[0x1e],;[0x5]k:[0xfc]?.\[0xa0]R[0xf][0xa4][0xad][0x8b]RhE[0xef][0x9b]R[0x12][0x5][0xcf][0xdb]"[0xed]V[0x10][0xde][0xeb][0x97][0x9c][0x1a]?[0x88][0xe6][0xd0][0xde][0xfd]e[0xb5]8[0x19][0xf8][0xa4]\P[0x8b][0x9f]d@[0xfa][0x7][0x94]@[0x18][0xfe][0xbb][0xdb]H[0xde][0x0][0xc6]2ZA[0x7][0x83][0xd4][0xdb][0xb8][0xda][0xc6][0xc][0x13][0x18][0x1d][0xa7][0xcf][0x92]=.j[0xc9]r[0xa6][0x9c][0xa5][0xde][0xb7]p[0xfd][0xb].[0x96][0x3][0xd6]3[0x92]z[0x98][0xa4]R[0xb5][0x89]j([0xf0][0xc7]\'[0xd7][0x9c][0xb0].[0x18][0xb5][0xea]xiM[0xbb][0x87][0xce][0xc4][0xd3]]o[\n]"
2020-11-26 10:40:54 DEBUG wire:72 - http-outgoing-1 << "[\r][0x98][\n]"
2020-11-26 10:40:54 DEBUG wire:72 - http-outgoing-1 << "[0xde][0x7]1[0xd7][0x0][0x1]3:[0x0][0xcc][0xdb][0xdd][0xb8][0xd6][0xea][0x94][0xa1]6jk-[0x1][0x1c]8[0xae][0x83][0xad]XT[0xb3][0x80][0xa8][0xf8]v[0x98]5n[0xa3][0x95][0x9][0x89][0xc8][0x94]N[0xc1][0x9b]na[0x3][0xcb][0x5][0x8e][\r]H[0x5][0x1b][0x4][0xd3]@[0x10][[0x16][0xc][0x19][0x7]$~u[0xc1]hF[0xd3]K[0xae][0xe0]l=2[0x8b][0xf9]t[0x8b][0x15][0x11][0x89][0xc9][0xcf][0x98]0B[0x9b]Do[0xc6][0x11][0xb]"[0xd6][0x86][0xd0][0x88][0x8d][0x85]P[0xd0]:[0x9]h[0xe6]![0xae]'[0x9a],[0xf4][0xa6][0xcb][0xad][0x8c]8[0xcc][\r]([0xd1][0xd4][0xd8]n[0xe2][0xc0][0xfd][0xb2]#[0xe7]`[0xcb][0xee]n[0xe6][0x2][0x16]=[0xc0]dh[0x83]A[0x89]][0xe9][0xb8][0xf4][0xbc]r[0xfb][0x12]yB39[0xe0][0x9][0x8a][0xb7][0xc7]p*[0x9][0xa1]X[0x18]E%[0x91][[0xe4][0xf0][0xca][0xf1]d&>5[0x5]+~[0xee]4[0xd1][0xd9][0x1b][0x9d][0x8]/[0xdc]V[0xa7][0xb1]T$[0xca]aH"[0x81][0x10][0xe4][0x1][0xc6]/[0x0][0xa0][0xff][0xe8]SZ[0xc0][0xc][0xb4][0xb2]N[0xe3][0x98][0x10][0xad][0x88]+[0xd1]V[0xb3][0xbd]u[0xb1][0xe5][0xc4][0xf7],|6[0xae][0x5]>[0xf8]h[0xcf][0xec][0xf9][0xcb][0xbf]wq3[0x11][0x8a][0xed]K[0xa0][0x9b]\[0x1e][0x16][0x9f]Q[0xd9]f[0x83]![0x1e][0xec]b[0xa5][0xb0][0xf][0xc3]R0H][0x93][0xd5][0xb9][0xc7][0xb5][0xb7][0xd7]1[0xe9][0xe4][0xed][0xe5][0xea]][0xbc][0xa4]Z,[0x1b]/[0xe2]<[0x81][0x9f][0xf4][0xc][0x17]T"nvL^w[0xe5]iu[0xe5][0xb8][0xa3][0xac]B[0xb][0x8f][0xa9][0xb9][0x9]-[0x9e][0xc7][0xe2]d[0x13][0xda][0xab]8[0xc7][0x17]>[0xd7]a[0x9a][0x89]O[0x2]e[0xf6][0xa9]I[0xfa][0x8][0xcd]f([0x86][0x96]3[0xfe][0xda][0xc1]![0x90][0xaf][0xd6][0xd9]4[0x6][0x1d]s[0x92][0x10][0xfa]`G/[0x1c][0xa7]h[0xf3]mo[0xab][0xdc][0xc4]>[0xdd]A[0xb2][0xcf]d[0xb9][0x9b][0x2][0xff][0xc]![0xde]-[0xcb]fL"[0xa9][0xb3][0xf3]3[0xf3][0xab][0x13][0x10][0xf6][0xfe][0xaf][0x4]P`[0x9f]:[0xa9]w[0xd2][0xa7]][0xb6][0xd2][0xe6][0xc9]:[0xba][0x2]`T3[0xfb].t[0x3][0xe5][0xf][0x83][0xca][0xad]<V[0xfa]3[0xed][0xf3].iD4[0xf5]@[0x9d][0x83]u [0xbe]w5[0xc7][0xb6]Yh[0xea][0xac][0x80][0x83][0xf7][0xf0]mW][0xb7][0xf8]0[0x11]llG[0x5]Y)\1[0xc][0xdb];HX[0x14]{I?[0xec][0xb0]`[0xb1]'B_[0x19][0x4][0xc5]j[0xe5]3Z[0x86][0x7][0x83][0xb2][0x12][0x91]&[0xc6][0x8a]=#[0x0][0xc9]w[0xe5][0xf3][0x0][0xbd]e[0x1e][0xad]![0x1] [0xb2]H7X^[0xb6]#[0xc8][0xf6]e[0x13][0x94]J[0xed][0x94];,x[0x1d][0xf2][0x8][0xff][0x16][0xe9][0xee][0xa0][0xc][0xc5]O[0xc]w[0x98][0xd0]i[0xa0][0x1f][0x93][0x91]C ![0xe5]n[0xc2][0xa5]`[0xa5][0x7][0xf0][0x11][0xbe][0x93][0x2][0x13][0xfb]1[0x91][0xbd] [0x97]i[0xa7]A[0xd3][0xe3][0x1d]4`[0x9f]Q[0xfb][0x9b][0x9c][0xe0]5[0xdb][0xe4]{v|=[0xd6]BCf[0xc],[0xed][0xbc][0x9][0x8a]O4f[0x17]9[0x84];[0xc2][0xeb][\n]"
2020-11-26 10:40:54 DEBUG wire:72 - http-outgoing-1 << "[0x8c][0x1][0x13][0xc2];W[0xe4][0xb1][0xdd]P[0x97][0x14][0xb7][0x2][0x8][0x80]l|[0xe5][0xc6]0or[0xe4]82[0xc2][0xb4]s[\n]"
2020-11-26 10:40:54 DEBUG wire:72 - http-outgoing-1 << "H[0x80][0xd6]U[0xc7]l{)[0xab][0xed][0xdd][0xa1][0x90]_[0x2]w[0xb1][0x2]$[0xde][0xd5][0x12][0x99][0xfc][0xb9]9[0xff][0x1]*r[0xdd]^[0xce]@[0x88][0x81][0xe3]`,[0x9d][0x94][0xfa]H[0xb4][0xcb][0xac][0x19]u[0xbe][\n]"
2020-11-26 10:40:54 DEBUG wire:72 - http-outgoing-1 << "[0xd9][0xe][0xb0][0x9a][0xd8][0xb1][0x89]@[0xa6][0x81]N>[0xd9]N[0xd3]z[0xb7][0xaf][0xe7][0x8b][0x82][0xab]'[0xde][0x93][0x10]#v[0xd9][0xf9]Z[0xf4][0xcb][0xa1]A[0xaf][0xab][0x9d][0xf1]@[0xbe][0xa0][0xe6][0x88][0xd7][0x1d][0xfa][0xab]vI[0xbd][0xe2][0xdb][0x84][0xe3]-[0x8][0xe8][0xca][0xe3][0xaf][0x8d][0xe5]9[0xe][0xd2][\n]"
2020-11-26 10:40:54 DEBUG wire:72 - http-outgoing-1 << "q6{[0xe4][0x8e][0x17]>[0xd1][0x0];X[0xef][0x94]ur[0x6]V[0xc4][0x8b]t[0x9a][0xbd][0x92]d[0xba][0x8d][0x4]jY[0xb6]`s[0x9f][[0xf3]-[0x84][0xbd][0^>[0xaf][0x82][0xa2]Y[0xb9][0xbb][0xb1][0x16][0x14][0xdf][0x16][0x8c][0xd7][0xa8][0x1c][0xc5][0x16][0x9c][0x94]bt`*[0x96]T3u[0xaa]lC[0x87]uG,h[0xea]b[0xd9][0x82]J[0x9c]\[0xe2]x[0xf9]1*[0xeb][0x8c][0xad][0xbc][0xe9][0x9a][\n]"
2020-11-26 10:40:54 DEBUG wire:72 - http-outgoing-1 << "[0xf5][0x84]C[0xc2][0xb8][0x9a]s[0xa1][0x81][0xec]s[0xdd][0xff][0xec][0xe8][0xb6]([0xb4]m[[0x7][0xcd][0xaf][0xc5]%[0xa2]'Zx[0x16][0xb9][0xbb][0x83][0xed]y[0xb9][0xc1]0[C[0xcb][0x1c][[0xb1][0xf5][0xa3][0xa9][0x9a][0x89],[0xd9][0x86] [0xf2][0x99][0xc][0x9b]{[0xad][0x8e]za-[0x1e][0x7]'[0xbf][0x9b][0x13][0xaa]x[0x9d]1[0xd8][0xd5][0xa3][0xfb][0x12][0xd6][0xe1]s[0x19][0x3][0xc]H[0xef][0x91][0xc2][0xdd]2[0xd9]K[0x94][0xed]2[0x9b][0xfe]t[0xfc][0xb0]5[0xe9][0xad]#<b[0xc4][0xeb]C[0xc4][0x11][0xc0](%[0x8][0x97][0xdd]6[0x84][0xf5][0x12]:[0xd3][0x3][0xf1][0x9c][0x96]E[0xaf][0xfe]![0x99][0xee][0x96][0xc8]C![0x12][\r]R[0x1f]s[0xb3][0xa9][0x8d]([0xb1][0x98][0x18]t[0xc2][0x3][0xff][0x99]P5[0x9b][0xb2][0xeb]A[0x17][0xdd]b[0x8a]psQ_[0x1f])o[0xa9]2q][0xeb]:[0xc6][0xc][0x90][0xdf]0[0x13][0xed])7[0xaf][0xda][0x18]H[0xd1].[0xd1][0x5][0xc5]&[0xaa]/[0x85][0xe9]/[0x85])0[0xc5][0xa1][0xc1][0xc8][0xd0]7[0xab][0xc3][0x14]>[0x9][0x15][0x17]-[0xd6]i[[0xac]([0xee][\n]"
2020-11-26 10:40:54 DEBUG wire:72 - http-outgoing-1 << "[0x8b][0xe1][0xa3])[0x96][0xca]R<u[0x96][0xb3][0xbd][0xdf][0x8e][0xd6]r`F[0xe4][0x91][0xb2][0xd9][0x8a][0xab]a#[0x9b][0xa1][0xbb][0x1a]6[0xb2]Q[0xf5][0xa5]4[0xad][0xbf][0x94][0xcd]Q`[0x1e]=jF[0x87]Y[0xb3]a[0x8b][0xb4][0x98][0x7]n[0xff]"[0x8a][0xac][0x8b][0xcd]l[0x9f][0xf5]H[0x13][0xd2][0xce][0xae][0xd4]8[0xc9]=[0xd4][0x9a][0xb5][0xff]u[0xd8][0xdc][0xed][0x15][0x97][0xf1][0x96][0xdf]U[0x14][0xca][0x96]`2e[0xf][0x94][0x7][0xc9][0x3]?w[0x8]5[0xf1][0xbb])|l[0xbe][0x1][0xf7]%[0xb][0xbc]nz[0xc5]B[0xf][0x5]r[0x1f]e[0x93][0x90][0xac][0xbb][0xea]L[0x10][0x1c]%[0xd3]M[0x85][0x4]pQ[0xeb][0xa3]iE[0xca]o[0x8d]G[0x97][0xcc][0xb7][0x8c][0x9f]7[0xd7]O?[\n]"
2020-11-26 10:40:54 DEBUG wire:72 - http-outgoing-1 << "[0xbd][0xd4]i[0xe7][0x9],[0x11][0x11]|[0xe7][0x8f][0xc]/[0xc1][0xdd][0xb0][0xee]n|S[0xeb][0x81][0xce][0xdc][0xf3][0xa1][0xe9][0xa8]g[0xf][0xfe][0xc8][0x9d]h{>[0xec]13H[0x11][0x80][0xdc][0x9f][0xeb]V[0x92]}"io[0xe][0x99][0xc3][0x99][0xc8][0x97]([0xe9][0xd1]h`[0x9][0xab][0x84][0xa4][0xab][0x5]-[0xf9]g[0xec][0xfd][0x8][0xe1]h[0x16][0x95]j;[0xc2][0x89][0xdb][0x88]C[0xd6]%[0xf0][0x5][0xad] D[0xac][0xc4][0xb][0x1a];sI[0xc4] [0x94][0xfb][0xf8][0xaf][0x9f]0[0xcf][0xe0][0xb6][0xb4][0x1a]O[0xa9]E}H:[0xd4][0xb1];[0x9f]+[0x1][0xc5]{?[0x85]R[0x1d]CR[0x7]L[0xac][0x8c]F7[0xa2][0x82][0xe8]l[0x1c][0xc6][0x8c]S[0xa0][0xea]J;[0xff][0xf6][0xe9][0x1f]{[0x7]:[0xe]S[0x8]8[0xd9]>e[0x80]-[0x9f]$y<$[0xfd][0xc7]'[0xfd]K[0x80]nkjc[0x93][0xc][I[0x92]A[0xe0][0x14][0x9]d[0xf4]v[0xc8]P[0x93]5[0xae][0xb3][0xda]P[0x4][0x88][0xaf][0xc5][0x13][0x19]U[0x87][0xd7]Le[0xc8][0x9a][0xfe]q[0x19][0x86]TO[0xcb]x'wYeGIeN_x[0xce]?3@[0x87]9D[0xb2]}[0x83][0x8d][0x91][0xf][0x92][0xd9]d[0xe7][0xbb][0xbc][0xca][0x90][0x4]C$[0xbd][0xcb][0x9b][0x19][0x92]>[0xc8][0xc3][0x9a]>[0x9e][0x83][0x87]8dC[0xd2]'[0xa4]/][0xd2]!I*p[0x0]hH[0xc]I[0xff]#[0xe3][0xae][0xf0][0xdf][\n]"
2020-11-26 10:40:54 DEBUG wire:72 - http-outgoing-1 << "(C[0x87]R[0xaa][0x9e][0xfc][0x1f][0xb9]G:[0x98]V[0x8b]P[0xed][0x10]k[0x2]>i[0xa9]![0xc9]j[0xf1]p[0x8f]$[0xb4]f[0xb5][0xdc]CR:[0xe3][0x1][0xc5][0x12]p?[0x8c][0xf]i[0xff]0iX[0x92][0xb4][0x14][0xfe][0xc4]'[0xf8][0xbb][0x98]/c|[0x94]d5/[0xe1][0x8d][0xe5])[0x95][0x16]6[0x8b][[0x15][0xc4]?[0x87][0xf1]G&?[0x9e][0xdf][0x83][0x81]Mf[\r]d({[0x91][0xc3][0x87]e&A)=[0x99]OY[0x12][0x9c][0xca]EU[0xe7][0xa9][0x9c][0xc8][0x89]i[0x93]@[0xc8][0xbd][0xe4]P[0x97][0x1e][0xa0].c[0xf3][0xc5][0xb0]Ka*[0x82][0xeb][0xcb][0xda][0xcd]C[0xd0][0xf1]b[0x8d][0x91][0x98][0xed]P-[0x9b]Pr[0x9d]|2[0x95][0x81][0xb8][0x83]l[0xaf][0xe0][0xb5]Wa[0xaa]-[0xc4][0x15][0x90]+gJ[0xd4]y[0xdb]a*6[o[0x3][0xa0](>[0xc2][0x14]X[0x9c]8[0xe4]x|[0xf][0x11]t=q[0xcc][0xd4]%[0xfa]P[0xc9][0xcb][0x0][0x19]3{[0xee]3[0xf2][0x88]5[0xf4][0xcf][0xe9][0xb][0x1d][0xdd]BI[0xa6][0xe6][0xff]9}[0x91][0xeb]V[0xfb][0xce][0xb8][0x13][0x80]U[0xcc][0xd9]2[0xe5] {[0xd3]H}[0x1a][0x9e][0xd0][0xe1].WLdheo[0x14][0x1a][0x2]J[0xa9][0xc0][0xe3][0x19]}[0x97][0x96][0xda]i[0xc2][0xd4]RN\-[0x9a]3[J[0x90][0x8e]8L[0x96]i[0xd5][0xd1][0xcd]Z[0xec][0xee]p[0xc9][0xbd]([0xc4]{BM1[0x19][0xa3]+r&B|[0x86][0x4][0x18][0xe0] [0xb]6[0xdc]Q[0x0][0x8b][0xc7][0xa4]rw[0x87]Y[0xde]4[0xc1][\n]"
2020-11-26 10:40:54 DEBUG wire:72 - http-outgoing-1 << "#[0xa6][0xdd][0xc6][0xe0][0xf0]9[0xca][\r][0xa6][0xba]c[0xcb][0xe4]T[0xf2][0x8e]tt[0xa4][0xf6]v[0xde]8qo[0xfd][0xee][0xab][0xea][0xfc][0xe2][0xda][0x9b]K[0xeb][0x8f][0xce][0xed][0x8][0xc2]c[0xcf][0xa3][0xca][0xb8][0xf7][0x8b][0x1][0xbc]$[0xd8][0xd5][0xc4][0xcf]i[0x80][0x99][0xab]X[0x9b][0xe2]1U[0xc][0xd3]>[0x9c][0xd8]&[0xf3][0xef][0xfd]/[0x14][0x99]P[0x3][\n]"
2020-11-26 10:40:54 DEBUG wire:72 - http-outgoing-1 << "~B[0xc2][0xdc]H[0x8c]"[0xea]X[0xdc][0x8c][0xea]<T[0xd2]J[0xbb][0xd5]LfH[0xe][0xa4]S[0xe8][0xc3][0xed]A[0xa5][0xcd][0x9e]$[0xe8][0x13]<,[0xf1]1[0xe0]9D$wJ[0x5][[0x4][0xa3][0xc4][0xf0]2[0xe7]P[0x8f]:6[0x86][0xe2]QF[0xa8][0xce][0xe7][0xb][0xac]8[0xc6][0xbb][0x92][0xe2]$[0x4][0x16][0x8b][0x83][0xc0][0xc1][0x80][0xe9][0x9e][0x3][0x9a]>[0x14][0xeb][0xe1][0xa7][0xc8][0x89]U[0xd7]e[0xd9]4[0xd0][0x3]r[0xbe]Z[0x7][0xed]+[0x87]d[0xbe]=^([0xe6]Q[0xf0][0x8e][0xea]`[0xb0]%[0x89][0xf9]d[0x9b][0xa5][0x96][0xf1][0xa6][0xef]d[0x86][0x8]7Z[0xa6]v[0x92][0x95][0xde][0x9e]\[0xa9]S[0xc7]C[0xc0][0x9d]2[0xb][0xd9][0x95][0xbb][0xac]B[0xa9][0xd2][0xce]z[0xbf]@[0x80][0xb6][0x86]Y[0xe5][0x85][0x92])[0xef][0x92][0x98]}[0xdd]*9[0xaa][0x93]s[0xce][0x16][0x8e][0xa9][0x14]%[0xfb][0x87][0xf9][0x83][0xb9]N[0xe2][0xa0]H[0x95][0xea]$[0x9d][0x3][0xc7][0x9e][0xa9][0xee]p[0xd7][0xf0][0xe1]a[0x10][0xe5][0xc1][0xa0][0xf1][0xec][\n]"
2020-11-26 10:40:54 DEBUG wire:72 - http-outgoing-1 << "[0xac][0xb4]*Wf*_.[0xf0]Vp;[0xd5][0xad][0x95][0xbf][0x15]x[0x1b].[0xc2][0xb1][0xae][0x19][0xd6][0x8][0xb6]r[0xe2][0x87][0xf5]k[0x8f][0xad]V[0x0][0x80][0xbb]k[0x8]Z[0xd2][0x0][0x6][0xbb][0xbe]X[0xee][0xda]5J7{[0x87]F[0xdd][0x8f][0xaf]Ay[0xf1] [0x16]X[0xa9]u[0x9e] [0xc1]t#Z[0xcf][0xb2]5[0xc9]F[0x85][0x10],[0xc7]Jy[0x1b][0xa4][0x88]75;[0x99]%[0xcd][0xb7]:LC[0x8e][0x16][0x13][0x91][0xdd]&[0x9a][0x8d][0xdc]V6]C[0xcc]V[0xb1][0x17][0xf5]4[0x13][0xad][\r]n[0x93]y[0xc9][0xee]61bI^[0x5][0xba]'[0xc3]:[0xd1]h[0xa3][0xdc][0xbe][0xcf]P[0x87][0x1a]>[0x97][0x85][0xa2][0xd0]$[0xb4][0x3]3[0x90][0xad]al([0xb0]/[0xe3][0xe3][0x7][0xa5][0x0][0xf7]'Bsq[0x9d][0xb2][0x88][0xf9][0x84][0x82]C[0x95]mB[0x13]"[0xf5][0x9a][0x2]Ix[0x8c][0x5][0xc0][0xc3][0x88][0x93][0xb3][0xe9]v[0x3][0xdf]Q[0x82][0xdc][0xe][0xe0][0x12][0xea][0xe7][0xd7] .[0xb4][0xfc][0xc0]0.[0x4][0xce]^[0x9f]>]9[0xfb]-[0xe5][0xec][0x9f]_[0xcf][0x18][0xf7][0x8f][0xae]/L[0xd7][0xee][0x1f]Y{}[0xc7][0x98]~[0x8d][0xe9]3[0xe7][0x9e][0xe0]5Y[0x8b]7[0xd7]^[0x9d]6[0xe6][0x8e]V[0xae]<[0xc5][0x87][0xb][0xf]+[0x8f][0xbf]1[0xbe]9N[0xcf]Q[0x18]O^[0x19][0xcb][0x97][0xab]7[0x8f][0xff]cz[0x81]([0x87]L[0xdf][0x82][0xda][0xd2][0xcf][0xaf]O[0xb3][0x85][0x1];t[0xe8][0x98]4[0x1a]#[0xde][0x1f][0xde][0xed][0xd4][0x2]T[0xbf][0x89][0xab][0xa5]:[0x9]7[0xa6][0x15]u[0xe0]x[0x9c]b`[0x9f][0xed][0x92][0x18][0x9f][0xe]1[0xff][0xdc]ak[0x15]d.[0x6][0x99]ZP[0xb8]G[0xd7]5[0x86][0x88],q5[0xd0]E[0xa0][0x13][0x4]V[0xa2]S[0x5][0x1e][0xdb]N[0xea]Z[0xd2][0xc]J[0xbb]2[0x1f]{.[0xdb]W[0x81][0xee][0xd0]zXa{Y;[0x9c][0x1e][0x13]7[0xf7][0xa8][0xa6]-[0xec][0xb9][0xfe][0xe2]z[0x8d][0xdc]g[0x2]Kt[0xbc]e{[0x94][0xe9]bW[0xe9]*[0xc8]8[0xaf]Io[0xbe]s`[0xdf][0xfa][0xda]^[0xd4][0xba][0x2][0xdc].[0xde][0x5][0xbe]6[0xf6]*y[0xc8]om[0xb][0xc6][0xd9]d9[0x7][0xc6]YZ[0x5][0x8b][0x87][0x4][0x1c][0xc2][0xe2]6PH[0x17][0x82]I[0x80][0xa6][0xab][0xc1]RY[0xc3][0xe4]\[0xc1][0xa4][0x96][\n]"
2020-11-26 10:40:54 DEBUG wire:72 - http-outgoing-1 << "R[0xc7][0x18][0x3]l_[0x0][0xf3][0xc8][0x18][0xaf][0xd5]k[0x13][0xab][0x1b]4[0x94]D/7[0xcb]y[0xb][0xc5][0x84][0xac][0xb7][0xd4][0xde][0x97]r[0xa2][0xb1][0x9f][0xb]$[0xb4]x[0x1e]SrI[0xc0]@[0xe6][0xb5][0xa5][0xf3][0x95][0xeb][0xab][0xd5]o[0x96][0xe5][0xae]C$[0x84][0x94][0xbd]eV[0xfb][0x8e][0x2][0xb7]W[0xc3][0xe8]n[0xb3][0xaa]S[0xfb][0xb2][0x83][0x8a]7[0x97][0x9a][0x1d][0xfc][0xcc]-[0xc1][0xb5][0xce][0x7][0x89][0xb0]0[0x0][0xd4][0xc5]N[0x96]lV)p"[0x8][0xcb][0x9]f,[0x8b][0xa6]*[0x9e][0xd7][0x91][0xa5]x[0xa6]D[0xa1][0x81][0x15][0x98]Q[0x11][0x1c][0xb1]N[0xf1][0x9][0x9a][0x81][0xc0][0xc5][0xa5]rQ[0xa5]a[0x9][0x2][0x8e][0x80][0xbf][0xd0][0x88]>9[0x8a] [0xed][0x8d][0xc0]CTg[0x98][0x9d]d[0xbc][0xc][0x88][0x81][0xfe][0xb5][0x1d][0xfb]r[0xb2][0xc3][0xe7][0xf3]%[0xd3][0x1a][0x86][0xba][0x80]t[0x84][0xd5][0xb3][0xdb][0xc4][0xe4]gZ[0x19][0x11][0x90][0x6][0xd3]Z[0xb1][0xf5]:Q[0xca][0xca]#6[0xa7]'~fc[0x90][0x8e][0x17]S[0x96][0x5]_ [0xcf]2[0xf9][0xfc]>[0xe0][0xc3]\[0xa9][0xbb][0x3]3[0x81]?[0xbe][0xbf][0xf6][0xea][0xe][0xcd][0xd5][0xee]a[0x88][0xb][0xbb]<[0xfb][0xca][0xa3][0xe4]T$3[0xc0][0xf1][0x87][0x87]i[0xeb][0xee][0xaa][0xe2][0x13][0xb]][0xb9][0x4][0x94][0x90]M[0xab][0x9e]][0x19][0xb3][0x92][0x99][0xe1][0xc9][0xad][0xf4]H[0xb7]:1[0x12]1[0xd9][0x97]m[0x8a][0x90]H3[0x1];[0xca][0xd5].[0x1b][0x9]dK[0x88].[0x8b]3[0xd4][0x7] [0xd3][0xe5][0x90]l#[0x97][0xcc][0xe8]H[0xf2][0xa7]?[0xa7][0x84]3[0xa7][0x15]I[0xd7][0xe]RgL[0xdf][0xd9]a;[0xbe][0xa9][0xe6]R0<|r[0x10][0x17]v>[0x87]s[0x84][0xe6]I[0x7][\r][[0xb9][0xbc]Jf[0x88][0x0]*[0x9e]([0xe5]vv[0xf0][0x12][0xd5][0x85][0xb3][0x1d][0x82][0x91] 9:[0xa2]xw$[0x17]H[0x81][0xf5][0xcd][0xf0][0x7][0xc4][0xe9]6[0x8c][0x7][0xd6][0xee]x"[0xcf][0x90]3<[0xe6]r[0xd0][0x15]Ur[0xc8]u[0xfd][0xab][0xe3][0xd5][0xe5][0xfb]"[0xaa]^[0x88]5A`_T-[0x2]kd[0xc2][0xb8]![0x8e][0x1b][[0xb][0xf])[0x11][0xdd][0xb1][0xae]=8[\n]"
2020-11-26 10:40:54 DEBUG wire:72 - http-outgoing-1 << "[0xa4][0xa5]%:DN![0xb])[0xd0].i[0x8d][0xd0][0x90]~[0x4]u[0x2][0xf6]VR[0xed][0xc][0xfe]O[0xae];8[0xde][0x3]\[0x82]7OX[0x7]I$o[0x1][0x86][0x9f][0xdc][0xd7][0xfa][0x9b]&[0xc3][0xa0][0x0]ma[0xe4]_@^[0xa1]([0x12][0x18]B[0xf0]A[0x88]RL[0x91][0xdd]Nt"KRV[0xb0]D[0x9b][0xab][0xec]2[0x87][0x83][0x17][0xb6][0xb9]0[0xb4][0x9c][0x9d]R[0xc8]9[0xe]_[0x8b][0x8d][0xac].[0xb4][0xe7][0xce][0x15]'[0xf7])[0xf2][0x8][0xf1][0x83][0xe5][0x2]I[0x98]4[0x96][0x7]L[0xa4]K[0xc1][0xa5]^[0x84][0x89][0xf2][0x91][0xea][0xed]{[0xb5]''[0xc1]V[0xaf][0x1e]}[0xc5]w[0xac]([0x1b]z[0xd5][0x8d][0xca][0xcd][0xb2][0x1c][0x80]B[0xfe][0xef]&[0xdb]^n[0xe3][0xc0][0xa8][0xc9])Iu[0x0]Y-[0x93][0xe5][0x15][0x97][0xde]u[0x8a][0x0][0xca][0xf0][0x2][0xc0]&[0x12][\r][0xf4][0xcf][0xe7][0x84][0x80]9^[0xf6][0xb0][0xeb][0x89][0x8]![0xab][0x99][0xb5][0xfb][0xe8][0xcf][0x9e][0xa6]u[0x85][0xad][0x9a]Y[0x1c]][0xf]K[0xf8][0xc1]6[0x9d]T{[0xf5] [0xdd]m[0xf0]:q[0xd1]$[0x10]z`[0xdc][0xfb][0xf0][0x5]9p[0x2][0xa3][0xf2][0xa7]|V=[0x98]/[0xee][0xdb][0x83][0xb]{[0xae][0x1f][0xe9]E[0x4][0xa6]k[0x9b][0x18][0xc7]xd[0xa7][0xd3]y[0xf4][0x6][0x7][0xd9][0xdc][0xd6]u}g;[0xd5][0xd4][\r]:[0xaf][0x8b][0x9d][0xd2][0x91][0xdf][0x93][0xcd][0x13]>[0xf8][0x87]_[0x10][0xb1]O[0x9d][0xc4][0xfb]![0xf4][0x82][\r][0x3][0xf3][0xf][0x9e][0xe6][0xd1][0xb][0x9f]A[0xa1][0xcf][0xcd][0xd3]>;[0xc9]i[0x1f]z[0xae]'[0xa1][0x82]a[0x9b][0x1b][0xc7][0x80][0xe5][0xfd][0xe5][0x8e].[0x96] Mr[0xa9][0x11][0xfe]\h[0x1c]8[0xe1]0?[0xec]k[0x83][0x1]}[0xb6][0xd1][0x88][0xfa][0x7]@[0xff][0xd9]J[0x9]''[0xb5][0xd2][0xa4][0x94][0x8e][0x98][0xee][0xf][0x99][0xa6]^[0xa3][0xa1][0xa5]2[0xb3]N[0x82]A[0x9a][0xe2]4[0x95][0xc9][0xfa][0xe4][0x8b]$[0x87]I[0xb1][0xc]?nz[0xd8][0xfc][0xc0]G[0x89][0xbe]>$[0x9c]<[0xc5]'~[0xc1]:2&[0xc3]9[0xdc][0x13]qF[0x5][0xf1][0xc3][0xae]6[0xb4][0x1c][0xa7]]9"^[0xe6][0x95][0xc3][0x91][0xed][0x9b]u [0x1c]R[0xa2][0x84]][0xf1]C&[0xab][0x7][0xc6][0xb5]1yX[0x4]b[0x9e][0xc4][0xc0]g[0xc2]YY9[0x93]U:[0xbb]d[0xeb][0x18][0x81]E[0xf][0xf2][0xe6][0x10]_[0xb1][0x8][0xe7][0x86](u[0x8]m[0xd0]wqH[0xb6][0x8e][0xb1][0xf7][0x12][0x84][0x80]4x[0x9a]][0xe6]^q[0x19][0x9a][0xb0][0xc8]6@[0xe8][0xd6]5,[0x9][0xb0]$[0xf8]?[0xaa][0xe5]Lw[0x8]+[0xdb]C[0xcb]:[0x8b]b[0xc][0x1][0xd1][0xac]&[0x2]Y[0x90][0x89]Z[0xe][0x8f][0xe8][0x3][0xf8][0x8]V[0xe9]1[0x9f][0x91]u[0xea][0x90][0xdc][0xa7][0xb8]6jB[0x92][0xa4]B[0x8f][0xe3]A`[0xac]hb[0xc3][0xf][0xd5][0x3][0xd8]p[0xbf][0xf]B[0x0]FR-[0xba]X[0xf5][0x86]h[0xbd][0x1e][0x99][0x1d][0xb7]G[0xe6][0xc1]\[0x8][0xbe][0x18][0x99][0xdb][0xe8][0x9e][0xc0]Hb[0x1][0xab][0xc7][0x9c][0xc0][0xec]{[0x86]$W[0xb0]?[0x15][0xdb]sgO`I[0x89][0xcd][0xc0]F[0xd3][\n]"
2020-11-26 10:40:54 DEBUG wire:72 - http-outgoing-1 << "[0xc0][0x10].[0x19][0xe6][0xeb][0x5]R[0x93][0x18][0x80][0xe8]([0x8e][0xb0]C[0xf1][0xe1]PP[0x89]J[\n]"
2020-11-26 10:40:54 DEBUG wire:72 - http-outgoing-1 << "[0x1e][0xa6][0xc7][0xd3][0xef]=2[0xf4]2[0x9e][0x8b][0xe0][0x7][0xd0][0x81][0xe4][0xf7][0x98]J[0xbf]gA[0x6]DdvLI8[0xa7]d[0x81]D[0x2][0xf5][0xa4][0xe2][0x93][0xa3]jF[0xcd][0xf6][0xa4]a[0x11]N?e[0xb5]\[0xb9][0xa4][0xd2][0xcf]:[0xee][0x8c][0xa4][0xc8]g[0xc1]9[0xb][0xe6][0xfb][0xa8][0xf3][0xd4]>9[0xcb]n[0x9d][0xc6][0xef][0x9][0x6]+[0xb]3k+o[0xf0][0xdc][0xc7][0xe2][0x97][0xeb]7N[0xd0][0xaf][0xbd]a[0xd3],[0xc4]c8[0xa0]`[0xeb][0x0][0x89]@[0xe8]z~R[0x1f][0xa5]x[0xa0][0xac]7[0xdb][0xee]eg[0xe9][0x5]'9t[0xa5]4JE[0x84][0xb5][0x5]rD[\n]"
2020-11-26 10:40:54 DEBUG wire:72 - http-outgoing-1 << "Yw[0xd8][0x8][0xcf]{a[0x8e][0xf2][0xc]YV[0x86][0x84][0xff][0x8c][0x97][0xd2][0x1][0xb0][0xbb][0xf2][0xc5]N[0x11]J[0x10][0x13][0x4][0xa5]H[0x1f][0xcc]~)()[0xd1].[0xb1]*[0xd2][0xb6][0xc9][0xba][0xdb][0x9d]u[0xe9]h4[0xac][0xdd]G[0xea][0xf6][0x85]lu9[0xd5][0x84][0xba]VUR[0xb3][0xbe]R[0x1a]S@[0xc7][0xf3]^[0xb5][0xb6][0x93][0xf6][0x84]P)[0x93][0x83][0xa4][0xf7][0xde][0x3]+[0xc7][0xfc][0xc6][0xaf][0x5][0x9b][0xdc][0x11][0xe][0xed][0x92]C([0xc2]&[0x87][0xe0]?[0x6][0xd7][0xd1]\[0x94][0xc6]7[0xdf]2[0x10][0xef]vr[0xee]c[0xf5][0xf0][0xbb]Y[0x11]?[0xf][0xe1][0xf][0xa1][0xea][0xd3][0xb9][0xca][0xb5][0x9f]xm[0x81]cY}[0xfa][0xc4][0x84]@[0xbf][\r][0xd1]_[0x2][0x94][0x99][0x93][0x1c][0x84][0xc8][0xe8]l[0x93][0x80]<1A[0xd0]oC[0xf4][0x17][0x82][0x90]([0x8c][0xea][0x83]/[0x18][0xc]b[0x5][0xa6]y[0x7]([0x15][0x85][0x92][0x95]'[0xdf][0xf1][0xc2][0x87][0xc9][0xf9]\[0xce]v.9[0xd7][0xac][0xc8]*LhQ'[0xad][0xed][0xe9][0xad][0x83][0xc1][\r][0xab][0xb7]m,[0xe5][0x5][0xd7]PbH![0xb5][\r][0x9a]PT[0xbe]iW[0xdc][0x1a][0xef][0xf0][0xd1]gb[0x12][0x8b][0xad]C#[0xc2][0xd0][0xb0]7[0xcb]>q[0xf6]`[0xad][0xda][0xc9][0xce][0xc6][0x92][0xae][0x90]{$sN[0x1c][0xde]f[0xbe][0x15][0xed][0x91] n[0x8][0x90][0xf]h[0xea][0xc3][0x87][0xff][0xf][0x9e]FF[0xca]o[0xc0][0x5][0x0][\r][\n]"
2020-11-26 10:40:54 DEBUG wire:72 - http-outgoing-1 << "0[\r][\n]"
2020-11-26 10:40:54 DEBUG wire:72 - http-outgoing-1 << "[\r][\n]"
2020-11-26 10:40:54 DEBUG PoolingHttpClientConnectionManager:314 - Connection [id: 1][route: {}->http://www.itcast.cn:80] can be kept alive indefinitely
2020-11-26 10:40:54 DEBUG PoolingHttpClientConnectionManager:320 - Connection released: [id: 1][route: {}->http://www.itcast.cn:80][total kept alive: 1; route allocated: 1 of 2; total allocated: 1 of 20]
